Archive member included to satisfy reference by file (symbol)

contiki-srf06-cc26xx.a(er-coap-engine.)
                              very-sleepy-demo.co (coap_rest_implementation)
contiki-srf06-cc26xx.a(er-coap-transac)
                              contiki-srf06-cc26xx.a(er-coap-engine.) (coap_register_as_transaction_handler)
contiki-srf06-cc26xx.a(er-coap-observe)
                              contiki-srf06-cc26xx.a(er-coap-transac) (coap_remove_observer_by_client)
contiki-srf06-cc26xx.a(er-coap-res-wel)
                              contiki-srf06-cc26xx.a(er-coap-engine.) (res_well_known_core)
contiki-srf06-cc26xx.a(rest-engine.o)
                              very-sleepy-demo.co (rest_init_engine)
contiki-srf06-cc26xx.a(contiki-main.o)
                              obj_srf06-cc26xx/startup_gcc.o (main)
contiki-srf06-cc26xx.a(sensors.o)
                              very-sleepy-demo.co (sensors_event)
contiki-srf06-cc26xx.a(leds.o)
                              contiki-srf06-cc26xx.a(contiki-main.o) (leds_init)
contiki-srf06-cc26xx.a(leds-arch.o)
                              contiki-srf06-cc26xx.a(leds.o) (leds_arch_init)
contiki-srf06-cc26xx.a(srf06-sensors.o)
                              contiki-srf06-cc26xx.a(sensors.o) (sensors_flags)
contiki-srf06-cc26xx.a(button-sensor.o)
                              contiki-srf06-cc26xx.a(srf06-sensors.o) (button_down_sensor)
contiki-srf06-cc26xx.a(board.o)
                              contiki-srf06-cc26xx.a(contiki-main.o) (board_init)
contiki-srf06-cc26xx.a(clock.o)
                              contiki-srf06-cc26xx.a(contiki-main.o) (clock_init)
contiki-srf06-cc26xx.a(soc-rtc.o)
                              contiki-srf06-cc26xx.a(contiki-main.o) (soc_rtc_init)
contiki-srf06-cc26xx.a(contiki-watchdo)
                              contiki-srf06-cc26xx.a(contiki-main.o) (watchdog_init)
contiki-srf06-cc26xx.a(putchar.o)
                              contiki-srf06-cc26xx.a(contiki-main.o) (putchar)
contiki-srf06-cc26xx.a(ieee-addr.o)
                              contiki-srf06-cc26xx.a(contiki-main.o) (ieee_addr_cpy_to)
contiki-srf06-cc26xx.a(batmon-sensor.o)
                              very-sleepy-demo.co (batmon_sensor)
contiki-srf06-cc26xx.a(cc26xx-uart.o)
                              contiki-srf06-cc26xx.a(contiki-main.o) (cc26xx_uart_init)
contiki-srf06-cc26xx.a(lpm.o)
                              contiki-srf06-cc26xx.a(button-sensor.o) (lpm_shutdown)
contiki-srf06-cc26xx.a(gpio-interrupt.)
                              contiki-srf06-cc26xx.a(button-sensor.o) (gpio_interrupt_register_handler)
contiki-srf06-cc26xx.a(oscillators.o)
                              contiki-srf06-cc26xx.a(contiki-main.o) (oscillators_select_lf_xosc)
contiki-srf06-cc26xx.a(ieee-mode.o)
                              contiki-srf06-cc26xx.a(contiki-main.o) (ieee_mode_driver)
contiki-srf06-cc26xx.a(dbg-printf.o)
                              contiki-srf06-cc26xx.a(contiki-main.o) (printf)
contiki-srf06-cc26xx.a(dbg-snprintf.o)
                              very-sleepy-demo.co (snprintf)
contiki-srf06-cc26xx.a(strformat.o)
                              contiki-srf06-cc26xx.a(dbg-printf.o) (format_str_v)
contiki-srf06-cc26xx.a(autostart.o)
                              contiki-srf06-cc26xx.a(contiki-main.o) (autostart_start)
contiki-srf06-cc26xx.a(ctimer.o)
                              contiki-srf06-cc26xx.a(contiki-main.o) (ctimer_init)
contiki-srf06-cc26xx.a(energest.o)
                              contiki-srf06-cc26xx.a(contiki-main.o) (energest_init)
contiki-srf06-cc26xx.a(etimer.o)
                              contiki-srf06-cc26xx.a(clock.o) (etimer_request_poll)
contiki-srf06-cc26xx.a(process.o)
                              very-sleepy-demo.co (process_alloc_event)
contiki-srf06-cc26xx.a(rtimer.o)
                              contiki-srf06-cc26xx.a(contiki-main.o) (rtimer_init)
contiki-srf06-cc26xx.a(stimer.o)
                              very-sleepy-demo.co (stimer_set)
contiki-srf06-cc26xx.a(timer.o)
                              contiki-srf06-cc26xx.a(button-sensor.o) (timer_set)
contiki-srf06-cc26xx.a(serial-line.o)
                              contiki-srf06-cc26xx.a(contiki-main.o) (serial_line_init)
contiki-srf06-cc26xx.a(list.o)
                              contiki-srf06-cc26xx.a(rest-engine.o) (list_init)
contiki-srf06-cc26xx.a(memb.o)
                              contiki-srf06-cc26xx.a(er-coap-transac) (memb_alloc)
contiki-srf06-cc26xx.a(random.o)
                              contiki-srf06-cc26xx.a(contiki-main.o) (random_init)
contiki-srf06-cc26xx.a(ringbuf.o)
                              contiki-srf06-cc26xx.a(serial-line.o) (ringbuf_init)
contiki-srf06-cc26xx.a(sicslowpan.o)
                              contiki-srf06-cc26xx.a(contiki-main.o) (sicslowpan_driver)
contiki-srf06-cc26xx.a(uip6.o)
                              contiki-srf06-cc26xx.a(er-coap-engine.) (uip_aligned_buf)
contiki-srf06-cc26xx.a(uip-ds6.o)
[...]
Memory Configuration

Name             Origin             Length             Attributes
FLASH            0x00000000         0x0001ffa8         xr
FLASH_CCFG       0x0001ffa8         0x00000058         xr
SRAM             0x20000000         0x00005000         xrw
GPRAM            0x11000000         0x00002000         xrw
*default*        0x00000000         0xffffffff

Linker script and memory map

LOAD obj_srf06-cc26xx/fault-handlers.o
LOAD obj_srf06-cc26xx/ccfg.o
LOAD obj_srf06-cc26xx/startup_gcc.o
LOAD very-sleepy-demo.co
LOAD contiki-srf06-cc26xx.a
LOAD /home/paul/gcc-arm-none-eabi-5_2-2015q4/bin/../lib/gcc/arm-none-eabi/5.2.1/../../../../arm-none-eabi/lib/armv7-m/libm.a
START GROUP
LOAD /home/paul/gcc-arm-none-eabi-5_2-2015q4/bin/../lib/gcc/arm-none-eabi/5.2.1/armv7-m/libgcc.a
LOAD /home/paul/gcc-arm-none-eabi-5_2-2015q4/bin/../lib/gcc/arm-none-eabi/5.2.1/../../../../arm-none-eabi/lib/armv7-m/libc.a
END GROUP
                0x20005000                _estack = (ORIGIN (SRAM) + LENGTH (SRAM))
                0x00000000                _Min_Heap_Size = 0x0
                0x00000100                _Min_Stack_Size = 0x100

.text           0x00000000     0xe024
                0x00000000                _text = .
 *(SORT(.vectors))
 .vectors       0x00000000       0xc8 obj_srf06-cc26xx/startup_gcc.o
                0x00000000                gVectors
 *(SORT(.text*))
 .text.FaultISR
                0x000000c8       0x18 obj_srf06-cc26xx/fault-handlers.o
                0x000000c8                FaultISR
 .text.NmiSRHandler
                0x000000e0        0x4 obj_srf06-cc26xx/startup_gcc.o
                0x000000e0                NmiSR
 .text.IntDefaultHandler
                0x000000e4        0x4 obj_srf06-cc26xx/startup_gcc.o
                0x000000e4                TRNGIntHandler
                0x000000e4                SSI0IntHandler
                0x000000e4                SWEvent0IntHandler
                0x000000e4                uDMAIntHandler
                0x000000e4                WatchdogIntHandler
                0x000000e4                RFCHardwareIntHandler
                0x000000e4                Timer1BIntHandler
                0x000000e4                I2SIntHandler
                0x000000e4                Timer2BIntHandler
                0x000000e4                Timer2AIntHandler
                0x000000e4                Timer1AIntHandler
                0x000000e4                AONIntHandler
                0x000000e4                AUXSWEvent0IntHandler
                0x000000e4                AUXADCIntHandler
                0x000000e4                PendSVIntHandler
                0x000000e4                AUXSWEvent1IntHandler
                0x000000e4                SVCallIntHandler
                0x000000e4                MPUFaultIntHandler
                0x000000e4                SysTickIntHandler
                0x000000e4                BusFaultIntHandler
                0x000000e4                AONProgIntHandler
                0x000000e4                AUXCompAIntHandler
                0x000000e4                SSI1IntHandler
                0x000000e4                FlashIntHandler
                0x000000e4                uDMAErrIntHandler
                0x000000e4                UsageFaultIntHandler
                0x000000e4                RFCCmdAckIntHandler
                0x000000e4                CryptoIntHandler
                0x000000e4                Timer0AIntHandler
                0x000000e4                I2CIntHandler
                0x000000e4                DebugMonIntHandler
                0x000000e4                Timer0BIntHandler
                0x000000e4                AUXCombEventIntHandler
                0x000000e4                Timer3AIntHandler
                0x000000e4                DynProgIntHandler
                0x000000e4                Timer3BIntHandler
 .text.ResetISR
                0x000000e8       0x5c obj_srf06-cc26xx/startup_gcc.o
                0x000000e8                ResetISR
 .text.switch_to_normal
                0x00000144       0x30 very-sleepy-demo.co
 .text.process_thread_very_sleepy_demo_process
                0x00000174      0x210 very-sleepy-demo.co
 .text.readings_get_handler
                0x00000384       0xec very-sleepy-demo.co
 .text.conf_get_handler
                0x00000470       0xa4 very-sleepy-demo.co
 .text.conf_post_handler
                0x00000514      0x1a0 very-sleepy-demo.co
 .text.coap_set_service_callback
                0x000006b4        0xc contiki-srf06-cc26xx.a(er-coap-engine.)
                0x000006b4                coap_set_service_callback
 .text.coap_get_rest_method
                0x000006c0       0x10 contiki-srf06-cc26xx.a(er-coap-engine.)
                0x000006c0                coap_get_rest_method
 .text.process_thread_coap_engine
                0x000006d0      0x3c8 contiki-srf06-cc26xx.a(er-coap-engine.)
 .text.coap_init_engine
                0x00000a98        0xc contiki-srf06-cc26xx.a(er-coap-engine.)
                0x00000a98                coap_init_engine
 .text.coap_register_as_transaction_handler
                0x00000aa4       0x14 contiki-srf06-cc26xx.a(er-coap-transac)
                0x00000aa4                coap_register_as_transaction_handler
 .text.coap_new_transaction
                0x00000ab8       0x48 contiki-srf06-cc26xx.a(er-coap-transac)
                0x00000ab8                coap_new_transaction
 .text.coap_clear_transaction
                0x00000b00       0x2c contiki-srf06-cc26xx.a(er-coap-transac)
                0x00000b00                coap_clear_transaction
 .text.coap_send_transaction
                0x00000b2c       0xa0 contiki-srf06-cc26xx.a(er-coap-transac)
                0x00000b2c                coap_send_transaction
 .text.coap_get_transaction_by_mid
                0x00000bcc       0x28 contiki-srf06-cc26xx.a(er-coap-transac)
                0x00000bcc                coap_get_transaction_by_mid
 .text.coap_check_transactions
                0x00000bf4       0x38 contiki-srf06-cc26xx.a(er-coap-transac)
                0x00000bf4                coap_check_transactions
 .text.coap_remove_observer
                0x00000c2c       0x20 contiki-srf06-cc26xx.a(er-coap-observe)
                0x00000c2c                coap_remove_observer
 .text.coap_remove_observer_by_client
                0x00000c4c       0x44 contiki-srf06-cc26xx.a(er-coap-observe)
                0x00000c4c                coap_remove_observer_by_client
 .text.coap_remove_observer_by_token
                0x00000c90       0x6c contiki-srf06-cc26xx.a(er-coap-observe)
                0x00000c90                coap_remove_observer_by_token
 .text.coap_remove_observer_by_uri
                0x00000cfc       0x70 contiki-srf06-cc26xx.a(er-coap-observe)
                0x00000cfc                coap_remove_observer_by_uri
 .text.coap_remove_observer_by_mid
                0x00000d6c       0x58 contiki-srf06-cc26xx.a(er-coap-observe)
                0x00000d6c                coap_remove_observer_by_mid
 .text.coap_notify_observers_sub
                0x00000dc4      0x138 contiki-srf06-cc26xx.a(er-coap-observe)
                0x00000dc4                coap_notify_observers_sub
 .text.coap_notify_observers
                0x00000efc        0x8 contiki-srf06-cc26xx.a(er-coap-observe)
                0x00000efc                coap_notify_observers
 .text.coap_observe_handler
                0x00000f04      0x100 contiki-srf06-cc26xx.a(er-coap-observe)
                0x00000f04                coap_observe_handler
 .text.well_known_core_get_handler
                0x00001004      0x19c contiki-srf06-cc26xx.a(er-coap-res-wel)
                0x00001004                well_known_core_get_handler
 .text.process_thread_rest_engine_process
                0x000011a0       0xa0 contiki-srf06-cc26xx.a(rest-engine.o)
 .text.rest_invoke_restful_service
                0x00001240       0xf4 contiki-srf06-cc26xx.a(rest-engine.o)
                0x00001240                rest_invoke_restful_service
 .text.rest_init_engine
                0x00001334       0x40 contiki-srf06-cc26xx.a(rest-engine.o)
                0x00001334                rest_init_engine
 .text.rest_activate_resource
                0x00001374       0x38 contiki-srf06-cc26xx.a(rest-engine.o)
                0x00001374                rest_activate_resource
 .text.rest_get_resources
                0x000013ac        0x8 contiki-srf06-cc26xx.a(rest-engine.o)
                0x000013ac                rest_get_resources
 .text.fade     0x000013b4       0x64 contiki-srf06-cc26xx.a(contiki-main.o)
 .text.startup.main
                0x00001418      0x1e4 contiki-srf06-cc26xx.a(contiki-main.o)
                0x00001418                main
 .text.process_thread_sensors_process
                0x000015fc       0xf8 contiki-srf06-cc26xx.a(sensors.o)
 .text.sensors_changed
                0x000016f4       0x4c contiki-srf06-cc26xx.a(sensors.o)
                0x000016f4                sensors_changed
 .text.leds_init
                0x00001740       0x14 contiki-srf06-cc26xx.a(leds.o)
                0x00001740                leds_init
 .text.leds_on  0x00001754       0x14 contiki-srf06-cc26xx.a(leds.o)
                0x00001754                leds_on
 .text.leds_off
                0x00001768       0x14 contiki-srf06-cc26xx.a(leds.o)
                0x00001768                leds_off
 .text.leds_arch_init
                0x0000177c       0x48 contiki-srf06-cc26xx.a(leds-arch.o)
                0x0000177c                leds_arch_init
 .text.leds_arch_set
                0x000017c4       0x48 contiki-srf06-cc26xx.a(leds-arch.o)
                0x000017c4                leds_arch_set
 .text.button_press_handler
                0x0000180c      0x120 contiki-srf06-cc26xx.a(button-sensor.o)
 .text.value_select
                0x0000192c       0x24 contiki-srf06-cc26xx.a(button-sensor.o)
 .text.value_left
                0x00001950       0x24 contiki-srf06-cc26xx.a(button-sensor.o)
 .text.value_right
                0x00001974       0x18 contiki-srf06-cc26xx.a(button-sensor.o)
 .text.value_up
                0x0000198c       0x24 contiki-srf06-cc26xx.a(button-sensor.o)
 .text.value_down
                0x000019b0       0x24 contiki-srf06-cc26xx.a(button-sensor.o)
 .text.status.part.5
                0x000019d4       0x14 contiki-srf06-cc26xx.a(button-sensor.o)
 .text.status_select
                0x000019e8       0x10 contiki-srf06-cc26xx.a(button-sensor.o)
 .text.status_left
                0x000019f8       0x10 contiki-srf06-cc26xx.a(button-sensor.o)
 .text.status_right
                0x00001a08       0x10 contiki-srf06-cc26xx.a(button-sensor.o)
 .text.status_up
                0x00001a18       0x10 contiki-srf06-cc26xx.a(button-sensor.o)
 .text.status_down
                0x00001a28       0x10 contiki-srf06-cc26xx.a(button-sensor.o)
 .text.config_buttons
                0x00001a38       0x8c contiki-srf06-cc26xx.a(button-sensor.o)
 .text.config_select
                0x00001ac4        0xc contiki-srf06-cc26xx.a(button-sensor.o)
 .text.config_left
                0x00001ad0        0xc contiki-srf06-cc26xx.a(button-sensor.o)
 .text.config_right
                0x00001adc        0xc contiki-srf06-cc26xx.a(button-sensor.o)
 .text.config_up
                0x00001ae8        0xc contiki-srf06-cc26xx.a(button-sensor.o)
 .text.config_down
                0x00001af4        0xc contiki-srf06-cc26xx.a(button-sensor.o)
 .text.wakeup_handler
                0x00001b00       0x20 contiki-srf06-cc26xx.a(board.o)
 .text.board_init
                0x00001b20       0x94 contiki-srf06-cc26xx.a(board.o)
                0x00001b20                board_init
 .text.power_domain_on
                0x00001bb4       0x20 contiki-srf06-cc26xx.a(clock.o)
 .text.clock_init
                0x00001bd4       0x90 contiki-srf06-cc26xx.a(clock.o)
                0x00001bd4                clock_init
 .text.clock_time
                0x00001c64       0x34 contiki-srf06-cc26xx.a(clock.o)
                0x00001c64                clock_time
 .text.clock_update
                0x00001c98       0x3c contiki-srf06-cc26xx.a(clock.o)
                0x00001c98                clock_update
 .text.clock_seconds
                0x00001cd4       0x18 contiki-srf06-cc26xx.a(clock.o)
                0x00001cd4                clock_seconds
 .text.soc_rtc_init
                0x00001cec       0x94 contiki-srf06-cc26xx.a(soc-rtc.o)
                0x00001cec                soc_rtc_init
 .text.soc_rtc_get_next_trigger
                0x00001d80       0x28 contiki-srf06-cc26xx.a(soc-rtc.o)
                0x00001d80                soc_rtc_get_next_trigger
 .text.soc_rtc_schedule_one_shot
                0x00001da8       0x48 contiki-srf06-cc26xx.a(soc-rtc.o)
                0x00001da8                soc_rtc_schedule_one_shot
 .text.soc_rtc_last_isr_time
                0x00001df0        0xc contiki-srf06-cc26xx.a(soc-rtc.o)
                0x00001df0                soc_rtc_last_isr_time
 .text.AONRTCIntHandler
                0x00001dfc       0x68 contiki-srf06-cc26xx.a(soc-rtc.o)
                0x00001dfc                AONRTCIntHandler
 .text.watchdog_init
                0x00001e64       0x1c contiki-srf06-cc26xx.a(contiki-watchdo)
                0x00001e64                watchdog_init
 .text.watchdog_start
                0x00001e80       0x68 contiki-srf06-cc26xx.a(contiki-watchdo)
                0x00001e80                watchdog_start
 .text.watchdog_periodic
                0x00001ee8       0x1c contiki-srf06-cc26xx.a(contiki-watchdo)
                0x00001ee8                watchdog_periodic
 .text.putchar  0x00001f04       0x10 contiki-srf06-cc26xx.a(putchar.o)
                0x00001f04                putchar
 .text.puts     0x00001f14       0x30 contiki-srf06-cc26xx.a(putchar.o)
                0x00001f14                puts
 .text.dbg_send_bytes
                0x00001f44       0x40 contiki-srf06-cc26xx.a(putchar.o)
                0x00001f44                dbg_send_bytes
 .text.ieee_addr_cpy_to
                0x00001f84       0x40 contiki-srf06-cc26xx.a(ieee-addr.o)
                0x00001f84                ieee_addr_cpy_to
 .text.configure
                0x00001fc4       0x34 contiki-srf06-cc26xx.a(batmon-sensor.o)
 .text.status   0x00001ff8       0x14 contiki-srf06-cc26xx.a(batmon-sensor.o)
 .text.value    0x0000200c       0x24 contiki-srf06-cc26xx.a(batmon-sensor.o)
 .text.power_and_clock
                0x00002030       0x40 contiki-srf06-cc26xx.a(cc26xx-uart.o)
 .text.enable   0x00002070       0xf0 contiki-srf06-cc26xx.a(cc26xx-uart.o)
 .text.accessible
                0x00002160       0x24 contiki-srf06-cc26xx.a(cc26xx-uart.o)
 .text.lpm_drop_handler
                0x00002184       0xcc contiki-srf06-cc26xx.a(cc26xx-uart.o)
 .text.cc26xx_uart_init
                0x00002250       0x28 contiki-srf06-cc26xx.a(cc26xx-uart.o)
                0x00002250                cc26xx_uart_init
 .text.cc26xx_uart_write_byte
                0x00002278       0x28 contiki-srf06-cc26xx.a(cc26xx-uart.o)
                0x00002278                cc26xx_uart_write_byte
 .text.cc26xx_uart_busy
                0x000022a0       0x18 contiki-srf06-cc26xx.a(cc26xx-uart.o)
                0x000022a0                cc26xx_uart_busy
 .text.UART0IntHandler
                0x000022b8       0x54 contiki-srf06-cc26xx.a(cc26xx-uart.o)
                0x000022b8                UART0IntHandler
 .text.lpm_shutdown
                0x0000230c      0x1a8 contiki-srf06-cc26xx.a(lpm.o)
                0x0000230c                lpm_shutdown
 .text.lpm_drop
                0x000024b4      0x1fc contiki-srf06-cc26xx.a(lpm.o)
                0x000024b4                lpm_drop
 .text.lpm_sleep
                0x000026b0       0x14 contiki-srf06-cc26xx.a(lpm.o)
                0x000026b0                lpm_sleep
 .text.lpm_register_module
                0x000026c4        0xc contiki-srf06-cc26xx.a(lpm.o)
                0x000026c4                lpm_register_module
 .text.lpm_init
                0x000026d0       0x20 contiki-srf06-cc26xx.a(lpm.o)
                0x000026d0                lpm_init
 .text.lpm_pin_set_default_state
                0x000026f0       0x30 contiki-srf06-cc26xx.a(lpm.o)
                0x000026f0                lpm_pin_set_default_state
 .text.gpio_interrupt_register_handler
                0x00002720       0x2c contiki-srf06-cc26xx.a(gpio-interrupt.)
                0x00002720                gpio_interrupt_register_handler
 .text.gpio_interrupt_init
                0x0000274c       0x24 contiki-srf06-cc26xx.a(gpio-interrupt.)
                0x0000274c                gpio_interrupt_init
 .text.GPIOIntHandler
                0x00002770       0x30 contiki-srf06-cc26xx.a(gpio-interrupt.)
                0x00002770                GPIOIntHandler
 .text.osc_interface_dis
                0x000027a0       0x28 contiki-srf06-cc26xx.a(oscillators.o)
 .text.osc_interface_en
                0x000027c8       0x30 contiki-srf06-cc26xx.a(oscillators.o)
 .text.oscillators_select_lf_xosc
                0x000027f8       0x48 contiki-srf06-cc26xx.a(oscillators.o)
                0x000027f8                oscillators_select_lf_xosc
 .text.oscillators_select_lf_rcosc
                0x00002840       0x30 contiki-srf06-cc26xx.a(oscillators.o)
                0x00002840                oscillators_select_lf_rcosc
 .text.oscillators_request_hf_xosc
                0x00002870       0x24 contiki-srf06-cc26xx.a(oscillators.o)
                0x00002870                oscillators_request_hf_xosc
 .text.oscillators_switch_to_hf_xosc
                0x00002894       0x28 contiki-srf06-cc26xx.a(oscillators.o)
                0x00002894                oscillators_switch_to_hf_xosc
 .text.oscillators_switch_to_hf_rc
                0x000028bc       0x2c contiki-srf06-cc26xx.a(oscillators.o)
                0x000028bc                oscillators_switch_to_hf_rc
 .text.request  0x000028e8       0x20 contiki-srf06-cc26xx.a(ieee-mode.o)
 .text.rx_on    0x00002908       0x60 contiki-srf06-cc26xx.a(ieee-mode.o)
 .text.rf_radio_setup
                0x00002968       0x74 contiki-srf06-cc26xx.a(ieee-mode.o)
 .text.soft_on  0x000029dc       0x18 contiki-srf06-cc26xx.a(ieee-mode.o)
 .text.pending_packet
                0x000029f4       0x34 contiki-srf06-cc26xx.a(ieee-mode.o)
 .text.prepare  0x00002a28       0x1c contiki-srf06-cc26xx.a(ieee-mode.o)
 .text.read_frame
                0x00002a44       0x58 contiki-srf06-cc26xx.a(ieee-mode.o)
 .text.soft_off
                0x00002a9c       0x3c contiki-srf06-cc26xx.a(ieee-mode.o)
 .text.get_object
                0x00002ad8       0x30 contiki-srf06-cc26xx.a(ieee-mode.o)
 .text.transmitting.part.1
                0x00002b08       0x40 contiki-srf06-cc26xx.a(ieee-mode.o)
 .text.rx_off   0x00002b48       0x64 contiki-srf06-cc26xx.a(ieee-mode.o)
 .text.get_cca_info
                0x00002bac       0x44 contiki-srf06-cc26xx.a(ieee-mode.o)
 .text.off.part.4
                0x00002bf0       0x4c contiki-srf06-cc26xx.a(ieee-mode.o)
 .text.off      0x00002c3c       0x14 contiki-srf06-cc26xx.a(ieee-mode.o)
 .text.receiving_packet
                0x00002c50       0x48 contiki-srf06-cc26xx.a(ieee-mode.o)
 .text.on       0x00002c98       0x98 contiki-srf06-cc26xx.a(ieee-mode.o)
 .text.set_value
                0x00002d30      0x168 contiki-srf06-cc26xx.a(ieee-mode.o)
 .text.get_value
                0x00002e98      0x144 contiki-srf06-cc26xx.a(ieee-mode.o)
 .text.transmit
                0x00002fdc       0xd8 contiki-srf06-cc26xx.a(ieee-mode.o)
 .text.send     0x000030b4       0x24 contiki-srf06-cc26xx.a(ieee-mode.o)
 .text.set_object
                0x000030d8       0x6c contiki-srf06-cc26xx.a(ieee-mode.o)
 .text.channel_clear
                0x00003144       0x84 contiki-srf06-cc26xx.a(ieee-mode.o)
 .text.init     0x000031c8       0xd0 contiki-srf06-cc26xx.a(ieee-mode.o)
 .text.write_str
                0x00003298       0x14 contiki-srf06-cc26xx.a(dbg-printf.o)
 .text.printf   0x000032ac       0x24 contiki-srf06-cc26xx.a(dbg-printf.o)
                0x000032ac                printf
 .text.buffer_str
                0x000032d0       0x28 contiki-srf06-cc26xx.a(dbg-snprintf.o)
 .text.snprintf
                0x000032f8       0x38 contiki-srf06-cc26xx.a(dbg-snprintf.o)
                0x000032f8                snprintf
 .text.fill_space
                0x00003330       0x3c contiki-srf06-cc26xx.a(strformat.o)
 .text.format_str_v
                0x0000336c      0x95c contiki-srf06-cc26xx.a(strformat.o)
                0x0000336c                format_str_v
 .text.autostart_start
                0x00003cc8       0x18 contiki-srf06-cc26xx.a(autostart.o)
                0x00003cc8                autostart_start
 .text.process_thread_ctimer_process
                0x00003ce0       0x94 contiki-srf06-cc26xx.a(ctimer.o)
 .text.ctimer_init
                0x00003d74       0x28 contiki-srf06-cc26xx.a(ctimer.o)
                0x00003d74                ctimer_init
 .text.ctimer_set_with_process
                0x00003d9c       0x4c contiki-srf06-cc26xx.a(ctimer.o)
                0x00003d9c                ctimer_set_with_process
 .text.ctimer_set
                0x00003de8       0x18 contiki-srf06-cc26xx.a(ctimer.o)
                0x00003de8                ctimer_set
 .text.ctimer_reset
                0x00003e00       0x38 contiki-srf06-cc26xx.a(ctimer.o)
                0x00003e00                ctimer_reset
 .text.ctimer_stop
                0x00003e38       0x34 contiki-srf06-cc26xx.a(ctimer.o)
                0x00003e38                ctimer_stop
 .text.energest_init
                0x00003e6c        0x4 contiki-srf06-cc26xx.a(energest.o)
                0x00003e6c                energest_init
 .text.update_time
                0x00003e70       0x44 contiki-srf06-cc26xx.a(etimer.o)
 .text.process_thread_etimer_process
                0x00003eb4       0xc8 contiki-srf06-cc26xx.a(etimer.o)
 .text.add_timer
                0x00003f7c       0x54 contiki-srf06-cc26xx.a(etimer.o)
 .text.etimer_request_poll
                0x00003fd0        0xc contiki-srf06-cc26xx.a(etimer.o)
                0x00003fd0                etimer_request_poll
 .text.etimer_set
                0x00003fdc       0x14 contiki-srf06-cc26xx.a(etimer.o)
                0x00003fdc                etimer_set
 .text.etimer_reset
                0x00003ff0       0x14 contiki-srf06-cc26xx.a(etimer.o)
                0x00003ff0                etimer_reset
 .text.etimer_restart
                0x00004004       0x14 contiki-srf06-cc26xx.a(etimer.o)
                0x00004004                etimer_restart
 .text.etimer_expired
                0x00004018        0xc contiki-srf06-cc26xx.a(etimer.o)
                0x00004018                etimer_expired
 .text.etimer_expiration_time
                0x00004024        0x8 contiki-srf06-cc26xx.a(etimer.o)
                0x00004024                etimer_expiration_time
 .text.etimer_pending
                0x0000402c       0x10 contiki-srf06-cc26xx.a(etimer.o)
                0x0000402c                etimer_pending
 .text.etimer_next_expiration_time
                0x0000403c       0x14 contiki-srf06-cc26xx.a(etimer.o)
                0x0000403c                etimer_next_expiration_time
 .text.etimer_stop
                0x00004050       0x44 contiki-srf06-cc26xx.a(etimer.o)
                0x00004050                etimer_stop
 .text.exit_process
                0x00004094       0xb0 contiki-srf06-cc26xx.a(process.o)
 .text.call_process.part.0
                0x00004144       0x38 contiki-srf06-cc26xx.a(process.o)
 .text.do_poll  0x0000417c       0x3c contiki-srf06-cc26xx.a(process.o)
 .text.process_alloc_event
                0x000041b8       0x10 contiki-srf06-cc26xx.a(process.o)
                0x000041b8                process_alloc_event
 .text.process_start
                0x000041c8       0x48 contiki-srf06-cc26xx.a(process.o)
                0x000041c8                process_start
 .text.process_init
                0x00004210       0x34 contiki-srf06-cc26xx.a(process.o)
                0x00004210                process_init
 .text.process_run
                0x00004244       0xd0 contiki-srf06-cc26xx.a(process.o)
                0x00004244                process_run
 .text.process_nevents
                0x00004314       0x14 contiki-srf06-cc26xx.a(process.o)
                0x00004314                process_nevents
 .text.process_post
                0x00004328       0x40 contiki-srf06-cc26xx.a(process.o)
                0x00004328                process_post
 .text.process_post_synch
                0x00004368       0x18 contiki-srf06-cc26xx.a(process.o)
                0x00004368                process_post_synch
 .text.process_poll
                0x00004380       0x18 contiki-srf06-cc26xx.a(process.o)
                0x00004380                process_poll
 .text.rtimer_init
                0x00004398        0x4 contiki-srf06-cc26xx.a(rtimer.o)
                0x00004398                rtimer_init
 .text.rtimer_set
                0x0000439c       0x2c contiki-srf06-cc26xx.a(rtimer.o)
                0x0000439c                rtimer_set
 .text.rtimer_run_next
                0x000043c8       0x28 contiki-srf06-cc26xx.a(rtimer.o)
                0x000043c8                rtimer_run_next
 .text.stimer_set
                0x000043f0       0x10 contiki-srf06-cc26xx.a(stimer.o)
                0x000043f0                stimer_set
 .text.stimer_expired
                0x00004400       0x20 contiki-srf06-cc26xx.a(stimer.o)
                0x00004400                stimer_expired
 .text.timer_set
                0x00004420       0x10 contiki-srf06-cc26xx.a(timer.o)
                0x00004420                timer_set
 .text.timer_reset
                0x00004430        0xc contiki-srf06-cc26xx.a(timer.o)
                0x00004430                timer_reset
 .text.timer_restart
                0x0000443c        0xc contiki-srf06-cc26xx.a(timer.o)
                0x0000443c                timer_restart
 .text.timer_expired
                0x00004448       0x1c contiki-srf06-cc26xx.a(timer.o)
                0x00004448                timer_expired
 .text.process_thread_serial_line_process
                0x00004464       0xa8 contiki-srf06-cc26xx.a(serial-line.o)
 .text.serial_line_init
                0x0000450c       0x24 contiki-srf06-cc26xx.a(serial-line.o)
                0x0000450c                serial_line_init
 .text.list_init
                0x00004530        0x8 contiki-srf06-cc26xx.a(list.o)
                0x00004530                list_init
 .text.list_head
                0x00004538        0x4 contiki-srf06-cc26xx.a(list.o)
                0x00004538                list_head
 .text.list_tail
                0x0000453c       0x14 contiki-srf06-cc26xx.a(list.o)
                0x0000453c                list_tail
 .text.list_add
                0x00004550       0x5c contiki-srf06-cc26xx.a(list.o)
                0x00004550                list_add
 .text.list_push
                0x000045ac       0x48 contiki-srf06-cc26xx.a(list.o)
                0x000045ac                list_push
 .text.list_remove
                0x000045f4       0x38 contiki-srf06-cc26xx.a(list.o)
                0x000045f4                list_remove
 .text.list_length
                0x0000462c       0x14 contiki-srf06-cc26xx.a(list.o)
                0x0000462c                list_length
 .text.list_item_next
                0x00004640        0x8 contiki-srf06-cc26xx.a(list.o)
                0x00004640                list_item_next
 .text.memb_init
                0x00004648       0x24 contiki-srf06-cc26xx.a(memb.o)
                0x00004648                memb_init
 .text.memb_alloc
                0x0000466c       0x3c contiki-srf06-cc26xx.a(memb.o)
                0x0000466c                memb_alloc
 .text.memb_free
                0x000046a8       0x3c contiki-srf06-cc26xx.a(memb.o)
                0x000046a8                memb_free
 .text.memb_inmemb
                0x000046e4       0x1c contiki-srf06-cc26xx.a(memb.o)
                0x000046e4                memb_inmemb
 .text.memb_numfree
                0x00004700       0x1c contiki-srf06-cc26xx.a(memb.o)
                0x00004700                memb_numfree
 .text.random_init
                0x0000471c        0x4 contiki-srf06-cc26xx.a(random.o)
                0x0000471c                random_init
 .text.random_rand
                0x00004720        0xc contiki-srf06-cc26xx.a(random.o)
                0x00004720                random_rand
 .text.ringbuf_init
                0x0000472c       0x10 contiki-srf06-cc26xx.a(ringbuf.o)
                0x0000472c                ringbuf_init
 .text.ringbuf_get
                0x0000473c       0x24 contiki-srf06-cc26xx.a(ringbuf.o)
                0x0000473c                ringbuf_get
 .text.sicslowpan_init
                0x00004760       0x24 contiki-srf06-cc26xx.a(sicslowpan.o)
                0x00004760                sicslowpan_init
 .text.set_packet_attrs
                0x00004784       0x50 contiki-srf06-cc26xx.a(sicslowpan.o)
 .text.compress_addr_64
                0x000047d4       0x9c contiki-srf06-cc26xx.a(sicslowpan.o)
 .text.addr_context_lookup_by_prefix
                0x00004870       0x28 contiki-srf06-cc26xx.a(sicslowpan.o)
 .text.send_packet
                0x00004898       0x24 contiki-srf06-cc26xx.a(sicslowpan.o)
 .text.packet_sent
                0x000048bc       0x28 contiki-srf06-cc26xx.a(sicslowpan.o)
 .text.store_fragment
                0x000048e4       0x68 contiki-srf06-cc26xx.a(sicslowpan.o)
 .text.add_fragment
                0x0000494c      0x18c contiki-srf06-cc26xx.a(sicslowpan.o)
 .text.uncompress_addr
                0x00004ad8       0xb8 contiki-srf06-cc26xx.a(sicslowpan.o)
 .text.input    0x00004b90      0x68c contiki-srf06-cc26xx.a(sicslowpan.o)
 .text.output   0x0000521c      0x704 contiki-srf06-cc26xx.a(sicslowpan.o)
 .text.chksum   0x00005920       0x50 contiki-srf06-cc26xx.a(uip6.o)
 .text.upper_layer_chksum
                0x00005970       0x58 contiki-srf06-cc26xx.a(uip6.o)
 .text.ext_hdr_options_process
                0x000059c8       0xd0 contiki-srf06-cc26xx.a(uip6.o)
 .text.uip_icmp6chksum
                0x00005a98        0x8 contiki-srf06-cc26xx.a(uip6.o)
                0x00005a98                uip_icmp6chksum
 .text.uip_init
                0x00005aa0       0x3c contiki-srf06-cc26xx.a(uip6.o)
                0x00005aa0                uip_init
 .text.remove_ext_hdr
                0x00005adc       0x54 contiki-srf06-cc26xx.a(uip6.o)
                0x00005adc                remove_ext_hdr
 .text.uip_udp_new
                0x00005b30       0xe4 contiki-srf06-cc26xx.a(uip6.o)
                0x00005b30                uip_udp_new
 .text.uip_process
                0x00005c14      0x584 contiki-srf06-cc26xx.a(uip6.o)
                0x00005c14                uip_process
 .text.uip_htonl
                0x00006198       0x14 contiki-srf06-cc26xx.a(uip6.o)
                0x00006198                uip_htonl
 .text.uip_ds6_list_loop
                0x000061ac       0x5c contiki-srf06-cc26xx.a(uip-ds6.o)
                0x000061ac                uip_ds6_list_loop
 .text.uip_ds6_prefix_add
                0x00006208       0x6c contiki-srf06-cc26xx.a(uip-ds6.o)
                0x00006208                uip_ds6_prefix_add
 .text.uip_ds6_is_addr_onlink
                0x00006274       0x40 contiki-srf06-cc26xx.a(uip-ds6.o)
                0x00006274                uip_ds6_is_addr_onlink
 .text.uip_ds6_addr_lookup
                0x000062b4       0x30 contiki-srf06-cc26xx.a(uip-ds6.o)
                0x000062b4                uip_ds6_addr_lookup
 .text.uip_ds6_get_link_local
                0x000062e4       0x50 contiki-srf06-cc26xx.a(uip-ds6.o)
                0x000062e4                uip_ds6_get_link_local
 .text.uip_ds6_maddr_add
                0x00006334       0x50 contiki-srf06-cc26xx.a(uip-ds6.o)
                0x00006334                uip_ds6_maddr_add
 .text.uip_ds6_addr_add
                0x00006384       0xa8 contiki-srf06-cc26xx.a(uip-ds6.o)
                0x00006384                uip_ds6_addr_add
 .text.uip_ds6_maddr_lookup
                0x0000642c       0x30 contiki-srf06-cc26xx.a(uip-ds6.o)
                0x0000642c                uip_ds6_maddr_lookup
 .text.uip_ds6_addr_rm
                0x0000645c       0x48 contiki-srf06-cc26xx.a(uip-ds6.o)
                0x0000645c                uip_ds6_addr_rm
 .text.uip_ds6_periodic
                0x000064a4       0x60 contiki-srf06-cc26xx.a(uip-ds6.o)
                0x000064a4                uip_ds6_periodic
 .text.uip_ds6_select_src
                0x00006504      0x118 contiki-srf06-cc26xx.a(uip-ds6.o)
                0x00006504                uip_ds6_select_src
 .text.uip_ds6_set_addr_iid
                0x0000661c       0x14 contiki-srf06-cc26xx.a(uip-ds6.o)
                0x0000661c                uip_ds6_set_addr_iid
 .text.uip_ds6_compute_reachable_time
                0x00006630       0x2c contiki-srf06-cc26xx.a(uip-ds6.o)
                0x00006630                uip_ds6_compute_reachable_time
 .text.uip_ds6_init
                0x0000665c       0xf8 contiki-srf06-cc26xx.a(uip-ds6.o)
                0x0000665c                uip_ds6_init
 .text.uip_ds6_nbr_rm
                0x00006754       0x20 contiki-srf06-cc26xx.a(uip-ds6-nbr.o)
                0x00006754                uip_ds6_nbr_rm
 .text.uip_ds6_neighbors_init
                0x00006774       0x14 contiki-srf06-cc26xx.a(uip-ds6-nbr.o)
                0x00006774                uip_ds6_neighbors_init
 .text.uip_ds6_nbr_add
                0x00006788       0x54 contiki-srf06-cc26xx.a(uip-ds6-nbr.o)
                0x00006788                uip_ds6_nbr_add
 .text.uip_ds6_nbr_get_ll
                0x000067dc       0x10 contiki-srf06-cc26xx.a(uip-ds6-nbr.o)
                0x000067dc                uip_ds6_nbr_get_ll
 .text.uip_ds6_nbr_lookup
                0x000067ec       0x3c contiki-srf06-cc26xx.a(uip-ds6-nbr.o)
                0x000067ec                uip_ds6_nbr_lookup
 .text.uip_ds6_nbr_ipaddr_from_lladdr
                0x00006828       0x10 contiki-srf06-cc26xx.a(uip-ds6-nbr.o)
                0x00006828                uip_ds6_nbr_ipaddr_from_lladdr
 .text.uip_ds6_nbr_lladdr_from_ipaddr
                0x00006838       0x1c contiki-srf06-cc26xx.a(uip-ds6-nbr.o)
                0x00006838                uip_ds6_nbr_lladdr_from_ipaddr
 .text.uip_ds6_link_neighbor_callback
                0x00006854       0x2c contiki-srf06-cc26xx.a(uip-ds6-nbr.o)
                0x00006854                uip_ds6_link_neighbor_callback
 .text.uip_ds6_neighbor_periodic
                0x00006880       0x70 contiki-srf06-cc26xx.a(uip-ds6-nbr.o)
                0x00006880                uip_ds6_neighbor_periodic
 .text.call_route_callback
                0x000068f0       0x50 contiki-srf06-cc26xx.a(uip-ds6-route.o)
 .text.uip_ds6_route_init
                0x00006940       0x4c contiki-srf06-cc26xx.a(uip-ds6-route.o)
                0x00006940                uip_ds6_route_init
 .text.uip_ds6_route_nexthop
                0x0000698c       0x1c contiki-srf06-cc26xx.a(uip-ds6-route.o)
                0x0000698c                uip_ds6_route_nexthop
 .text.uip_ds6_route_head
                0x000069a8        0xc contiki-srf06-cc26xx.a(uip-ds6-route.o)
                0x000069a8                uip_ds6_route_head
 .text.uip_ds6_route_next
                0x000069b4        0x8 contiki-srf06-cc26xx.a(uip-ds6-route.o)
                0x000069b4                uip_ds6_route_next
 .text.uip_ds6_route_lookup
                0x000069bc       0x78 contiki-srf06-cc26xx.a(uip-ds6-route.o)
                0x000069bc                uip_ds6_route_lookup
 .text.uip_ds6_route_rm
                0x00006a34       0xac contiki-srf06-cc26xx.a(uip-ds6-route.o)
                0x00006a34                uip_ds6_route_rm
 .text.rm_routelist
                0x00006ae0       0x38 contiki-srf06-cc26xx.a(uip-ds6-route.o)
 .text.rm_routelist_callback
                0x00006b18        0x4 contiki-srf06-cc26xx.a(uip-ds6-route.o)
 .text.uip_ds6_route_add
                0x00006b1c      0x120 contiki-srf06-cc26xx.a(uip-ds6-route.o)
                0x00006b1c                uip_ds6_route_add
 .text.uip_ds6_defrt_rm
                0x00006c3c       0x48 contiki-srf06-cc26xx.a(uip-ds6-route.o)
                0x00006c3c                uip_ds6_defrt_rm
 .text.uip_ds6_defrt_lookup
                0x00006c84       0x34 contiki-srf06-cc26xx.a(uip-ds6-route.o)
                0x00006c84                uip_ds6_defrt_lookup
 .text.uip_ds6_defrt_add
                0x00006cb8       0x5c contiki-srf06-cc26xx.a(uip-ds6-route.o)
                0x00006cb8                uip_ds6_defrt_add
 .text.uip_ds6_defrt_choose
                0x00006d14       0x34 contiki-srf06-cc26xx.a(uip-ds6-route.o)
                0x00006d14                uip_ds6_defrt_choose
 .text.uip_ds6_defrt_periodic
                0x00006d48       0x40 contiki-srf06-cc26xx.a(uip-ds6-route.o)
                0x00006d48                uip_ds6_defrt_periodic
 .text.echo_reply_input
                0x00006d88      0x118 contiki-srf06-cc26xx.a(uip-icmp6.o)
 .text.echo_request_input
                0x00006ea0      0x108 contiki-srf06-cc26xx.a(uip-icmp6.o)
 .text.uip_icmp6_input
                0x00006fa8       0x3c contiki-srf06-cc26xx.a(uip-icmp6.o)
                0x00006fa8                uip_icmp6_input
 .text.uip_icmp6_register_input_handler
                0x00006fe4        0xc contiki-srf06-cc26xx.a(uip-icmp6.o)
                0x00006fe4                uip_icmp6_register_input_handler
 .text.uip_icmp6_error_output
                0x00006ff0      0x158 contiki-srf06-cc26xx.a(uip-icmp6.o)
                0x00006ff0                uip_icmp6_error_output
 .text.uip_icmp6_send
                0x00007148       0x80 contiki-srf06-cc26xx.a(uip-icmp6.o)
                0x00007148                uip_icmp6_send
 .text.uip_icmp6_init
                0x000071c8       0x24 contiki-srf06-cc26xx.a(uip-icmp6.o)
                0x000071c8                uip_icmp6_init
 .text.uip_nd6_init
                0x000071ec        0x4 contiki-srf06-cc26xx.a(uip-nd6.o)
                0x000071ec                uip_nd6_init
 .text.tcpip_set_outputfunc
                0x000071f0        0xc contiki-srf06-cc26xx.a(tcpip.o)
                0x000071f0                tcpip_set_outputfunc
 .text.udp_new  0x000071fc       0x18 contiki-srf06-cc26xx.a(tcpip.o)
                0x000071fc                udp_new
 .text.tcpip_icmp6_call
                0x00007214       0x28 contiki-srf06-cc26xx.a(tcpip.o)
                0x00007214                tcpip_icmp6_call
 .text.tcpip_input
                0x0000723c       0x24 contiki-srf06-cc26xx.a(tcpip.o)
                0x0000723c                tcpip_input
 .text.tcpip_ipv6_output
                0x00007260       0xc8 contiki-srf06-cc26xx.a(tcpip.o)
                0x00007260                tcpip_ipv6_output
 .text.process_thread_tcpip_process
                0x00007328       0xe0 contiki-srf06-cc26xx.a(tcpip.o)
 .text.tcpip_uipcall
                0x00007408       0x2c contiki-srf06-cc26xx.a(tcpip.o)
                0x00007408                tcpip_uipcall
 .text.uip_debug_ipaddr_print
                0x00007434       0xb0 contiki-srf06-cc26xx.a(uip-debug.o)
                0x00007434                uip_debug_ipaddr_print
 .text.rpl_get_mode
                0x000074e4        0xc contiki-srf06-cc26xx.a(rpl.o)
                0x000074e4                rpl_get_mode
 .text.rpl_purge_routes
                0x000074f0       0x7c contiki-srf06-cc26xx.a(rpl.o)
                0x000074f0                rpl_purge_routes
 .text.rpl_remove_routes
                0x0000756c       0x24 contiki-srf06-cc26xx.a(rpl.o)
                0x0000756c                rpl_remove_routes
 .text.rpl_remove_routes_by_nexthop
                0x00007590       0x44 contiki-srf06-cc26xx.a(rpl.o)
                0x00007590                rpl_remove_routes_by_nexthop
 .text.rpl_add_route
                0x000075d4       0x2c contiki-srf06-cc26xx.a(rpl.o)
                0x000075d4                rpl_add_route
 .text.rpl_link_neighbor_callback
                0x00007600       0x74 contiki-srf06-cc26xx.a(rpl.o)
                0x00007600                rpl_link_neighbor_callback
 .text.rpl_ipv6_neighbor_callback
                0x00007674       0x30 contiki-srf06-cc26xx.a(rpl.o)
                0x00007674                rpl_ipv6_neighbor_callback
 .text.rpl_purge_dags
                0x000076a4       0x40 contiki-srf06-cc26xx.a(rpl.o)
                0x000076a4                rpl_purge_dags
 .text.rpl_init
                0x000076e4       0x58 contiki-srf06-cc26xx.a(rpl.o)
                0x000076e4                rpl_init
 .text.rpl_set_preferred_parent
                0x0000773c       0x2c contiki-srf06-cc26xx.a(rpl-dag.o)
 .text.set_ip_from_prefix
                0x00007768       0x24 contiki-srf06-cc26xx.a(rpl-dag.o)
 .text.check_prefix
                0x0000778c       0x78 contiki-srf06-cc26xx.a(rpl-dag.o)
 .text.find_parent_any_dag_any_instance
                0x00007804       0x1c contiki-srf06-cc26xx.a(rpl-dag.o)
 .text.lollipop_greater_than
                0x00007820       0x3c contiki-srf06-cc26xx.a(rpl-dag.o)
 .text.rpl_get_nbr
                0x0000785c       0x28 contiki-srf06-cc26xx.a(rpl-dag.o)
                0x0000785c                rpl_get_nbr
 .text.rpl_dag_init
                0x00007884       0x14 contiki-srf06-cc26xx.a(rpl-dag.o)
                0x00007884                rpl_dag_init
 .text.rpl_get_parent
                0x00007898       0x10 contiki-srf06-cc26xx.a(rpl-dag.o)
                0x00007898                rpl_get_parent
 .text.rpl_get_parent_ipaddr
                0x000078a8       0x18 contiki-srf06-cc26xx.a(rpl-dag.o)
                0x000078a8                rpl_get_parent_ipaddr
 .text.rpl_repair_root
                0x000078c0       0x60 contiki-srf06-cc26xx.a(rpl-dag.o)
                0x000078c0                rpl_repair_root
 .text.rpl_set_prefix
                0x00007920       0x94 contiki-srf06-cc26xx.a(rpl-dag.o)
                0x00007920                rpl_set_prefix
 .text.rpl_set_default_route
                0x000079b4       0x3c contiki-srf06-cc26xx.a(rpl-dag.o)
                0x000079b4                rpl_set_default_route
 .text.rpl_alloc_instance
                0x000079f0       0x34 contiki-srf06-cc26xx.a(rpl-dag.o)
                0x000079f0                rpl_alloc_instance
 .text.rpl_alloc_dag
                0x00007a24       0x5c contiki-srf06-cc26xx.a(rpl-dag.o)
                0x00007a24                rpl_alloc_dag
 .text.rpl_get_default_instance
                0x00007a80        0xc contiki-srf06-cc26xx.a(rpl-dag.o)
                0x00007a80                rpl_get_default_instance
 .text.rpl_add_parent
                0x00007a8c       0x44 contiki-srf06-cc26xx.a(rpl-dag.o)
                0x00007a8c                rpl_add_parent
 .text.rpl_find_parent
                0x00007ad0       0x18 contiki-srf06-cc26xx.a(rpl-dag.o)
                0x00007ad0                rpl_find_parent
 .text.rpl_find_parent_any_dag
                0x00007ae8       0x20 contiki-srf06-cc26xx.a(rpl-dag.o)
                0x00007ae8                rpl_find_parent_any_dag
 .text.rpl_select_parent
                0x00007b08       0x84 contiki-srf06-cc26xx.a(rpl-dag.o)
                0x00007b08                rpl_select_parent
 .text.rpl_select_dag
                0x00007b8c      0x174 contiki-srf06-cc26xx.a(rpl-dag.o)
                0x00007b8c                rpl_select_dag
 .text.rpl_nullify_parent
                0x00007d00       0x4c contiki-srf06-cc26xx.a(rpl-dag.o)
                0x00007d00                rpl_nullify_parent
 .text.rpl_remove_parent
                0x00007d4c       0x1c contiki-srf06-cc26xx.a(rpl-dag.o)
                0x00007d4c                rpl_remove_parent
 .text.nbr_callback
                0x00007d68        0x4 contiki-srf06-cc26xx.a(rpl-dag.o)
 .text.remove_parents.constprop.6
                0x00007d6c       0x48 contiki-srf06-cc26xx.a(rpl-dag.o)
 .text.rpl_free_dag
                0x00007db4       0x38 contiki-srf06-cc26xx.a(rpl-dag.o)
                0x00007db4                rpl_free_dag
 .text.rpl_move_parent
                0x00007dec       0x4c contiki-srf06-cc26xx.a(rpl-dag.o)
                0x00007dec                rpl_move_parent
 .text.rpl_get_any_dag
                0x00007e38       0x18 contiki-srf06-cc26xx.a(rpl-dag.o)
                0x00007e38                rpl_get_any_dag
 .text.rpl_get_instance
                0x00007e50       0x20 contiki-srf06-cc26xx.a(rpl-dag.o)
                0x00007e50                rpl_get_instance
 .text.rpl_join_instance
                0x00007e70      0x128 contiki-srf06-cc26xx.a(rpl-dag.o)
                0x00007e70                rpl_join_instance
 .text.rpl_local_repair
                0x00007f98       0x68 contiki-srf06-cc26xx.a(rpl-dag.o)
                0x00007f98                rpl_local_repair
 .text.rpl_process_parent_event
                0x00008000       0x60 contiki-srf06-cc26xx.a(rpl-dag.o)
                0x00008000                rpl_process_parent_event
 .text.rpl_add_dag
                0x00008060      0x144 contiki-srf06-cc26xx.a(rpl-dag.o)
                0x00008060                rpl_add_dag
 .text.rpl_recalculate_ranks
                0x000081a4       0x50 contiki-srf06-cc26xx.a(rpl-dag.o)
                0x000081a4                rpl_recalculate_ranks
 .text.rpl_process_dio
                0x000081f4      0x310 contiki-srf06-cc26xx.a(rpl-dag.o)
                0x000081f4                rpl_process_dio
 .text.rpl_verify_header
                0x00008504      0x104 contiki-srf06-cc26xx.a(rpl-ext-header.)
                0x00008504                rpl_verify_header
 .text.rpl_update_header_empty
                0x00008608      0x138 contiki-srf06-cc26xx.a(rpl-ext-header.)
                0x00008608                rpl_update_header_empty
 .text.rpl_update_header_final
                0x00008740       0x8c contiki-srf06-cc26xx.a(rpl-ext-header.)
                0x00008740                rpl_update_header_final
 .text.rpl_invert_header
                0x000087cc       0x68 contiki-srf06-cc26xx.a(rpl-ext-header.)
                0x000087cc                rpl_invert_header
 .text.rpl_insert_header
                0x00008834       0x1c contiki-srf06-cc26xx.a(rpl-ext-header.)
                0x00008834                rpl_insert_header
 .text.dao_ack_input
                0x00008850       0x14 contiki-srf06-cc26xx.a(rpl-icmp6.o)
 .text.dio_input
                0x00008864      0x2ec contiki-srf06-cc26xx.a(rpl-icmp6.o)
 .text.dis_output
                0x00008b50       0x58 contiki-srf06-cc26xx.a(rpl-icmp6.o)
                0x00008b50                dis_output
 .text.dio_output
                0x00008ba8      0x164 contiki-srf06-cc26xx.a(rpl-icmp6.o)
                0x00008ba8                dio_output
 .text.dis_input
                0x00008d0c       0x38 contiki-srf06-cc26xx.a(rpl-icmp6.o)
 .text.dao_output_target
                0x00008d44       0xf4 contiki-srf06-cc26xx.a(rpl-icmp6.o)
                0x00008d44                dao_output_target
 .text.dao_output
                0x00008e38       0x5c contiki-srf06-cc26xx.a(rpl-icmp6.o)
                0x00008e38                dao_output
 .text.dao_ack_output
                0x00008e94       0x30 contiki-srf06-cc26xx.a(rpl-icmp6.o)
                0x00008e94                dao_ack_output
 .text.dao_input
                0x00008ec4      0x200 contiki-srf06-cc26xx.a(rpl-icmp6.o)
 .text.rpl_icmp6_register_handlers
                0x000090c4       0x30 contiki-srf06-cc26xx.a(rpl-icmp6.o)
                0x000090c4                rpl_icmp6_register_handlers
 .text.reset    0x000090f4        0x4 contiki-srf06-cc26xx.a(rpl-mrhof.o)
 .text.update_metric_container
                0x000090f8        0x8 contiki-srf06-cc26xx.a(rpl-mrhof.o)
 .text.calculate_rank
                0x00009100       0x44 contiki-srf06-cc26xx.a(rpl-mrhof.o)
 .text.neighbor_link_callback
                0x00009144       0x50 contiki-srf06-cc26xx.a(rpl-mrhof.o)
 .text.best_dag
                0x00009194       0x2c contiki-srf06-cc26xx.a(rpl-mrhof.o)
 .text.best_parent
                0x000091c0       0x60 contiki-srf06-cc26xx.a(rpl-mrhof.o)
 .text.handle_periodic_timer
                0x00009220       0x3c contiki-srf06-cc26xx.a(rpl-timers.o)
 .text.set_dao_lifetime_timer
                0x0000925c       0x3c contiki-srf06-cc26xx.a(rpl-timers.o)
 .text.handle_unicast_dio_timer
                0x00009298       0x1c contiki-srf06-cc26xx.a(rpl-timers.o)
 .text.schedule_dao
                0x000092b4       0x54 contiki-srf06-cc26xx.a(rpl-timers.o)
 .text.handle_dao_timer
                0x00009308       0x50 contiki-srf06-cc26xx.a(rpl-timers.o)
 .text.rpl_reset_periodic_timer
                0x00009358       0x3c contiki-srf06-cc26xx.a(rpl-timers.o)
                0x00009358                rpl_reset_periodic_timer
 .text.rpl_reset_dio_timer
                0x00009394        0x4 contiki-srf06-cc26xx.a(rpl-timers.o)
                0x00009394                rpl_reset_dio_timer
 .text.rpl_schedule_dao
                0x00009398        0x8 contiki-srf06-cc26xx.a(rpl-timers.o)
                0x00009398                rpl_schedule_dao
 .text.rpl_schedule_unicast_dio_immediately
                0x000093a0       0x14 contiki-srf06-cc26xx.a(rpl-timers.o)
                0x000093a0                rpl_schedule_unicast_dio_immediately
 .text.rpl_schedule_probing
                0x000093b4       0x38 contiki-srf06-cc26xx.a(rpl-timers.o)
                0x000093b4                rpl_schedule_probing
 .text.handle_probing_timer
                0x000093ec       0xd8 contiki-srf06-cc26xx.a(rpl-timers.o)
 .text.AONBatMonTemperatureGetDegC
                0x000094c4       0x30 contiki-srf06-cc26xx.a(aon_batmon.o)
                0x000094c4                AONBatMonTemperatureGetDegC
 .text.NOROM_AONRTCCurrentCompareValueGet
                0x000094f4       0x24 contiki-srf06-cc26xx.a(aon_rtc.o)
                0x000094f4                NOROM_AONRTCCurrentCompareValueGet
 .text.NOROM_CPUcpsid
                0x00009518        0x8 contiki-srf06-cc26xx.a(cpu.o)
                0x00009518                NOROM_CPUcpsid
 .text.NOROM_CPUcpsie
                0x00009520        0x8 contiki-srf06-cc26xx.a(cpu.o)
                0x00009520                NOROM_CPUcpsie
 .text.NOROM_DDI16BitfieldWrite
                0x00009528       0x4c contiki-srf06-cc26xx.a(ddi.o)
                0x00009528                NOROM_DDI16BitfieldWrite
 .text.NOROM_DDI16BitfieldRead
                0x00009574       0x4c contiki-srf06-cc26xx.a(ddi.o)
                0x00009574                NOROM_DDI16BitfieldRead
 .text.NOROM_OSCClockSourceSet
                0x000095c0       0x50 contiki-srf06-cc26xx.a(osc.o)
                0x000095c0                NOROM_OSCClockSourceSet
 .text.NOROM_OSCClockSourceGet
                0x00009610       0x20 contiki-srf06-cc26xx.a(osc.o)
                0x00009610                NOROM_OSCClockSourceGet
 .text.NOROM_OSCInterfaceEnable
                0x00009630       0x34 contiki-srf06-cc26xx.a(osc.o)
                0x00009630                NOROM_OSCInterfaceEnable
 .text.NOROM_PowerCtrlSourceSet
                0x00009664       0x30 contiki-srf06-cc26xx.a(pwr_ctrl.o)
                0x00009664                NOROM_PowerCtrlSourceSet
 .text.HapiTrimDeviceShutDown
                0x00009694      0x4e8 contiki-srf06-cc26xx.a(setup.o)
 .text.trimDevice
                0x00009b7c       0xfc contiki-srf06-cc26xx.a(setup.o)
                0x00009b7c                trimDevice
 .text.SysCtrlSetRechargeBeforePowerDown
                0x00009c78      0x1d8 contiki-srf06-cc26xx.a(sys_ctrl.o)
                0x00009c78                SysCtrlSetRechargeBeforePowerDown
 .text.SysCtrlAdjustRechargeAfterPowerDown
                0x00009e50       0x70 contiki-srf06-cc26xx.a(sys_ctrl.o)
                0x00009e50                SysCtrlAdjustRechargeAfterPowerDown
 .text.SysCtrl_DCDC_VoltageConditionalControl
                0x00009ec0       0x78 contiki-srf06-cc26xx.a(sys_ctrl.o)
                0x00009ec0                SysCtrl_DCDC_VoltageConditionalControl
 .text.linkaddr_copy
                0x00009f38        0xc contiki-srf06-cc26xx.a(linkaddr.o)
                0x00009f38                linkaddr_copy
 .text.linkaddr_cmp
                0x00009f44       0x10 contiki-srf06-cc26xx.a(linkaddr.o)
                0x00009f44                linkaddr_cmp
 .text.index_from_lladdr
                0x00009f54       0x50 contiki-srf06-cc26xx.a(nbr-table.o)
 .text.nbr_table_register
                0x00009fa4       0x2c contiki-srf06-cc26xx.a(nbr-table.o)
                0x00009fa4                nbr_table_register
 .text.nbr_table_next
                0x00009fd0       0x7c contiki-srf06-cc26xx.a(nbr-table.o)
                0x00009fd0                nbr_table_next
 .text.nbr_table_head
                0x0000a04c       0x70 contiki-srf06-cc26xx.a(nbr-table.o)
                0x0000a04c                nbr_table_head
 .text.nbr_table_add_lladdr
                0x0000a0bc      0x1b4 contiki-srf06-cc26xx.a(nbr-table.o)
                0x0000a0bc                nbr_table_add_lladdr
 .text.nbr_table_get_from_lladdr
                0x0000a270       0x44 contiki-srf06-cc26xx.a(nbr-table.o)
                0x0000a270                nbr_table_get_from_lladdr
 .text.nbr_table_remove
                0x0000a2b4       0x5c contiki-srf06-cc26xx.a(nbr-table.o)
                0x0000a2b4                nbr_table_remove
 .text.nbr_table_lock
                0x0000a310       0x34 contiki-srf06-cc26xx.a(nbr-table.o)
                0x0000a310                nbr_table_lock
 .text.nbr_table_unlock
                0x0000a344       0x38 contiki-srf06-cc26xx.a(nbr-table.o)
                0x0000a344                nbr_table_unlock
 .text.nbr_table_get_lladdr
                0x0000a37c       0x30 contiki-srf06-cc26xx.a(nbr-table.o)
                0x0000a37c                nbr_table_get_lladdr
 .text.netstack_init
                0x0000a3ac       0x38 contiki-srf06-cc26xx.a(netstack.o)
                0x0000a3ac                netstack_init
 .text.packetbuf_copyto
                0x0000a3e4       0x50 contiki-srf06-cc26xx.a(packetbuf.o)
                0x0000a3e4                packetbuf_copyto
 .text.packetbuf_hdralloc
                0x0000a434       0x44 contiki-srf06-cc26xx.a(packetbuf.o)
                0x0000a434                packetbuf_hdralloc
 .text.packetbuf_hdrreduce
                0x0000a478       0x2c contiki-srf06-cc26xx.a(packetbuf.o)
                0x0000a478                packetbuf_hdrreduce
 .text.packetbuf_set_datalen
                0x0000a4a4        0xc contiki-srf06-cc26xx.a(packetbuf.o)
                0x0000a4a4                packetbuf_set_datalen
 .text.packetbuf_dataptr
                0x0000a4b0       0x14 contiki-srf06-cc26xx.a(packetbuf.o)
                0x0000a4b0                packetbuf_dataptr
 .text.packetbuf_hdrptr
                0x0000a4c4       0x14 contiki-srf06-cc26xx.a(packetbuf.o)
                0x0000a4c4                packetbuf_hdrptr
 .text.packetbuf_datalen
                0x0000a4d8        0xc contiki-srf06-cc26xx.a(packetbuf.o)
                0x0000a4d8                packetbuf_datalen
 .text.packetbuf_totlen
                0x0000a4e4       0x28 contiki-srf06-cc26xx.a(packetbuf.o)
                0x0000a4e4                packetbuf_totlen
 .text.packetbuf_attr_clear
                0x0000a50c       0x38 contiki-srf06-cc26xx.a(packetbuf.o)
                0x0000a50c                packetbuf_attr_clear
 .text.packetbuf_clear
                0x0000a544       0x34 contiki-srf06-cc26xx.a(packetbuf.o)
                0x0000a544                packetbuf_clear
 .text.packetbuf_copyfrom
                0x0000a578       0x4c contiki-srf06-cc26xx.a(packetbuf.o)
                0x0000a578                packetbuf_copyfrom
 .text.packetbuf_attr_copyto
                0x0000a5c4       0x44 contiki-srf06-cc26xx.a(packetbuf.o)
                0x0000a5c4                packetbuf_attr_copyto
 .text.packetbuf_attr_copyfrom
                0x0000a608       0x44 contiki-srf06-cc26xx.a(packetbuf.o)
                0x0000a608                packetbuf_attr_copyfrom
 .text.packetbuf_set_attr
                0x0000a64c       0x10 contiki-srf06-cc26xx.a(packetbuf.o)
                0x0000a64c                packetbuf_set_attr
 .text.packetbuf_attr
                0x0000a65c        0xc contiki-srf06-cc26xx.a(packetbuf.o)
                0x0000a65c                packetbuf_attr
 .text.packetbuf_set_addr
                0x0000a668       0x18 contiki-srf06-cc26xx.a(packetbuf.o)
                0x0000a668                packetbuf_set_addr
 .text.packetbuf_addr
                0x0000a680       0x10 contiki-srf06-cc26xx.a(packetbuf.o)
                0x0000a680                packetbuf_addr
 .text.packetbuf_holds_broadcast
                0x0000a690       0x10 contiki-srf06-cc26xx.a(packetbuf.o)
                0x0000a690                packetbuf_holds_broadcast
 .text.queuebuf_init
                0x0000a6a0       0x1c contiki-srf06-cc26xx.a(queuebuf.o)
                0x0000a6a0                queuebuf_init
 .text.queuebuf_numfree
                0x0000a6bc        0xc contiki-srf06-cc26xx.a(queuebuf.o)
                0x0000a6bc                queuebuf_numfree
 .text.queuebuf_new_from_packetbuf
                0x0000a6c8       0x48 contiki-srf06-cc26xx.a(queuebuf.o)
                0x0000a6c8                queuebuf_new_from_packetbuf
 .text.queuebuf_update_attr_from_packetbuf
                0x0000a710        0xc contiki-srf06-cc26xx.a(queuebuf.o)
                0x0000a710                queuebuf_update_attr_from_packetbuf
 .text.queuebuf_update_from_packetbuf
                0x0000a71c       0x1c contiki-srf06-cc26xx.a(queuebuf.o)
                0x0000a71c                queuebuf_update_from_packetbuf
 .text.queuebuf_free
                0x0000a738       0x2c contiki-srf06-cc26xx.a(queuebuf.o)
                0x0000a738                queuebuf_free
 .text.queuebuf_to_packetbuf
                0x0000a764       0x30 contiki-srf06-cc26xx.a(queuebuf.o)
                0x0000a764                queuebuf_to_packetbuf
 .text.queuebuf_attr
                0x0000a794        0xc contiki-srf06-cc26xx.a(queuebuf.o)
                0x0000a794                queuebuf_attr
 .text.input_packet
                0x0000a7a0        0xc contiki-srf06-cc26xx.a(csma.o)
 .text.on       0x0000a7ac        0xc contiki-srf06-cc26xx.a(csma.o)
 .text.off      0x0000a7b8        0xc contiki-srf06-cc26xx.a(csma.o)
 .text.channel_check_interval
                0x0000a7c4       0x10 contiki-srf06-cc26xx.a(csma.o)
 .text.transmit_packet_list
                0x0000a7d4       0x34 contiki-srf06-cc26xx.a(csma.o)
 .text.free_packet
                0x0000a808       0x98 contiki-srf06-cc26xx.a(csma.o)
 .text.packet_sent
                0x0000a8a0       0xfc contiki-srf06-cc26xx.a(csma.o)
 .text.send_packet
                0x0000a99c      0x164 contiki-srf06-cc26xx.a(csma.o)
 .text.init     0x0000ab00       0x24 contiki-srf06-cc26xx.a(csma.o)
 .text.parse    0x0000ab24       0xa0 contiki-srf06-cc26xx.a(framer-802154.o)
 .text.create_frame.isra.0
                0x0000abc4      0x13c contiki-srf06-cc26xx.a(framer-802154.o)
 .text.create   0x0000ad00        0x8 contiki-srf06-cc26xx.a(framer-802154.o)
 .text.hdr_length
                0x0000ad08        0x8 contiki-srf06-cc26xx.a(framer-802154.o)
 .text.mac_call_sent_callback
                0x0000ad10       0x18 contiki-srf06-cc26xx.a(mac.o)
                0x0000ad10                mac_call_sent_callback
 .text.duty_cycle
                0x0000ad28        0x4 contiki-srf06-cc26xx.a(contikimac.o)
 .text.init     0x0000ad2c       0x40 contiki-srf06-cc26xx.a(contikimac.o)
 .text.on.part.0
                0x0000ad6c       0x14 contiki-srf06-cc26xx.a(contikimac.o)
 .text.off      0x0000ad80       0x38 contiki-srf06-cc26xx.a(contikimac.o)
 .text.recv_burst_off
                0x0000adb8       0x14 contiki-srf06-cc26xx.a(contikimac.o)
 .text.powercycle_turn_radio_off.part.2
                0x0000adcc       0x10 contiki-srf06-cc26xx.a(contikimac.o)
 .text.turn_off
                0x0000addc       0x44 contiki-srf06-cc26xx.a(contikimac.o)
 .text.turn_on  0x0000ae20       0x44 contiki-srf06-cc26xx.a(contikimac.o)
 .text.schedule_powercycle_fixed.part.5
                0x0000ae64       0x2c contiki-srf06-cc26xx.a(contikimac.o)
 .text.input_packet
                0x0000ae90       0xc4 contiki-srf06-cc26xx.a(contikimac.o)
 .text.send_packet.isra.8
                0x0000af54      0x23c contiki-srf06-cc26xx.a(contikimac.o)
 .text.qsend_list
                0x0000b190       0xe0 contiki-srf06-cc26xx.a(contikimac.o)
 .text.qsend_packet
                0x0000b270       0x24 contiki-srf06-cc26xx.a(contikimac.o)
 .text.powercycle_wrapper
                0x0000b294      0x264 contiki-srf06-cc26xx.a(contikimac.o)
 .text.init     0x0000b4f8        0x4 contiki-srf06-cc26xx.a(nullsec.o)
 .text.input    0x0000b4fc        0xc contiki-srf06-cc26xx.a(nullsec.o)
 .text.send     0x0000b508       0x20 contiki-srf06-cc26xx.a(nullsec.o)
 .text.coap_set_option_header
                0x0000b528       0x8c contiki-srf06-cc26xx.a(er-coap.o)
 .text.coap_serialize_int_option
                0x0000b5b4       0x68 contiki-srf06-cc26xx.a(er-coap.o)
 .text.coap_merge_multi_option
                0x0000b61c       0x34 contiki-srf06-cc26xx.a(er-coap.o)
 .text.coap_get_variable
                0x0000b650       0x78 contiki-srf06-cc26xx.a(er-coap.o)
 .text.coap_serialize_array_option.part.0
                0x0000b6c8       0x20 contiki-srf06-cc26xx.a(er-coap.o)
 .text.coap_serialize_array_option
                0x0000b6e8       0x94 contiki-srf06-cc26xx.a(er-coap.o)
 .text.coap_init_connection
                0x0000b77c       0x28 contiki-srf06-cc26xx.a(er-coap.o)
                0x0000b77c                coap_init_connection
 .text.coap_get_mid
                0x0000b7a4       0x10 contiki-srf06-cc26xx.a(er-coap.o)
                0x0000b7a4                coap_get_mid
 .text.coap_init_message
                0x0000b7b4       0x1c contiki-srf06-cc26xx.a(er-coap.o)
                0x0000b7b4                coap_init_message
 .text.coap_serialize_message
                0x0000b7d0      0x31c contiki-srf06-cc26xx.a(er-coap.o)
                0x0000b7d0                coap_serialize_message
 .text.coap_send_message
                0x0000baec       0x40 contiki-srf06-cc26xx.a(er-coap.o)
                0x0000baec                coap_send_message
 .text.coap_parse_message
                0x0000bb2c      0x44c contiki-srf06-cc26xx.a(er-coap.o)
                0x0000bb2c                coap_parse_message
 .text.coap_get_query_variable
                0x0000bf78       0x24 contiki-srf06-cc26xx.a(er-coap.o)
                0x0000bf78                coap_get_query_variable
 .text.coap_get_post_variable
                0x0000bf9c       0x20 contiki-srf06-cc26xx.a(er-coap.o)
                0x0000bf9c                coap_get_post_variable
 .text.coap_set_status_code
                0x0000bfbc        0xc contiki-srf06-cc26xx.a(er-coap.o)
                0x0000bfbc                coap_set_status_code
 .text.coap_set_token
                0x0000bfc8       0x18 contiki-srf06-cc26xx.a(er-coap.o)
                0x0000bfc8                coap_set_token
 .text.coap_get_header_content_format
                0x0000bfe0       0x18 contiki-srf06-cc26xx.a(er-coap.o)
                0x0000bfe0                coap_get_header_content_format
 .text.coap_set_header_content_format
                0x0000bff8       0x10 contiki-srf06-cc26xx.a(er-coap.o)
                0x0000bff8                coap_set_header_content_format
 .text.coap_get_header_accept
                0x0000c008       0x1c contiki-srf06-cc26xx.a(er-coap.o)
                0x0000c008                coap_get_header_accept
 .text.coap_get_header_max_age
                0x0000c024       0x10 contiki-srf06-cc26xx.a(er-coap.o)
                0x0000c024                coap_get_header_max_age
 .text.coap_set_header_max_age
                0x0000c034       0x10 contiki-srf06-cc26xx.a(er-coap.o)
                0x0000c034                coap_set_header_max_age
 .text.coap_set_header_etag
                0x0000c044       0x24 contiki-srf06-cc26xx.a(er-coap.o)
                0x0000c044                coap_set_header_etag
 .text.coap_get_header_if_match
                0x0000c068       0x1c contiki-srf06-cc26xx.a(er-coap.o)
                0x0000c068                coap_get_header_if_match
 .text.coap_get_header_if_none_match
                0x0000c084        0x8 contiki-srf06-cc26xx.a(er-coap.o)
                0x0000c084                coap_get_header_if_none_match
 .text.coap_get_header_uri_host
                0x0000c08c       0x18 contiki-srf06-cc26xx.a(er-coap.o)
                0x0000c08c                coap_get_header_uri_host
 .text.coap_get_header_uri_path
                0x0000c0a4       0x18 contiki-srf06-cc26xx.a(er-coap.o)
                0x0000c0a4                coap_get_header_uri_path
 .text.coap_set_header_uri_path
                0x0000c0bc       0x28 contiki-srf06-cc26xx.a(er-coap.o)
                0x0000c0bc                coap_set_header_uri_path
 .text.coap_get_header_uri_query
                0x0000c0e4       0x18 contiki-srf06-cc26xx.a(er-coap.o)
                0x0000c0e4                coap_get_header_uri_query
 .text.coap_set_header_location_path
                0x0000c0fc       0x60 contiki-srf06-cc26xx.a(er-coap.o)
                0x0000c0fc                coap_set_header_location_path
 .text.coap_set_header_observe
                0x0000c15c       0x10 contiki-srf06-cc26xx.a(er-coap.o)
                0x0000c15c                coap_set_header_observe
 .text.coap_get_header_block2
                0x0000c16c       0x3c contiki-srf06-cc26xx.a(er-coap.o)
                0x0000c16c                coap_get_header_block2
 .text.coap_set_header_block2
                0x0000c1a8       0x38 contiki-srf06-cc26xx.a(er-coap.o)
                0x0000c1a8                coap_set_header_block2
 .text.coap_get_header_size2
                0x0000c1e0       0x1c contiki-srf06-cc26xx.a(er-coap.o)
                0x0000c1e0                coap_get_header_size2
 .text.coap_set_header_size2
                0x0000c1fc       0x10 contiki-srf06-cc26xx.a(er-coap.o)
                0x0000c1fc                coap_set_header_size2
 .text.coap_get_payload
                0x0000c20c       0x14 contiki-srf06-cc26xx.a(er-coap.o)
                0x0000c20c                coap_get_payload
 .text.coap_set_payload
                0x0000c220       0x14 contiki-srf06-cc26xx.a(er-coap.o)
                0x0000c220                coap_set_payload
 .text.rtimer_arch_init
                0x0000c234        0x4 contiki-srf06-cc26xx.a(rtimer-arch.o)
                0x0000c234                rtimer_arch_init
 .text.rtimer_arch_schedule
                0x0000c238        0x8 contiki-srf06-cc26xx.a(rtimer-arch.o)
                0x0000c238                rtimer_arch_schedule
 .text.rtimer_arch_now
                0x0000c240        0x4 contiki-srf06-cc26xx.a(rtimer-arch.o)
                0x0000c240                rtimer_arch_now
 .text.process_thread_rf_core_process
                0x0000c244       0x58 contiki-srf06-cc26xx.a(rf-core.o)
 .text.rf_core_is_accessible
                0x0000c29c       0x10 contiki-srf06-cc26xx.a(rf-core.o)
                0x0000c29c                rf_core_is_accessible
 .text.rf_core_send_cmd
                0x0000c2ac       0x94 contiki-srf06-cc26xx.a(rf-core.o)
                0x0000c2ac                rf_core_send_cmd
 .text.rf_core_wait_cmd_done
                0x0000c340       0x30 contiki-srf06-cc26xx.a(rf-core.o)
                0x0000c340                rf_core_wait_cmd_done
 .text.rf_core_power_up
                0x0000c370       0xb4 contiki-srf06-cc26xx.a(rf-core.o)
                0x0000c370                rf_core_power_up
 .text.rf_core_power_down
                0x0000c424       0xe8 contiki-srf06-cc26xx.a(rf-core.o)
                0x0000c424                rf_core_power_down
 .text.rf_core_set_modesel
                0x0000c50c       0x68 contiki-srf06-cc26xx.a(rf-core.o)
                0x0000c50c                rf_core_set_modesel
 .text.rf_core_boot
                0x0000c574       0x30 contiki-srf06-cc26xx.a(rf-core.o)
                0x0000c574                rf_core_boot
 .text.rf_core_setup_interrupts
                0x0000c5a4       0x6c contiki-srf06-cc26xx.a(rf-core.o)
                0x0000c5a4                rf_core_setup_interrupts
 .text.rf_core_cmd_done_en
                0x0000c610       0x28 contiki-srf06-cc26xx.a(rf-core.o)
                0x0000c610                rf_core_cmd_done_en
 .text.rf_core_cmd_done_dis
                0x0000c638       0x10 contiki-srf06-cc26xx.a(rf-core.o)
                0x0000c638                rf_core_cmd_done_dis
 .text.rf_core_get_last_radio_op
                0x0000c648        0xc contiki-srf06-cc26xx.a(rf-core.o)
                0x0000c648                rf_core_get_last_radio_op
 .text.rf_core_init_radio_op
                0x0000c654       0x1c contiki-srf06-cc26xx.a(rf-core.o)
                0x0000c654                rf_core_init_radio_op
 .text.rf_core_primary_mode_register
                0x0000c670        0xc contiki-srf06-cc26xx.a(rf-core.o)
                0x0000c670                rf_core_primary_mode_register
 .text.RFCCPE1IntHandler
                0x0000c67c       0x28 contiki-srf06-cc26xx.a(rf-core.o)
                0x0000c67c                RFCCPE1IntHandler
 .text.RFCCPE0IntHandler
                0x0000c6a4       0x5c contiki-srf06-cc26xx.a(rf-core.o)
                0x0000c6a4                RFCCPE0IntHandler
 .text.rf_ble_is_active
                0x0000c700        0xc contiki-srf06-cc26xx.a(rf-ble.o)
                0x0000c700                rf_ble_is_active
 .text.uip_udp_packet_send
                0x0000c70c       0x44 contiki-srf06-cc26xx.a(uip-udp-packet.)
                0x0000c70c                uip_udp_packet_send
 .text.ChipInfo_GetSupportedProtocol_BV
                0x0000c750       0x10 contiki-srf06-cc26xx.a(chipinfo.o)
                0x0000c750                ChipInfo_GetSupportedProtocol_BV
 .text.ChipInfo_GetChipFamily
                0x0000c760       0x38 contiki-srf06-cc26xx.a(chipinfo.o)
                0x0000c760                ChipInfo_GetChipFamily
 .text.ChipInfo_GetHwRevision
                0x0000c798       0x98 contiki-srf06-cc26xx.a(chipinfo.o)
                0x0000c798                ChipInfo_GetHwRevision
 .text.ThisCodeIsBuiltForCC26xxHwRev22AndLater_HaltIfViolated
                0x0000c830       0x2c contiki-srf06-cc26xx.a(chipinfo.o)
                0x0000c830                ThisCodeIsBuiltForCC26xxHwRev22AndLater_HaltIfViolated
 .text.frame802154_get_pan_id
                0x0000c85c        0xc contiki-srf06-cc26xx.a(frame802154.o)
                0x0000c85c                frame802154_get_pan_id
 .text.frame802154_has_panid
                0x0000c868       0x50 contiki-srf06-cc26xx.a(frame802154.o)
                0x0000c868                frame802154_has_panid
 .text.field_len
                0x0000c8b8       0x88 contiki-srf06-cc26xx.a(frame802154.o)
 .text.frame802154_is_broadcast_addr
                0x0000c940       0x20 contiki-srf06-cc26xx.a(frame802154.o)
                0x0000c940                frame802154_is_broadcast_addr
 .text.frame802154_hdrlen
                0x0000c960       0x34 contiki-srf06-cc26xx.a(frame802154.o)
                0x0000c960                frame802154_hdrlen
 .text.frame802154_create
                0x0000c994      0x124 contiki-srf06-cc26xx.a(frame802154.o)
                0x0000c994                frame802154_create
 .text.frame802154_parse
                0x0000cab8      0x17c contiki-srf06-cc26xx.a(frame802154.o)
                0x0000cab8                frame802154_parse
 .text.mac_sequence_is_duplicate
                0x0000cc34       0x3c contiki-srf06-cc26xx.a(mac-sequence.o)
                0x0000cc34                mac_sequence_is_duplicate
 .text.mac_sequence_register_seqno
                0x0000cc70       0x70 contiki-srf06-cc26xx.a(mac-sequence.o)
                0x0000cc70                mac_sequence_register_seqno
 .text          0x0000cce0       0x30 /home/paul/gcc-arm-none-eabi-5_2-2015q4/bin/../lib/gcc/arm-none-eabi/5.2.1/armv7-m/libgcc.a(_aeabi_uldivmod.o)
                0x0000cce0                __aeabi_uldivmod
 .text          0x0000cd10      0x2ec /home/paul/gcc-arm-none-eabi-5_2-2015q4/bin/../lib/gcc/arm-none-eabi/5.2.1/armv7-m/libgcc.a(_udivmoddi4.o)
                0x0000cd10                __udivmoddi4
 .text          0x0000cffc        0x4 /home/paul/gcc-arm-none-eabi-5_2-2015q4/bin/../lib/gcc/arm-none-eabi/5.2.1/armv7-m/libgcc.a(_dvmd_tls.o)
                0x0000cffc                __aeabi_ldiv0
                0x0000cffc                __aeabi_idiv0
 .text.atoi     0x0000d000        0x8 /home/paul/gcc-arm-none-eabi-5_2-2015q4/bin/../lib/gcc/arm-none-eabi/5.2.1/../../../../arm-none-eabi/lib/armv7-m/libc.a(lib_a-atoi.o)
                0x0000d000                atoi
 .text.memchr   0x0000d008       0x8c /home/paul/gcc-arm-none-eabi-5_2-2015q4/bin/../lib/gcc/arm-none-eabi/5.2.1/../../../../arm-none-eabi/lib/armv7-m/libc.a(lib_a-memchr-stub.o)
                0x0000d008                memchr
 .text.memcmp   0x0000d094       0x64 /home/paul/gcc-arm-none-eabi-5_2-2015q4/bin/../lib/gcc/arm-none-eabi/5.2.1/../../../../arm-none-eabi/lib/armv7-m/libc.a(lib_a-memcmp.o)
                0x0000d094                memcmp
 .text          0x0000d0f8       0xec /home/paul/gcc-arm-none-eabi-5_2-2015q4/bin/../lib/gcc/arm-none-eabi/5.2.1/../../../../arm-none-eabi/lib/armv7-m/libc.a(lib_a-memcpy.o)
                0x0000d0f8                memcpy
 .text.memmove  0x0000d1e4       0xc8 /home/paul/gcc-arm-none-eabi-5_2-2015q4/bin/../lib/gcc/arm-none-eabi/5.2.1/../../../../arm-none-eabi/lib/armv7-m/libc.a(lib_a-memmove.o)
                0x0000d1e4                memmove
 .text.memset   0x0000d2ac       0x9c /home/paul/gcc-arm-none-eabi-5_2-2015q4/bin/../lib/gcc/arm-none-eabi/5.2.1/../../../../arm-none-eabi/lib/armv7-m/libc.a(lib_a-memset.o)
                0x0000d2ac                memset
 .text.srand    0x0000d348       0x14 /home/paul/gcc-arm-none-eabi-5_2-2015q4/bin/../lib/gcc/arm-none-eabi/5.2.1/../../../../arm-none-eabi/lib/armv7-m/libc.a(lib_a-rand.o)
                0x0000d348                srand
 .text.rand     0x0000d35c       0x40 /home/paul/gcc-arm-none-eabi-5_2-2015q4/bin/../lib/gcc/arm-none-eabi/5.2.1/../../../../arm-none-eabi/lib/armv7-m/libc.a(lib_a-rand.o)
                0x0000d35c                rand
 .text.strchr   0x0000d39c       0xd0 /home/paul/gcc-arm-none-eabi-5_2-2015q4/bin/../lib/gcc/arm-none-eabi/5.2.1/../../../../arm-none-eabi/lib/armv7-m/libc.a(lib_a-strchr.o)
                0x0000d39c                strchr
 .text.strlen   0x0000d46c       0x5c /home/paul/gcc-arm-none-eabi-5_2-2015q4/bin/../lib/gcc/arm-none-eabi/5.2.1/../../../../arm-none-eabi/lib/armv7-m/libc.a(lib_a-strlen-stub.o)
                0x0000d46c                strlen
 .text.strncmp  0x0000d4c8       0x9c /home/paul/gcc-arm-none-eabi-5_2-2015q4/bin/../lib/gcc/arm-none-eabi/5.2.1/../../../../arm-none-eabi/lib/armv7-m/libc.a(lib_a-strncmp.o)
                0x0000d4c8                strncmp
 .text.strncpy  0x0000d564       0x68 /home/paul/gcc-arm-none-eabi-5_2-2015q4/bin/../lib/gcc/arm-none-eabi/5.2.1/../../../../arm-none-eabi/lib/armv7-m/libc.a(lib_a-strncpy.o)
                0x0000d564                strncpy
 .text._strtol_r
                0x0000d5cc      0x128 /home/paul/gcc-arm-none-eabi-5_2-2015q4/bin/../lib/gcc/arm-none-eabi/5.2.1/../../../../arm-none-eabi/lib/armv7-m/libc.a(lib_a-strtol.o)
                0x0000d5cc                _strtol_r
 .text.strtol   0x0000d6f4       0x18 /home/paul/gcc-arm-none-eabi-5_2-2015q4/bin/../lib/gcc/arm-none-eabi/5.2.1/../../../../arm-none-eabi/lib/armv7-m/libc.a(lib_a-strtol.o)
                0x0000d6f4                strtol
 *(SORT(.rodata*))
 .rodata.autostart_processes
                0x0000d70c        0x8 very-sleepy-demo.co
                0x0000d70c                autostart_processes
 .rodata.str1.4
                0x0000d714      0x202 very-sleepy-demo.co
 *fill*         0x0000d916        0x2 00000000
 .rodata.coap_rest_implementation
                0x0000d918      0x10c contiki-srf06-cc26xx.a(er-coap-engine.)
                0x0000d918                coap_rest_implementation
 .rodata.str1.4
                0x0000da24       0x6c contiki-srf06-cc26xx.a(er-coap-engine.)
 .rodata.str1.4
                0x0000da90       0x11 contiki-srf06-cc26xx.a(er-coap-observe)
 *fill*         0x0000daa1        0x3 00000000
 .rodata.str1.4
                0x0000daa4        0xa contiki-srf06-cc26xx.a(er-coap-res-wel)
                                 0x1a (size before relaxing)
 *fill*         0x0000daae        0x2 00000000
 .rodata.str1.4
                0x0000dab0        0xc contiki-srf06-cc26xx.a(rest-engine.o)
 .rodata.str1.4
                0x0000dabc       0xa5 contiki-srf06-cc26xx.a(contiki-main.o)
                                 0xa9 (size before relaxing)
 *fill*         0x0000db61        0x3 00000000
 .rodata.str1.4
                0x0000db64        0x8 contiki-srf06-cc26xx.a(sensors.o)
 .rodata.button_left_sensor
                0x0000db6c       0x10 contiki-srf06-cc26xx.a(button-sensor.o)
                0x0000db6c                button_left_sensor
 .rodata.button_up_sensor
                0x0000db7c       0x10 contiki-srf06-cc26xx.a(button-sensor.o)
                0x0000db7c                button_up_sensor
 .rodata.button_select_sensor
                0x0000db8c       0x10 contiki-srf06-cc26xx.a(button-sensor.o)
                0x0000db8c                button_select_sensor
 .rodata.button_right_sensor
                0x0000db9c       0x10 contiki-srf06-cc26xx.a(button-sensor.o)
                0x0000db9c                button_right_sensor
 .rodata.button_down_sensor
                0x0000dbac       0x10 contiki-srf06-cc26xx.a(button-sensor.o)
                0x0000dbac                button_down_sensor
 .rodata.str1.4
                0x0000dbbc        0x7 contiki-srf06-cc26xx.a(button-sensor.o)
 *fill*         0x0000dbc3        0x1 00000000
 .rodata.str1.4
                0x0000dbc4       0x10 contiki-srf06-cc26xx.a(batmon-sensor.o)
 .rodata.batmon_sensor
                0x0000dbd4       0x10 contiki-srf06-cc26xx.a(batmon-sensor.o)
                0x0000dbd4                batmon_sensor
 .rodata.output_power
                0x0000dbe4       0x68 contiki-srf06-cc26xx.a(ieee-mode.o)
 .rodata.ieee_mode_driver
                0x0000dc4c       0x38 contiki-srf06-cc26xx.a(ieee-mode.o)
                0x0000dc4c                ieee_mode_driver
 .rodata.mode_ieee
                0x0000dc84        0x8 contiki-srf06-cc26xx.a(ieee-mode.o)
 .rodata.buffer.4106
                0x0000dc8c       0x10 contiki-srf06-cc26xx.a(strformat.o)
 .rodata.buffer.4115
                0x0000dc9c       0x10 contiki-srf06-cc26xx.a(strformat.o)
 .rodata.str1.4
                0x0000dcac       0x46 contiki-srf06-cc26xx.a(strformat.o)
 *fill*         0x0000dcf2        0x2 00000000
 .rodata.str1.4
                0x0000dcf4        0xf contiki-srf06-cc26xx.a(ctimer.o)
 *fill*         0x0000dd03        0x1 00000000
 .rodata.str1.4
                0x0000dd04        0xc contiki-srf06-cc26xx.a(etimer.o)
 .rodata.str1.4
                0x0000dd10        0xe contiki-srf06-cc26xx.a(serial-line.o)
 *fill*         0x0000dd1e        0x2 00000000
 .rodata        0x0000dd20        0x2 contiki-srf06-cc26xx.a(sicslowpan.o)
 *fill*         0x0000dd22        0x2 00000000
 .rodata.ttl_values
                0x0000dd24        0x4 contiki-srf06-cc26xx.a(sicslowpan.o)
 .rodata.unc_llconf
                0x0000dd28        0x4 contiki-srf06-cc26xx.a(sicslowpan.o)
                0x0000dd28                unc_llconf
 .rodata.llprefix
                0x0000dd2c        0x2 contiki-srf06-cc26xx.a(sicslowpan.o)
                0x0000dd2c                llprefix
 *fill*         0x0000dd2e        0x2 00000000
 .rodata.sicslowpan_driver
                0x0000dd30        0xc contiki-srf06-cc26xx.a(sicslowpan.o)
                0x0000dd30                sicslowpan_driver
 .rodata.unc_mxconf
                0x0000dd3c        0x4 contiki-srf06-cc26xx.a(sicslowpan.o)
                0x0000dd3c                unc_mxconf
 .rodata.unc_ctxconf
                0x0000dd40        0x4 contiki-srf06-cc26xx.a(sicslowpan.o)
                0x0000dd40                unc_ctxconf
 .rodata.str1.4
                0x0000dd44        0xb contiki-srf06-cc26xx.a(sicslowpan.o)
 *fill*         0x0000dd4f        0x1 00000000
 .rodata.str1.4
                0x0000dd50        0xd contiki-srf06-cc26xx.a(tcpip.o)
 *fill*         0x0000dd5d        0x3 00000000
 .rodata.str1.4
                0x0000dd60       0x41 contiki-srf06-cc26xx.a(uip-debug.o)
 *fill*         0x0000dda1        0x3 00000000
 .rodata.linkaddr_null
                0x0000dda4        0x8 contiki-srf06-cc26xx.a(linkaddr.o)
                0x0000dda4                linkaddr_null
 .rodata.csma_driver
                0x0000ddac       0x1c contiki-srf06-cc26xx.a(csma.o)
                0x0000ddac                csma_driver
 .rodata.str1.4
                0x0000ddc8        0x5 contiki-srf06-cc26xx.a(csma.o)
 *fill*         0x0000ddcd        0x3 00000000
 .rodata.framer_802154
                0x0000ddd0        0xc contiki-srf06-cc26xx.a(framer-802154.o)
                0x0000ddd0                framer_802154
 .rodata.contikimac_driver
                0x0000dddc       0x20 contiki-srf06-cc26xx.a(contikimac.o)
                0x0000dddc                contikimac_driver
 .rodata.str1.4
                0x0000ddfc        0xb contiki-srf06-cc26xx.a(contikimac.o)
 *fill*         0x0000de07        0x1 00000000
 .rodata.str1.4
                0x0000de08        0x8 contiki-srf06-cc26xx.a(nullsec.o)
 .rodata.nullsec_driver
                0x0000de10       0x10 contiki-srf06-cc26xx.a(nullsec.o)
                0x0000de10                nullsec_driver
 .rodata.str1.4
                0x0000de20       0xb4 contiki-srf06-cc26xx.a(er-coap.o)
                                 0xb5 (size before relaxing)
 .rodata.str1.4
                0x0000ded4       0x46 contiki-srf06-cc26xx.a(rf-core.o)
 *fill*         0x0000df1a        0x2 00000000
 .rodata._ctype_
                0x0000df1c      0x101 /home/paul/gcc-arm-none-eabi-5_2-2015q4/bin/../lib/gcc/arm-none-eabi/5.2.1/../../../../arm-none-eabi/lib/armv7-m/libc.a(lib_a-ctype_.o)
                0x0000df1c                _ctype_
 *fill*         0x0000e01d        0x3 00000000
 .rodata.str1.4
                0x0000e020        0x4 /home/paul/gcc-arm-none-eabi-5_2-2015q4/bin/../lib/gcc/arm-none-eabi/5.2.1/../../../../arm-none-eabi/lib/armv7-m/libc.a(lib_a-impure.o)
                                  0x2 (size before relaxing)
                0x0000e024                _etext = .

.glue_7         0x0000e024        0x0
 .glue_7        0x0000e024        0x0 linker stubs

.glue_7t        0x0000e024        0x0
 .glue_7t       0x0000e024        0x0 linker stubs

.vfp11_veneer   0x0000e024        0x0
 .vfp11_veneer  0x0000e024        0x0 linker stubs

.v4_bx          0x0000e024        0x0
 .v4_bx         0x0000e024        0x0 linker stubs

.iplt           0x0000e024        0x0
 .iplt          0x0000e024        0x0 obj_srf06-cc26xx/startup_gcc.o

.data           0x20000000      0x6e7 load address 0x0000e024
                0x20000000                _data = .
 *(SORT(vtable))
 *(SORT(.data*))
 .data.impure_data
                0x20000000      0x428 /home/paul/gcc-arm-none-eabi-5_2-2015q4/bin/../lib/gcc/arm-none-eabi/5.2.1/../../../../arm-none-eabi/lib/armv7-m/libc.a(lib_a-impure.o)
 .data.very_sleepy_conf
                0x20000428       0x24 very-sleepy-demo.co
                0x20000428                very_sleepy_conf
 .data.very_sleepy_demo_process
                0x2000044c       0x10 very-sleepy-demo.co
                0x2000044c                very_sleepy_demo_process
 .data.not_supported_msg
                0x2000045c        0x4 very-sleepy-demo.co
                0x2000045c                not_supported_msg
 .data.readings_resource
                0x20000460       0x24 very-sleepy-demo.co
                0x20000460                readings_resource
 .data.coap_engine
                0x20000484       0x10 contiki-srf06-cc26xx.a(er-coap-engine.)
                0x20000484                coap_engine
 .data.transactions_memb
                0x20000494        0xc contiki-srf06-cc26xx.a(er-coap-transac)
 .data.observers_memb
                0x200004a0        0xc contiki-srf06-cc26xx.a(er-coap-observe)
 .data.res_well_known_core
                0x200004ac       0x24 contiki-srf06-cc26xx.a(er-coap-res-wel)
                0x200004ac                res_well_known_core
 .data.rest_engine_process
                0x200004d0       0x10 contiki-srf06-cc26xx.a(rest-engine.o)
                0x200004d0                rest_engine_process
 .data.sensors_process
                0x200004e0       0x10 contiki-srf06-cc26xx.a(sensors.o)
                0x200004e0                sensors_process
 .data.sensors  0x200004f0       0x18 contiki-srf06-cc26xx.a(srf06-sensors.o)
                0x200004f0                sensors
 .data.srf_module
                0x20000508       0x14 contiki-srf06-cc26xx.a(board.o)
 .data.uart_module
                0x2000051c       0x14 contiki-srf06-cc26xx.a(cc26xx-uart.o)
 .data.cc26xx_rf_lpm_module
                0x20000530       0x14 contiki-srf06-cc26xx.a(ieee-mode.o)
 .data.tx_power_current
                0x20000544        0x4 contiki-srf06-cc26xx.a(ieee-mode.o)
                0x20000544                tx_power_current
 .data.ieee_overrides
                0x20000548       0x2c contiki-srf06-cc26xx.a(ieee-mode.o)
 .data.ctxt     0x20000574        0x8 contiki-srf06-cc26xx.a(dbg-printf.o)
 .data.ctimer_process
                0x2000057c       0x10 contiki-srf06-cc26xx.a(ctimer.o)
                0x2000057c                ctimer_process
 .data.etimer_process
                0x2000058c       0x10 contiki-srf06-cc26xx.a(etimer.o)
                0x2000058c                etimer_process
 .data.serial_line_process
                0x2000059c       0x10 contiki-srf06-cc26xx.a(serial-line.o)
                0x2000059c                serial_line_process
 .data.ds6_neighbors
                0x200005ac        0x4 contiki-srf06-cc26xx.a(uip-ds6-nbr.o)
                0x200005ac                ds6_neighbors
 .data.ds6_neighbors_struct
                0x200005b0       0x10 contiki-srf06-cc26xx.a(uip-ds6-nbr.o)
 .data.defaultroutermemb
                0x200005c0        0xc contiki-srf06-cc26xx.a(uip-ds6-route.o)
 .data.nbr_routes_struct
                0x200005cc       0x10 contiki-srf06-cc26xx.a(uip-ds6-route.o)
 .data.nbr_routes
                0x200005dc        0x4 contiki-srf06-cc26xx.a(uip-ds6-route.o)
                0x200005dc                nbr_routes
 .data.routememb
                0x200005e0        0xc contiki-srf06-cc26xx.a(uip-ds6-route.o)
 .data.neighborroutememb
                0x200005ec        0xc contiki-srf06-cc26xx.a(uip-ds6-route.o)
 .data.echo_request_handler
                0x200005f8        0xc contiki-srf06-cc26xx.a(uip-icmp6.o)
 .data.echo_reply_handler
                0x20000604        0xc contiki-srf06-cc26xx.a(uip-icmp6.o)
 .data.tcpip_process
                0x20000610       0x10 contiki-srf06-cc26xx.a(tcpip.o)
                0x20000610                tcpip_process
 .data.rpl_parents
                0x20000620        0x4 contiki-srf06-cc26xx.a(rpl-dag.o)
                0x20000620                rpl_parents
 .data.rpl_parents_struct
                0x20000624       0x10 contiki-srf06-cc26xx.a(rpl-dag.o)
 .data.dao_ack_handler
                0x20000634        0xc contiki-srf06-cc26xx.a(rpl-icmp6.o)
 .data.dis_handler
                0x20000640        0xc contiki-srf06-cc26xx.a(rpl-icmp6.o)
 .data.dao_handler
                0x2000064c        0xc contiki-srf06-cc26xx.a(rpl-icmp6.o)
 .data.dio_handler
                0x20000658        0xc contiki-srf06-cc26xx.a(rpl-icmp6.o)
 .data.rpl_mrhof
                0x20000664       0x1c contiki-srf06-cc26xx.a(rpl-mrhof.o)
                0x20000664                rpl_mrhof
 .data.neighbor_addr_mem
                0x20000680        0xc contiki-srf06-cc26xx.a(nbr-table.o)
 .data.bufmem   0x2000068c        0xc contiki-srf06-cc26xx.a(queuebuf.o)
 .data.buframmem
                0x20000698        0xc contiki-srf06-cc26xx.a(queuebuf.o)
 .data.metadata_memb
                0x200006a4        0xc contiki-srf06-cc26xx.a(csma.o)
 .data.packet_memb
                0x200006b0        0xc contiki-srf06-cc26xx.a(csma.o)
 .data.neighbor_memb
                0x200006bc        0xc contiki-srf06-cc26xx.a(csma.o)
 .data.coap_error_message
                0x200006c8        0x4 contiki-srf06-cc26xx.a(er-coap.o)
                0x200006c8                coap_error_message
 .data.rf_core_process
                0x200006cc       0x10 contiki-srf06-cc26xx.a(rf-core.o)
                0x200006cc                rf_core_process
 .data.__ctype_ptr__
                0x200006dc        0x4 /home/paul/gcc-arm-none-eabi-5_2-2015q4/bin/../lib/gcc/arm-none-eabi/5.2.1/../../../../arm-none-eabi/lib/armv7-m/libc.a(lib_a-ctype_.o)
                0x200006dc                __ctype_ptr__
 .data._impure_ptr
                0x200006e0        0x4 /home/paul/gcc-arm-none-eabi-5_2-2015q4/bin/../lib/gcc/arm-none-eabi/5.2.1/../../../../arm-none-eabi/lib/armv7-m/libc.a(lib_a-impure.o)
                0x200006e0                _impure_ptr
 .data.mac_pan_id
                0x200006e4        0x2 contiki-srf06-cc26xx.a(frame802154.o)
 .data.dao_sequence
                0x200006e6        0x1 contiki-srf06-cc26xx.a(rpl-icmp6.o)
                0x200006e7                _edata = .

.igot.plt       0x200006e8        0x0 load address 0x0000e70b
 .igot.plt      0x200006e8        0x0 obj_srf06-cc26xx/startup_gcc.o

.ARM.exidx      0x0000e70c        0x8
 *(SORT(.ARM.exidx*))
 .ARM.exidx     0x0000e70c        0x8 /home/paul/gcc-arm-none-eabi-5_2-2015q4/bin/../lib/gcc/arm-none-eabi/5.2.1/armv7-m/libgcc.a(_udivmoddi4.o)

.bss            0x200006e8     0x2f7e
                0x200006e8                _bss = .
 *(SORT(.bss*))
 .bss.count     0x200006e8        0x8 contiki-srf06-cc26xx.a(clock.o)
 .bss.st_duration
                0x200006f0        0x8 very-sleepy-demo.co
 .bss.et_periodic
                0x200006f8       0x10 very-sleepy-demo.co
 .bss.st_interval
                0x20000708        0x8 very-sleepy-demo.co
 .bss.st_min_mac_on_duration
                0x20000710        0x8 very-sleepy-demo.co
 .bss.message.8497
                0x20000718       0xa4 contiki-srf06-cc26xx.a(er-coap-engine.)
 .bss.transaction.8499
                0x200007bc        0x4 contiki-srf06-cc26xx.a(er-coap-engine.)
 .bss.response.8498
                0x200007c0       0xa4 contiki-srf06-cc26xx.a(er-coap-engine.)
 .bss.service_cbk
                0x20000864        0x4 contiki-srf06-cc26xx.a(er-coap-engine.)
 .bss.transactions_list_list
                0x20000868        0x4 contiki-srf06-cc26xx.a(er-coap-transac)
 .bss.transaction_handler_process
                0x2000086c        0x4 contiki-srf06-cc26xx.a(er-coap-transac)
 .bss.transactions_memb_memb_count
                0x20000870        0x4 contiki-srf06-cc26xx.a(er-coap-transac)
 .bss.transactions_memb_memb_mem
                0x20000874      0x2e0 contiki-srf06-cc26xx.a(er-coap-transac)
 .bss.observers_memb_memb_mem
                0x20000b54       0xf0 contiki-srf06-cc26xx.a(er-coap-observe)
 .bss.observers_memb_memb_count
                0x20000c44        0x3 contiki-srf06-cc26xx.a(er-coap-observe)
 *fill*         0x20000c47        0x1 
 .bss.observers_list_list
                0x20000c48        0x4 contiki-srf06-cc26xx.a(er-coap-observe)
 .bss.restful_periodic_services_list
                0x20000c4c        0x4 contiki-srf06-cc26xx.a(rest-engine.o)
 .bss.restful_services_list
                0x20000c50        0x4 contiki-srf06-cc26xx.a(rest-engine.o)
 .bss.events.4901
                0x20000c54        0x4 contiki-srf06-cc26xx.a(sensors.o)
 .bss.i.4900    0x20000c58        0x4 contiki-srf06-cc26xx.a(sensors.o)
 .bss.inited    0x20000c5c        0x4 contiki-srf06-cc26xx.a(leds-arch.o)
 .bss.down_timer
                0x20000c60       0x10 contiki-srf06-cc26xx.a(button-sensor.o)
 .bss.sel_timer
                0x20000c70       0x10 contiki-srf06-cc26xx.a(button-sensor.o)
 .bss.left_timer
                0x20000c80       0x10 contiki-srf06-cc26xx.a(button-sensor.o)
 .bss.up_timer  0x20000c90       0x10 contiki-srf06-cc26xx.a(button-sensor.o)
 .bss.last_isr_time
                0x20000ca0        0x4 contiki-srf06-cc26xx.a(soc-rtc.o)
 .bss.enabled   0x20000ca4        0x4 contiki-srf06-cc26xx.a(batmon-sensor.o)
 .bss.input_handler
                0x20000ca8        0x4 contiki-srf06-cc26xx.a(cc26xx-uart.o)
 .bss.modules_list_list
                0x20000cac        0x4 contiki-srf06-cc26xx.a(lpm.o)
 .bss.handlers  0x20000cb0       0x80 contiki-srf06-cc26xx.a(gpio-interrupt.)
 .bss.rf_stats  0x20000d30       0x10 contiki-srf06-cc26xx.a(ieee-mode.o)
 .bss.rx_data_queue
                0x20000d40        0x8 contiki-srf06-cc26xx.a(ieee-mode.o)
 .bss.rx_read_entry
                0x20000d48        0x4 contiki-srf06-cc26xx.a(ieee-mode.o)
 .bss.cmd_ieee_rx_buf
                0x20000d4c       0x80 contiki-srf06-cc26xx.a(ieee-mode.o)
 .bss.tx_buf    0x20000dcc       0xb6 contiki-srf06-cc26xx.a(ieee-mode.o)
 *fill*         0x20000e82        0x2 
 .bss.rx_buf_1  0x20000e84       0x8c contiki-srf06-cc26xx.a(ieee-mode.o)
 .bss.rx_buf_0  0x20000f10       0x8c contiki-srf06-cc26xx.a(ieee-mode.o)
 .bss.rx_buf_2  0x20000f9c       0x8c contiki-srf06-cc26xx.a(ieee-mode.o)
 .bss.rx_buf_3  0x20001028       0x8c contiki-srf06-cc26xx.a(ieee-mode.o)
 .bss.ctimer_list_list
                0x200010b4        0x4 contiki-srf06-cc26xx.a(ctimer.o)
 .bss.timerlist
                0x200010b8        0x4 contiki-srf06-cc26xx.a(etimer.o)
 .bss.next_expiration
                0x200010bc        0x4 contiki-srf06-cc26xx.a(etimer.o)
 .bss.p.5288    0x200010c0        0x4 contiki-srf06-cc26xx.a(process.o)
 .bss.process_current
                0x200010c4        0x4 contiki-srf06-cc26xx.a(process.o)