Archive member included because of file (symbol)

contiki-native.a(contiki-main.o)
                              /usr/lib/gcc/x86_64-linux-gnu/4.7/../../../x86_64-linux-gnu/crt1.o (main)
contiki-native.a(button-sensor.o)
                              contiki-native.a(contiki-main.o) (button_sensor)
contiki-native.a(pir-sensor.o)
                              contiki-native.a(contiki-main.o) (pir_sensor)
contiki-native.a(vib-sensor.o)
                              contiki-native.a(contiki-main.o) (vib_sensor)
contiki-native.a(sensors.o)   contiki-native.a(button-sensor.o) (sensors_changed)
contiki-native.a(autostart.o)
                              contiki-native.a(contiki-main.o) (autostart_start)
contiki-native.a(ctimer.o)    contiki-native.a(contiki-main.o) (ctimer_init)
contiki-native.a(etimer.o)    contiki-native.a(contiki-main.o) (etimer_process)
contiki-native.a(process.o)   contiki-native.a(ctimer.o) (process_current)
contiki-native.a(rtimer.o)    contiki-native.a(contiki-main.o) (rtimer_init)
contiki-native.a(timer.o)     contiki-native.a(etimer.o) (timer_set)
contiki-native.a(serial-line.o)
                              contiki-native.a(contiki-main.o) (serial_line_input_byte)
contiki-native.a(list.o)      contiki-native.a(ctimer.o) (list_init)
contiki-native.a(ringbuf.o)   contiki-native.a(serial-line.o) (ringbuf_init)
contiki-native.a(sicslowpan.o)
                              contiki-native.a(contiki-main.o) (sicslowpan_driver)
contiki-native.a(uip6.o)      contiki-native.a(contiki-main.o) (uip_lladdr)
contiki-native.a(uip-ds6.o)   contiki-native.a(uip6.o) (uip_ds6_if)
contiki-native.a(uip-ds6-nbr.o)
                              contiki-native.a(uip-ds6.o) (uip_ds6_neighbors_init)
contiki-native.a(uip-ds6-route.o)
                              contiki-native.a(uip-ds6.o) (uip_ds6_route_init)
contiki-native.a(uip-icmp6.o)
                              contiki-native.a(uip6.o) (uip_icmp6_input)
contiki-native.a(uip-nd6.o)   contiki-native.a(uip6.o) (uip_nd6_init)
contiki-native.a(tcpip.o)     contiki-native.a(sicslowpan.o) (tcpip_set_outputfunc)
contiki-native.a(uip-debug.o)
                              contiki-native.a(uip-ds6-route.o) (uip_debug_ipaddr_print)
contiki-native.a(uip-packetqueue)
                              contiki-native.a(uip-ds6-nbr.o) (uip_packetqueue_new)
contiki-native.a(rpl.o)       contiki-native.a(uip-ds6-nbr.o) (rpl_link_neighbor_callback)
contiki-native.a(rpl-dag.o)   contiki-native.a(rpl.o) (instance_table)
contiki-native.a(rpl-ext-header.)
                              contiki-native.a(uip6.o) (rpl_verify_header)
contiki-native.a(rpl-icmp6.o)
                              contiki-native.a(rpl.o) (dao_output)
contiki-native.a(rpl-mrhof.o)
                              contiki-native.a(rpl.o) (rpl_mrhof)
contiki-native.a(rpl-timers.o)
                              contiki-native.a(rpl.o) (rpl_reset_periodic_timer)
contiki-native.a(linkaddr.o)  contiki-native.a(sicslowpan.o) (linkaddr_null)
contiki-native.a(nbr-table.o)
                              contiki-native.a(uip-ds6-nbr.o) (nbr_table_register)
contiki-native.a(netstack.o)  contiki-native.a(contiki-main.o) (netstack_init)
contiki-native.a(packetbuf.o)
                              contiki-native.a(sicslowpan.o) (packetbuf_clear)
contiki-native.a(queuebuf.o)  contiki-native.a(contiki-main.o) (queuebuf_init)
contiki-native.a(framer-802154.o)
                              contiki-native.a(sicslowpan.o) (framer_802154)
contiki-native.a(nullmac.o)   contiki-native.a(contiki-main.o) (nullmac_driver)
contiki-native.a(nullrdc.o)   contiki-native.a(contiki-main.o) (nullrdc_driver)
contiki-native.a(nullsec.o)   contiki-native.a(sicslowpan.o) (nullsec_driver)
contiki-native.a(clock.o)     contiki-native.a(etimer.o) (clock_time)
contiki-native.a(rtimer-arch.o)
                              contiki-native.a(rtimer.o) (rtimer_arch_init)
contiki-native.a(watchdog.o)  contiki-native.a(sicslowpan.o) (watchdog_periodic)
contiki-native.a(stimer.o)    contiki-native.a(uip-ds6.o) (stimer_set)
contiki-native.a(nullradio.o)
                              contiki-native.a(netstack.o) (nullradio_driver)
contiki-native.a(memb.o)      contiki-native.a(uip-ds6-route.o) (memb_init)
contiki-native.a(random.o)    contiki-native.a(uip-ds6.o) (random_rand)
contiki-native.a(frame802154.o)
                              contiki-native.a(framer-802154.o) (frame802154_get_pan_id)
contiki-native.a(mac.o)       contiki-native.a(nullrdc.o) (mac_call_sent_callback)
/usr/lib/x86_64-linux-gnu/libc_nonshared.a(elf-init.oS)
                              /usr/lib/gcc/x86_64-linux-gnu/4.7/../../../x86_64-linux-gnu/crt1.o (__libc_csu_init)

Allocating common symbols
Common symbol       size              file

default_instance    0x8               contiki-native.a(rpl-dag.o)
uip_ds6_prefix_list
                    0x60              contiki-native.a(uip-ds6.o)
linkaddr_node_addr  0x8               contiki-native.a(linkaddr.o)
[...]
Memory Configuration

Name             Origin             Length             Attributes
*default*        0x0000000000000000 0xffffffffffffffff

Linker script and memory map

LOAD /usr/lib/gcc/x86_64-linux-gnu/4.7/../../../x86_64-linux-gnu/crt1.o
LOAD /usr/lib/gcc/x86_64-linux-gnu/4.7/../../../x86_64-linux-gnu/crti.o
LOAD /usr/lib/gcc/x86_64-linux-gnu/4.7/crtbegin.o
LOAD hello-world.co
LOAD contiki-native.a
LOAD /usr/lib/gcc/x86_64-linux-gnu/4.7/../../../x86_64-linux-gnu/libncurses.so
LOAD /lib/x86_64-linux-gnu/libncurses.so.5
LOAD /usr/lib/gcc/x86_64-linux-gnu/4.7/../../../x86_64-linux-gnu/libtinfo.so
LOAD /usr/lib/gcc/x86_64-linux-gnu/4.7/libgcc.a
LOAD /usr/lib/gcc/x86_64-linux-gnu/4.7/libgcc_s.so
LOAD /usr/lib/gcc/x86_64-linux-gnu/4.7/../../../x86_64-linux-gnu/libc.so
START GROUP
LOAD /lib/x86_64-linux-gnu/libc.so.6
LOAD /usr/lib/x86_64-linux-gnu/libc_nonshared.a
LOAD /lib/x86_64-linux-gnu/ld-linux-x86-64.so.2
END GROUP
LOAD /usr/lib/gcc/x86_64-linux-gnu/4.7/libgcc.a
LOAD /usr/lib/gcc/x86_64-linux-gnu/4.7/libgcc_s.so
LOAD /usr/lib/gcc/x86_64-linux-gnu/4.7/crtend.o
LOAD /usr/lib/gcc/x86_64-linux-gnu/4.7/../../../x86_64-linux-gnu/crtn.o
                0x0000000000400000                PROVIDE (__executable_start, 0x400000)
                0x0000000000400238                . = (0x400000 + SIZEOF_HEADERS)

.interp         0x0000000000400238       0x1c
 *(.interp)
 .interp        0x0000000000400238       0x1c /usr/lib/gcc/x86_64-linux-gnu/4.7/../../../x86_64-linux-gnu/crt1.o

.note.ABI-tag   0x0000000000400254       0x20
 .note.ABI-tag  0x0000000000400254       0x20 /usr/lib/gcc/x86_64-linux-gnu/4.7/../../../x86_64-linux-gnu/crt1.o

.note.gnu.build-id
                0x0000000000400274       0x24
 *(.note.gnu.build-id)
 .note.gnu.build-id
                0x0000000000400274       0x24 /usr/lib/gcc/x86_64-linux-gnu/4.7/../../../x86_64-linux-gnu/crt1.o

.hash
 *(.hash)

.gnu.hash       0x0000000000400298      0xc50
 *(.gnu.hash)
 .gnu.hash      0x0000000000400298      0xc50 /usr/lib/gcc/x86_64-linux-gnu/4.7/../../../x86_64-linux-gnu/crt1.o

.dynsym         0x0000000000400ee8     0x2778
 *(.dynsym)
 .dynsym        0x0000000000400ee8     0x2778 /usr/lib/gcc/x86_64-linux-gnu/4.7/../../../x86_64-linux-gnu/crt1.o

.dynstr         0x0000000000403660     0x1a90
 *(.dynstr)
 .dynstr        0x0000000000403660     0x1a90 /usr/lib/gcc/x86_64-linux-gnu/4.7/../../../x86_64-linux-gnu/crt1.o

.gnu.version    0x00000000004050f0      0x34a
 *(.gnu.version)
 .gnu.version   0x00000000004050f0      0x34a /usr/lib/gcc/x86_64-linux-gnu/4.7/../../../x86_64-linux-gnu/crt1.o

.gnu.version_d  0x0000000000405440        0x0
 *(.gnu.version_d)
 .gnu.version_d
                0x0000000000000000        0x0 /usr/lib/gcc/x86_64-linux-gnu/4.7/../../../x86_64-linux-gnu/crt1.o

.gnu.version_r  0x0000000000405440       0x40
 *(.gnu.version_r)
 .gnu.version_r
                0x0000000000405440       0x40 /usr/lib/gcc/x86_64-linux-gnu/4.7/../../../x86_64-linux-gnu/crt1.o

.rela.dyn       0x0000000000405480       0x48
 *(.rela.init)
 *(.rela.text .rela.text.* .rela.gnu.linkonce.t.*)
 .rela.text     0x0000000000000000        0x0 /usr/lib/gcc/x86_64-linux-gnu/4.7/../../../x86_64-linux-gnu/crt1.o
 *(.rela.fini)
 *(.rela.rodata .rela.rodata.* .rela.gnu.linkonce.r.*)
 .rela.rodata   0x0000000000000000        0x0 /usr/lib/gcc/x86_64-linux-gnu/4.7/../../../x86_64-linux-gnu/crt1.o
 *(.rela.data .rela.data.* .rela.gnu.linkonce.d.*)
 .rela.data     0x0000000000000000        0x0 /usr/lib/gcc/x86_64-linux-gnu/4.7/../../../x86_64-linux-gnu/crt1.o
 *(.rela.tdata .rela.tdata.* .rela.gnu.linkonce.td.*)
 *(.rela.tbss .rela.tbss.* .rela.gnu.linkonce.tb.*)
 *(.rela.ctors)
 *(.rela.dtors)
 *(.rela.got)
 .rela.got      0x0000000000405480       0x18 /usr/lib/gcc/x86_64-linux-gnu/4.7/../../../x86_64-linux-gnu/crt1.o
 *(.rela.bss .rela.bss.* .rela.gnu.linkonce.b.*)
 .rela.bss      0x0000000000405498       0x30 /usr/lib/gcc/x86_64-linux-gnu/4.7/../../../x86_64-linux-gnu/crt1.o
 *(.rela.ldata .rela.ldata.* .rela.gnu.linkonce.l.*)
 *(.rela.lbss .rela.lbss.* .rela.gnu.linkonce.lb.*)
 *(.rela.lrodata .rela.lrodata.* .rela.gnu.linkonce.lr.*)
 *(.rela.ifunc)

.rela.plt       0x00000000004054c8      0x240
 *(.rela.plt)
 .rela.plt      0x00000000004054c8      0x240 /usr/lib/gcc/x86_64-linux-gnu/4.7/../../../x86_64-linux-gnu/crt1.o
                0x0000000000405708                PROVIDE (__rela_iplt_start, .)
 *(.rela.iplt)
 .rela.iplt     0x0000000000000000        0x0 /usr/lib/gcc/x86_64-linux-gnu/4.7/../../../x86_64-linux-gnu/crt1.o
                0x0000000000405708                PROVIDE (__rela_iplt_end, .)

.init           0x0000000000405708       0x1a
 *(SORT(.init))
 .init          0x0000000000405708       0x15 /usr/lib/gcc/x86_64-linux-gnu/4.7/../../../x86_64-linux-gnu/crti.o
                0x0000000000405708                _init
 .init          0x000000000040571d        0x5 /usr/lib/gcc/x86_64-linux-gnu/4.7/../../../x86_64-linux-gnu/crtn.o

.plt            0x0000000000405730      0x190
 *(.plt)
 .plt           0x0000000000405730      0x190 /usr/lib/gcc/x86_64-linux-gnu/4.7/../../../x86_64-linux-gnu/crt1.o
                0x0000000000405740                putchar@@GLIBC_2.2.5
                0x0000000000405750                __errno_location@@GLIBC_2.2.5
                0x0000000000405760                strncmp@@GLIBC_2.2.5
                0x0000000000405770                puts@@GLIBC_2.2.5
                0x0000000000405780                strlen@@GLIBC_2.2.5
                0x0000000000405790                __stack_chk_fail@@GLIBC_2.4
                0x00000000004057a0                printf@@GLIBC_2.2.5
                0x00000000004057b0                gettimeofday@@GLIBC_2.2.5
                0x00000000004057c0                memset@@GLIBC_2.2.5
                0x00000000004057d0                read@@GLIBC_2.2.5
                0x00000000004057e0                __libc_start_main@@GLIBC_2.2.5
                0x00000000004057f0                srand@@GLIBC_2.2.5
                0x0000000000405800                memcmp@@GLIBC_2.2.5
                0x0000000000405810                signal@@GLIBC_2.2.5
                0x0000000000405820                fprintf@@GLIBC_2.2.5
                0x0000000000405840                memcpy@@GLIBC_2.14
                0x0000000000405850                select@@GLIBC_2.2.5
                0x0000000000405860                setitimer@@GLIBC_2.2.5
                0x0000000000405870                setvbuf@@GLIBC_2.2.5
                0x0000000000405880                memmove@@GLIBC_2.2.5
                0x0000000000405890                perror@@GLIBC_2.2.5
                0x00000000004058a0                exit@@GLIBC_2.2.5
                0x00000000004058b0                rand@@GLIBC_2.2.5
 *(.iplt)
 .iplt          0x0000000000000000        0x0 /usr/lib/gcc/x86_64-linux-gnu/4.7/../../../x86_64-linux-gnu/crt1.o

.text           0x00000000004058c0    0x138b4
 *(.text.unlikely .text.*_unlikely)
 *(.text.exit .text.exit.*)
 *(.text.startup .text.startup.*)
 *(.text.hot .text.hot.*)
 *(.text .stub .text.* .gnu.linkonce.t.*)
 .text          0x00000000004058c0       0x2c /usr/lib/gcc/x86_64-linux-gnu/4.7/../../../x86_64-linux-gnu/crt1.o
                0x00000000004058c0                _start
 .text          0x00000000004058ec        0x0 /usr/lib/gcc/x86_64-linux-gnu/4.7/../../../x86_64-linux-gnu/crti.o
 *fill*         0x00000000004058ec        0x4 
 .text          0x00000000004058f0       0xba /usr/lib/gcc/x86_64-linux-gnu/4.7/crtbegin.o
 *fill*         0x00000000004059aa        0x2 
 .text          0x00000000004059ac       0x45 hello-world.co
 *fill*         0x00000000004059f1        0x3 
 .text          0x00000000004059f4      0x5ba contiki-native.a(contiki-main.o)
                0x00000000004059f4                select_set_callback
                0x0000000000405bdd                main
                0x0000000000405f50                log_message
                0x0000000000405f83                uip_log
 *fill*         0x0000000000405fae        0x2 
 .text          0x0000000000405fb0       0x3d contiki-native.a(button-sensor.o)
                0x0000000000405fb0                button_press
 *fill*         0x0000000000405fed        0x3 
 .text          0x0000000000405ff0       0x56 contiki-native.a(pir-sensor.o)
                0x0000000000405ff0                pir_sensor_changed
 *fill*         0x0000000000406046        0x2 
 .text          0x0000000000406048       0x4d contiki-native.a(vib-sensor.o)
                0x0000000000406048                vib_sensor_changed
 *fill*         0x0000000000406095        0x3 
 .text          0x0000000000406098      0x2f3 contiki-native.a(sensors.o)
                0x00000000004060d9                sensors_first
                0x00000000004060e6                sensors_next
                0x000000000040610d                sensors_changed
                0x0000000000406146                sensors_find
 *fill*         0x000000000040638b        0x1 
 .text          0x000000000040638c       0xb1 contiki-native.a(autostart.o)
                0x000000000040638c                autostart_start
                0x00000000004063e7                autostart_exit
 *fill*         0x000000000040643d        0x3 
 .text          0x0000000000406440      0x3e3 contiki-native.a(ctimer.o)
                0x0000000000406592                ctimer_init
                0x00000000004065bd                ctimer_set
                0x00000000004065f9                ctimer_set_with_process
                0x00000000004066a2                ctimer_reset
                0x0000000000406702                ctimer_restart
                0x0000000000406762                ctimer_stop
                0x00000000004067bb                ctimer_expired
 *fill*         0x0000000000406823        0x1 
 .text          0x0000000000406824      0x529 contiki-native.a(etimer.o)
                0x0000000000406abf                etimer_request_poll
                0x0000000000406b5d                etimer_set
                0x0000000000406b8e                etimer_reset_with_new_interval
                0x0000000000406bc4                etimer_reset
                0x0000000000406bea                etimer_restart
                0x0000000000406c10                etimer_adjust
                0x0000000000406c3c                etimer_expired
                0x0000000000406c57                etimer_expiration_time
                0x0000000000406c73                etimer_start_time
                0x0000000000406c84                etimer_pending
                0x0000000000406c9a                etimer_next_expiration_time
                0x0000000000406cb7                etimer_stop
 *fill*         0x0000000000406d4d        0x3 
 .text          0x0000000000406d50      0x635 contiki-native.a(process.o)
                0x0000000000406d50                process_alloc_event
                0x0000000000406d6a                process_start
                0x0000000000406fa7                process_exit
                0x0000000000406fcb                process_init
                0x00000000004071d5                process_run
                0x0000000000407206                process_nevents
                0x0000000000407222                process_post
                0x00000000004072f0                process_post_synch
                0x0000000000407333                process_poll
                0x000000000040736b                process_is_running
 *fill*         0x0000000000407385        0x3 
 .text          0x0000000000407388       0xf7 contiki-native.a(rtimer.o)
                0x0000000000407388                rtimer_init
                0x0000000000407393                rtimer_set
                0x0000000000407411                rtimer_run_next
 *fill*         0x000000000040747f        0x1 
 .text          0x0000000000407480       0xd3 contiki-native.a(timer.o)
                0x0000000000407480                timer_set
                0x00000000004074aa                timer_reset
                0x00000000004074cd                timer_restart
                0x00000000004074e7                timer_expired
                0x000000000040751e                timer_remaining
 *fill*         0x0000000000407553        0x1 
 .text          0x0000000000407554      0x1e2 contiki-native.a(serial-line.o)
                0x0000000000407554                serial_line_input_byte
                0x000000000040770d                serial_line_init
 *fill*         0x0000000000407736        0x2 
 .text          0x0000000000407738      0x30c contiki-native.a(list.o)
                0x0000000000407738                list_init
                0x000000000040774d                list_head
                0x000000000040775e                list_copy
                0x000000000040777a                list_tail
                0x00000000004077bf                list_add
                0x000000000040781e                list_push
                0x000000000040785c                list_chop
                0x00000000004078e5                list_pop
                0x000000000040791b                list_remove
                0x00000000004079a3                list_length
                0x00000000004079da                list_insert
                0x0000000000407a25                list_item_next
 .text          0x0000000000407a44      0x188 contiki-native.a(ringbuf.o)
                0x0000000000407a44                ringbuf_init
                0x0000000000407a80                ringbuf_put
                0x0000000000407b0b                ringbuf_get
                0x0000000000407b85                ringbuf_size
                0x0000000000407b9d                ringbuf_elements
 .text          0x0000000000407bcc     0x2a0f contiki-native.a(sicslowpan.o)
                0x0000000000408328                rime_sniffer_add
                0x000000000040833d                rime_sniffer_remove
                0x000000000040a570                sicslowpan_init
                0x000000000040a5cf                sicslowpan_get_last_rssi
 *fill*         0x000000000040a5db        0x1 
 .text          0x000000000040a5dc     0x2ae8 contiki-native.a(uip6.o)
                0x000000000040a5dc                uip_add32
                0x000000000040a78b                uip_chksum
                0x000000000040a86f                uip_icmp6chksum
                0x000000000040a87f                uip_tcpchksum
                0x000000000040a88f                uip_udpchksum
                0x000000000040a89f                uip_init
                0x000000000040a98b                uip_connect
                0x000000000040ab5a                remove_ext_hdr
                0x000000000040ac32                uip_udp_new
                0x000000000040adbb                uip_unlisten
                0x000000000040ae1d                uip_listen
                0x000000000040b0f7                uip_process
                0x000000000040cf9f                uip_htons
                0x000000000040cfbe                uip_htonl
                0x000000000040d002                uip_send
 .text          0x000000000040d0c4      0xc1a contiki-native.a(uip-ds6.o)
                0x000000000040d0c4                uip_ds6_init
                0x000000000040d261                uip_ds6_periodic
                0x000000000040d2ed                uip_ds6_list_loop
                0x000000000040d3b0                uip_ds6_prefix_add
                0x000000000040d476                uip_ds6_prefix_rm
                0x000000000040d48f                uip_ds6_prefix_lookup
                0x000000000040d4dc                uip_ds6_is_addr_onlink
                0x000000000040d561                uip_ds6_addr_add
                0x000000000040d699                uip_ds6_addr_rm
                0x000000000040d74a                uip_ds6_addr_lookup
                0x000000000040d791                uip_ds6_get_link_local
                0x000000000040d820                uip_ds6_get_global
                0x000000000040d8af                uip_ds6_maddr_add
                0x000000000040d91a                uip_ds6_maddr_rm
                0x000000000040d933                uip_ds6_maddr_lookup
                0x000000000040d97a                uip_ds6_aaddr_add
                0x000000000040d9e5                uip_ds6_aaddr_rm
                0x000000000040d9fe                uip_ds6_aaddr_lookup
                0x000000000040da45                uip_ds6_select_src
                0x000000000040dbb8                uip_ds6_set_addr_iid
                0x000000000040dbfa                get_match_length
                0x000000000040dc8b                uip_ds6_compute_reachable_time
 *fill*         0x000000000040dcde        0x2 
 .text          0x000000000040dce0      0x43b contiki-native.a(uip-ds6-nbr.o)
                0x000000000040dce0                uip_ds6_neighbors_init
                0x000000000040dcfa                uip_ds6_nbr_add
                0x000000000040ddbe                uip_ds6_nbr_rm
                0x000000000040de06                uip_ds6_nbr_get_ipaddr
                0x000000000040de22                uip_ds6_nbr_get_ll
                0x000000000040de46                uip_ds6_nbr_num
                0x000000000040de94                uip_ds6_nbr_lookup
                0x000000000040df06                uip_ds6_nbr_ll_lookup
                0x000000000040df2a                uip_ds6_nbr_ipaddr_from_lladdr
                0x000000000040df5a                uip_ds6_nbr_lladdr_from_ipaddr
                0x000000000040df92                uip_ds6_link_neighbor_callback
                0x000000000040dfdc                uip_ds6_neighbor_periodic
                0x000000000040e08c                uip_ds6_get_least_lifetime_neighbor
 *fill*         0x000000000040e11b        0x1 
 .text          0x000000000040e11c      0x9ca contiki-native.a(uip-ds6-route.o)
                0x000000000040e19e                uip_ds6_notification_add
                0x000000000040e1e0                uip_ds6_notification_rm
                0x000000000040e204                uip_ds6_route_init
                0x000000000040e295                uip_ds6_route_nexthop
                0x000000000040e2c5                uip_ds6_route_head
                0x000000000040e2da                uip_ds6_route_next
                0x000000000040e30a                uip_ds6_route_num_routes
                0x000000000040e316                uip_ds6_route_lookup
                0x000000000040e3f0                uip_ds6_route_add
                0x000000000040e631                uip_ds6_route_rm
                0x000000000040e802                uip_ds6_route_rm_by_nexthop
                0x000000000040e846                uip_ds6_defrt_add
                0x000000000040e901                uip_ds6_defrt_rm
                0x000000000040e98b                uip_ds6_defrt_lookup
                0x000000000040e9f0                uip_ds6_defrt_choose
                0x000000000040ea6f                uip_ds6_defrt_periodic
 *fill*         0x000000000040eae6        0x2 
 .text          0x000000000040eae8      0xb7d contiki-native.a(uip-icmp6.o)
                0x000000000040eb61                uip_icmp6_input
                0x000000000040ebbb                uip_icmp6_register_input_handler
                0x000000000040eeb7                uip_icmp6_error_output
                0x000000000040f203                uip_icmp6_send
                0x000000000040f5e5                uip_icmp6_echo_reply_callback_add
                0x000000000040f627                uip_icmp6_echo_reply_callback_rm
                0x000000000040f64b                uip_icmp6_init
 *fill*         0x000000000040f665        0x3 
 .text          0x000000000040f668      0x366 contiki-native.a(uip-nd6.o)
                0x000000000040f6bc                uip_nd6_ns_output
                0x000000000040f9c8                uip_nd6_init
 *fill*         0x000000000040f9ce        0x2 
 .text          0x000000000040f9d0      0xb3f contiki-native.a(tcpip.o)
                0x000000000040f9d0                tcpip_output
                0x000000000040fa0a                tcpip_set_outputfunc
                0x000000000040fa9a                tcp_connect
                0x000000000040fb01                tcp_unlisten
                0x000000000040fb79                tcp_listen
                0x000000000040fbed                tcp_attach
                0x000000000040fc21                udp_attach
                0x000000000040fc55                udp_new
                0x000000000040fcbb                udp_broadcast_new
                0x000000000040fd53                icmp6_new
                0x000000000040fd8e                tcpip_icmp6_call
                0x000000000041001d                tcpip_input
                0x0000000000410047                tcpip_ipv6_output
                0x00000000004102e5                tcpip_poll_udp
                0x0000000000410309                tcpip_poll_tcp
                0x000000000041032d                tcpip_uipcall
 *fill*         0x000000000041050f        0x1 
 .text          0x0000000000410510      0x1d6 contiki-native.a(uip-debug.o)
                0x0000000000410510                uip_debug_ipaddr_print
                0x000000000041067e                uip_debug_lladdr_print
 *fill*         0x00000000004106e6        0x2 
 .text          0x00000000004106e8      0x188 contiki-native.a(uip-packetqueue)
                0x000000000041071d                uip_packetqueue_new
                0x0000000000410732                uip_packetqueue_alloc
                0x00000000004107a1                uip_packetqueue_free
                0x00000000004107ef                uip_packetqueue_buf
                0x0000000000410817                uip_packetqueue_buflen
                0x0000000000410842                uip_packetqueue_set_buflen
 .text          0x0000000000410870      0x6a7 contiki-native.a(rpl.o)
                0x0000000000410870                rpl_get_mode
                0x000000000041087c                rpl_set_mode
                0x0000000000410922                rpl_purge_routes
                0x0000000000410a32                rpl_remove_routes
                0x0000000000410a87                rpl_remove_routes_by_nexthop
                0x0000000000410b04                rpl_add_route
                0x0000000000410b8d                rpl_link_neighbor_callback
                0x0000000000410cb2                rpl_ipv6_neighbor_callback
                0x0000000000410d35                rpl_purge_dags
                0x0000000000410e86                rpl_init
 *fill*         0x0000000000410f17        0x1 
 .text          0x0000000000410f18     0x27a0 contiki-native.a(rpl-dag.o)
                0x0000000000410f18                rpl_print_neighbor_list
                0x000000000041113d                rpl_get_nbr
                0x00000000004111ab                rpl_dag_init
                0x00000000004111c5                rpl_get_parent
                0x00000000004111f1                rpl_get_parent_rank
                0x000000000041122f                rpl_get_parent_link_metric
                0x000000000041126d                rpl_get_parent_ipaddr
                0x00000000004115fd                rpl_set_root
                0x0000000000411870                rpl_repair_root
                0x0000000000411ad1                rpl_set_prefix
                0x0000000000411bd8                rpl_set_default_route
                0x0000000000411c9c                rpl_alloc_instance
                0x0000000000411d39                rpl_alloc_dag
                0x0000000000411e02                rpl_set_default_instance
                0x0000000000411e17                rpl_get_default_instance
                0x0000000000411e24                rpl_free_instance
                0x0000000000411ef1                rpl_free_dag
                0x0000000000411f5f                rpl_add_parent
                0x0000000000412055                rpl_find_parent
                0x00000000004120cd                rpl_find_parent_any_dag
                0x000000000041211e                rpl_select_dag
                0x0000000000412543                rpl_select_parent
                0x00000000004125b5                rpl_remove_parent
                0x00000000004125e5                rpl_nullify_parent
                0x00000000004126a1                rpl_move_parent
                0x000000000041275e                rpl_get_any_dag
                0x00000000004127ca                rpl_get_instance
                0x0000000000412835                rpl_find_of
                0x000000000041287b                rpl_join_instance
                0x0000000000412b40                rpl_add_dag
                0x0000000000412f9e                rpl_local_repair
                0x000000000041305c                rpl_recalculate_ranks
                0x00000000004130f8                rpl_process_parent_event
                0x000000000041318b                rpl_process_dio
 .text          0x00000000004136b8      0xcd6 contiki-native.a(rpl-ext-header.)
                0x00000000004136b8                rpl_verify_header
                0x0000000000413b8f                rpl_update_header_empty
                0x0000000000413ed6                rpl_update_header_final
                0x0000000000414097                rpl_remove_header
                0x00000000004141be                rpl_invert_header
                0x000000000041436b                rpl_insert_header
 *fill*         0x000000000041438e        0x2 
 .text          0x0000000000414390     0x1aa0 contiki-native.a(rpl-icmp6.o)
                0x000000000041467c                dis_output
                0x0000000000414e34                dio_output
                0x0000000000415a3c                dao_output
                0x0000000000415a99                dao_output_target
                0x0000000000415d82                dao_ack_output
                0x0000000000415e02                rpl_icmp6_register_handlers
 .text          0x0000000000415e30      0x309 contiki-native.a(rpl-mrhof.o)
 *fill*         0x0000000000416139        0x3 
 .text          0x000000000041613c      0x8a6 contiki-native.a(rpl-timers.o)
                0x00000000004163d6                rpl_reset_periodic_timer
                0x0000000000416432                rpl_reset_dio_timer
                0x0000000000416688                rpl_schedule_dao
                0x00000000004166a7                rpl_schedule_dao_immediately
                0x00000000004166c6                rpl_cancel_dao
                0x000000000041673f                rpl_schedule_unicast_dio_immediately
                0x000000000041697d                rpl_schedule_probing
 *fill*         0x00000000004169e2        0x2 
 .text          0x00000000004169e4       0x7b contiki-native.a(linkaddr.o)
                0x00000000004169e4                linkaddr_copy
                0x0000000000416a0e                linkaddr_cmp
                0x0000000000416a40                linkaddr_set_node_addr
 *fill*         0x0000000000416a5f        0x1 
 .text          0x0000000000416a60      0x7ff contiki-native.a(nbr-table.o)
                0x0000000000416f17                nbr_table_register
                0x0000000000416f73                nbr_table_head
                0x0000000000416fd8                nbr_table_next
                0x000000000041704c                nbr_table_add_lladdr
                0x0000000000417126                nbr_table_get_from_lladdr
                0x000000000041717c                nbr_table_remove
                0x00000000004171c8                nbr_table_lock
                0x00000000004171f4                nbr_table_unlock
                0x0000000000417220                nbr_table_get_lladdr
 *fill*         0x000000000041725f        0x1 
 .text          0x0000000000417260       0x33 contiki-native.a(netstack.o)
                0x0000000000417260                netstack_init
 *fill*         0x0000000000417293        0x1 
 .text          0x0000000000417294      0x530 contiki-native.a(packetbuf.o)
                0x0000000000417294                packetbuf_clear
                0x00000000004172cf                packetbuf_clear_hdr
                0x00000000004172dc                packetbuf_copyfrom
                0x0000000000417332                packetbuf_compact
                0x00000000004173a3                packetbuf_copyto_hdr
                0x0000000000417401                packetbuf_copyto
                0x00000000004174d8                packetbuf_hdralloc
                0x000000000041752a                packetbuf_hdr_remove
                0x0000000000417547                packetbuf_hdrreduce
                0x0000000000417597                packetbuf_set_datalen
                0x00000000004175ae                packetbuf_dataptr
                0x00000000004175cc                packetbuf_hdrptr
                0x00000000004175e6                packetbuf_datalen
                0x00000000004175f3                packetbuf_hdrlen
                0x0000000000417621                packetbuf_totlen
                0x0000000000417638                packetbuf_attr_clear
                0x0000000000417693                packetbuf_attr_copyto
                0x00000000004176d4                packetbuf_attr_copyfrom
                0x0000000000417715                packetbuf_set_attr
                0x000000000041773d                packetbuf_attr
                0x0000000000417756                packetbuf_set_addr
                0x0000000000417791                packetbuf_addr
                0x00000000004177af                packetbuf_holds_broadcast
 .text          0x00000000004177c4      0x309 contiki-native.a(queuebuf.o)
                0x00000000004177d5                queuebuf_init
                0x00000000004177ef                queuebuf_numfree
                0x00000000004177ff                queuebuf_new_from_packetbuf
                0x000000000041789b                queuebuf_update_attr_from_packetbuf
                0x00000000004178d9                queuebuf_update_from_packetbuf
                0x0000000000417930                queuebuf_free
                0x0000000000417978                queuebuf_to_packetbuf
                0x00000000004179e7                queuebuf_dataptr
                0x0000000000417a25                queuebuf_datalen
                0x0000000000417a51                queuebuf_addr
                0x0000000000417a90                queuebuf_attr
                0x0000000000417ac7                queuebuf_debug_print
 *fill*         0x0000000000417acd        0x3 
 .text          0x0000000000417ad0      0x33d contiki-native.a(framer-802154.o)
 *fill*         0x0000000000417e0d        0x3 
 .text          0x0000000000417e10       0x73 contiki-native.a(nullmac.o)
 *fill*         0x0000000000417e83        0x1 
 .text          0x0000000000417e84      0x1e1 contiki-native.a(nullrdc.o)
 *fill*         0x0000000000418065        0x3 
 .text          0x0000000000418068       0x4d contiki-native.a(nullsec.o)
 *fill*         0x00000000004180b5        0x3 
 .text          0x00000000004180b8       0x79 contiki-native.a(clock.o)
                0x00000000004180b8                clock_time
                0x0000000000418109                clock_seconds
                0x0000000000418128                clock_delay
 *fill*         0x0000000000418131        0x3 
 .text          0x0000000000418134       0xd2 contiki-native.a(rtimer-arch.o)
                0x0000000000418155                rtimer_arch_init
                0x000000000041816a                rtimer_arch_schedule
 *fill*         0x0000000000418206        0x2 
 .text          0x0000000000418208       0x26 contiki-native.a(watchdog.o)
                0x0000000000418208                watchdog_init
                0x000000000041820e                watchdog_start
                0x0000000000418214                watchdog_periodic
                0x000000000041821a                watchdog_stop
                0x0000000000418220                watchdog_reboot
 *fill*         0x000000000041822e        0x2 
 .text          0x0000000000418230       0xfa contiki-native.a(stimer.o)
                0x0000000000418230                stimer_set
                0x000000000041825a                stimer_reset
                0x000000000041827d                stimer_restart
                0x0000000000418297                stimer_expired
                0x00000000004182d8                stimer_remaining
                0x000000000041830d                stimer_elapsed
 *fill*         0x000000000041832a        0x2 
 .text          0x000000000041832c       0xfd contiki-native.a(nullradio.o)
 *fill*         0x0000000000418429        0x3 
 .text          0x000000000041842c      0x20d contiki-native.a(memb.o)
                0x000000000041842c                memb_init
                0x000000000041848a                memb_alloc
                0x0000000000418502                memb_free
                0x000000000041859a                memb_inmemb
                0x00000000004185ed                memb_numfree
 *fill*         0x0000000000418639        0x3 
 .text          0x000000000041863c       0x26 contiki-native.a(random.o)
                0x000000000041863c                random_init
                0x0000000000418657                random_rand
 *fill*         0x0000000000418662        0x2 
 .text          0x0000000000418664      0xa2b contiki-native.a(frame802154.o)
                0x0000000000418692                frame802154_get_pan_id
                0x000000000041869f                frame802154_set_pan_id
                0x00000000004186b6                frame802154_has_panid
                0x00000000004187bf                frame802154_check_dest_panid
                0x0000000000418830                frame802154_is_broadcast_addr
                0x0000000000418885                frame802154_extract_linkaddr
                0x0000000000418ae9                frame802154_hdrlen
                0x0000000000418b41                frame802154_create
                0x0000000000418d3c                frame802154_parse
 *fill*         0x000000000041908f        0x1 
 .text          0x0000000000419090       0x47 contiki-native.a(mac.o)
                0x0000000000419090                mac_call_sent_callback
 *fill*         0x00000000004190d7        0x9 
 .text          0x00000000004190e0       0x92 /usr/lib/x86_64-linux-gnu/libc_nonshared.a(elf-init.oS)
                0x00000000004190e0                __libc_csu_init
                0x0000000000419170                __libc_csu_fini
 *fill*         0x0000000000419172        0x2 
 .text          0x0000000000419174        0x0 /usr/lib/gcc/x86_64-linux-gnu/4.7/crtend.o
 .text          0x0000000000419174        0x0 /usr/lib/gcc/x86_64-linux-gnu/4.7/../../../x86_64-linux-gnu/crtn.o
 *(.gnu.warning)

.fini           0x0000000000419174        0x9
 *(SORT(.fini))
 .fini          0x0000000000419174        0x4 /usr/lib/gcc/x86_64-linux-gnu/4.7/../../../x86_64-linux-gnu/crti.o
                0x0000000000419174                _fini
 .fini          0x0000000000419178        0x5 /usr/lib/gcc/x86_64-linux-gnu/4.7/../../../x86_64-linux-gnu/crtn.o
                0x000000000041917d                PROVIDE (__etext, .)
                0x000000000041917d                PROVIDE (_etext, .)
                0x000000000041917d                PROVIDE (etext, .)

.rodata         0x0000000000419180      0x750
 *(.rodata .rodata.* .gnu.linkonce.r.*)
 .rodata.cst4   0x0000000000419180        0x4 /usr/lib/gcc/x86_64-linux-gnu/4.7/../../../x86_64-linux-gnu/crt1.o
                0x0000000000419180                _IO_stdin_used
 *fill*         0x0000000000419184        0xc 
 .rodata        0x0000000000419190       0x3d hello-world.co
                0x00000000004191b0                autostart_processes
 *fill*         0x00000000004191cd        0x3 
 .rodata        0x00000000004191d0       0xd0 contiki-native.a(contiki-main.o)
 .rodata        0x00000000004192a0       0x40 contiki-native.a(button-sensor.o)
                0x00000000004192c0                button_sensor
 .rodata        0x00000000004192e0       0x40 contiki-native.a(pir-sensor.o)
                0x0000000000419300                pir_sensor
 .rodata        0x0000000000419320       0x40 contiki-native.a(vib-sensor.o)
                0x0000000000419340                vib_sensor
 .rodata        0x0000000000419360        0x8 contiki-native.a(sensors.o)
 .rodata        0x0000000000419368        0xf contiki-native.a(ctimer.o)
 .rodata        0x0000000000419377        0xc contiki-native.a(etimer.o)
 .rodata        0x0000000000419383        0xe contiki-native.a(serial-line.o)
 *fill*         0x0000000000419391        0xf 
 .rodata        0x00000000004193a0       0x38 contiki-native.a(sicslowpan.o)
                0x00000000004193a0                unc_llconf
                0x00000000004193a4                unc_ctxconf
                0x00000000004193a8                unc_mxconf
                0x00000000004193ac                llprefix
                0x00000000004193c0                sicslowpan_driver
 .rodata        0x00000000004193d8      0x278 contiki-native.a(uip6.o)
 .rodata        0x0000000000419650        0xd contiki-native.a(tcpip.o)
 .rodata        0x000000000041965d       0x3c contiki-native.a(uip-debug.o)
 *fill*         0x0000000000419699        0x7 
 .rodata        0x00000000004196a0       0x79 contiki-native.a(rpl-dag.o)
 .rodata        0x0000000000419719        0x8 contiki-native.a(linkaddr.o)
                0x0000000000419719                linkaddr_null
 *fill*         0x0000000000419721        0xf 
 .rodata        0x0000000000419730       0x18 contiki-native.a(framer-802154.o)
                0x0000000000419730                framer_802154
 *fill*         0x0000000000419748       0x18 
 .rodata        0x0000000000419760       0x58 contiki-native.a(nullmac.o)
                0x0000000000419780                nullmac_driver
 *fill*         0x00000000004197b8        0x8 
 .rodata        0x00000000004197c0       0x60 contiki-native.a(nullrdc.o)
                0x00000000004197e0                nullrdc_driver
 .rodata        0x0000000000419820       0x40 contiki-native.a(nullsec.o)
                0x0000000000419840                nullsec_driver
 .rodata        0x0000000000419860       0x70 contiki-native.a(nullradio.o)
                0x0000000000419860                nullradio_driver

.rodata1
 *(.rodata1)

.eh_frame_hdr   0x00000000004198d0      0xeac
 *(.eh_frame_hdr)
 .eh_frame_hdr  0x00000000004198d0      0xeac /usr/lib/gcc/x86_64-linux-gnu/4.7/../../../x86_64-linux-gnu/crt1.o

.eh_frame       0x000000000041a780     0x3ba4
 *(.eh_frame)
 .eh_frame      0x000000000041a780       0x30 /usr/lib/gcc/x86_64-linux-gnu/4.7/../../../x86_64-linux-gnu/crt1.o
 .eh_frame      0x000000000041a7b0       0x40 /usr/lib/gcc/x86_64-linux-gnu/4.7/../../../x86_64-linux-gnu/crt1.o
 .eh_frame      0x000000000041a7f0       0x20 hello-world.co
                                         0x38 (size before relaxing)
 .eh_frame      0x000000000041a810       0xe0 contiki-native.a(contiki-main.o)
                                         0xf8 (size before relaxing)
 .eh_frame      0x000000000041a8f0       0x80 contiki-native.a(button-sensor.o)
                                         0x98 (size before relaxing)
 .eh_frame      0x000000000041a970       0x80 contiki-native.a(pir-sensor.o)
                                         0x98 (size before relaxing)
 .eh_frame      0x000000000041a9f0       0x80 contiki-native.a(vib-sensor.o)
                                         0x98 (size before relaxing)
 .eh_frame      0x000000000041aa70       0xc0 contiki-native.a(sensors.o)
                                         0xd8 (size before relaxing)
 .eh_frame      0x000000000041ab30       0x40 contiki-native.a(autostart.o)
                                         0x58 (size before relaxing)
 .eh_frame      0x000000000041ab70      0x100 contiki-native.a(ctimer.o)
                                        0x118 (size before relaxing)
 .eh_frame      0x000000000041ac70      0x1e0 contiki-native.a(etimer.o)
                                        0x1f8 (size before relaxing)
 .eh_frame      0x000000000041ae50      0x1c8 contiki-native.a(process.o)
                                        0x1e0 (size before relaxing)
 .eh_frame      0x000000000041b018       0x60 contiki-native.a(rtimer.o)
                                         0x78 (size before relaxing)
 .eh_frame      0x000000000041b078       0xa0 contiki-native.a(timer.o)
                                         0xb8 (size before relaxing)
 .eh_frame      0x000000000041b118       0x60 contiki-native.a(serial-line.o)
                                         0x78 (size before relaxing)
 .eh_frame      0x000000000041b178      0x180 contiki-native.a(list.o)
                                        0x198 (size before relaxing)
 .eh_frame      0x000000000041b2f8       0xa0 contiki-native.a(ringbuf.o)
                                         0xb8 (size before relaxing)
 .eh_frame      0x000000000041b398      0x2b8 contiki-native.a(sicslowpan.o)
                                        0x2c8 (size before relaxing)
 .eh_frame      0x000000000041b650      0x278 contiki-native.a(uip6.o)
                                        0x288 (size before relaxing)
 .eh_frame      0x000000000041b8c8      0x2c8 contiki-native.a(uip-ds6.o)
                                        0x2e0 (size before relaxing)
 .eh_frame      0x000000000041bb90      0x1a0 contiki-native.a(uip-ds6-nbr.o)
                                        0x1b8 (size before relaxing)
 .eh_frame      0x000000000041bd30      0x280 contiki-native.a(uip-ds6-route.o)
                                        0x298 (size before relaxing)
 .eh_frame      0x000000000041bfb0      0x160 contiki-native.a(uip-icmp6.o)
                                        0x168 (size before relaxing)
 .eh_frame      0x000000000041c110       0x68 contiki-native.a(uip-nd6.o)
                                         0x80 (size before relaxing)
 .eh_frame      0x000000000041c178      0x2b0 contiki-native.a(tcpip.o)
                                        0x2c0 (size before relaxing)
 .eh_frame      0x000000000041c428       0x40 contiki-native.a(uip-debug.o)
                                         0x58 (size before relaxing)
 .eh_frame      0x000000000041c468       0xe0 contiki-native.a(uip-packetqueue)
                                         0xf8 (size before relaxing)
 .eh_frame      0x000000000041c548      0x140 contiki-native.a(rpl.o)
                                        0x158 (size before relaxing)
 .eh_frame      0x000000000041c688      0x618 contiki-native.a(rpl-dag.o)
                                        0x628 (size before relaxing)
 .eh_frame      0x000000000041cca0       0xf0 contiki-native.a(rpl-ext-header.)
                                        0x100 (size before relaxing)
 .eh_frame      0x000000000041cd90      0x1e8 contiki-native.a(rpl-icmp6.o)
                                        0x200 (size before relaxing)
 .eh_frame      0x000000000041cf78       0xe8 contiki-native.a(rpl-mrhof.o)
                                        0x100 (size before relaxing)
 .eh_frame      0x000000000041d060      0x218 contiki-native.a(rpl-timers.o)
                                        0x228 (size before relaxing)
 .eh_frame      0x000000000041d278       0x60 contiki-native.a(linkaddr.o)
                                         0x78 (size before relaxing)
 .eh_frame      0x000000000041d2d8      0x270 contiki-native.a(nbr-table.o)
                                        0x280 (size before relaxing)
 .eh_frame      0x000000000041d548       0x20 contiki-native.a(netstack.o)
                                         0x38 (size before relaxing)
 .eh_frame      0x000000000041d568      0x2e0 contiki-native.a(packetbuf.o)
                                        0x2f8 (size before relaxing)
 .eh_frame      0x000000000041d848      0x1a0 contiki-native.a(queuebuf.o)
                                        0x1b8 (size before relaxing)
 .eh_frame      0x000000000041d9e8       0x88 contiki-native.a(framer-802154.o)
                                         0xa0 (size before relaxing)
 .eh_frame      0x000000000041da70       0xc0 contiki-native.a(nullmac.o)
                                         0xd8 (size before relaxing)
 .eh_frame      0x000000000041db30      0x108 contiki-native.a(nullrdc.o)
                                        0x120 (size before relaxing)
 .eh_frame      0x000000000041dc38       0x60 contiki-native.a(nullsec.o)
                                         0x78 (size before relaxing)
 .eh_frame      0x000000000041dc98       0x60 contiki-native.a(clock.o)
                                         0x78 (size before relaxing)
 .eh_frame      0x000000000041dcf8       0x60 contiki-native.a(rtimer-arch.o)
                                         0x78 (size before relaxing)
 .eh_frame      0x000000000041dd58       0xa0 contiki-native.a(watchdog.o)
                                         0xb8 (size before relaxing)
 .eh_frame      0x000000000041ddf8       0xc0 contiki-native.a(stimer.o)
                                         0xd8 (size before relaxing)
 .eh_frame      0x000000000041deb8      0x1c0 contiki-native.a(nullradio.o)
                                        0x1d8 (size before relaxing)
 .eh_frame      0x000000000041e078       0xa0 contiki-native.a(memb.o)
                                         0xb8 (size before relaxing)
 .eh_frame      0x000000000041e118       0x40 contiki-native.a(random.o)
                                         0x58 (size before relaxing)
 .eh_frame      0x000000000041e158      0x168 contiki-native.a(frame802154.o)
                                        0x180 (size before relaxing)
 .eh_frame      0x000000000041e2c0       0x20 contiki-native.a(mac.o)
                                         0x38 (size before relaxing)
 .eh_frame      0x000000000041e2e0       0x40 /usr/lib/x86_64-linux-gnu/libc_nonshared.a(elf-init.oS)
                                         0x58 (size before relaxing)
 .eh_frame      0x000000000041e320        0x4 /usr/lib/gcc/x86_64-linux-gnu/4.7/crtend.o

.gcc_except_table
 *(.gcc_except_table .gcc_except_table.*)

.exception_ranges
 *(.exception_ranges .exception_ranges*)
                0x000000000041e324                . = (ALIGN (0x200000) - ((0x200000 - .) & 0x1fffff))
                0x000000000061ee0c                . = DATA_SEGMENT_ALIGN (0x200000, 0x1000)

.eh_frame
 *(.eh_frame)

.gcc_except_table
 *(.gcc_except_table .gcc_except_table.*)

.exception_ranges
 *(.exception_ranges .exception_ranges*)

.tdata
 *(.tdata .tdata.* .gnu.linkonce.td.*)

.tbss
 *(.tbss .tbss.* .gnu.linkonce.tb.*)
 *(.tcommon)

.preinit_array  0x000000000061ee0c        0x0
                0x000000000061ee0c                PROVIDE (__preinit_array_start, .)
 *(.preinit_array)
                0x000000000061ee0c                PROVIDE (__preinit_array_end, .)

.init_array     0x000000000061ee10        0x8
                0x000000000061ee10                PROVIDE (__init_array_start, .)
 *(SORT(.init_array.*) SORT(.ctors.*))
 *(.init_array)
 .init_array    0x000000000061ee10        0x8 /usr/lib/gcc/x86_64-linux-gnu/4.7/crtbegin.o
 *(EXCLUDE_FILE(*crtend?.o *crtend.o *crtbegin?.o *crtbegin.o) .ctors)
                0x000000000061ee18                PROVIDE (__init_array_end, .)

.fini_array     0x000000000061ee18        0x8
                0x000000000061ee18                PROVIDE (__fini_array_start, .)
 *(SORT(.fini_array.*) SORT(.dtors.*))
 *(.fini_array)
 .fini_array    0x000000000061ee18        0x8 /usr/lib/gcc/x86_64-linux-gnu/4.7/crtbegin.o
 *(EXCLUDE_FILE(*crtend?.o *crtend.o *crtbegin?.o *crtbegin.o) .dtors)
                0x000000000061ee20                PROVIDE (__fini_array_end, .)

.ctors
 *crtbegin.o(.ctors)
 *crtbegin?.o(.ctors)
 *(EXCLUDE_FILE(*crtend?.o *crtend.o) .ctors)
 *(SORT(.ctors.*))
 *(.ctors)

.dtors
 *crtbegin.o(.dtors)
 *crtbegin?.o(.dtors)
 *(EXCLUDE_FILE(*crtend?.o *crtend.o) .dtors)
 *(SORT(.dtors.*))
 *(.dtors)

.jcr            0x000000000061ee20        0x8
 *(.jcr)
 .jcr           0x000000000061ee20        0x0 /usr/lib/gcc/x86_64-linux-gnu/4.7/crtbegin.o
 .jcr           0x000000000061ee20        0x8 /usr/lib/gcc/x86_64-linux-gnu/4.7/crtend.o

.data.rel.ro
 *(.data.rel.ro.local* .gnu.linkonce.d.rel.ro.local.*)
 *(.data.rel.ro .data.rel.ro.* .gnu.linkonce.d.rel.ro.*)

.dynamic        0x000000000061ee28      0x1d0
 *(.dynamic)
 .dynamic       0x000000000061ee28      0x1d0 /usr/lib/gcc/x86_64-linux-gnu/4.7/../../../x86_64-linux-gnu/crt1.o
                0x000000000061ee28                _DYNAMIC

.got            0x000000000061eff8        0x8
 *(.got)
 .got           0x000000000061eff8        0x8 /usr/lib/gcc/x86_64-linux-gnu/4.7/../../../x86_64-linux-gnu/crt1.o
 *(.igot)
                0x000000000061ffe8                . = DATA_SEGMENT_RELRO_END (., (SIZEOF (.got.plt) >= 0x18)?0x18:0x0)

.got.plt        0x000000000061f000       0xd8
 *(.got.plt)
 .got.plt       0x000000000061f000       0xd8 /usr/lib/gcc/x86_64-linux-gnu/4.7/../../../x86_64-linux-gnu/crt1.o
                0x000000000061f000                _GLOBAL_OFFSET_TABLE_
 *(.igot.plt)
 .igot.plt      0x0000000000000000        0x0 /usr/lib/gcc/x86_64-linux-gnu/4.7/../../../x86_64-linux-gnu/crt1.o

.data           0x000000000061f0e0      0x3cc
 *(.data .data.* .gnu.linkonce.d.*)
 .data          0x000000000061f0e0        0x4 /usr/lib/gcc/x86_64-linux-gnu/4.7/../../../x86_64-linux-gnu/crt1.o
                0x000000000061f0e0                data_start
                0x000000000061f0e0                __data_start
 .data          0x000000000061f0e4        0x0 /usr/lib/gcc/x86_64-linux-gnu/4.7/../../../x86_64-linux-gnu/crti.o
 *fill*         0x000000000061f0e4        0x4 
 .data          0x000000000061f0e8        0x8 /usr/lib/gcc/x86_64-linux-gnu/4.7/crtbegin.o
                0x000000000061f0e8                __dso_handle
 *fill*         0x000000000061f0f0       0x10 
 .data          0x000000000061f100       0x20 hello-world.co
                0x000000000061f100                hello_world_process
 .data          0x000000000061f120       0x28 contiki-native.a(contiki-main.o)
                0x000000000061f120                sensors
 .data          0x000000000061f148        0x0 contiki-native.a(button-sensor.o)
 .data          0x000000000061f148        0x0 contiki-native.a(pir-sensor.o)
 .data          0x000000000061f148        0x0 contiki-native.a(vib-sensor.o)
 *fill*         0x000000000061f148       0x18 
 .data          0x000000000061f160       0x20 contiki-native.a(sensors.o)
                0x000000000061f160                sensors_process
 .data          0x000000000061f180        0x0 contiki-native.a(autostart.o)
 .data          0x000000000061f180       0x40 contiki-native.a(ctimer.o)
                0x000000000061f1a0                ctimer_process
 .data          0x000000000061f1c0       0x20 contiki-native.a(etimer.o)
                0x000000000061f1c0                etimer_process
 .data          0x000000000061f1e0        0x0 contiki-native.a(process.o)
 .data          0x000000000061f1e0        0x0 contiki-native.a(rtimer.o)
 .data          0x000000000061f1e0        0x0 contiki-native.a(timer.o)
 .data          0x000000000061f1e0       0x20 contiki-native.a(serial-line.o)
                0x000000000061f1e0                serial_line_process
 .data          0x000000000061f200        0x0 contiki-native.a(list.o)
 .data          0x000000000061f200        0x0 contiki-native.a(ringbuf.o)
 .data          0x000000000061f200        0x0 contiki-native.a(sicslowpan.o)
 .data          0x000000000061f200        0x0 contiki-native.a(uip6.o)
 .data          0x000000000061f200        0x0 contiki-native.a(uip-ds6.o)
 .data          0x000000000061f200       0x20 contiki-native.a(uip-ds6-nbr.o)
                0x000000000061f218                ds6_neighbors
 .data          0x000000000061f220       0x80 contiki-native.a(uip-ds6-route.o)
                0x000000000061f238                nbr_routes
 .data          0x000000000061f2a0       0x48 contiki-native.a(uip-icmp6.o)
 .data          0x000000000061f2e8        0x0 contiki-native.a(uip-nd6.o)
 *fill*         0x000000000061f2e8       0x18 
 .data          0x000000000061f300       0x20 contiki-native.a(tcpip.o)
                0x000000000061f300                tcpip_process
 .data          0x000000000061f320        0x0 contiki-native.a(uip-debug.o)
 .data          0x000000000061f320       0x18 contiki-native.a(uip-packetqueue)
 .data          0x000000000061f338        0x0 contiki-native.a(rpl.o)
 *fill*         0x000000000061f338        0x8 
 .data          0x000000000061f340       0x20 contiki-native.a(rpl-dag.o)
                0x000000000061f358                rpl_parents
 .data          0x000000000061f360        0x0 contiki-native.a(rpl-ext-header.)
 .data          0x000000000061f360       0x88 contiki-native.a(rpl-icmp6.o)
 *fill*         0x000000000061f3e8       0x18 
 .data          0x000000000061f400       0x38 contiki-native.a(rpl-mrhof.o)
                0x000000000061f400                rpl_mrhof
 .data          0x000000000061f438        0x0 contiki-native.a(rpl-timers.o)
 .data          0x000000000061f438        0x0 contiki-native.a(linkaddr.o)
 *fill*         0x000000000061f438        0x8 
 .data          0x000000000061f440       0x20 contiki-native.a(nbr-table.o)
 .data          0x000000000061f460        0x0 contiki-native.a(netstack.o)
 .data          0x000000000061f460        0x8 contiki-native.a(packetbuf.o)
 *fill*         0x000000000061f468        0x8 
 .data          0x000000000061f470       0x38 contiki-native.a(queuebuf.o)
 .data          0x000000000061f4a8        0x0 contiki-native.a(framer-802154.o)
 .data          0x000000000061f4a8        0x0 contiki-native.a(nullmac.o)
 .data          0x000000000061f4a8        0x0 contiki-native.a(nullrdc.o)
 .data          0x000000000061f4a8        0x0 contiki-native.a(nullsec.o)
 .data          0x000000000061f4a8        0x0 contiki-native.a(clock.o)
 .data          0x000000000061f4a8        0x0 contiki-native.a(rtimer-arch.o)
 .data          0x000000000061f4a8        0x0 contiki-native.a(watchdog.o)
 .data          0x000000000061f4a8        0x0 contiki-native.a(stimer.o)
 .data          0x000000000061f4a8        0x0 contiki-native.a(nullradio.o)
 .data          0x000000000061f4a8        0x0 contiki-native.a(memb.o)
 .data          0x000000000061f4a8        0x0 contiki-native.a(random.o)
 .data          0x000000000061f4a8        0x2 contiki-native.a(frame802154.o)
 *fill*         0x000000000061f4aa        0x2 
 .data          0x000000000061f4ac        0x0 contiki-native.a(mac.o)
 .data          0x000000000061f4ac        0x0 /usr/lib/x86_64-linux-gnu/libc_nonshared.a(elf-init.oS)
 .data          0x000000000061f4ac        0x0 /usr/lib/gcc/x86_64-linux-gnu/4.7/crtend.o
 .data          0x000000000061f4ac        0x0 /usr/lib/gcc/x86_64-linux-gnu/4.7/../../../x86_64-linux-gnu/crtn.o

.tm_clone_table
                0x000000000061f4b0        0x0
 .tm_clone_table
                0x000000000061f4b0        0x0 /usr/lib/gcc/x86_64-linux-gnu/4.7/crtbegin.o
 .tm_clone_table
                0x000000000061f4b0        0x0 /usr/lib/gcc/x86_64-linux-gnu/4.7/crtend.o

.data1
 *(.data1)
                0x000000000061f4b0                _edata = .
                0x000000000061f4b0                PROVIDE (edata, .)
                0x000000000061f4b0                . = .
                0x000000000061f4b0                __bss_start = .

.bss            0x000000000061f4c0     0x4740
 *(.dynbss)
 .dynbss        0x000000000061f4c0       0x10 /usr/lib/gcc/x86_64-linux-gnu/4.7/../../../x86_64-linux-gnu/crt1.o
                0x000000000061f4c0                stdout@@GLIBC_2.2.5
                0x000000000061f4c8                stderr@@GLIBC_2.2.5
 *(.bss .bss.* .gnu.linkonce.b.*)
 .bss           0x000000000061f4d0        0x0 /usr/lib/gcc/x86_64-linux-gnu/4.7/../../../x86_64-linux-gnu/crt1.o
 .bss           0x000000000061f4d0        0x0 /usr/lib/gcc/x86_64-linux-gnu/4.7/../../../x86_64-linux-gnu/crti.o
 .bss           0x000000000061f4d0        0x1 /usr/lib/gcc/x86_64-linux-gnu/4.7/crtbegin.o
 *fill*         0x000000000061f4d1        0x3 
 .bss           0x000000000061f4d4        0x0 hello-world.co
 *fill*         0x000000000061f4d4        0xc 
 .bss           0x000000000061f4e0       0x64 contiki-native.a(contiki-main.o)
                0x000000000061f4e0                contiki_argc
 .bss           0x000000000061f544        0x0 contiki-native.a(button-sensor.o)
 .bss           0x000000000061f544        0x4 contiki-native.a(pir-sensor.o)
 .bss           0x000000000061f548        0x4 contiki-native.a(vib-sensor.o)
 .bss           0x000000000061f54c        0xc contiki-native.a(sensors.o)
 .bss           0x000000000061f558        0x0 contiki-native.a(autostart.o)
 .bss           0x000000000061f558        0x9 contiki-native.a(ctimer.o)
 *fill*         0x000000000061f561        0x7 
 .bss           0x000000000061f568       0x10 contiki-native.a(etimer.o)
 *fill*         0x000000000061f578        0x8 
 .bss           0x000000000061f580      0x340 contiki-native.a(process.o)
                0x000000000061f580                process_list
                0x000000000061f588                process_current
 .bss           0x000000000061f8c0        0x8 contiki-native.a(rtimer.o)
 .bss           0x000000000061f8c8        0x0 contiki-native.a(timer.o)
 *fill*         0x000000000061f8c8       0x18 
 .bss           0x000000000061f8e0      0x141 contiki-native.a(serial-line.o)
 *fill*         0x000000000061fa21        0x3 
 .bss           0x000000000061fa24        0x0 contiki-native.a(list.o)
 .bss           0x000000000061fa24        0x0 contiki-native.a(ringbuf.o)
 *fill*         0x000000000061fa24       0x1c 
 .bss           0x000000000061fa40      0x728 contiki-native.a(sicslowpan.o)
 .bss           0x0000000000620168        0xe contiki-native.a(uip6.o)
                0x0000000000620168                uip_ext_bitmap
                0x0000000000620169                uip_ext_len
                0x000000000062016a                uip_ext_opt_offset
 *fill*         0x0000000000620176        0xa 
 .bss           0x0000000000620180       0x30 contiki-native.a(uip-ds6.o)
 *fill*         0x00000000006201b0       0x10 
 .bss           0x00000000006201c0      0x780 contiki-native.a(uip-ds6-nbr.o)
 .bss           0x0000000000620940      0xc2c contiki-native.a(uip-ds6-route.o)
 *fill*         0x000000000062156c        0x4 
 .bss           0x0000000000621570       0x20 contiki-native.a(uip-icmp6.o)
 .bss           0x0000000000621590        0x0 contiki-native.a(uip-nd6.o)
 *fill*         0x0000000000621590       0x10 
 .bss           0x00000000006215a0      0x2b5 contiki-native.a(tcpip.o)
 *fill*         0x0000000000621855        0x3 
 .bss           0x0000000000621858        0x0 contiki-native.a(uip-debug.o)
 *fill*         0x0000000000621858        0x8 
 .bss           0x0000000000621860      0x410 contiki-native.a(uip-packetqueue)
 .bss           0x0000000000621c70        0x4 contiki-native.a(rpl.o)
 *fill*         0x0000000000621c74        0xc 
 .bss           0x0000000000621c80      0x3c0 contiki-native.a(rpl-dag.o)
 .bss           0x0000000000622040        0x0 contiki-native.a(rpl-ext-header.)
 .bss           0x0000000000622040        0x0 contiki-native.a(rpl-icmp6.o)
 .bss           0x0000000000622040        0x0 contiki-native.a(rpl-mrhof.o)
 .bss           0x0000000000622040       0x43 contiki-native.a(rpl-timers.o)
 *fill*         0x0000000000622083        0x1 
 .bss           0x0000000000622084        0x0 contiki-native.a(linkaddr.o)
 *fill*         0x0000000000622084       0x1c 
 .bss           0x00000000006220a0      0x2a8 contiki-native.a(nbr-table.o)
 .bss           0x0000000000622348        0x0 contiki-native.a(netstack.o)
 *fill*         0x0000000000622348       0x18 
 .bss           0x0000000000622360       0xd8 contiki-native.a(packetbuf.o)
 *fill*         0x0000000000622438        0x8 
 .bss           0x0000000000622440      0x600 contiki-native.a(queuebuf.o)
 .bss           0x0000000000622a40        0x2 contiki-native.a(framer-802154.o)
 *fill*         0x0000000000622a42        0x2 
 .bss           0x0000000000622a44        0x0 contiki-native.a(nullmac.o)
 .bss           0x0000000000622a44        0x0 contiki-native.a(nullrdc.o)
 .bss           0x0000000000622a44        0x0 contiki-native.a(nullsec.o)
 .bss           0x0000000000622a44        0x0 contiki-native.a(clock.o)
 .bss           0x0000000000622a44        0x0 contiki-native.a(rtimer-arch.o)
 .bss           0x0000000000622a44        0x0 contiki-native.a(watchdog.o)
 .bss           0x0000000000622a44        0x0 contiki-native.a(stimer.o)
 .bss           0x0000000000622a44        0x0 contiki-native.a(nullradio.o)
 .bss           0x0000000000622a44        0x0 contiki-native.a(memb.o)
 .bss           0x0000000000622a44        0x0 contiki-native.a(random.o)
 .bss           0x0000000000622a44        0x0 contiki-native.a(frame802154.o)
 .bss           0x0000000000622a44        0x0 contiki-native.a(mac.o)
 .bss           0x0000000000622a44        0x0 /usr/lib/x86_64-linux-gnu/libc_nonshared.a(elf-init.oS)
 .bss           0x0000000000622a44        0x0 /usr/lib/gcc/x86_64-linux-gnu/4.7/crtend.o
 .bss           0x0000000000622a44        0x0 /usr/lib/gcc/x86_64-linux-gnu/4.7/../../../x86_64-linux-gnu/crtn.o
 *(COMMON)
 *fill*         0x0000000000622a44        0x4 
 COMMON         0x0000000000622a48        0xc contiki-native.a(contiki-main.o)
                0x0000000000622a48                contiki_argv
                0x0000000000622a50                sensors_flags
 COMMON         0x0000000000622a54        0x1 contiki-native.a(sensors.o)
                0x0000000000622a54                sensors_event
 COMMON         0x0000000000622a55        0x1 contiki-native.a(serial-line.o)
                0x0000000000622a55                serial_line_event_message
 *fill*         0x0000000000622a56        0xa 
 COMMON         0x0000000000622a60      0xd38 contiki-native.a(uip6.o)
                0x0000000000622a60                uip_slen
                0x0000000000622a62                uip_acc32
                0x0000000000622a80                uip_conns
                0x0000000000623340                uip_icmp6_conns
                0x0000000000623350                uip_lladdr
                0x0000000000623358                uip_appdata
                0x0000000000623360                uip_flags
                0x0000000000623380                uip_aligned_buf
                0x0000000000623540                uip_listenports
                0x0000000000623590                uip_len
                0x0000000000623598                uip_sappdata
                0x00000000006235a0                uip_udp_conns
                0x0000000000623780                uip_udp_conn
                0x0000000000623788                uip_next_hdr
                0x0000000000623790                uip_conn
 *fill*         0x0000000000623798        0x8 
 COMMON         0x00000000006237a0      0x1c1 contiki-native.a(uip-ds6.o)
                0x00000000006237a0                uip_ds6_prefix_list
                0x0000000000623800                uip_ds6_timer_periodic
                0x0000000000623820                uip_ds6_netif_addr_list_offset
                0x0000000000623840                uip_ds6_if
                0x0000000000623950                uip_ds6_timer_ra
                0x0000000000623960                uip_ds6_addr_size
 COMMON         0x0000000000623961        0x2 contiki-native.a(tcpip.o)
                0x0000000000623961                tcpip_icmp6_event
                0x0000000000623962                tcpip_event
 *fill*         0x0000000000623963       0x1d 
 COMMON         0x0000000000623980      0x248 contiki-native.a(rpl-dag.o)
                0x0000000000623980                default_instance
                0x00000000006239a0                instance_table
 COMMON         0x0000000000623bc8        0x8 contiki-native.a(linkaddr.o)
                0x0000000000623bc8                linkaddr_node_addr
 COMMON         0x0000000000623bd0       0x30 contiki-native.a(packetbuf.o)
                0x0000000000623bd0                packetbuf_attrs
                0x0000000000623bf0                packetbuf_addrs
                0x0000000000623c00                . = ALIGN ((. != 0x0)?0x8:0x1)

.lbss
 *(.dynlbss)
 *(.lbss .lbss.* .gnu.linkonce.lb.*)
 *(LARGE_COMMON)
                0x0000000000623c00                . = ALIGN (0x8)

.lrodata
 *(.lrodata .lrodata.* .gnu.linkonce.lr.*)

.ldata          0x0000000000a23c00        0x0
 *(.ldata .ldata.* .gnu.linkonce.l.*)
                0x0000000000a23c00                . = ALIGN ((. != 0x0)?0x8:0x1)
                0x0000000000a23c00                . = ALIGN (0x8)
                0x0000000000a23c00                _end = .
                0x0000000000a23c00                PROVIDE (end, .)
                0x0000000000a23c00                . = DATA_SEGMENT_END (.)

.stab
 *(.stab)

.stabstr
 *(.stabstr)

.stab.excl
 *(.stab.excl)

.stab.exclstr
 *(.stab.exclstr)

.stab.index
 *(.stab.index)

.stab.indexstr
 *(.stab.indexstr)

.comment        0x0000000000000000       0x2a
 *(.comment)
 .comment       0x0000000000000000       0x2a /usr/lib/gcc/x86_64-linux-gnu/4.7/crtbegin.o
                                         0x2b (size before relaxing)
 .comment       0x0000000000000000       0x2b hello-world.co
 .comment       0x0000000000000000       0x2b contiki-native.a(contiki-main.o)
 .comment       0x0000000000000000       0x2b contiki-native.a(button-sensor.o)
 .comment       0x0000000000000000       0x2b contiki-native.a(pir-sensor.o)
 .comment       0x0000000000000000       0x2b contiki-native.a(vib-sensor.o)
 .comment       0x0000000000000000       0x2b contiki-native.a(sensors.o)
 .comment       0x0000000000000000       0x2b contiki-native.a(autostart.o)
 .comment       0x0000000000000000       0x2b contiki-native.a(ctimer.o)
 .comment       0x0000000000000000       0x2b contiki-native.a(etimer.o)
 .comment       0x0000000000000000       0x2b contiki-native.a(process.o)
 .comment       0x0000000000000000       0x2b contiki-native.a(rtimer.o)
 .comment       0x0000000000000000       0x2b contiki-native.a(timer.o)
 .comment       0x0000000000000000       0x2b contiki-native.a(serial-line.o)
 .comment       0x0000000000000000       0x2b contiki-native.a(list.o)
 .comment       0x0000000000000000       0x2b contiki-native.a(ringbuf.o)
 .comment       0x0000000000000000       0x2b contiki-native.a(sicslowpan.o)
 .comment       0x0000000000000000       0x2b contiki-native.a(uip6.o)
 .comment       0x0000000000000000       0x2b contiki-native.a(uip-ds6.o)
 .comment       0x0000000000000000       0x2b contiki-native.a(uip-ds6-nbr.o)
 .comment       0x0000000000000000       0x2b contiki-native.a(uip-ds6-route.o)
 .comment       0x0000000000000000       0x2b contiki-native.a(uip-icmp6.o)
 .comment       0x0000000000000000       0x2b contiki-native.a(uip-nd6.o)
 .comment       0x0000000000000000       0x2b contiki-native.a(tcpip.o)
 .comment       0x0000000000000000       0x2b contiki-native.a(uip-debug.o)
 .comment       0x0000000000000000       0x2b contiki-native.a(uip-packetqueue)
 .comment       0x0000000000000000       0x2b contiki-native.a(rpl.o)
 .comment       0x0000000000000000       0x2b contiki-native.a(rpl-dag.o)
 .comment       0x0000000000000000       0x2b contiki-native.a(rpl-ext-header.)
 .comment       0x0000000000000000       0x2b contiki-native.a(rpl-icmp6.o)
 .comment       0x0000000000000000       0x2b contiki-native.a(rpl-mrhof.o)
 .comment       0x0000000000000000       0x2b contiki-native.a(rpl-timers.o)
 .comment       0x0000000000000000       0x2b contiki-native.a(linkaddr.o)
 .comment       0x0000000000000000       0x2b contiki-native.a(nbr-table.o)
 .comment       0x0000000000000000       0x2b contiki-native.a(netstack.o)
 .comment       0x0000000000000000       0x2b contiki-native.a(packetbuf.o)
 .comment       0x0000000000000000       0x2b contiki-native.a(queuebuf.o)
 .comment       0x0000000000000000       0x2b contiki-native.a(framer-802154.o)
 .comment       0x0000000000000000       0x2b contiki-native.a(nullmac.o)
 .comment       0x0000000000000000       0x2b contiki-native.a(nullrdc.o)
 .comment       0x0000000000000000       0x2b contiki-native.a(nullsec.o)
 .comment       0x0000000000000000       0x2b contiki-native.a(clock.o)
 .comment       0x0000000000000000       0x2b contiki-native.a(rtimer-arch.o)
 .comment       0x0000000000000000       0x2b contiki-native.a(watchdog.o)
 .comment       0x0000000000000000       0x2b contiki-native.a(stimer.o)
 .comment       0x0000000000000000       0x2b contiki-native.a(nullradio.o)
 .comment       0x0000000000000000       0x2b contiki-native.a(memb.o)
 .comment       0x0000000000000000       0x2b contiki-native.a(random.o)
 .comment       0x0000000000000000       0x2b contiki-native.a(frame802154.o)
 .comment       0x0000000000000000       0x2b contiki-native.a(mac.o)
 .comment       0x0000000000000000       0x2b /usr/lib/x86_64-linux-gnu/libc_nonshared.a(elf-init.oS)
 .comment       0x0000000000000000       0x2b /usr/lib/gcc/x86_64-linux-gnu/4.7/crtend.o

.debug
 *(.debug)

.line
 *(.line)

.debug_srcinfo
 *(.debug_srcinfo)

.debug_sfnames
 *(.debug_sfnames)

.debug_aranges  0x0000000000000000      0x930
 *(.debug_aranges)
 .debug_aranges
                0x0000000000000000       0x30 hello-world.co
 .debug_aranges
                0x0000000000000030       0x30 contiki-native.a(contiki-main.o)
 .debug_aranges
                0x0000000000000060       0x30 contiki-native.a(button-sensor.o)
 .debug_aranges
                0x0000000000000090       0x30 contiki-native.a(pir-sensor.o)
 .debug_aranges
                0x00000000000000c0       0x30 contiki-native.a(vib-sensor.o)
 .debug_aranges
                0x00000000000000f0       0x30 contiki-native.a(sensors.o)
 .debug_aranges
                0x0000000000000120       0x30 contiki-native.a(autostart.o)
 .debug_aranges
                0x0000000000000150       0x30 contiki-native.a(ctimer.o)
 .debug_aranges
                0x0000000000000180       0x30 contiki-native.a(etimer.o)
 .debug_aranges
                0x00000000000001b0       0x30 contiki-native.a(process.o)
 .debug_aranges
                0x00000000000001e0       0x30 contiki-native.a(rtimer.o)
 .debug_aranges
                0x0000000000000210       0x30 contiki-native.a(timer.o)
 .debug_aranges
                0x0000000000000240       0x30 contiki-native.a(serial-line.o)
 .debug_aranges
                0x0000000000000270       0x30 contiki-native.a(list.o)
 .debug_aranges
                0x00000000000002a0       0x30 contiki-native.a(ringbuf.o)
 .debug_aranges
                0x00000000000002d0       0x30 contiki-native.a(sicslowpan.o)
 .debug_aranges
                0x0000000000000300       0x30 contiki-native.a(uip6.o)
 .debug_aranges
                0x0000000000000330       0x30 contiki-native.a(uip-ds6.o)
 .debug_aranges
                0x0000000000000360       0x30 contiki-native.a(uip-ds6-nbr.o)
 .debug_aranges
                0x0000000000000390       0x30 contiki-native.a(uip-ds6-route.o)
 .debug_aranges
                0x00000000000003c0       0x30 contiki-native.a(uip-icmp6.o)
 .debug_aranges
                0x00000000000003f0       0x30 contiki-native.a(uip-nd6.o)
 .debug_aranges
                0x0000000000000420       0x30 contiki-native.a(tcpip.o)
 .debug_aranges
                0x0000000000000450       0x30 contiki-native.a(uip-debug.o)
 .debug_aranges
                0x0000000000000480       0x30 contiki-native.a(uip-packetqueue)
 .debug_aranges
                0x00000000000004b0       0x30 contiki-native.a(rpl.o)
 .debug_aranges
                0x00000000000004e0       0x30 contiki-native.a(rpl-dag.o)
 .debug_aranges
                0x0000000000000510       0x30 contiki-native.a(rpl-ext-header.)
 .debug_aranges
                0x0000000000000540       0x30 contiki-native.a(rpl-icmp6.o)
 .debug_aranges
                0x0000000000000570       0x30 contiki-native.a(rpl-mrhof.o)
 .debug_aranges
                0x00000000000005a0       0x30 contiki-native.a(rpl-timers.o)
 .debug_aranges
                0x00000000000005d0       0x30 contiki-native.a(linkaddr.o)
 .debug_aranges
                0x0000000000000600       0x30 contiki-native.a(nbr-table.o)
 .debug_aranges
                0x0000000000000630       0x30 contiki-native.a(netstack.o)
 .debug_aranges
                0x0000000000000660       0x30 contiki-native.a(packetbuf.o)
 .debug_aranges
                0x0000000000000690       0x30 contiki-native.a(queuebuf.o)
 .debug_aranges
                0x00000000000006c0       0x30 contiki-native.a(framer-802154.o)
 .debug_aranges
                0x00000000000006f0       0x30 contiki-native.a(nullmac.o)
 .debug_aranges
                0x0000000000000720       0x30 contiki-native.a(nullrdc.o)
 .debug_aranges
                0x0000000000000750       0x30 contiki-native.a(nullsec.o)
 .debug_aranges
                0x0000000000000780       0x30 contiki-native.a(clock.o)
 .debug_aranges
                0x00000000000007b0       0x30 contiki-native.a(rtimer-arch.o)
 .debug_aranges
                0x00000000000007e0       0x30 contiki-native.a(watchdog.o)
 .debug_aranges
                0x0000000000000810       0x30 contiki-native.a(stimer.o)
 .debug_aranges
                0x0000000000000840       0x30 contiki-native.a(nullradio.o)
 .debug_aranges
                0x0000000000000870       0x30 contiki-native.a(memb.o)
 .debug_aranges
                0x00000000000008a0       0x30 contiki-native.a(random.o)
 .debug_aranges
                0x00000000000008d0       0x30 contiki-native.a(frame802154.o)
 .debug_aranges
                0x0000000000000900       0x30 contiki-native.a(mac.o)

.debug_pubnames
 *(.debug_pubnames)

.debug_info     0x0000000000000000    0x1567f
 *(.debug_info .gnu.linkonce.wi.*)
 .debug_info    0x0000000000000000      0x1fe hello-world.co
 .debug_info    0x00000000000001fe      0xce3 contiki-native.a(contiki-main.o)
 .debug_info    0x0000000000000ee1      0x1d3 contiki-native.a(button-sensor.o)
 .debug_info    0x00000000000010b4      0x1f9 contiki-native.a(pir-sensor.o)
 .debug_info    0x00000000000012ad      0x1e6 contiki-native.a(vib-sensor.o)
 .debug_info    0x0000000000001493      0x3ee contiki-native.a(sensors.o)
 .debug_info    0x0000000000001881      0x1cf contiki-native.a(autostart.o)
 .debug_info    0x0000000000001a50      0x535 contiki-native.a(ctimer.o)
 .debug_info    0x0000000000001f85      0x58e contiki-native.a(etimer.o)
 .debug_info    0x0000000000002513      0x5ad contiki-native.a(process.o)
 .debug_info    0x0000000000002ac0      0x1de contiki-native.a(rtimer.o)
 .debug_info    0x0000000000002c9e      0x1b9 contiki-native.a(timer.o)
 .debug_info    0x0000000000002e57      0x339 contiki-native.a(serial-line.o)
 .debug_info    0x0000000000003190      0x393 contiki-native.a(list.o)
 .debug_info    0x0000000000003523      0x1fb contiki-native.a(ringbuf.o)
 .debug_info    0x000000000000371e     0x1110 contiki-native.a(sicslowpan.o)
 .debug_info    0x000000000000482e     0x10e4 contiki-native.a(uip6.o)
 .debug_info    0x0000000000005912      0xbfa contiki-native.a(uip-ds6.o)
 .debug_info    0x000000000000650c      0x932 contiki-native.a(uip-ds6-nbr.o)
 .debug_info    0x0000000000006e3e      0xeb4 contiki-native.a(uip-ds6-route.o)
 .debug_info    0x0000000000007cf2      0x87e contiki-native.a(uip-icmp6.o)
 .debug_info    0x0000000000008570      0x374 contiki-native.a(uip-nd6.o)
 .debug_info    0x00000000000088e4     0x16ba contiki-native.a(tcpip.o)
 .debug_info    0x0000000000009f9e      0x1cb contiki-native.a(uip-debug.o)
 .debug_info    0x000000000000a169      0x509 contiki-native.a(uip-packetqueue)
 .debug_info    0x000000000000a672      0xe51 contiki-native.a(rpl.o)
 .debug_info    0x000000000000b4c3     0x1c1e contiki-native.a(rpl-dag.o)
 .debug_info    0x000000000000d0e1      0xe97 contiki-native.a(rpl-ext-header.)
 .debug_info    0x000000000000df78     0x1602 contiki-native.a(rpl-icmp6.o)
 .debug_info    0x000000000000f57a      0xbf1 contiki-native.a(rpl-mrhof.o)
 .debug_info    0x000000000001016b      0xd4f contiki-native.a(rpl-timers.o)
 .debug_info    0x0000000000010eba      0x190 contiki-native.a(linkaddr.o)
 .debug_info    0x000000000001104a      0x945 contiki-native.a(nbr-table.o)
 .debug_info    0x000000000001198f      0x527 contiki-native.a(netstack.o)
 .debug_info    0x0000000000011eb6      0x71a contiki-native.a(packetbuf.o)
 .debug_info    0x00000000000125d0      0x638 contiki-native.a(queuebuf.o)
 .debug_info    0x0000000000012c08      0x532 contiki-native.a(framer-802154.o)
 .debug_info    0x000000000001313a      0x3b0 contiki-native.a(nullmac.o)
 .debug_info    0x00000000000134ea      0x7a0 contiki-native.a(nullrdc.o)
 .debug_info    0x0000000000013c8a      0x307 contiki-native.a(nullsec.o)
 .debug_info    0x0000000000013f91      0x151 contiki-native.a(clock.o)
 .debug_info    0x00000000000140e2      0x1a8 contiki-native.a(rtimer-arch.o)
 .debug_info    0x000000000001428a      0x118 contiki-native.a(watchdog.o)
 .debug_info    0x00000000000143a2      0x1d3 contiki-native.a(stimer.o)
 .debug_info    0x0000000000014575      0x572 contiki-native.a(nullradio.o)
 .debug_info    0x0000000000014ae7      0x21a contiki-native.a(memb.o)
 .debug_info    0x0000000000014d01       0xd5 contiki-native.a(random.o)
 .debug_info    0x0000000000014dd6      0x788 contiki-native.a(frame802154.o)
 .debug_info    0x000000000001555e      0x121 contiki-native.a(mac.o)

.debug_abbrev   0x0000000000000000     0x5067
 *(.debug_abbrev)
 .debug_abbrev  0x0000000000000000      0x11e hello-world.co
 .debug_abbrev  0x000000000000011e      0x277 contiki-native.a(contiki-main.o)
 .debug_abbrev  0x0000000000000395       0xbc contiki-native.a(button-sensor.o)
 .debug_abbrev  0x0000000000000451       0xdc contiki-native.a(pir-sensor.o)
 .debug_abbrev  0x000000000000052d       0xda contiki-native.a(vib-sensor.o)
 .debug_abbrev  0x0000000000000607      0x1c2 contiki-native.a(sensors.o)
 .debug_abbrev  0x00000000000007c9       0xfb contiki-native.a(autostart.o)
 .debug_abbrev  0x00000000000008c4      0x1a1 contiki-native.a(ctimer.o)
 .debug_abbrev  0x0000000000000a65      0x1f8 contiki-native.a(etimer.o)
 .debug_abbrev  0x0000000000000c5d      0x244 contiki-native.a(process.o)
 .debug_abbrev  0x0000000000000ea1      0x124 contiki-native.a(rtimer.o)
 .debug_abbrev  0x0000000000000fc5       0xf5 contiki-native.a(timer.o)
 .debug_abbrev  0x00000000000010ba      0x197 contiki-native.a(serial-line.o)
 .debug_abbrev  0x0000000000001251      0x145 contiki-native.a(list.o)
 .debug_abbrev  0x0000000000001396       0xdb contiki-native.a(ringbuf.o)
 .debug_abbrev  0x0000000000001471      0x2af contiki-native.a(sicslowpan.o)
 .debug_abbrev  0x0000000000001720      0x2e7 contiki-native.a(uip6.o)
 .debug_abbrev  0x0000000000001a07      0x23c contiki-native.a(uip-ds6.o)
 .debug_abbrev  0x0000000000001c43      0x25a contiki-native.a(uip-ds6-nbr.o)
 .debug_abbrev  0x0000000000001e9d      0x2d8 contiki-native.a(uip-ds6-route.o)
 .debug_abbrev  0x0000000000002175      0x254 contiki-native.a(uip-icmp6.o)
 .debug_abbrev  0x00000000000023c9      0x171 contiki-native.a(uip-nd6.o)
 .debug_abbrev  0x000000000000253a      0x346 contiki-native.a(tcpip.o)
 .debug_abbrev  0x0000000000002880       0xcb contiki-native.a(uip-debug.o)
 .debug_abbrev  0x000000000000294b      0x1c5 contiki-native.a(uip-packetqueue)
 .debug_abbrev  0x0000000000002b10      0x24d contiki-native.a(rpl.o)
 .debug_abbrev  0x0000000000002d5d      0x34a contiki-native.a(rpl-dag.o)
 .debug_abbrev  0x00000000000030a7      0x23c contiki-native.a(rpl-ext-header.)
 .debug_abbrev  0x00000000000032e3      0x2fc contiki-native.a(rpl-icmp6.o)
 .debug_abbrev  0x00000000000035df      0x1f5 contiki-native.a(rpl-mrhof.o)
 .debug_abbrev  0x00000000000037d4      0x258 contiki-native.a(rpl-timers.o)
 .debug_abbrev  0x0000000000003a2c       0xd8 contiki-native.a(linkaddr.o)
 .debug_abbrev  0x0000000000003b04      0x1c6 contiki-native.a(nbr-table.o)
 .debug_abbrev  0x0000000000003cca      0x111 contiki-native.a(netstack.o)
 .debug_abbrev  0x0000000000003ddb      0x287 contiki-native.a(packetbuf.o)
 .debug_abbrev  0x0000000000004062      0x1de contiki-native.a(queuebuf.o)
 .debug_abbrev  0x0000000000004240      0x13e contiki-native.a(framer-802154.o)
 .debug_abbrev  0x000000000000437e      0x17d contiki-native.a(nullmac.o)
 .debug_abbrev  0x00000000000044fb      0x257 contiki-native.a(nullrdc.o)
 .debug_abbrev  0x0000000000004752      0x140 contiki-native.a(nullsec.o)
 .debug_abbrev  0x0000000000004892       0xa7 contiki-native.a(clock.o)
 .debug_abbrev  0x0000000000004939       0xd3 contiki-native.a(rtimer-arch.o)
 .debug_abbrev  0x0000000000004a0c       0x5a contiki-native.a(watchdog.o)
 .debug_abbrev  0x0000000000004a66       0xd9 contiki-native.a(stimer.o)
 .debug_abbrev  0x0000000000004b3f      0x153 contiki-native.a(nullradio.o)
 .debug_abbrev  0x0000000000004c92       0xe4 contiki-native.a(memb.o)
 .debug_abbrev  0x0000000000004d76       0x6d contiki-native.a(random.o)
 .debug_abbrev  0x0000000000004de3      0x1e1 contiki-native.a(frame802154.o)
 .debug_abbrev  0x0000000000004fc4       0xa3 contiki-native.a(mac.o)

.debug_line     0x0000000000000000     0x5a89
 *(.debug_line)
 .debug_line    0x0000000000000000       0x7d hello-world.co
 .debug_line    0x000000000000007d      0x394 contiki-native.a(contiki-main.o)
 .debug_line    0x0000000000000411       0x84 contiki-native.a(button-sensor.o)
 .debug_line    0x0000000000000495       0x85 contiki-native.a(pir-sensor.o)
 .debug_line    0x000000000000051a       0x84 contiki-native.a(vib-sensor.o)
 .debug_line    0x000000000000059e      0x126 contiki-native.a(sensors.o)
 .debug_line    0x00000000000006c4       0xaf contiki-native.a(autostart.o)
 .debug_line    0x0000000000000773      0x176 contiki-native.a(ctimer.o)
 .debug_line    0x00000000000008e9      0x19b contiki-native.a(etimer.o)
 .debug_line    0x0000000000000a84      0x186 contiki-native.a(process.o)
 .debug_line    0x0000000000000c0a       0x86 contiki-native.a(rtimer.o)
 .debug_line    0x0000000000000c90       0xad contiki-native.a(timer.o)
 .debug_line    0x0000000000000d3d      0x116 contiki-native.a(serial-line.o)
 .debug_line    0x0000000000000e53      0x10b contiki-native.a(list.o)
 .debug_line    0x0000000000000f5e       0xaf contiki-native.a(ringbuf.o)
 .debug_line    0x000000000000100d      0x793 contiki-native.a(sicslowpan.o)
 .debug_line    0x00000000000017a0      0x861 contiki-native.a(uip6.o)
 .debug_line    0x0000000000002001      0x333 contiki-native.a(uip-ds6.o)
 .debug_line    0x0000000000002334      0x262 contiki-native.a(uip-ds6-nbr.o)
 .debug_line    0x0000000000002596      0x338 contiki-native.a(uip-ds6-route.o)
 .debug_line    0x00000000000028ce      0x243 contiki-native.a(uip-icmp6.o)
 .debug_line    0x0000000000002b11      0x111 contiki-native.a(uip-nd6.o)
 .debug_line    0x0000000000002c22      0x38d contiki-native.a(tcpip.o)
 .debug_line    0x0000000000002faf       0xdc contiki-native.a(uip-debug.o)
 .debug_line    0x000000000000308b      0x17c contiki-native.a(uip-packetqueue)
 .debug_line    0x0000000000003207      0x2ae contiki-native.a(rpl.o)
 .debug_line    0x00000000000034b5      0x78c contiki-native.a(rpl-dag.o)
 .debug_line    0x0000000000003c41      0x2e7 contiki-native.a(rpl-ext-header.)
 .debug_line    0x0000000000003f28      0x4f9 contiki-native.a(rpl-icmp6.o)
 .debug_line    0x0000000000004421      0x24e contiki-native.a(rpl-mrhof.o)
 .debug_line    0x000000000000466f      0x2a6 contiki-native.a(rpl-timers.o)
 .debug_line    0x0000000000004915       0x77 contiki-native.a(linkaddr.o)
 .debug_line    0x000000000000498c      0x222 contiki-native.a(nbr-table.o)
 .debug_line    0x0000000000004bae      0x10d contiki-native.a(netstack.o)
 .debug_line    0x0000000000004cbb      0x159 contiki-native.a(packetbuf.o)
 .debug_line    0x0000000000004e14      0x109 contiki-native.a(queuebuf.o)
 .debug_line    0x0000000000004f1d      0x138 contiki-native.a(framer-802154.o)
 .debug_line    0x0000000000005055       0xc9 contiki-native.a(nullmac.o)
 .debug_line    0x000000000000511e      0x15f contiki-native.a(nullrdc.o)
 .debug_line    0x000000000000527d       0xc9 contiki-native.a(nullsec.o)
 .debug_line    0x0000000000005346       0xaa contiki-native.a(clock.o)
 .debug_line    0x00000000000053f0       0xe7 contiki-native.a(rtimer-arch.o)
 .debug_line    0x00000000000054d7       0x5a contiki-native.a(watchdog.o)
 .debug_line    0x0000000000005531       0x89 contiki-native.a(stimer.o)
 .debug_line    0x00000000000055ba       0xca contiki-native.a(nullradio.o)
 .debug_line    0x0000000000005684       0xc8 contiki-native.a(memb.o)
 .debug_line    0x000000000000574c       0x50 contiki-native.a(random.o)
 .debug_line    0x000000000000579c      0x276 contiki-native.a(frame802154.o)
 .debug_line    0x0000000000005a12       0x77 contiki-native.a(mac.o)

.debug_frame
 *(.debug_frame)

.debug_str      0x0000000000000000     0x43e5
 *(.debug_str)
 .debug_str     0x0000000000000000      0x100 hello-world.co
                                        0x165 (size before relaxing)
 .debug_str     0x0000000000000100      0x409 contiki-native.a(contiki-main.o)
                                        0x5cf (size before relaxing)
 .debug_str     0x0000000000000509       0x37 contiki-native.a(button-sensor.o)
                                        0x111 (size before relaxing)
 .debug_str     0x0000000000000540       0x4d contiki-native.a(pir-sensor.o)
                                        0x124 (size before relaxing)
 .debug_str     0x000000000000058d       0x3a contiki-native.a(vib-sensor.o)
                                        0x111 (size before relaxing)
 .debug_str     0x00000000000005c7       0x9b contiki-native.a(sensors.o)
                                        0x206 (size before relaxing)
 .debug_str     0x0000000000000662       0x3a contiki-native.a(autostart.o)
                                        0x132 (size before relaxing)
 .debug_str     0x000000000000069c       0xfc contiki-native.a(ctimer.o)
                                        0x233 (size before relaxing)
 .debug_str     0x0000000000000798      0x152 contiki-native.a(etimer.o)
                                        0x2a6 (size before relaxing)
 .debug_str     0x00000000000008ea      0x156 contiki-native.a(process.o)
                                        0x268 (size before relaxing)
 .debug_str     0x0000000000000a40       0xbc contiki-native.a(rtimer.o)
                                        0x174 (size before relaxing)
 .debug_str     0x0000000000000afc       0x17 contiki-native.a(timer.o)
                                        0x121 (size before relaxing)
 .debug_str     0x0000000000000b13       0xb4 contiki-native.a(serial-line.o)
                                        0x1f1 (size before relaxing)
 .debug_str     0x0000000000000bc7       0xa8 contiki-native.a(list.o)
                                         0xf7 (size before relaxing)
 .debug_str     0x0000000000000c6f       0x5c contiki-native.a(ringbuf.o)
                                        0x134 (size before relaxing)
 .debug_str     0x0000000000000ccb      0x72e contiki-native.a(sicslowpan.o)
                                        0x99a (size before relaxing)
 .debug_str     0x00000000000013f9      0x497 contiki-native.a(uip6.o)
                                        0x7a1 (size before relaxing)
 .debug_str     0x0000000000001890      0x32e contiki-native.a(uip-ds6.o)
                                        0x60c (size before relaxing)
 .debug_str     0x0000000000001bbe      0x28d contiki-native.a(uip-ds6-nbr.o)
                                        0x664 (size before relaxing)
 .debug_str     0x0000000000001e4b      0x42a contiki-native.a(uip-ds6-route.o)
                                        0x7a5 (size before relaxing)
 .debug_str     0x0000000000002275      0x22e contiki-native.a(uip-icmp6.o)
                                        0x4fe (size before relaxing)
 .debug_str     0x00000000000024a3       0x5e contiki-native.a(uip-nd6.o)
                                        0x1fb (size before relaxing)
 .debug_str     0x0000000000002501      0x401 contiki-native.a(tcpip.o)
                                        0xa01 (size before relaxing)
 .debug_str     0x0000000000002902       0x4c contiki-native.a(uip-debug.o)
                                        0x13f (size before relaxing)
 .debug_str     0x000000000000294e       0xf4 contiki-native.a(uip-packetqueue)
                                        0x2b0 (size before relaxing)
 .debug_str     0x0000000000002a42      0x143 contiki-native.a(rpl.o)
                                        0x7ab (size before relaxing)
 .debug_str     0x0000000000002b85      0x497 contiki-native.a(rpl-dag.o)
                                        0xb08 (size before relaxing)
 .debug_str     0x000000000000301c      0x10d contiki-native.a(rpl-ext-header.)
                                        0x968 (size before relaxing)
 .debug_str     0x0000000000003129      0x15e contiki-native.a(rpl-icmp6.o)
                                        0xbdd (size before relaxing)
 .debug_str     0x0000000000003287       0xa5 contiki-native.a(rpl-mrhof.o)
                                        0x668 (size before relaxing)
 .debug_str     0x000000000000332c      0x1bd contiki-native.a(rpl-timers.o)
                                        0x726 (size before relaxing)
 .debug_str     0x00000000000034e9       0x6b contiki-native.a(linkaddr.o)
                                        0x12a (size before relaxing)
 .debug_str     0x0000000000003554      0x24c contiki-native.a(nbr-table.o)
                                        0x3b1 (size before relaxing)
 .debug_str     0x00000000000037a0      0x126 contiki-native.a(netstack.o)
                                        0x2b1 (size before relaxing)
 .debug_str     0x00000000000038c6      0x224 contiki-native.a(packetbuf.o)
                                        0x50e (size before relaxing)
 .debug_str     0x0000000000003aea      0x19f contiki-native.a(queuebuf.o)
                                        0x48f (size before relaxing)
 .debug_str     0x0000000000003c89      0x219 contiki-native.a(framer-802154.o)
                                        0x527 (size before relaxing)
 .debug_str     0x0000000000003ea2       0x2b contiki-native.a(nullmac.o)
                                        0x19a (size before relaxing)
 .debug_str     0x0000000000003ecd       0x7f contiki-native.a(nullrdc.o)
                                        0x56b (size before relaxing)
 .debug_str     0x0000000000003f4c       0x1f contiki-native.a(nullsec.o)
                                        0x327 (size before relaxing)
 .debug_str     0x0000000000003f6b       0x45 contiki-native.a(clock.o)
                                        0x121 (size before relaxing)
 .debug_str     0x0000000000003fb0       0xa6 contiki-native.a(rtimer-arch.o)
                                        0x1a9 (size before relaxing)
 .debug_str     0x0000000000004056       0x6b contiki-native.a(watchdog.o)
                                        0x131 (size before relaxing)
 .debug_str     0x00000000000040c1       0x6e contiki-native.a(stimer.o)
                                        0x125 (size before relaxing)
 .debug_str     0x000000000000412f       0x33 contiki-native.a(nullradio.o)
                                        0x230 (size before relaxing)
 .debug_str     0x0000000000004162       0x5c contiki-native.a(memb.o)
                                        0x10d (size before relaxing)
 .debug_str     0x00000000000041be       0x35 contiki-native.a(random.o)
                                         0xfb (size before relaxing)
 .debug_str     0x00000000000041f3      0x1bb contiki-native.a(frame802154.o)
                                        0x4b2 (size before relaxing)
 .debug_str     0x00000000000043ae       0x37 contiki-native.a(mac.o)
                                        0x147 (size before relaxing)

.debug_loc      0x0000000000000000     0xadd8
 *(.debug_loc)
 .debug_loc     0x0000000000000000       0x60 hello-world.co
 .debug_loc     0x0000000000000060      0x28c contiki-native.a(contiki-main.o)
 .debug_loc     0x00000000000002ec      0x180 contiki-native.a(button-sensor.o)
 .debug_loc     0x000000000000046c      0x180 contiki-native.a(pir-sensor.o)
 .debug_loc     0x00000000000005ec      0x180 contiki-native.a(vib-sensor.o)
 .debug_loc     0x000000000000076c      0x240 contiki-native.a(sensors.o)
 .debug_loc     0x00000000000009ac       0xc0 contiki-native.a(autostart.o)
 .debug_loc     0x0000000000000a6c      0x300 contiki-native.a(ctimer.o)
 .debug_loc     0x0000000000000d6c      0x5a0 contiki-native.a(etimer.o)
 .debug_loc     0x000000000000130c      0x540 contiki-native.a(process.o)
 .debug_loc     0x000000000000184c      0x120 contiki-native.a(rtimer.o)
 .debug_loc     0x000000000000196c      0x1e0 contiki-native.a(timer.o)
 .debug_loc     0x0000000000001b4c      0x120 contiki-native.a(serial-line.o)
 .debug_loc     0x0000000000001c6c      0x480 contiki-native.a(list.o)
 .debug_loc     0x00000000000020ec      0x1e0 contiki-native.a(ringbuf.o)
 .debug_loc     0x00000000000022cc      0x7e0 contiki-native.a(sicslowpan.o)
 .debug_loc     0x0000000000002aac      0x720 contiki-native.a(uip6.o)
 .debug_loc     0x00000000000031cc      0x840 contiki-native.a(uip-ds6.o)
 .debug_loc     0x0000000000003a0c      0x4e0 contiki-native.a(uip-ds6-nbr.o)
 .debug_loc     0x0000000000003eec      0x780 contiki-native.a(uip-ds6-route.o)
 .debug_loc     0x000000000000466c      0x3c0 contiki-native.a(uip-icmp6.o)
 .debug_loc     0x0000000000004a2c      0x120 contiki-native.a(uip-nd6.o)
 .debug_loc     0x0000000000004b4c      0x7e0 contiki-native.a(tcpip.o)
 .debug_loc     0x000000000000532c       0xc0 contiki-native.a(uip-debug.o)
 .debug_loc     0x00000000000053ec      0x2a0 contiki-native.a(uip-packetqueue)
 .debug_loc     0x000000000000568c      0x3c0 contiki-native.a(rpl.o)
 .debug_loc     0x0000000000005a4c     0x1200 contiki-native.a(rpl-dag.o)
 .debug_loc     0x0000000000006c4c      0x2a0 contiki-native.a(rpl-ext-header.)
 .debug_loc     0x0000000000006eec      0x5a0 contiki-native.a(rpl-icmp6.o)