Archive member included to satisfy reference by file (symbol)

contiki-srf06-cc26xx.a(er-coap-engine.)
                              obj_srf06-cc26xx/res-leds.o (coap_rest_implementation)
contiki-srf06-cc26xx.a(er-coap-transac)
                              contiki-srf06-cc26xx.a(er-coap-engine.) (coap_register_as_transaction_handler)
contiki-srf06-cc26xx.a(er-coap-observe)
                              contiki-srf06-cc26xx.a(er-coap-transac) (coap_remove_observer_by_client)
contiki-srf06-cc26xx.a(er-coap-res-wel)
                              contiki-srf06-cc26xx.a(er-coap-engine.) (res_well_known_core)
contiki-srf06-cc26xx.a(rest-engine.o)
                              obj_srf06-cc26xx/coap-server.o (rest_init_engine)
contiki-srf06-cc26xx.a(mqtt.o)
                              obj_srf06-cc26xx/mqtt-client.o (mqtt_register)
contiki-srf06-cc26xx.a(contiki-main.o)
                              obj_srf06-cc26xx/startup_gcc.o (main)
contiki-srf06-cc26xx.a(sensors.o)
                              cc26xx-web-demo.co (sensors_event)
contiki-srf06-cc26xx.a(leds.o)
                              contiki-srf06-cc26xx.a(contiki-main.o) (leds_init)
contiki-srf06-cc26xx.a(leds-arch.o)
                              contiki-srf06-cc26xx.a(leds.o) (leds_arch_init)
contiki-srf06-cc26xx.a(sensortag-senso)
                              contiki-srf06-cc26xx.a(sensors.o) (sensors_flags)
contiki-srf06-cc26xx.a(bmp-280-sensor.)
                              cc26xx-web-demo.co (bmp_280_sensor)
contiki-srf06-cc26xx.a(tmp-007-sensor.)
                              cc26xx-web-demo.co (tmp_007_sensor)
contiki-srf06-cc26xx.a(opt-3001-sensor)
                              cc26xx-web-demo.co (opt_3001_sensor)
contiki-srf06-cc26xx.a(hdc-1000-sensor)
                              cc26xx-web-demo.co (hdc_1000_sensor)
contiki-srf06-cc26xx.a(mpu-9250-sensor)
                              cc26xx-web-demo.co (mpu_9250_sensor)
contiki-srf06-cc26xx.a(button-sensor.o)
                              contiki-srf06-cc26xx.a(sensortag-senso) (button_right_sensor)
contiki-srf06-cc26xx.a(reed-relay.o)
                              cc26xx-web-demo.co (reed_relay_sensor)
contiki-srf06-cc26xx.a(ext-flash.o)
                              cc26xx-web-demo.co (ext_flash_open)
contiki-srf06-cc26xx.a(buzzer.o)
                              obj_srf06-cc26xx/mqtt-client.o (buzzer_start)
contiki-srf06-cc26xx.a(board.o)
                              contiki-srf06-cc26xx.a(contiki-main.o) (board_init)
contiki-srf06-cc26xx.a(board-spi.o)
                              contiki-srf06-cc26xx.a(ext-flash.o) (board_spi_write)
contiki-srf06-cc26xx.a(board-i2c.o)
                              contiki-srf06-cc26xx.a(board.o) (board_i2c_wakeup)
contiki-srf06-cc26xx.a(clock.o)
                              contiki-srf06-cc26xx.a(contiki-main.o) (clock_init)
contiki-srf06-cc26xx.a(rtimer-arch.o)
                              contiki-srf06-cc26xx.a(mpu-9250-sensor) (rtimer_arch_now)
contiki-srf06-cc26xx.a(soc-rtc.o)
                              contiki-srf06-cc26xx.a(contiki-main.o) (soc_rtc_init)
contiki-srf06-cc26xx.a(contiki-watchdo)
                              contiki-srf06-cc26xx.a(contiki-main.o) (watchdog_init)
contiki-srf06-cc26xx.a(putchar.o)
                              contiki-srf06-cc26xx.a(contiki-main.o) (putchar)
contiki-srf06-cc26xx.a(ieee-addr.o)
                              contiki-srf06-cc26xx.a(contiki-main.o) (ieee_addr_cpy_to)
contiki-srf06-cc26xx.a(batmon-sensor.o)
                              cc26xx-web-demo.co (batmon_sensor)
contiki-srf06-cc26xx.a(cc26xx-uart.o)
                              contiki-srf06-cc26xx.a(contiki-main.o) (cc26xx_uart_init)
contiki-srf06-cc26xx.a(lpm.o)
                              contiki-srf06-cc26xx.a(button-sensor.o) (lpm_shutdown)
contiki-srf06-cc26xx.a(gpio-interrupt.)
                              contiki-srf06-cc26xx.a(button-sensor.o) (gpio_interrupt_register_handler)
contiki-srf06-cc26xx.a(oscillators.o)
                              contiki-srf06-cc26xx.a(contiki-main.o) (oscillators_select_lf_xosc)
contiki-srf06-cc26xx.a(rf-ble.o)
                              obj_srf06-cc26xx/res-ble-advd.o (rf_ble_beacond_config)
contiki-srf06-cc26xx.a(ieee-mode.o)
                              contiki-srf06-cc26xx.a(contiki-main.o) (ieee_mode_driver)
contiki-srf06-cc26xx.a(dbg-printf.o)
                              obj_srf06-cc26xx/net-uart.o (printf)
contiki-srf06-cc26xx.a(dbg-snprintf.o)
                              cc26xx-web-demo.co (snprintf)
contiki-srf06-cc26xx.a(dbg-sprintf.o)
                              cc26xx-web-demo.co (sprintf)
contiki-srf06-cc26xx.a(strformat.o)
                              contiki-srf06-cc26xx.a(dbg-printf.o) (format_str_v)
contiki-srf06-cc26xx.a(autostart.o)
                              contiki-srf06-cc26xx.a(contiki-main.o) (autostart_start)
contiki-srf06-cc26xx.a(ctimer.o)
                              contiki-srf06-cc26xx.a(contiki-main.o) (ctimer_init)
[...]
Memory Configuration

Name             Origin             Length             Attributes
FLASH            0x00000000         0x0001ffa8         xr
FLASH_CCFG       0x0001ffa8         0x00000058         xr
SRAM             0x20000000         0x00005000         xrw
GPRAM            0x11000000         0x00002000         xrw
*default*        0x00000000         0xffffffff

Linker script and memory map

LOAD obj_srf06-cc26xx/fault-handlers.o
LOAD obj_srf06-cc26xx/ccfg.o
LOAD obj_srf06-cc26xx/startup_gcc.o
LOAD cc26xx-web-demo.co
LOAD obj_srf06-cc26xx/res-leds.o
LOAD obj_srf06-cc26xx/res-toggle-leds.o
LOAD obj_srf06-cc26xx/res-device.o
LOAD obj_srf06-cc26xx/res-sensors.o
LOAD obj_srf06-cc26xx/res-ble-advd.o
LOAD obj_srf06-cc26xx/res-net.o
LOAD obj_srf06-cc26xx/cetic-6lbr-client.o
LOAD obj_srf06-cc26xx/coap-server.o
LOAD obj_srf06-cc26xx/net-uart.o
LOAD obj_srf06-cc26xx/mqtt-client.o
LOAD obj_srf06-cc26xx/httpd-simple.o
LOAD contiki-srf06-cc26xx.a
LOAD /home/paul/gcc-arm-none-eabi-5_2-2015q4/bin/../lib/gcc/arm-none-eabi/5.2.1/../../../../arm-none-eabi/lib/armv7-m/libm.a
START GROUP
LOAD /home/paul/gcc-arm-none-eabi-5_2-2015q4/bin/../lib/gcc/arm-none-eabi/5.2.1/armv7-m/libgcc.a
LOAD /home/paul/gcc-arm-none-eabi-5_2-2015q4/bin/../lib/gcc/arm-none-eabi/5.2.1/../../../../arm-none-eabi/lib/armv7-m/libc.a
END GROUP
                0x20005000                _estack = (ORIGIN (SRAM) + LENGTH (SRAM))
                0x00000000                _Min_Heap_Size = 0x0
                0x00000100                _Min_Stack_Size = 0x100

.text           0x00000000    0x1b519
                0x00000000                _text = .
 *(SORT(.vectors))
 .vectors       0x00000000       0xc8 obj_srf06-cc26xx/startup_gcc.o
                0x00000000                gVectors
 *(SORT(.text*))
 .text.value    0x000000c8       0xb0 contiki-srf06-cc26xx.a(opt-3001-sensor)
 .text.value    0x00000178       0x9c contiki-srf06-cc26xx.a(hdc-1000-sensor)
 *fill*         0x00000214        0x4 00000000
 .text.value    0x00000218      0x19c contiki-srf06-cc26xx.a(mpu-9250-sensor)
 *fill*         0x000003b4        0x4 00000000
 .text.__ieee754_pow
                0x000003b8      0xac4 /home/paul/gcc-arm-none-eabi-5_2-2015q4/bin/../lib/gcc/arm-none-eabi/5.2.1/../../../../arm-none-eabi/lib/armv7-m/libm.a(lib_a-e_pow.o)
                0x000003b8                __ieee754_pow
 *fill*         0x00000e7c        0x4 00000000
 .text.scalbn   0x00000e80       0xe4 /home/paul/gcc-arm-none-eabi-5_2-2015q4/bin/../lib/gcc/arm-none-eabi/5.2.1/../../../../arm-none-eabi/lib/armv7-m/libm.a(lib_a-s_scalbn.o)
                0x00000e80                scalbn
 .text.FaultISR
                0x00000f64       0x18 obj_srf06-cc26xx/fault-handlers.o
                0x00000f64                FaultISR
 .text.NmiSRHandler
                0x00000f7c        0x4 obj_srf06-cc26xx/startup_gcc.o
                0x00000f7c                NmiSR
 .text.IntDefaultHandler
                0x00000f80        0x4 obj_srf06-cc26xx/startup_gcc.o
                0x00000f80                TRNGIntHandler
                0x00000f80                SSI0IntHandler
                0x00000f80                SWEvent0IntHandler
                0x00000f80                uDMAIntHandler
                0x00000f80                WatchdogIntHandler
                0x00000f80                RFCHardwareIntHandler
                0x00000f80                Timer1BIntHandler
                0x00000f80                I2SIntHandler
                0x00000f80                Timer2BIntHandler
                0x00000f80                Timer2AIntHandler
                0x00000f80                Timer1AIntHandler
                0x00000f80                AONIntHandler
                0x00000f80                AUXSWEvent0IntHandler
                0x00000f80                AUXADCIntHandler
                0x00000f80                PendSVIntHandler
                0x00000f80                AUXSWEvent1IntHandler
                0x00000f80                SVCallIntHandler
                0x00000f80                MPUFaultIntHandler
                0x00000f80                SysTickIntHandler
                0x00000f80                BusFaultIntHandler
                0x00000f80                AONProgIntHandler
                0x00000f80                AUXCompAIntHandler
                0x00000f80                SSI1IntHandler
                0x00000f80                FlashIntHandler
                0x00000f80                uDMAErrIntHandler
                0x00000f80                UsageFaultIntHandler
                0x00000f80                RFCCmdAckIntHandler
                0x00000f80                CryptoIntHandler
                0x00000f80                Timer0AIntHandler
                0x00000f80                I2CIntHandler
                0x00000f80                DebugMonIntHandler
                0x00000f80                Timer0BIntHandler
                0x00000f80                AUXCombEventIntHandler
                0x00000f80                Timer3AIntHandler
                0x00000f80                DynProgIntHandler
                0x00000f80                Timer3BIntHandler
 .text.ResetISR
                0x00000f84       0x5c obj_srf06-cc26xx/startup_gcc.o
                0x00000f84                ResetISR
 .text.publish_led_off
                0x00000fe0        0x8 cc26xx-web-demo.co
 .text.load_config
                0x00000fe8       0xa8 cc26xx-web-demo.co
 .text.get_batmon_reading
                0x00001090       0xb0 cc26xx-web-demo.co
 .text.print_mpu_reading
                0x00001140       0x3c cc26xx-web-demo.co
 .text.sensor_readings_handler
                0x0000117c       0x7c cc26xx-web-demo.co
 .text.init_bmp_reading
                0x000011f8       0x3c cc26xx-web-demo.co
 .text.init_light_reading
                0x00001234       0x30 cc26xx-web-demo.co
 .text.init_hdc_reading
                0x00001264       0x3c cc26xx-web-demo.co
 .text.init_tmp_reading
                0x000012a0       0x3c cc26xx-web-demo.co
 .text.init_mpu_reading
                0x000012dc       0x78 cc26xx-web-demo.co
 .text.init_sensor_readings
                0x00001354       0x2c cc26xx-web-demo.co
 .text.echo_reply_handler
                0x00001380       0x24 cc26xx-web-demo.co
 .text.save_config
                0x000013a4       0x94 cc26xx-web-demo.co
 .text.ping_interval_post_handler
                0x00001438       0x44 cc26xx-web-demo.co
 .text.cc26xx_web_demo_ipaddr_sprintf
                0x0000147c       0xa4 cc26xx-web-demo.co
                0x0000147c                cc26xx_web_demo_ipaddr_sprintf
 .text.cc26xx_web_demo_sensor_lookup
                0x00001520       0x30 cc26xx-web-demo.co
                0x00001520                cc26xx_web_demo_sensor_lookup
 .text.cc26xx_web_demo_sensor_first
                0x00001550        0xc cc26xx-web-demo.co
                0x00001550                cc26xx_web_demo_sensor_first
 .text.cc26xx_web_demo_restore_defaults
                0x0000155c       0x50 cc26xx-web-demo.co
                0x0000155c                cc26xx_web_demo_restore_defaults
 .text.process_thread_cc26xx_web_demo_process
                0x000015ac      0x8e4 cc26xx-web-demo.co
 .text.defaults_post_handler
                0x00001e90       0x24 cc26xx-web-demo.co
 .text.res_post_put_handler
                0x00001eb4       0xa8 obj_srf06-cc26xx/res-leds.o
 .text.res_post_handler_red
                0x00001f5c        0x8 obj_srf06-cc26xx/res-toggle-leds.o
 .text.res_post_handler_green
                0x00001f64        0x8 obj_srf06-cc26xx/res-toggle-leds.o
 .text.res_get_handler_sw
                0x00001f6c       0xd0 obj_srf06-cc26xx/res-device.o
 .text.res_get_handler_uptime
                0x0000203c       0xbc obj_srf06-cc26xx/res-device.o
 .text.res_get_handler_hw
                0x000020f8      0x128 obj_srf06-cc26xx/res-device.o
 .text.res_post_handler_cfg_reset
                0x00002220        0x4 obj_srf06-cc26xx/res-device.o
 .text.res_get_handler_all.isra.0
                0x00002224       0xf4 obj_srf06-cc26xx/res-sensors.o
 .text.res_get_handler_batmon_temp
                0x00002318        0xc obj_srf06-cc26xx/res-sensors.o
 .text.res_get_handler_batmon_volt
                0x00002324        0xc obj_srf06-cc26xx/res-sensors.o
 .text.res_get_handler_mpu_acc_x
                0x00002330        0xc obj_srf06-cc26xx/res-sensors.o
 .text.res_get_handler_mpu_acc_y
                0x0000233c        0xc obj_srf06-cc26xx/res-sensors.o
 .text.res_get_handler_mpu_acc_z
                0x00002348        0xc obj_srf06-cc26xx/res-sensors.o
 .text.res_get_handler_mpu_gyro_x
                0x00002354        0xc obj_srf06-cc26xx/res-sensors.o
 .text.res_get_handler_mpu_gyro_y
                0x00002360        0xc obj_srf06-cc26xx/res-sensors.o
 .text.res_get_handler_mpu_gyro_z
                0x0000236c        0xc obj_srf06-cc26xx/res-sensors.o
 .text.res_get_handler_obj_temp
                0x00002378        0xc obj_srf06-cc26xx/res-sensors.o
 .text.res_get_handler_amb_temp
                0x00002384        0xc obj_srf06-cc26xx/res-sensors.o
 .text.res_get_handler_bmp_temp
                0x00002390        0xc obj_srf06-cc26xx/res-sensors.o
 .text.res_get_handler_bmp_press
                0x0000239c        0xc obj_srf06-cc26xx/res-sensors.o
 .text.res_get_handler_hdc_temp
                0x000023a8        0xc obj_srf06-cc26xx/res-sensors.o
 .text.res_get_handler_hdc_humidity
                0x000023b4        0xc obj_srf06-cc26xx/res-sensors.o
 .text.res_get_handler_opt
                0x000023c0        0xc obj_srf06-cc26xx/res-sensors.o
 .text.res_ble_post_put_handler
                0x000023cc       0xf8 obj_srf06-cc26xx/res-ble-advd.o
 .text.res_get_handler_parent_rssi
                0x000024c4       0xb8 obj_srf06-cc26xx/res-net.o
 .text.res_get_handler_pref_parent
                0x0000257c       0xc8 obj_srf06-cc26xx/res-net.o
 .text.process_thread_cetic_6lbr_client_process
                0x00002644      0x1ec obj_srf06-cc26xx/cetic-6lbr-client.o
 .text.process_thread_coap_server_process
                0x00002830      0x1c4 obj_srf06-cc26xx/coap-server.o
 .text.set_new_ip_address
                0x000029f4       0x24 obj_srf06-cc26xx/net-uart.o
 .text.set_config_defaults
                0x00002a18       0x50 obj_srf06-cc26xx/net-uart.o
 .text.process_thread_net_uart_process
                0x00002a68      0x184 obj_srf06-cc26xx/net-uart.o
 .text.remote_ipv6_post_handler
                0x00002bec       0x50 obj_srf06-cc26xx/net-uart.o
 .text.remote_port_post_handler
                0x00002c3c       0x44 obj_srf06-cc26xx/net-uart.o
 .text.on_off_post_handler
                0x00002c80       0x58 obj_srf06-cc26xx/net-uart.o
 .text.publish_led_off
                0x00002cd8        0x8 obj_srf06-cc26xx/mqtt-client.o
 .text.init_config
                0x00002ce0       0xa8 obj_srf06-cc26xx/mqtt-client.o
 .text.update_config
                0x00002d88       0xe4 obj_srf06-cc26xx/mqtt-client.o
 .text.process_thread_mqtt_client_process
                0x00002e6c      0x4b0 obj_srf06-cc26xx/mqtt-client.o
 .text.mqtt_event
                0x0000331c       0xf4 obj_srf06-cc26xx/mqtt-client.o
 .text.new_net_config.part.2
                0x00003410       0x24 obj_srf06-cc26xx/mqtt-client.o
 .text.org_id_post_handler
                0x00003434       0x60 obj_srf06-cc26xx/mqtt-client.o
 .text.type_id_post_handler
                0x00003494       0x64 obj_srf06-cc26xx/mqtt-client.o
 .text.event_type_id_post_handler
                0x000034f8       0x64 obj_srf06-cc26xx/mqtt-client.o
 .text.cmd_type_post_handler
                0x0000355c       0x64 obj_srf06-cc26xx/mqtt-client.o
 .text.auth_token_post_handler
                0x000035c0       0x64 obj_srf06-cc26xx/mqtt-client.o
 .text.ip_addr_post_handler
                0x00003624       0x64 obj_srf06-cc26xx/mqtt-client.o
 .text.reconnect_post_handler
                0x00003688       0x34 obj_srf06-cc26xx/mqtt-client.o
 .text.port_post_handler
                0x000036bc       0x58 obj_srf06-cc26xx/mqtt-client.o
 .text.interval_post_handler
                0x00003714       0x48 obj_srf06-cc26xx/mqtt-client.o
 .text.enqueue_chunk
                0x0000375c      0x110 obj_srf06-cc26xx/httpd-simple.o
 .text.generate_top_matter
                0x0000386c      0x270 obj_srf06-cc26xx/httpd-simple.o
 .text.generate_mqtt_config
                0x00003adc      0x800 obj_srf06-cc26xx/httpd-simple.o
 .text.generate_net_uart_config
                0x000042dc      0x3e0 obj_srf06-cc26xx/httpd-simple.o
 .text.send_headers
                0x000046bc      0x124 obj_srf06-cc26xx/httpd-simple.o
 .text.generate_config
                0x000047e0      0x59c obj_srf06-cc26xx/httpd-simple.o
 .text.generate_index
                0x00004d7c      0x540 obj_srf06-cc26xx/httpd-simple.o
 .text.send_string
                0x000052bc       0x44 obj_srf06-cc26xx/httpd-simple.o
 .text.handle_output
                0x00005300      0x2e0 obj_srf06-cc26xx/httpd-simple.o
 .text.handle_input
                0x000055e0      0x5bc obj_srf06-cc26xx/httpd-simple.o
 .text.process_thread_httpd_simple_process
                0x00005b9c      0x1b0 obj_srf06-cc26xx/httpd-simple.o
 .text.httpd_simple_register_post_handler
                0x00005d4c        0xc obj_srf06-cc26xx/httpd-simple.o
                0x00005d4c                httpd_simple_register_post_handler
 .text.coap_set_service_callback
                0x00005d58        0xc contiki-srf06-cc26xx.a(er-coap-engine.)
                0x00005d58                coap_set_service_callback
 .text.coap_get_rest_method
                0x00005d64       0x10 contiki-srf06-cc26xx.a(er-coap-engine.)
                0x00005d64                coap_get_rest_method
 .text.process_thread_coap_engine
                0x00005d74      0x3c8 contiki-srf06-cc26xx.a(er-coap-engine.)
 .text.coap_init_engine
                0x0000613c        0xc contiki-srf06-cc26xx.a(er-coap-engine.)
                0x0000613c                coap_init_engine
 .text.coap_register_as_transaction_handler
                0x00006148       0x14 contiki-srf06-cc26xx.a(er-coap-transac)
                0x00006148                coap_register_as_transaction_handler
 .text.coap_new_transaction
                0x0000615c       0x48 contiki-srf06-cc26xx.a(er-coap-transac)
                0x0000615c                coap_new_transaction
 .text.coap_clear_transaction
                0x000061a4       0x2c contiki-srf06-cc26xx.a(er-coap-transac)
                0x000061a4                coap_clear_transaction
 .text.coap_send_transaction
                0x000061d0       0xa0 contiki-srf06-cc26xx.a(er-coap-transac)
                0x000061d0                coap_send_transaction
 .text.coap_get_transaction_by_mid
                0x00006270       0x28 contiki-srf06-cc26xx.a(er-coap-transac)
                0x00006270                coap_get_transaction_by_mid
 .text.coap_check_transactions
                0x00006298       0x38 contiki-srf06-cc26xx.a(er-coap-transac)
                0x00006298                coap_check_transactions
 .text.coap_remove_observer
                0x000062d0       0x20 contiki-srf06-cc26xx.a(er-coap-observe)
                0x000062d0                coap_remove_observer
 .text.coap_remove_observer_by_client
                0x000062f0       0x44 contiki-srf06-cc26xx.a(er-coap-observe)
                0x000062f0                coap_remove_observer_by_client
 .text.coap_remove_observer_by_token
                0x00006334       0x6c contiki-srf06-cc26xx.a(er-coap-observe)
                0x00006334                coap_remove_observer_by_token
 .text.coap_remove_observer_by_uri
                0x000063a0       0x70 contiki-srf06-cc26xx.a(er-coap-observe)
                0x000063a0                coap_remove_observer_by_uri
 .text.coap_remove_observer_by_mid
                0x00006410       0x58 contiki-srf06-cc26xx.a(er-coap-observe)
                0x00006410                coap_remove_observer_by_mid
 .text.coap_notify_observers_sub
                0x00006468      0x138 contiki-srf06-cc26xx.a(er-coap-observe)
                0x00006468                coap_notify_observers_sub
 .text.coap_notify_observers
                0x000065a0        0x8 contiki-srf06-cc26xx.a(er-coap-observe)
                0x000065a0                coap_notify_observers
 .text.coap_observe_handler
                0x000065a8      0x100 contiki-srf06-cc26xx.a(er-coap-observe)
                0x000065a8                coap_observe_handler
 .text.well_known_core_get_handler
                0x000066a8      0x19c contiki-srf06-cc26xx.a(er-coap-res-wel)
                0x000066a8                well_known_core_get_handler
 .text.process_thread_rest_engine_process
                0x00006844       0xa0 contiki-srf06-cc26xx.a(rest-engine.o)
 .text.rest_invoke_restful_service
                0x000068e4       0xf4 contiki-srf06-cc26xx.a(rest-engine.o)
                0x000068e4                rest_invoke_restful_service
 .text.rest_init_engine
                0x000069d8       0x40 contiki-srf06-cc26xx.a(rest-engine.o)
                0x000069d8                rest_init_engine
 .text.rest_activate_resource
                0x00006a18       0x38 contiki-srf06-cc26xx.a(rest-engine.o)
                0x00006a18                rest_activate_resource
 .text.rest_get_resources
                0x00006a50        0x8 contiki-srf06-cc26xx.a(rest-engine.o)
                0x00006a50                rest_get_resources
 .text.call_event
                0x00006a58       0x1c contiki-srf06-cc26xx.a(mqtt.o)
 .text.connect_tcp
                0x00006a74       0x7c contiki-srf06-cc26xx.a(mqtt.o)
 .text.abort_connection
                0x00006af0       0x40 contiki-srf06-cc26xx.a(mqtt.o)
 .text.write_byte
                0x00006b30       0x40 contiki-srf06-cc26xx.a(mqtt.o)
 .text.write_bytes
                0x00006b70       0x6c contiki-srf06-cc26xx.a(mqtt.o)
 .text.handle_publish
                0x00006bdc       0x38 contiki-srf06-cc26xx.a(mqtt.o)
 .text.tcp_input
                0x00006c14      0x34c contiki-srf06-cc26xx.a(mqtt.o)
 .text.keep_alive_callback
                0x00006f60       0x40 contiki-srf06-cc26xx.a(mqtt.o)
 .text.tcp_event
                0x00006fa0       0x98 contiki-srf06-cc26xx.a(mqtt.o)
 .text.mqtt_init.part.4
                0x00007038       0xac contiki-srf06-cc26xx.a(mqtt.o)
 .text.process_thread_mqtt_process
                0x000070e4     0x1370 contiki-srf06-cc26xx.a(mqtt.o)
 .text.mqtt_register
                0x00008454       0x88 contiki-srf06-cc26xx.a(mqtt.o)
                0x00008454                mqtt_register
 .text.mqtt_connect
                0x000084dc       0x5c contiki-srf06-cc26xx.a(mqtt.o)
                0x000084dc                mqtt_connect
 .text.mqtt_disconnect
                0x00008538       0x24 contiki-srf06-cc26xx.a(mqtt.o)
                0x00008538                mqtt_disconnect
 .text.mqtt_subscribe
                0x0000855c       0x60 contiki-srf06-cc26xx.a(mqtt.o)
                0x0000855c                mqtt_subscribe
 .text.mqtt_publish
                0x000085bc       0x80 contiki-srf06-cc26xx.a(mqtt.o)
                0x000085bc                mqtt_publish
 .text.mqtt_set_username_password
                0x0000863c       0x64 contiki-srf06-cc26xx.a(mqtt.o)
                0x0000863c                mqtt_set_username_password
 .text.fade     0x000086a0       0x64 contiki-srf06-cc26xx.a(contiki-main.o)
 .text.startup.main
                0x00008704      0x1e4 contiki-srf06-cc26xx.a(contiki-main.o)
                0x00008704                main
 .text.process_thread_sensors_process
                0x000088e8       0xf8 contiki-srf06-cc26xx.a(sensors.o)
 .text.sensors_changed
                0x000089e0       0x4c contiki-srf06-cc26xx.a(sensors.o)
                0x000089e0                sensors_changed
 .text.leds_init
                0x00008a2c       0x14 contiki-srf06-cc26xx.a(leds.o)
                0x00008a2c                leds_init
 .text.leds_on  0x00008a40       0x14 contiki-srf06-cc26xx.a(leds.o)
                0x00008a40                leds_on
 .text.leds_off
                0x00008a54       0x14 contiki-srf06-cc26xx.a(leds.o)
                0x00008a54                leds_off
 .text.leds_toggle
                0x00008a68       0x14 contiki-srf06-cc26xx.a(leds.o)
                0x00008a68                leds_toggle
 .text.leds_arch_init
                0x00008a7c       0x38 contiki-srf06-cc26xx.a(leds-arch.o)
                0x00008a7c                leds_arch_init
 .text.leds_arch_set
                0x00008ab4       0x34 contiki-srf06-cc26xx.a(leds-arch.o)
                0x00008ab4                leds_arch_set
 .text.status   0x00008ae8       0x14 contiki-srf06-cc26xx.a(bmp-280-sensor.)
 .text.notify_ready
                0x00008afc       0x14 contiki-srf06-cc26xx.a(bmp-280-sensor.)
 .text.enable_sensor
                0x00008b10       0x2c contiki-srf06-cc26xx.a(bmp-280-sensor.)
 .text.configure
                0x00008b3c       0x94 contiki-srf06-cc26xx.a(bmp-280-sensor.)
 .text.value    0x00008bd0      0x168 contiki-srf06-cc26xx.a(bmp-280-sensor.)
 .text.status   0x00008d38       0x14 contiki-srf06-cc26xx.a(tmp-007-sensor.)
 .text.notify_ready
                0x00008d4c       0x14 contiki-srf06-cc26xx.a(tmp-007-sensor.)
 .text.enable_sensor
                0x00008d60       0x2c contiki-srf06-cc26xx.a(tmp-007-sensor.)
 .text.configure
                0x00008d8c       0x94 contiki-srf06-cc26xx.a(tmp-007-sensor.)
 .text.value    0x00008e20       0xf0 contiki-srf06-cc26xx.a(tmp-007-sensor.)
 .text.status   0x00008f10        0xc contiki-srf06-cc26xx.a(opt-3001-sensor)
 .text.enable_sensor
                0x00008f1c       0x44 contiki-srf06-cc26xx.a(opt-3001-sensor)
 .text.notify_ready
                0x00008f60       0x54 contiki-srf06-cc26xx.a(opt-3001-sensor)
 .text.configure
                0x00008fb4       0x4c contiki-srf06-cc26xx.a(opt-3001-sensor)
 .text.status   0x00009000       0x14 contiki-srf06-cc26xx.a(hdc-1000-sensor)
 .text.notify_ready
                0x00009014       0x68 contiki-srf06-cc26xx.a(hdc-1000-sensor)
 .text.configure
                0x0000907c       0xb8 contiki-srf06-cc26xx.a(hdc-1000-sensor)
 .text.acc_convert
                0x00009134       0x70 contiki-srf06-cc26xx.a(mpu-9250-sensor)
 .text.status   0x000091a4       0x14 contiki-srf06-cc26xx.a(mpu-9250-sensor)
 .text.notify_ready
                0x000091b8       0x14 contiki-srf06-cc26xx.a(mpu-9250-sensor)
 .text.sensor_sleep
                0x000091cc       0x38 contiki-srf06-cc26xx.a(mpu-9250-sensor)
 .text.configure
                0x00009204       0xdc contiki-srf06-cc26xx.a(mpu-9250-sensor)
 .text.int_status
                0x000092e0       0x28 contiki-srf06-cc26xx.a(mpu-9250-sensor)
 .text.initialise
                0x00009308      0x100 contiki-srf06-cc26xx.a(mpu-9250-sensor)
 .text.status.part.0
                0x00009408       0x14 contiki-srf06-cc26xx.a(button-sensor.o)
 .text.value_left
                0x0000941c       0x24 contiki-srf06-cc26xx.a(button-sensor.o)
 .text.value_right
                0x00009440       0x18 contiki-srf06-cc26xx.a(button-sensor.o)
 .text.status_left
                0x00009458       0x10 contiki-srf06-cc26xx.a(button-sensor.o)
 .text.status_right
                0x00009468       0x10 contiki-srf06-cc26xx.a(button-sensor.o)
 .text.config_buttons
                0x00009478       0x8c contiki-srf06-cc26xx.a(button-sensor.o)
 .text.config_left
                0x00009504        0xc contiki-srf06-cc26xx.a(button-sensor.o)
 .text.config_right
                0x00009510        0xc contiki-srf06-cc26xx.a(button-sensor.o)
 .text.button_press_handler
                0x0000951c       0x64 contiki-srf06-cc26xx.a(button-sensor.o)
 .text.value    0x00009580       0x10 contiki-srf06-cc26xx.a(reed-relay.o)
 .text.status   0x00009590       0x20 contiki-srf06-cc26xx.a(reed-relay.o)
 .text.configure
                0x000095b0       0x6c contiki-srf06-cc26xx.a(reed-relay.o)
 .text.reed_interrupt_handler
                0x0000961c       0x28 contiki-srf06-cc26xx.a(reed-relay.o)
 .text.verify_part
                0x00009644       0x70 contiki-srf06-cc26xx.a(ext-flash.o)
 .text.wait_ready
                0x000096b4       0x64 contiki-srf06-cc26xx.a(ext-flash.o)
 .text.power_down
                0x00009718       0x50 contiki-srf06-cc26xx.a(ext-flash.o)
 .text.ext_flash_open
                0x00009768       0x60 contiki-srf06-cc26xx.a(ext-flash.o)
                0x00009768                ext_flash_open
 .text.ext_flash_close
                0x000097c8       0x10 contiki-srf06-cc26xx.a(ext-flash.o)
                0x000097c8                ext_flash_close
 .text.ext_flash_read
                0x000097d8       0x58 contiki-srf06-cc26xx.a(ext-flash.o)
                0x000097d8                ext_flash_read
 .text.ext_flash_write
                0x00009830       0xb4 contiki-srf06-cc26xx.a(ext-flash.o)
                0x00009830                ext_flash_write
 .text.ext_flash_erase
                0x000098e4       0x9c contiki-srf06-cc26xx.a(ext-flash.o)
                0x000098e4                ext_flash_erase
 .text.ext_flash_init
                0x00009980       0x14 contiki-srf06-cc26xx.a(ext-flash.o)
                0x00009980                ext_flash_init
 .text.buzzer_init
                0x00009994        0xc contiki-srf06-cc26xx.a(buzzer.o)
                0x00009994                buzzer_init
 .text.buzzer_start
                0x000099a0       0xa4 contiki-srf06-cc26xx.a(buzzer.o)
                0x000099a0                buzzer_start
 .text.buzzer_stop
                0x00009a44       0x74 contiki-srf06-cc26xx.a(buzzer.o)
                0x00009a44                buzzer_stop
 .text.power_domains_on
                0x00009ab8       0x20 contiki-srf06-cc26xx.a(board.o)
 .text.lpm_wakeup_handler
                0x00009ad8        0x4 contiki-srf06-cc26xx.a(board.o)
 .text.shutdown_handler
                0x00009adc       0x68 contiki-srf06-cc26xx.a(board.o)
 .text.board_init
                0x00009b44      0x118 contiki-srf06-cc26xx.a(board.o)
                0x00009b44                board_init
 .text.accessible
                0x00009c5c       0x24 contiki-srf06-cc26xx.a(board-spi.o)
 .text.board_spi_write
                0x00009c80       0x3c contiki-srf06-cc26xx.a(board-spi.o)
                0x00009c80                board_spi_write
 .text.board_spi_read
                0x00009cbc       0x48 contiki-srf06-cc26xx.a(board-spi.o)
                0x00009cbc                board_spi_read
 .text.board_spi_flush
                0x00009d04       0x24 contiki-srf06-cc26xx.a(board-spi.o)
                0x00009d04                board_spi_flush
 .text.board_spi_open
                0x00009d28       0xbc contiki-srf06-cc26xx.a(board-spi.o)
                0x00009d28                board_spi_open
 .text.board_spi_close
                0x00009de4       0x70 contiki-srf06-cc26xx.a(board-spi.o)
                0x00009de4                board_spi_close
 .text.i2c_status
                0x00009e54       0x34 contiki-srf06-cc26xx.a(board-i2c.o)
 .text.accessible
                0x00009e88       0x24 contiki-srf06-cc26xx.a(board-i2c.o)
 .text.board_i2c_wakeup
                0x00009eac       0x5c contiki-srf06-cc26xx.a(board-i2c.o)
                0x00009eac                board_i2c_wakeup
 .text.board_i2c_shutdown
                0x00009f08       0xa4 contiki-srf06-cc26xx.a(board-i2c.o)
                0x00009f08                board_i2c_shutdown
 .text.board_i2c_write
                0x00009fac       0xc0 contiki-srf06-cc26xx.a(board-i2c.o)
                0x00009fac                board_i2c_write
 .text.board_i2c_write_single
                0x0000a06c       0x44 contiki-srf06-cc26xx.a(board-i2c.o)
                0x0000a06c                board_i2c_write_single
 .text.board_i2c_read
                0x0000a0b0       0xb4 contiki-srf06-cc26xx.a(board-i2c.o)
                0x0000a0b0                board_i2c_read
 .text.board_i2c_write_read
                0x0000a164      0x138 contiki-srf06-cc26xx.a(board-i2c.o)
                0x0000a164                board_i2c_write_read
 .text.board_i2c_select
                0x0000a29c       0xdc contiki-srf06-cc26xx.a(board-i2c.o)
                0x0000a29c                board_i2c_select
 .text.power_domain_on
                0x0000a378       0x20 contiki-srf06-cc26xx.a(clock.o)
 .text.clock_init
                0x0000a398       0x90 contiki-srf06-cc26xx.a(clock.o)
                0x0000a398                clock_init
 .text.clock_time
                0x0000a428       0x34 contiki-srf06-cc26xx.a(clock.o)
                0x0000a428                clock_time
 .text.clock_update
                0x0000a45c       0x3c contiki-srf06-cc26xx.a(clock.o)
                0x0000a45c                clock_update
 .text.clock_seconds
                0x0000a498       0x18 contiki-srf06-cc26xx.a(clock.o)
                0x0000a498                clock_seconds
 .text.rtimer_arch_init
                0x0000a4b0        0x4 contiki-srf06-cc26xx.a(rtimer-arch.o)
                0x0000a4b0                rtimer_arch_init
 .text.rtimer_arch_schedule
                0x0000a4b4        0x8 contiki-srf06-cc26xx.a(rtimer-arch.o)
                0x0000a4b4                rtimer_arch_schedule
 .text.rtimer_arch_now
                0x0000a4bc        0x4 contiki-srf06-cc26xx.a(rtimer-arch.o)
                0x0000a4bc                rtimer_arch_now
 .text.soc_rtc_init
                0x0000a4c0       0x94 contiki-srf06-cc26xx.a(soc-rtc.o)
                0x0000a4c0                soc_rtc_init
 .text.soc_rtc_get_next_trigger
                0x0000a554       0x28 contiki-srf06-cc26xx.a(soc-rtc.o)
                0x0000a554                soc_rtc_get_next_trigger
 .text.soc_rtc_schedule_one_shot
                0x0000a57c       0x48 contiki-srf06-cc26xx.a(soc-rtc.o)
                0x0000a57c                soc_rtc_schedule_one_shot
 .text.soc_rtc_last_isr_time
                0x0000a5c4        0xc contiki-srf06-cc26xx.a(soc-rtc.o)
                0x0000a5c4                soc_rtc_last_isr_time
 .text.AONRTCIntHandler
                0x0000a5d0       0x68 contiki-srf06-cc26xx.a(soc-rtc.o)
                0x0000a5d0                AONRTCIntHandler
 .text.watchdog_init
                0x0000a638       0x1c contiki-srf06-cc26xx.a(contiki-watchdo)
                0x0000a638                watchdog_init
 .text.watchdog_start
                0x0000a654       0x68 contiki-srf06-cc26xx.a(contiki-watchdo)
                0x0000a654                watchdog_start
 .text.watchdog_periodic
                0x0000a6bc       0x1c contiki-srf06-cc26xx.a(contiki-watchdo)
                0x0000a6bc                watchdog_periodic
 .text.putchar  0x0000a6d8       0x10 contiki-srf06-cc26xx.a(putchar.o)
                0x0000a6d8                putchar
 .text.puts     0x0000a6e8       0x30 contiki-srf06-cc26xx.a(putchar.o)
                0x0000a6e8                puts
 .text.dbg_send_bytes
                0x0000a718       0x40 contiki-srf06-cc26xx.a(putchar.o)
                0x0000a718                dbg_send_bytes
 .text.ieee_addr_cpy_to
                0x0000a758       0x40 contiki-srf06-cc26xx.a(ieee-addr.o)
                0x0000a758                ieee_addr_cpy_to
 .text.configure
                0x0000a798       0x34 contiki-srf06-cc26xx.a(batmon-sensor.o)
 .text.status   0x0000a7cc       0x14 contiki-srf06-cc26xx.a(batmon-sensor.o)
 .text.value    0x0000a7e0       0x24 contiki-srf06-cc26xx.a(batmon-sensor.o)
 .text.power_and_clock
                0x0000a804       0x40 contiki-srf06-cc26xx.a(cc26xx-uart.o)
 .text.enable   0x0000a844       0xf4 contiki-srf06-cc26xx.a(cc26xx-uart.o)
 .text.accessible
                0x0000a938       0x24 contiki-srf06-cc26xx.a(cc26xx-uart.o)
 .text.lpm_drop_handler
                0x0000a95c       0xcc contiki-srf06-cc26xx.a(cc26xx-uart.o)
 .text.cc26xx_uart_init
                0x0000aa28       0x28 contiki-srf06-cc26xx.a(cc26xx-uart.o)
                0x0000aa28                cc26xx_uart_init
 .text.cc26xx_uart_write_byte
                0x0000aa50       0x28 contiki-srf06-cc26xx.a(cc26xx-uart.o)
                0x0000aa50                cc26xx_uart_write_byte
 .text.cc26xx_uart_set_input
                0x0000aa78       0x64 contiki-srf06-cc26xx.a(cc26xx-uart.o)
                0x0000aa78                cc26xx_uart_set_input
 .text.cc26xx_uart_busy
                0x0000aadc       0x18 contiki-srf06-cc26xx.a(cc26xx-uart.o)
                0x0000aadc                cc26xx_uart_busy
 .text.UART0IntHandler
                0x0000aaf4       0x54 contiki-srf06-cc26xx.a(cc26xx-uart.o)
                0x0000aaf4                UART0IntHandler
 .text.lpm_shutdown
                0x0000ab48      0x1a8 contiki-srf06-cc26xx.a(lpm.o)
                0x0000ab48                lpm_shutdown
 .text.lpm_drop
                0x0000acf0      0x1fc contiki-srf06-cc26xx.a(lpm.o)
                0x0000acf0                lpm_drop
 .text.lpm_sleep
                0x0000aeec       0x14 contiki-srf06-cc26xx.a(lpm.o)
                0x0000aeec                lpm_sleep
 .text.lpm_register_module
                0x0000af00        0xc contiki-srf06-cc26xx.a(lpm.o)
                0x0000af00                lpm_register_module
 .text.lpm_unregister_module
                0x0000af0c        0xc contiki-srf06-cc26xx.a(lpm.o)
                0x0000af0c                lpm_unregister_module
 .text.lpm_init
                0x0000af18       0x20 contiki-srf06-cc26xx.a(lpm.o)
                0x0000af18                lpm_init
 .text.lpm_pin_set_default_state
                0x0000af38       0x30 contiki-srf06-cc26xx.a(lpm.o)
                0x0000af38                lpm_pin_set_default_state
 .text.gpio_interrupt_register_handler
                0x0000af68       0x2c contiki-srf06-cc26xx.a(gpio-interrupt.)
                0x0000af68                gpio_interrupt_register_handler
 .text.gpio_interrupt_init
                0x0000af94       0x24 contiki-srf06-cc26xx.a(gpio-interrupt.)
                0x0000af94                gpio_interrupt_init
 .text.GPIOIntHandler
                0x0000afb8       0x30 contiki-srf06-cc26xx.a(gpio-interrupt.)
                0x0000afb8                GPIOIntHandler
 .text.osc_interface_dis
                0x0000afe8       0x28 contiki-srf06-cc26xx.a(oscillators.o)
 .text.osc_interface_en
                0x0000b010       0x30 contiki-srf06-cc26xx.a(oscillators.o)
 .text.oscillators_select_lf_xosc
                0x0000b040       0x48 contiki-srf06-cc26xx.a(oscillators.o)
                0x0000b040                oscillators_select_lf_xosc
 .text.oscillators_select_lf_rcosc
                0x0000b088       0x30 contiki-srf06-cc26xx.a(oscillators.o)
                0x0000b088                oscillators_select_lf_rcosc
 .text.oscillators_request_hf_xosc
                0x0000b0b8       0x24 contiki-srf06-cc26xx.a(oscillators.o)
                0x0000b0b8                oscillators_request_hf_xosc
 .text.oscillators_switch_to_hf_xosc
                0x0000b0dc       0x28 contiki-srf06-cc26xx.a(oscillators.o)
                0x0000b0dc                oscillators_switch_to_hf_xosc
 .text.oscillators_switch_to_hf_rc
                0x0000b104       0x2c contiki-srf06-cc26xx.a(oscillators.o)
                0x0000b104                oscillators_switch_to_hf_rc
 .text.process_thread_rf_ble_beacon_process
                0x0000b130      0x22c contiki-srf06-cc26xx.a(rf-ble.o)
 .text.rf_ble_beacond_config
                0x0000b35c       0x44 contiki-srf06-cc26xx.a(rf-ble.o)
                0x0000b35c                rf_ble_beacond_config
 .text.rf_ble_beacond_start
                0x0000b3a0       0x38 contiki-srf06-cc26xx.a(rf-ble.o)
                0x0000b3a0                rf_ble_beacond_start
 .text.rf_ble_is_active
                0x0000b3d8        0xc contiki-srf06-cc26xx.a(rf-ble.o)
                0x0000b3d8                rf_ble_is_active
 .text.rf_ble_beacond_stop
                0x0000b3e4        0xc contiki-srf06-cc26xx.a(rf-ble.o)
                0x0000b3e4                rf_ble_beacond_stop
 .text.request  0x0000b3f0       0x20 contiki-srf06-cc26xx.a(ieee-mode.o)
 .text.rx_on    0x0000b410       0x60 contiki-srf06-cc26xx.a(ieee-mode.o)
 .text.rf_radio_setup
                0x0000b470       0x74 contiki-srf06-cc26xx.a(ieee-mode.o)
 .text.soft_on  0x0000b4e4       0x18 contiki-srf06-cc26xx.a(ieee-mode.o)
 .text.pending_packet
                0x0000b4fc       0x34 contiki-srf06-cc26xx.a(ieee-mode.o)
 .text.prepare  0x0000b530       0x1c contiki-srf06-cc26xx.a(ieee-mode.o)
 .text.read_frame
                0x0000b54c       0x58 contiki-srf06-cc26xx.a(ieee-mode.o)
 .text.soft_off
                0x0000b5a4       0x3c contiki-srf06-cc26xx.a(ieee-mode.o)
 .text.get_object
                0x0000b5e0       0x30 contiki-srf06-cc26xx.a(ieee-mode.o)
 .text.transmitting.part.1
                0x0000b610       0x40 contiki-srf06-cc26xx.a(ieee-mode.o)
 .text.rx_off   0x0000b650       0x64 contiki-srf06-cc26xx.a(ieee-mode.o)
 .text.get_cca_info
                0x0000b6b4       0x44 contiki-srf06-cc26xx.a(ieee-mode.o)
 .text.off.part.4
                0x0000b6f8       0x4c contiki-srf06-cc26xx.a(ieee-mode.o)
 .text.off      0x0000b744       0x14 contiki-srf06-cc26xx.a(ieee-mode.o)
 .text.receiving_packet
                0x0000b758       0x48 contiki-srf06-cc26xx.a(ieee-mode.o)
 .text.on       0x0000b7a0       0x98 contiki-srf06-cc26xx.a(ieee-mode.o)
 .text.set_value
                0x0000b838      0x168 contiki-srf06-cc26xx.a(ieee-mode.o)
 .text.get_value
                0x0000b9a0      0x144 contiki-srf06-cc26xx.a(ieee-mode.o)
 .text.transmit
                0x0000bae4       0xd8 contiki-srf06-cc26xx.a(ieee-mode.o)
 .text.send     0x0000bbbc       0x24 contiki-srf06-cc26xx.a(ieee-mode.o)
 .text.set_object
                0x0000bbe0       0x6c contiki-srf06-cc26xx.a(ieee-mode.o)
 .text.channel_clear
                0x0000bc4c       0x84 contiki-srf06-cc26xx.a(ieee-mode.o)
 .text.init     0x0000bcd0       0xd0 contiki-srf06-cc26xx.a(ieee-mode.o)
 .text.write_str
                0x0000bda0       0x14 contiki-srf06-cc26xx.a(dbg-printf.o)
 .text.printf   0x0000bdb4       0x24 contiki-srf06-cc26xx.a(dbg-printf.o)
                0x0000bdb4                printf
 .text.buffer_str
                0x0000bdd8       0x28 contiki-srf06-cc26xx.a(dbg-snprintf.o)
 .text.snprintf
                0x0000be00       0x38 contiki-srf06-cc26xx.a(dbg-snprintf.o)
                0x0000be00                snprintf
 .text.vsnprintf
                0x0000be38       0x2c contiki-srf06-cc26xx.a(dbg-snprintf.o)
                0x0000be38                vsnprintf
 .text.buffer_str
                0x0000be64       0x18 contiki-srf06-cc26xx.a(dbg-sprintf.o)
 .text.sprintf  0x0000be7c       0x34 contiki-srf06-cc26xx.a(dbg-sprintf.o)
                0x0000be7c                sprintf
 .text.fill_space
                0x0000beb0       0x3c contiki-srf06-cc26xx.a(strformat.o)
 .text.format_str_v
                0x0000beec      0x95c contiki-srf06-cc26xx.a(strformat.o)
                0x0000beec                format_str_v
 .text.autostart_start
                0x0000c848       0x18 contiki-srf06-cc26xx.a(autostart.o)
                0x0000c848                autostart_start
 .text.process_thread_ctimer_process
                0x0000c860       0x94 contiki-srf06-cc26xx.a(ctimer.o)
 .text.ctimer_init
                0x0000c8f4       0x28 contiki-srf06-cc26xx.a(ctimer.o)
                0x0000c8f4                ctimer_init
 .text.ctimer_set_with_process
                0x0000c91c       0x4c contiki-srf06-cc26xx.a(ctimer.o)
                0x0000c91c                ctimer_set_with_process
 .text.ctimer_set
                0x0000c968       0x18 contiki-srf06-cc26xx.a(ctimer.o)
                0x0000c968                ctimer_set
 .text.ctimer_reset
                0x0000c980       0x38 contiki-srf06-cc26xx.a(ctimer.o)
                0x0000c980                ctimer_reset
 .text.ctimer_restart
                0x0000c9b8       0x38 contiki-srf06-cc26xx.a(ctimer.o)
                0x0000c9b8                ctimer_restart
 .text.ctimer_stop
                0x0000c9f0       0x34 contiki-srf06-cc26xx.a(ctimer.o)
                0x0000c9f0                ctimer_stop
 .text.energest_init
                0x0000ca24        0x4 contiki-srf06-cc26xx.a(energest.o)
                0x0000ca24                energest_init
 .text.update_time
                0x0000ca28       0x44 contiki-srf06-cc26xx.a(etimer.o)
 .text.process_thread_etimer_process
                0x0000ca6c       0xc8 contiki-srf06-cc26xx.a(etimer.o)
 .text.add_timer
                0x0000cb34       0x54 contiki-srf06-cc26xx.a(etimer.o)
 .text.etimer_request_poll
                0x0000cb88        0xc contiki-srf06-cc26xx.a(etimer.o)
                0x0000cb88                etimer_request_poll
 .text.etimer_set
                0x0000cb94       0x14 contiki-srf06-cc26xx.a(etimer.o)
                0x0000cb94                etimer_set
 .text.etimer_reset
                0x0000cba8       0x14 contiki-srf06-cc26xx.a(etimer.o)
                0x0000cba8                etimer_reset
 .text.etimer_restart
                0x0000cbbc       0x14 contiki-srf06-cc26xx.a(etimer.o)
                0x0000cbbc                etimer_restart
 .text.etimer_expired
                0x0000cbd0        0xc contiki-srf06-cc26xx.a(etimer.o)
                0x0000cbd0                etimer_expired
 .text.etimer_expiration_time
                0x0000cbdc        0x8 contiki-srf06-cc26xx.a(etimer.o)
                0x0000cbdc                etimer_expiration_time
 .text.etimer_pending
                0x0000cbe4       0x10 contiki-srf06-cc26xx.a(etimer.o)
                0x0000cbe4                etimer_pending
 .text.etimer_next_expiration_time
                0x0000cbf4       0x14 contiki-srf06-cc26xx.a(etimer.o)
                0x0000cbf4                etimer_next_expiration_time
 .text.etimer_stop
                0x0000cc08       0x44 contiki-srf06-cc26xx.a(etimer.o)
                0x0000cc08                etimer_stop
 .text.exit_process
                0x0000cc4c       0xb0 contiki-srf06-cc26xx.a(process.o)
 .text.call_process.part.0
                0x0000ccfc       0x38 contiki-srf06-cc26xx.a(process.o)
 .text.do_poll  0x0000cd34       0x3c contiki-srf06-cc26xx.a(process.o)
 .text.process_alloc_event
                0x0000cd70       0x10 contiki-srf06-cc26xx.a(process.o)
                0x0000cd70                process_alloc_event
 .text.process_start
                0x0000cd80       0x48 contiki-srf06-cc26xx.a(process.o)
                0x0000cd80                process_start
 .text.process_exit
                0x0000cdc8        0xc contiki-srf06-cc26xx.a(process.o)
                0x0000cdc8                process_exit
 .text.process_init
                0x0000cdd4       0x34 contiki-srf06-cc26xx.a(process.o)
                0x0000cdd4                process_init
 .text.process_run
                0x0000ce08       0xd0 contiki-srf06-cc26xx.a(process.o)
                0x0000ce08                process_run
 .text.process_nevents
                0x0000ced8       0x14 contiki-srf06-cc26xx.a(process.o)
                0x0000ced8                process_nevents
 .text.process_post
                0x0000ceec       0x40 contiki-srf06-cc26xx.a(process.o)
                0x0000ceec                process_post
 .text.process_post_synch
                0x0000cf2c       0x18 contiki-srf06-cc26xx.a(process.o)
                0x0000cf2c                process_post_synch
 .text.process_poll
                0x0000cf44       0x18 contiki-srf06-cc26xx.a(process.o)
                0x0000cf44                process_poll
 .text.rtimer_init
                0x0000cf5c        0x4 contiki-srf06-cc26xx.a(rtimer.o)
                0x0000cf5c                rtimer_init
 .text.rtimer_set
                0x0000cf60       0x2c contiki-srf06-cc26xx.a(rtimer.o)
                0x0000cf60                rtimer_set
 .text.rtimer_run_next
                0x0000cf8c       0x28 contiki-srf06-cc26xx.a(rtimer.o)
                0x0000cf8c                rtimer_run_next
 .text.timer_set
                0x0000cfb4       0x10 contiki-srf06-cc26xx.a(timer.o)
                0x0000cfb4                timer_set
 .text.timer_reset
                0x0000cfc4        0xc contiki-srf06-cc26xx.a(timer.o)
                0x0000cfc4                timer_reset
 .text.timer_restart
                0x0000cfd0        0xc contiki-srf06-cc26xx.a(timer.o)
                0x0000cfd0                timer_restart
 .text.timer_expired
                0x0000cfdc       0x1c contiki-srf06-cc26xx.a(timer.o)
                0x0000cfdc                timer_expired
 .text.process_thread_serial_line_process
                0x0000cff8       0xa8 contiki-srf06-cc26xx.a(serial-line.o)
 .text.serial_line_input_byte
                0x0000d0a0       0x54 contiki-srf06-cc26xx.a(serial-line.o)
                0x0000d0a0                serial_line_input_byte
 .text.serial_line_init
                0x0000d0f4       0x24 contiki-srf06-cc26xx.a(serial-line.o)
                0x0000d0f4                serial_line_init
 .text.list_init
                0x0000d118        0x8 contiki-srf06-cc26xx.a(list.o)
                0x0000d118                list_init
 .text.list_head
                0x0000d120        0x4 contiki-srf06-cc26xx.a(list.o)
                0x0000d120                list_head
 .text.list_tail
                0x0000d124       0x14 contiki-srf06-cc26xx.a(list.o)
                0x0000d124                list_tail
 .text.list_add
                0x0000d138       0x5c contiki-srf06-cc26xx.a(list.o)
                0x0000d138                list_add
 .text.list_push
                0x0000d194       0x48 contiki-srf06-cc26xx.a(list.o)
                0x0000d194                list_push
 .text.list_remove
                0x0000d1dc       0x38 contiki-srf06-cc26xx.a(list.o)
                0x0000d1dc                list_remove
 .text.list_length
                0x0000d214       0x14 contiki-srf06-cc26xx.a(list.o)
                0x0000d214                list_length
 .text.list_item_next
                0x0000d228        0x8 contiki-srf06-cc26xx.a(list.o)
                0x0000d228                list_item_next
 .text.memb_init
                0x0000d230       0x24 contiki-srf06-cc26xx.a(memb.o)
                0x0000d230                memb_init
 .text.memb_alloc
                0x0000d254       0x3c contiki-srf06-cc26xx.a(memb.o)
                0x0000d254                memb_alloc
 .text.memb_free
                0x0000d290       0x3c contiki-srf06-cc26xx.a(memb.o)
                0x0000d290                memb_free
 .text.memb_inmemb
                0x0000d2cc       0x1c contiki-srf06-cc26xx.a(memb.o)
                0x0000d2cc                memb_inmemb
 .text.memb_numfree
                0x0000d2e8       0x1c contiki-srf06-cc26xx.a(memb.o)
                0x0000d2e8                memb_numfree
 .text.random_init
                0x0000d304        0x4 contiki-srf06-cc26xx.a(random.o)
                0x0000d304                random_init
 .text.random_rand
                0x0000d308        0xc contiki-srf06-cc26xx.a(random.o)
                0x0000d308                random_rand
 .text.ringbuf_init
                0x0000d314       0x10 contiki-srf06-cc26xx.a(ringbuf.o)
                0x0000d314                ringbuf_init
 .text.ringbuf_put
                0x0000d324       0x2c contiki-srf06-cc26xx.a(ringbuf.o)
                0x0000d324                ringbuf_put
 .text.ringbuf_get
                0x0000d350       0x24 contiki-srf06-cc26xx.a(ringbuf.o)
                0x0000d350                ringbuf_get
 .text.sicslowpan_init
                0x0000d374       0x24 contiki-srf06-cc26xx.a(sicslowpan.o)
                0x0000d374                sicslowpan_init
 .text.set_packet_attrs
                0x0000d398       0x50 contiki-srf06-cc26xx.a(sicslowpan.o)
 .text.compress_addr_64
                0x0000d3e8       0x9c contiki-srf06-cc26xx.a(sicslowpan.o)
 .text.addr_context_lookup_by_prefix
                0x0000d484       0x28 contiki-srf06-cc26xx.a(sicslowpan.o)
 .text.send_packet
                0x0000d4ac       0x24 contiki-srf06-cc26xx.a(sicslowpan.o)
 .text.packet_sent
                0x0000d4d0       0x28 contiki-srf06-cc26xx.a(sicslowpan.o)
 .text.store_fragment
                0x0000d4f8       0x68 contiki-srf06-cc26xx.a(sicslowpan.o)
 .text.add_fragment
                0x0000d560      0x18c contiki-srf06-cc26xx.a(sicslowpan.o)
 .text.uncompress_addr
                0x0000d6ec       0xb8 contiki-srf06-cc26xx.a(sicslowpan.o)
 .text.input    0x0000d7a4      0x68c contiki-srf06-cc26xx.a(sicslowpan.o)
 .text.output   0x0000de30      0x704 contiki-srf06-cc26xx.a(sicslowpan.o)
 .text.sicslowpan_get_last_rssi
                0x0000e534        0xc contiki-srf06-cc26xx.a(sicslowpan.o)
                0x0000e534                sicslowpan_get_last_rssi
 .text.chksum   0x0000e540       0x50 contiki-srf06-cc26xx.a(uip6.o)
 .text.upper_layer_chksum
                0x0000e590       0x58 contiki-srf06-cc26xx.a(uip6.o)
 .text.ext_hdr_options_process
                0x0000e5e8       0xd0 contiki-srf06-cc26xx.a(uip6.o)
 .text.uip_add32
                0x0000e6b8       0x58 contiki-srf06-cc26xx.a(uip6.o)
                0x0000e6b8                uip_add32
 .text.unlikely.uip_add_rcv_nxt
                0x0000e710       0x2c contiki-srf06-cc26xx.a(uip6.o)
 .text.uip_icmp6chksum
                0x0000e73c        0x8 contiki-srf06-cc26xx.a(uip6.o)
                0x0000e73c                uip_icmp6chksum
 .text.uip_init
                0x0000e744       0x64 contiki-srf06-cc26xx.a(uip6.o)
                0x0000e744                uip_init
 .text.uip_connect
                0x0000e7a8      0x11c contiki-srf06-cc26xx.a(uip6.o)
                0x0000e7a8                uip_connect
 .text.remove_ext_hdr
                0x0000e8c4       0x54 contiki-srf06-cc26xx.a(uip6.o)
                0x0000e8c4                remove_ext_hdr
 .text.uip_udp_new
                0x0000e918       0xe4 contiki-srf06-cc26xx.a(uip6.o)
                0x0000e918                uip_udp_new
 .text.uip_unlisten
                0x0000e9fc       0x58 contiki-srf06-cc26xx.a(uip6.o)
                0x0000e9fc                uip_unlisten
 .text.uip_listen
                0x0000ea54       0x4c contiki-srf06-cc26xx.a(uip6.o)
                0x0000ea54                uip_listen
 .text.uip_process
                0x0000eaa0     0x1190 contiki-srf06-cc26xx.a(uip6.o)
                0x0000eaa0                uip_process
 .text.uip_htons
                0x0000fc30        0x8 contiki-srf06-cc26xx.a(uip6.o)
                0x0000fc30                uip_htons
 .text.uip_htonl
                0x0000fc38       0x14 contiki-srf06-cc26xx.a(uip6.o)
                0x0000fc38                uip_htonl
 .text.uip_send
                0x0000fc4c       0x4c contiki-srf06-cc26xx.a(uip6.o)
                0x0000fc4c                uip_send
 .text.uip_ds6_list_loop
                0x0000fc98       0x5c contiki-srf06-cc26xx.a(uip-ds6.o)
                0x0000fc98                uip_ds6_list_loop
 .text.uip_ds6_prefix_add
                0x0000fcf4       0x6c contiki-srf06-cc26xx.a(uip-ds6.o)
                0x0000fcf4                uip_ds6_prefix_add
 .text.uip_ds6_is_addr_onlink
                0x0000fd60       0x40 contiki-srf06-cc26xx.a(uip-ds6.o)
                0x0000fd60                uip_ds6_is_addr_onlink
 .text.uip_ds6_addr_lookup
                0x0000fda0       0x30 contiki-srf06-cc26xx.a(uip-ds6.o)
                0x0000fda0                uip_ds6_addr_lookup
 .text.uip_ds6_get_link_local
                0x0000fdd0       0x50 contiki-srf06-cc26xx.a(uip-ds6.o)
                0x0000fdd0                uip_ds6_get_link_local
 .text.uip_ds6_get_global
                0x0000fe20       0x50 contiki-srf06-cc26xx.a(uip-ds6.o)
                0x0000fe20                uip_ds6_get_global
 .text.uip_ds6_maddr_add
                0x0000fe70       0x50 contiki-srf06-cc26xx.a(uip-ds6.o)
                0x0000fe70                uip_ds6_maddr_add
 .text.uip_ds6_addr_add
                0x0000fec0       0xa8 contiki-srf06-cc26xx.a(uip-ds6.o)
                0x0000fec0                uip_ds6_addr_add
 .text.uip_ds6_maddr_lookup
                0x0000ff68       0x30 contiki-srf06-cc26xx.a(uip-ds6.o)
                0x0000ff68                uip_ds6_maddr_lookup
 .text.uip_ds6_addr_rm
                0x0000ff98       0x48 contiki-srf06-cc26xx.a(uip-ds6.o)
                0x0000ff98                uip_ds6_addr_rm
 .text.uip_ds6_periodic
                0x0000ffe0       0x60 contiki-srf06-cc26xx.a(uip-ds6.o)
                0x0000ffe0                uip_ds6_periodic
 .text.uip_ds6_select_src
                0x00010040      0x118 contiki-srf06-cc26xx.a(uip-ds6.o)
                0x00010040                uip_ds6_select_src
 .text.uip_ds6_set_addr_iid
                0x00010158       0x14 contiki-srf06-cc26xx.a(uip-ds6.o)
                0x00010158                uip_ds6_set_addr_iid
 .text.uip_ds6_compute_reachable_time
                0x0001016c       0x2c contiki-srf06-cc26xx.a(uip-ds6.o)
                0x0001016c                uip_ds6_compute_reachable_time
 .text.uip_ds6_init
                0x00010198       0xf8 contiki-srf06-cc26xx.a(uip-ds6.o)
                0x00010198                uip_ds6_init
 .text.uip_ds6_nbr_rm
                0x00010290       0x20 contiki-srf06-cc26xx.a(uip-ds6-nbr.o)
                0x00010290                uip_ds6_nbr_rm
 .text.uip_ds6_neighbors_init
                0x000102b0       0x14 contiki-srf06-cc26xx.a(uip-ds6-nbr.o)
                0x000102b0                uip_ds6_neighbors_init
 .text.uip_ds6_nbr_add
                0x000102c4       0x54 contiki-srf06-cc26xx.a(uip-ds6-nbr.o)
                0x000102c4                uip_ds6_nbr_add
 .text.uip_ds6_nbr_get_ll
                0x00010318       0x10 contiki-srf06-cc26xx.a(uip-ds6-nbr.o)
                0x00010318                uip_ds6_nbr_get_ll
 .text.uip_ds6_nbr_lookup
                0x00010328       0x3c contiki-srf06-cc26xx.a(uip-ds6-nbr.o)
                0x00010328                uip_ds6_nbr_lookup
 .text.uip_ds6_nbr_ipaddr_from_lladdr
                0x00010364       0x10 contiki-srf06-cc26xx.a(uip-ds6-nbr.o)
                0x00010364                uip_ds6_nbr_ipaddr_from_lladdr
 .text.uip_ds6_nbr_lladdr_from_ipaddr
                0x00010374       0x1c contiki-srf06-cc26xx.a(uip-ds6-nbr.o)
                0x00010374                uip_ds6_nbr_lladdr_from_ipaddr
 .text.uip_ds6_link_neighbor_callback
                0x00010390       0x2c contiki-srf06-cc26xx.a(uip-ds6-nbr.o)
                0x00010390                uip_ds6_link_neighbor_callback
 .text.uip_ds6_neighbor_periodic
                0x000103bc       0x70 contiki-srf06-cc26xx.a(uip-ds6-nbr.o)
                0x000103bc                uip_ds6_neighbor_periodic
 .text.call_route_callback
                0x0001042c       0x50 contiki-srf06-cc26xx.a(uip-ds6-route.o)
 .text.uip_ds6_route_init
                0x0001047c       0x4c contiki-srf06-cc26xx.a(uip-ds6-route.o)
                0x0001047c                uip_ds6_route_init
 .text.uip_ds6_route_nexthop
                0x000104c8       0x1c contiki-srf06-cc26xx.a(uip-ds6-route.o)
                0x000104c8                uip_ds6_route_nexthop
 .text.uip_ds6_route_head
                0x000104e4        0xc contiki-srf06-cc26xx.a(uip-ds6-route.o)
                0x000104e4                uip_ds6_route_head
 .text.uip_ds6_route_next
                0x000104f0        0x8 contiki-srf06-cc26xx.a(uip-ds6-route.o)
                0x000104f0                uip_ds6_route_next
 .text.uip_ds6_route_lookup
                0x000104f8       0x78 contiki-srf06-cc26xx.a(uip-ds6-route.o)
                0x000104f8                uip_ds6_route_lookup
 .text.uip_ds6_route_rm
                0x00010570       0xac contiki-srf06-cc26xx.a(uip-ds6-route.o)
                0x00010570                uip_ds6_route_rm
 .text.rm_routelist
                0x0001061c       0x38 contiki-srf06-cc26xx.a(uip-ds6-route.o)
 .text.rm_routelist_callback
                0x00010654        0x4 contiki-srf06-cc26xx.a(uip-ds6-route.o)
 .text.uip_ds6_route_add
                0x00010658      0x120 contiki-srf06-cc26xx.a(uip-ds6-route.o)
                0x00010658                uip_ds6_route_add
 .text.uip_ds6_defrt_rm
                0x00010778       0x48 contiki-srf06-cc26xx.a(uip-ds6-route.o)
                0x00010778                uip_ds6_defrt_rm
 .text.uip_ds6_defrt_lookup
                0x000107c0       0x34 contiki-srf06-cc26xx.a(uip-ds6-route.o)
                0x000107c0                uip_ds6_defrt_lookup
 .text.uip_ds6_defrt_add
                0x000107f4       0x5c contiki-srf06-cc26xx.a(uip-ds6-route.o)
                0x000107f4                uip_ds6_defrt_add
 .text.uip_ds6_defrt_choose
                0x00010850       0x34 contiki-srf06-cc26xx.a(uip-ds6-route.o)
                0x00010850                uip_ds6_defrt_choose
 .text.uip_ds6_defrt_periodic
                0x00010884       0x40 contiki-srf06-cc26xx.a(uip-ds6-route.o)
                0x00010884                uip_ds6_defrt_periodic
 .text.echo_reply_input
                0x000108c4      0x118 contiki-srf06-cc26xx.a(uip-icmp6.o)
 .text.echo_request_input
                0x000109dc      0x108 contiki-srf06-cc26xx.a(uip-icmp6.o)
 .text.uip_icmp6_input
                0x00010ae4       0x3c contiki-srf06-cc26xx.a(uip-icmp6.o)
                0x00010ae4                uip_icmp6_input
 .text.uip_icmp6_register_input_handler
                0x00010b20        0xc contiki-srf06-cc26xx.a(uip-icmp6.o)
                0x00010b20                uip_icmp6_register_input_handler
 .text.uip_icmp6_error_output
                0x00010b2c      0x158 contiki-srf06-cc26xx.a(uip-icmp6.o)
                0x00010b2c                uip_icmp6_error_output
 .text.uip_icmp6_send
                0x00010c84       0x80 contiki-srf06-cc26xx.a(uip-icmp6.o)
                0x00010c84                uip_icmp6_send
 .text.uip_icmp6_echo_reply_callback_add
                0x00010d04       0x14 contiki-srf06-cc26xx.a(uip-icmp6.o)
                0x00010d04                uip_icmp6_echo_reply_callback_add
 .text.uip_icmp6_init
                0x00010d18       0x24 contiki-srf06-cc26xx.a(uip-icmp6.o)
                0x00010d18                uip_icmp6_init
 .text.uip_nd6_init
                0x00010d3c        0x4 contiki-srf06-cc26xx.a(uip-nd6.o)
                0x00010d3c                uip_nd6_init
 .text.psock_send
                0x00010d40       0xa4 contiki-srf06-cc26xx.a(psock.o)
                0x00010d40                psock_send
 .text.psock_datalen
                0x00010de4        0xc contiki-srf06-cc26xx.a(psock.o)
                0x00010de4                psock_datalen
 .text.psock_readto
                0x00010df0       0xbc contiki-srf06-cc26xx.a(psock.o)
                0x00010df0                psock_readto
 .text.psock_readbuf_len
                0x00010eac       0xf4 contiki-srf06-cc26xx.a(psock.o)
                0x00010eac                psock_readbuf_len
 .text.psock_init
                0x00010fa0       0x18 contiki-srf06-cc26xx.a(psock.o)
                0x00010fa0                psock_init
 .text.start_periodic_tcp_timer
                0x00010fb8       0x1c contiki-srf06-cc26xx.a(tcpip.o)
 .text.tcpip_set_outputfunc
                0x00010fd4        0xc contiki-srf06-cc26xx.a(tcpip.o)
                0x00010fd4                tcpip_set_outputfunc
 .text.tcp_connect
                0x00010fe0       0x2c contiki-srf06-cc26xx.a(tcpip.o)
                0x00010fe0                tcp_connect
 .text.tcp_unlisten
                0x0001100c       0x54 contiki-srf06-cc26xx.a(tcpip.o)
                0x0001100c                tcp_unlisten
 .text.tcp_listen
                0x00011060       0x58 contiki-srf06-cc26xx.a(tcpip.o)
                0x00011060                tcp_listen
 .text.tcp_attach
                0x000110b8       0x10 contiki-srf06-cc26xx.a(tcpip.o)
                0x000110b8                tcp_attach
 .text.udp_new  0x000110c8       0x18 contiki-srf06-cc26xx.a(tcpip.o)
                0x000110c8                udp_new
 .text.tcpip_icmp6_call
                0x000110e0       0x28 contiki-srf06-cc26xx.a(tcpip.o)
                0x000110e0                tcpip_icmp6_call
 .text.tcpip_input
                0x00011108       0x24 contiki-srf06-cc26xx.a(tcpip.o)
                0x00011108                tcpip_input
 .text.tcpip_ipv6_output
                0x0001112c       0xc8 contiki-srf06-cc26xx.a(tcpip.o)
                0x0001112c                tcpip_ipv6_output
 .text.process_thread_tcpip_process
                0x000111f4      0x200 contiki-srf06-cc26xx.a(tcpip.o)
 .text.tcpip_uipcall
                0x000113f4       0xa4 contiki-srf06-cc26xx.a(tcpip.o)
                0x000113f4                tcpip_uipcall
 .text.newdata  0x00011498       0x58 contiki-srf06-cc26xx.a(tcp-socket.o)
 .text.senddata
                0x000114f0       0x30 contiki-srf06-cc26xx.a(tcp-socket.o)
 .text.process_thread_tcp_socket_process
                0x00011520      0x294 contiki-srf06-cc26xx.a(tcp-socket.o)
 .text.tcp_socket_register
                0x000117b4       0x70 contiki-srf06-cc26xx.a(tcp-socket.o)
                0x000117b4                tcp_socket_register
 .text.tcp_socket_connect
                0x00011824       0x4c contiki-srf06-cc26xx.a(tcp-socket.o)
                0x00011824                tcp_socket_connect
 .text.tcp_socket_unlisten
                0x00011870       0x3c contiki-srf06-cc26xx.a(tcp-socket.o)
                0x00011870                tcp_socket_unlisten
 .text.tcp_socket_send
                0x000118ac       0x38 contiki-srf06-cc26xx.a(tcp-socket.o)
                0x000118ac                tcp_socket_send
 .text.tcp_socket_close
                0x000118e4       0x1c contiki-srf06-cc26xx.a(tcp-socket.o)
                0x000118e4                tcp_socket_close
 .text.tcp_socket_unregister
                0x00011900       0x2c contiki-srf06-cc26xx.a(tcp-socket.o)
                0x00011900                tcp_socket_unregister
 .text.uip_debug_ipaddr_print
                0x0001192c       0xb0 contiki-srf06-cc26xx.a(uip-debug.o)
                0x0001192c                uip_debug_ipaddr_print
 .text.uiplib_ip6addrconv
                0x000119dc       0xd0 contiki-srf06-cc26xx.a(uiplib.o)
                0x000119dc                uiplib_ip6addrconv
 .text.uip_udp_packet_send
                0x00011aac       0x44 contiki-srf06-cc26xx.a(uip-udp-packet.)
                0x00011aac                uip_udp_packet_send
 .text.uip_udp_packet_sendto
                0x00011af0       0x48 contiki-srf06-cc26xx.a(uip-udp-packet.)
                0x00011af0                uip_udp_packet_sendto
 .text.rpl_get_mode
                0x00011b38        0xc contiki-srf06-cc26xx.a(rpl.o)
                0x00011b38                rpl_get_mode
 .text.rpl_purge_routes
                0x00011b44       0x7c contiki-srf06-cc26xx.a(rpl.o)
                0x00011b44                rpl_purge_routes
 .text.rpl_remove_routes
                0x00011bc0       0x24 contiki-srf06-cc26xx.a(rpl.o)
                0x00011bc0                rpl_remove_routes
 .text.rpl_remove_routes_by_nexthop
                0x00011be4       0x44 contiki-srf06-cc26xx.a(rpl.o)
                0x00011be4                rpl_remove_routes_by_nexthop
 .text.rpl_add_route
                0x00011c28       0x2c contiki-srf06-cc26xx.a(rpl.o)
                0x00011c28                rpl_add_route
 .text.rpl_link_neighbor_callback
                0x00011c54       0x74 contiki-srf06-cc26xx.a(rpl.o)
                0x00011c54                rpl_link_neighbor_callback
 .text.rpl_ipv6_neighbor_callback
                0x00011cc8       0x30 contiki-srf06-cc26xx.a(rpl.o)
                0x00011cc8                rpl_ipv6_neighbor_callback
 .text.rpl_purge_dags
                0x00011cf8       0x40 contiki-srf06-cc26xx.a(rpl.o)
                0x00011cf8                rpl_purge_dags
 .text.rpl_init
                0x00011d38       0x58 contiki-srf06-cc26xx.a(rpl.o)
                0x00011d38                rpl_init
 .text.rpl_set_preferred_parent
                0x00011d90       0x2c contiki-srf06-cc26xx.a(rpl-dag.o)
 .text.set_ip_from_prefix
                0x00011dbc       0x24 contiki-srf06-cc26xx.a(rpl-dag.o)
 .text.check_prefix
                0x00011de0       0x78 contiki-srf06-cc26xx.a(rpl-dag.o)
 .text.find_parent_any_dag_any_instance
                0x00011e58       0x1c contiki-srf06-cc26xx.a(rpl-dag.o)
 .text.lollipop_greater_than
                0x00011e74       0x3c contiki-srf06-cc26xx.a(rpl-dag.o)
 .text.rpl_get_nbr
                0x00011eb0       0x28 contiki-srf06-cc26xx.a(rpl-dag.o)
                0x00011eb0                rpl_get_nbr
 .text.rpl_dag_init
                0x00011ed8       0x14 contiki-srf06-cc26xx.a(rpl-dag.o)
                0x00011ed8                rpl_dag_init
 .text.rpl_get_parent
                0x00011eec       0x10 contiki-srf06-cc26xx.a(rpl-dag.o)
                0x00011eec                rpl_get_parent
 .text.rpl_get_parent_ipaddr
                0x00011efc       0x18 contiki-srf06-cc26xx.a(rpl-dag.o)
                0x00011efc                rpl_get_parent_ipaddr
 .text.rpl_repair_root
                0x00011f14       0x60 contiki-srf06-cc26xx.a(rpl-dag.o)
                0x00011f14                rpl_repair_root
 .text.rpl_set_prefix
                0x00011f74       0x94 contiki-srf06-cc26xx.a(rpl-dag.o)
                0x00011f74                rpl_set_prefix
 .text.rpl_set_default_route
                0x00012008       0x3c contiki-srf06-cc26xx.a(rpl-dag.o)
                0x00012008                rpl_set_default_route
 .text.rpl_alloc_instance
                0x00012044       0x34 contiki-srf06-cc26xx.a(rpl-dag.o)
                0x00012044                rpl_alloc_instance
 .text.rpl_alloc_dag
                0x00012078       0x5c contiki-srf06-cc26xx.a(rpl-dag.o)
                0x00012078                rpl_alloc_dag
 .text.rpl_add_parent
                0x000120d4       0x44 contiki-srf06-cc26xx.a(rpl-dag.o)
                0x000120d4                rpl_add_parent
 .text.rpl_find_parent
                0x00012118       0x18 contiki-srf06-cc26xx.a(rpl-dag.o)
                0x00012118                rpl_find_parent
 .text.rpl_find_parent_any_dag
                0x00012130       0x20 contiki-srf06-cc26xx.a(rpl-dag.o)
                0x00012130                rpl_find_parent_any_dag
 .text.rpl_select_parent
                0x00012150       0x84 contiki-srf06-cc26xx.a(rpl-dag.o)
                0x00012150                rpl_select_parent
 .text.rpl_select_dag
                0x000121d4      0x174 contiki-srf06-cc26xx.a(rpl-dag.o)
                0x000121d4                rpl_select_dag
 .text.rpl_nullify_parent
                0x00012348       0x4c contiki-srf06-cc26xx.a(rpl-dag.o)
                0x00012348                rpl_nullify_parent
 .text.rpl_remove_parent
                0x00012394       0x1c contiki-srf06-cc26xx.a(rpl-dag.o)
                0x00012394                rpl_remove_parent
 .text.nbr_callback
                0x000123b0        0x4 contiki-srf06-cc26xx.a(rpl-dag.o)
 .text.remove_parents.constprop.6
                0x000123b4       0x48 contiki-srf06-cc26xx.a(rpl-dag.o)
 .text.rpl_free_dag
                0x000123fc       0x38 contiki-srf06-cc26xx.a(rpl-dag.o)
                0x000123fc                rpl_free_dag
 .text.rpl_move_parent
                0x00012434       0x4c contiki-srf06-cc26xx.a(rpl-dag.o)
                0x00012434                rpl_move_parent
 .text.rpl_get_any_dag
                0x00012480       0x18 contiki-srf06-cc26xx.a(rpl-dag.o)
                0x00012480                rpl_get_any_dag
 .text.rpl_get_instance
                0x00012498       0x20 contiki-srf06-cc26xx.a(rpl-dag.o)
                0x00012498                rpl_get_instance
 .text.rpl_join_instance
                0x000124b8      0x128 contiki-srf06-cc26xx.a(rpl-dag.o)
                0x000124b8                rpl_join_instance
 .text.rpl_local_repair
                0x000125e0       0x68 contiki-srf06-cc26xx.a(rpl-dag.o)
                0x000125e0                rpl_local_repair
 .text.rpl_process_parent_event
                0x00012648       0x60 contiki-srf06-cc26xx.a(rpl-dag.o)
                0x00012648                rpl_process_parent_event
 .text.rpl_add_dag
                0x000126a8      0x144 contiki-srf06-cc26xx.a(rpl-dag.o)
                0x000126a8                rpl_add_dag
 .text.rpl_recalculate_ranks
                0x000127ec       0x50 contiki-srf06-cc26xx.a(rpl-dag.o)
                0x000127ec                rpl_recalculate_ranks
 .text.rpl_process_dio
                0x0001283c      0x310 contiki-srf06-cc26xx.a(rpl-dag.o)
                0x0001283c                rpl_process_dio
 .text.rpl_verify_header
                0x00012b4c      0x104 contiki-srf06-cc26xx.a(rpl-ext-header.)
                0x00012b4c                rpl_verify_header
 .text.rpl_update_header_empty
                0x00012c50      0x138 contiki-srf06-cc26xx.a(rpl-ext-header.)
                0x00012c50                rpl_update_header_empty
 .text.rpl_update_header_final
                0x00012d88       0x8c contiki-srf06-cc26xx.a(rpl-ext-header.)
                0x00012d88                rpl_update_header_final
 .text.rpl_invert_header
                0x00012e14       0x68 contiki-srf06-cc26xx.a(rpl-ext-header.)
                0x00012e14                rpl_invert_header
 .text.rpl_insert_header
                0x00012e7c       0x1c contiki-srf06-cc26xx.a(rpl-ext-header.)
                0x00012e7c                rpl_insert_header
 .text.dao_ack_input
                0x00012e98       0x14 contiki-srf06-cc26xx.a(rpl-icmp6.o)
 .text.dio_input
                0x00012eac      0x2ec contiki-srf06-cc26xx.a(rpl-icmp6.o)
 .text.dis_output
                0x00013198       0x58 contiki-srf06-cc26xx.a(rpl-icmp6.o)
                0x00013198                dis_output
 .text.dio_output
                0x000131f0      0x2a4 contiki-srf06-cc26xx.a(rpl-icmp6.o)
                0x000131f0                dio_output
 .text.dis_input
                0x00013494       0x40 contiki-srf06-cc26xx.a(rpl-icmp6.o)
 .text.dao_output_target
                0x000134d4       0xf4 contiki-srf06-cc26xx.a(rpl-icmp6.o)
                0x000134d4                dao_output_target
 .text.dao_output
                0x000135c8       0x5c contiki-srf06-cc26xx.a(rpl-icmp6.o)
                0x000135c8                dao_output
 .text.dao_ack_output
                0x00013624       0x30 contiki-srf06-cc26xx.a(rpl-icmp6.o)
                0x00013624                dao_ack_output
 .text.dao_input
                0x00013654      0x200 contiki-srf06-cc26xx.a(rpl-icmp6.o)
 .text.rpl_icmp6_register_handlers
                0x00013854       0x30 contiki-srf06-cc26xx.a(rpl-icmp6.o)
                0x00013854                rpl_icmp6_register_handlers
 .text.reset    0x00013884        0x4 contiki-srf06-cc26xx.a(rpl-mrhof.o)
 .text.update_metric_container
                0x00013888        0x8 contiki-srf06-cc26xx.a(rpl-mrhof.o)
 .text.calculate_rank
                0x00013890       0x44 contiki-srf06-cc26xx.a(rpl-mrhof.o)
 .text.neighbor_link_callback
                0x000138d4       0x50 contiki-srf06-cc26xx.a(rpl-mrhof.o)
 .text.best_dag
                0x00013924       0x2c contiki-srf06-cc26xx.a(rpl-mrhof.o)
 .text.best_parent
                0x00013950       0x60 contiki-srf06-cc26xx.a(rpl-mrhof.o)
 .text.new_dio_interval
                0x000139b0       0x60 contiki-srf06-cc26xx.a(rpl-timers.o)
 .text.handle_periodic_timer
                0x00013a10       0x3c contiki-srf06-cc26xx.a(rpl-timers.o)
 .text.set_dao_lifetime_timer
                0x00013a4c       0x3c contiki-srf06-cc26xx.a(rpl-timers.o)
 .text.handle_unicast_dio_timer
                0x00013a88       0x1c contiki-srf06-cc26xx.a(rpl-timers.o)
 .text.handle_dio_timer
                0x00013aa4       0x8c contiki-srf06-cc26xx.a(rpl-timers.o)
 .text.schedule_dao
                0x00013b30       0x54 contiki-srf06-cc26xx.a(rpl-timers.o)
 .text.handle_dao_timer
                0x00013b84       0x5c contiki-srf06-cc26xx.a(rpl-timers.o)
 .text.rpl_reset_periodic_timer
                0x00013be0       0x3c contiki-srf06-cc26xx.a(rpl-timers.o)
                0x00013be0                rpl_reset_periodic_timer
 .text.rpl_reset_dio_timer
                0x00013c1c       0x1c contiki-srf06-cc26xx.a(rpl-timers.o)
                0x00013c1c                rpl_reset_dio_timer
 .text.rpl_schedule_dao
                0x00013c38        0x8 contiki-srf06-cc26xx.a(rpl-timers.o)
                0x00013c38                rpl_schedule_dao
 .text.rpl_schedule_unicast_dio_immediately
                0x00013c40       0x14 contiki-srf06-cc26xx.a(rpl-timers.o)
                0x00013c40                rpl_schedule_unicast_dio_immediately
 .text.rpl_schedule_probing
                0x00013c54       0x38 contiki-srf06-cc26xx.a(rpl-timers.o)
                0x00013c54                rpl_schedule_probing
 .text.handle_probing_timer
                0x00013c8c       0xd8 contiki-srf06-cc26xx.a(rpl-timers.o)
 .text.AONBatMonTemperatureGetDegC
                0x00013d64       0x30 contiki-srf06-cc26xx.a(aon_batmon.o)
                0x00013d64                AONBatMonTemperatureGetDegC
 .text.NOROM_AONRTCCurrentCompareValueGet
                0x00013d94       0x24 contiki-srf06-cc26xx.a(aon_rtc.o)
                0x00013d94                NOROM_AONRTCCurrentCompareValueGet
 .text.ChipInfo_GetSupportedProtocol_BV
                0x00013db8       0x10 contiki-srf06-cc26xx.a(chipinfo.o)
                0x00013db8                ChipInfo_GetSupportedProtocol_BV
 .text.ChipInfo_GetChipFamily
                0x00013dc8       0x38 contiki-srf06-cc26xx.a(chipinfo.o)
                0x00013dc8                ChipInfo_GetChipFamily
 .text.ChipInfo_GetHwRevision
                0x00013e00       0x98 contiki-srf06-cc26xx.a(chipinfo.o)
                0x00013e00                ChipInfo_GetHwRevision
 .text.ThisCodeIsBuiltForCC26xxHwRev22AndLater_HaltIfViolated
                0x00013e98       0x2c contiki-srf06-cc26xx.a(chipinfo.o)
                0x00013e98                ThisCodeIsBuiltForCC26xxHwRev22AndLater_HaltIfViolated
 .text.NOROM_CPUcpsid
                0x00013ec4        0x8 contiki-srf06-cc26xx.a(cpu.o)
                0x00013ec4                NOROM_CPUcpsid
 .text.NOROM_CPUcpsie
                0x00013ecc        0x8 contiki-srf06-cc26xx.a(cpu.o)
                0x00013ecc                NOROM_CPUcpsie
 .text.NOROM_CPUdelay
                0x00013ed4        0x8 contiki-srf06-cc26xx.a(cpu.o)
                0x00013ed4                NOROM_CPUdelay
 .text.NOROM_DDI16BitfieldWrite
                0x00013edc       0x4c contiki-srf06-cc26xx.a(ddi.o)
                0x00013edc                NOROM_DDI16BitfieldWrite
 .text.NOROM_DDI16BitfieldRead
                0x00013f28       0x4c contiki-srf06-cc26xx.a(ddi.o)
                0x00013f28                NOROM_DDI16BitfieldRead
 .text.NOROM_OSCClockSourceSet
                0x00013f74       0x50 contiki-srf06-cc26xx.a(osc.o)
                0x00013f74                NOROM_OSCClockSourceSet
 .text.NOROM_OSCClockSourceGet
                0x00013fc4       0x20 contiki-srf06-cc26xx.a(osc.o)
                0x00013fc4                NOROM_OSCClockSourceGet
 .text.NOROM_OSCInterfaceEnable
                0x00013fe4       0x34 contiki-srf06-cc26xx.a(osc.o)
                0x00013fe4                NOROM_OSCInterfaceEnable
 .text.NOROM_PowerCtrlSourceSet
                0x00014018       0x30 contiki-srf06-cc26xx.a(pwr_ctrl.o)
                0x00014018                NOROM_PowerCtrlSourceSet
 .text.HapiTrimDeviceShutDown
                0x00014048      0x4e8 contiki-srf06-cc26xx.a(setup.o)
 .text.trimDevice
                0x00014530       0xfc contiki-srf06-cc26xx.a(setup.o)
                0x00014530                trimDevice
 .text.SysCtrlSetRechargeBeforePowerDown
                0x0001462c      0x1d8 contiki-srf06-cc26xx.a(sys_ctrl.o)
                0x0001462c                SysCtrlSetRechargeBeforePowerDown
 .text.SysCtrlAdjustRechargeAfterPowerDown
                0x00014804       0x70 contiki-srf06-cc26xx.a(sys_ctrl.o)
                0x00014804                SysCtrlAdjustRechargeAfterPowerDown
 .text.SysCtrl_DCDC_VoltageConditionalControl
                0x00014874       0x78 contiki-srf06-cc26xx.a(sys_ctrl.o)
                0x00014874                SysCtrl_DCDC_VoltageConditionalControl
 .text.linkaddr_copy
                0x000148ec        0xc contiki-srf06-cc26xx.a(linkaddr.o)
                0x000148ec                linkaddr_copy
 .text.linkaddr_cmp
                0x000148f8       0x10 contiki-srf06-cc26xx.a(linkaddr.o)
                0x000148f8                linkaddr_cmp
 .text.index_from_lladdr
                0x00014908       0x50 contiki-srf06-cc26xx.a(nbr-table.o)
 .text.nbr_table_register
                0x00014958       0x2c contiki-srf06-cc26xx.a(nbr-table.o)
                0x00014958                nbr_table_register
 .text.nbr_table_next
                0x00014984       0x7c contiki-srf06-cc26xx.a(nbr-table.o)
                0x00014984                nbr_table_next
 .text.nbr_table_head
                0x00014a00       0x70 contiki-srf06-cc26xx.a(nbr-table.o)
                0x00014a00                nbr_table_head
 .text.nbr_table_add_lladdr
                0x00014a70      0x1b4 contiki-srf06-cc26xx.a(nbr-table.o)
                0x00014a70                nbr_table_add_lladdr
 .text.nbr_table_get_from_lladdr
                0x00014c24       0x44 contiki-srf06-cc26xx.a(nbr-table.o)
                0x00014c24                nbr_table_get_from_lladdr
 .text.nbr_table_remove
                0x00014c68       0x5c contiki-srf06-cc26xx.a(nbr-table.o)
                0x00014c68                nbr_table_remove
 .text.nbr_table_lock
                0x00014cc4       0x34 contiki-srf06-cc26xx.a(nbr-table.o)
                0x00014cc4                nbr_table_lock
 .text.nbr_table_unlock
                0x00014cf8       0x38 contiki-srf06-cc26xx.a(nbr-table.o)
                0x00014cf8                nbr_table_unlock
 .text.nbr_table_get_lladdr
                0x00014d30       0x30 contiki-srf06-cc26xx.a(nbr-table.o)
                0x00014d30                nbr_table_get_lladdr
 .text.netstack_init
                0x00014d60       0x38 contiki-srf06-cc26xx.a(netstack.o)
                0x00014d60                netstack_init
 .text.packetbuf_copyto
                0x00014d98       0x50 contiki-srf06-cc26xx.a(packetbuf.o)
                0x00014d98                packetbuf_copyto
 .text.packetbuf_hdralloc
                0x00014de8       0x44 contiki-srf06-cc26xx.a(packetbuf.o)
                0x00014de8                packetbuf_hdralloc
 .text.packetbuf_hdrreduce
                0x00014e2c       0x2c contiki-srf06-cc26xx.a(packetbuf.o)
                0x00014e2c                packetbuf_hdrreduce
 .text.packetbuf_set_datalen
                0x00014e58        0xc contiki-srf06-cc26xx.a(packetbuf.o)
                0x00014e58                packetbuf_set_datalen
 .text.packetbuf_dataptr
                0x00014e64       0x14 contiki-srf06-cc26xx.a(packetbuf.o)
                0x00014e64                packetbuf_dataptr
 .text.packetbuf_hdrptr
                0x00014e78       0x14 contiki-srf06-cc26xx.a(packetbuf.o)
                0x00014e78                packetbuf_hdrptr
 .text.packetbuf_datalen
                0x00014e8c        0xc contiki-srf06-cc26xx.a(packetbuf.o)
                0x00014e8c                packetbuf_datalen
 .text.packetbuf_totlen
                0x00014e98       0x28 contiki-srf06-cc26xx.a(packetbuf.o)
                0x00014e98                packetbuf_totlen
 .text.packetbuf_attr_clear
                0x00014ec0       0x38 contiki-srf06-cc26xx.a(packetbuf.o)
                0x00014ec0                packetbuf_attr_clear
 .text.packetbuf_clear
                0x00014ef8       0x34 contiki-srf06-cc26xx.a(packetbuf.o)
                0x00014ef8                packetbuf_clear
 .text.packetbuf_copyfrom
                0x00014f2c       0x4c contiki-srf06-cc26xx.a(packetbuf.o)
                0x00014f2c                packetbuf_copyfrom
 .text.packetbuf_attr_copyto
                0x00014f78       0x44 contiki-srf06-cc26xx.a(packetbuf.o)
                0x00014f78                packetbuf_attr_copyto
 .text.packetbuf_attr_copyfrom
                0x00014fbc       0x44 contiki-srf06-cc26xx.a(packetbuf.o)
                0x00014fbc                packetbuf_attr_copyfrom
 .text.packetbuf_set_attr
                0x00015000       0x10 contiki-srf06-cc26xx.a(packetbuf.o)
                0x00015000                packetbuf_set_attr
 .text.packetbuf_attr
                0x00015010        0xc contiki-srf06-cc26xx.a(packetbuf.o)
                0x00015010                packetbuf_attr
 .text.packetbuf_set_addr
                0x0001501c       0x18 contiki-srf06-cc26xx.a(packetbuf.o)
                0x0001501c                packetbuf_set_addr
 .text.packetbuf_addr
                0x00015034       0x10 contiki-srf06-cc26xx.a(packetbuf.o)
                0x00015034                packetbuf_addr
 .text.packetbuf_holds_broadcast
                0x00015044       0x10 contiki-srf06-cc26xx.a(packetbuf.o)
                0x00015044                packetbuf_holds_broadcast
 .text.queuebuf_init
                0x00015054       0x1c contiki-srf06-cc26xx.a(queuebuf.o)
                0x00015054                queuebuf_init
 .text.queuebuf_numfree
                0x00015070        0xc contiki-srf06-cc26xx.a(queuebuf.o)
                0x00015070                queuebuf_numfree
 .text.queuebuf_new_from_packetbuf
                0x0001507c       0x48 contiki-srf06-cc26xx.a(queuebuf.o)
                0x0001507c                queuebuf_new_from_packetbuf
 .text.queuebuf_update_attr_from_packetbuf
                0x000150c4        0xc contiki-srf06-cc26xx.a(queuebuf.o)
                0x000150c4                queuebuf_update_attr_from_packetbuf
 .text.queuebuf_update_from_packetbuf
                0x000150d0       0x1c contiki-srf06-cc26xx.a(queuebuf.o)
                0x000150d0                queuebuf_update_from_packetbuf
 .text.queuebuf_free
                0x000150ec       0x2c contiki-srf06-cc26xx.a(queuebuf.o)
                0x000150ec                queuebuf_free
 .text.queuebuf_to_packetbuf
                0x00015118       0x30 contiki-srf06-cc26xx.a(queuebuf.o)
                0x00015118                queuebuf_to_packetbuf
 .text.queuebuf_attr
                0x00015148        0xc contiki-srf06-cc26xx.a(queuebuf.o)
                0x00015148                queuebuf_attr
 .text.input_packet
                0x00015154        0xc contiki-srf06-cc26xx.a(csma.o)
 .text.on       0x00015160        0xc contiki-srf06-cc26xx.a(csma.o)
 .text.off      0x0001516c        0xc contiki-srf06-cc26xx.a(csma.o)
 .text.channel_check_interval
                0x00015178       0x10 contiki-srf06-cc26xx.a(csma.o)
 .text.transmit_packet_list
                0x00015188       0x34 contiki-srf06-cc26xx.a(csma.o)
 .text.free_packet
                0x000151bc       0x98 contiki-srf06-cc26xx.a(csma.o)
 .text.packet_sent
                0x00015254       0xfc contiki-srf06-cc26xx.a(csma.o)
 .text.send_packet
                0x00015350      0x164 contiki-srf06-cc26xx.a(csma.o)
 .text.init     0x000154b4       0x24 contiki-srf06-cc26xx.a(csma.o)
 .text.parse    0x000154d8       0xa0 contiki-srf06-cc26xx.a(framer-802154.o)
 .text.create_frame.isra.0
                0x00015578      0x13c contiki-srf06-cc26xx.a(framer-802154.o)
 .text.create   0x000156b4        0x8 contiki-srf06-cc26xx.a(framer-802154.o)
 .text.hdr_length
                0x000156bc        0x8 contiki-srf06-cc26xx.a(framer-802154.o)
 .text.mac_call_sent_callback
                0x000156c4       0x18 contiki-srf06-cc26xx.a(mac.o)
                0x000156c4                mac_call_sent_callback
 .text.duty_cycle
                0x000156dc        0x4 contiki-srf06-cc26xx.a(contikimac.o)
 .text.init     0x000156e0       0x40 contiki-srf06-cc26xx.a(contikimac.o)
 .text.on.part.0
                0x00015720       0x14 contiki-srf06-cc26xx.a(contikimac.o)
 .text.off      0x00015734       0x38 contiki-srf06-cc26xx.a(contikimac.o)
 .text.recv_burst_off
                0x0001576c       0x14 contiki-srf06-cc26xx.a(contikimac.o)
 .text.powercycle_turn_radio_off.part.2
                0x00015780       0x10 contiki-srf06-cc26xx.a(contikimac.o)
 .text.turn_off
                0x00015790       0x44 contiki-srf06-cc26xx.a(contikimac.o)
 .text.turn_on  0x000157d4       0x44 contiki-srf06-cc26xx.a(contikimac.o)
 .text.schedule_powercycle_fixed.part.5
                0x00015818       0x2c contiki-srf06-cc26xx.a(contikimac.o)
 .text.input_packet
                0x00015844       0xc4 contiki-srf06-cc26xx.a(contikimac.o)
 .text.send_packet.isra.8
                0x00015908      0x23c contiki-srf06-cc26xx.a(contikimac.o)
 .text.qsend_list
                0x00015b44       0xe0 contiki-srf06-cc26xx.a(contikimac.o)
 .text.qsend_packet
                0x00015c24       0x24 contiki-srf06-cc26xx.a(contikimac.o)
 .text.powercycle_wrapper
                0x00015c48      0x264 contiki-srf06-cc26xx.a(contikimac.o)
 .text.init     0x00015eac        0x4 contiki-srf06-cc26xx.a(nullsec.o)
 .text.input    0x00015eb0        0xc contiki-srf06-cc26xx.a(nullsec.o)
 .text.send     0x00015ebc       0x20 contiki-srf06-cc26xx.a(nullsec.o)
 .text.coap_set_option_header
                0x00015edc       0x8c contiki-srf06-cc26xx.a(er-coap.o)
 .text.coap_serialize_int_option
                0x00015f68       0x68 contiki-srf06-cc26xx.a(er-coap.o)
 .text.coap_merge_multi_option
                0x00015fd0       0x34 contiki-srf06-cc26xx.a(er-coap.o)
 .text.coap_get_variable
                0x00016004       0x78 contiki-srf06-cc26xx.a(er-coap.o)
 .text.coap_serialize_array_option.part.0
                0x0001607c       0x20 contiki-srf06-cc26xx.a(er-coap.o)
 .text.coap_serialize_array_option
                0x0001609c       0x94 contiki-srf06-cc26xx.a(er-coap.o)
 .text.coap_init_connection
                0x00016130       0x28 contiki-srf06-cc26xx.a(er-coap.o)
                0x00016130                coap_init_connection
 .text.coap_get_mid
                0x00016158       0x10 contiki-srf06-cc26xx.a(er-coap.o)
                0x00016158                coap_get_mid
 .text.coap_init_message
                0x00016168       0x1c contiki-srf06-cc26xx.a(er-coap.o)
                0x00016168                coap_init_message
 .text.coap_serialize_message
                0x00016184      0x31c contiki-srf06-cc26xx.a(er-coap.o)
                0x00016184                coap_serialize_message
 .text.coap_send_message
                0x000164a0       0x40 contiki-srf06-cc26xx.a(er-coap.o)
                0x000164a0                coap_send_message
 .text.coap_parse_message
                0x000164e0      0x44c contiki-srf06-cc26xx.a(er-coap.o)
                0x000164e0                coap_parse_message
 .text.coap_get_query_variable
                0x0001692c       0x24 contiki-srf06-cc26xx.a(er-coap.o)
                0x0001692c                coap_get_query_variable
 .text.coap_get_post_variable
                0x00016950       0x20 contiki-srf06-cc26xx.a(er-coap.o)
                0x00016950                coap_get_post_variable
 .text.coap_set_status_code
                0x00016970        0xc contiki-srf06-cc26xx.a(er-coap.o)
                0x00016970                coap_set_status_code
 .text.coap_set_token
                0x0001697c       0x18 contiki-srf06-cc26xx.a(er-coap.o)
                0x0001697c                coap_set_token
 .text.coap_get_header_content_format
                0x00016994       0x18 contiki-srf06-cc26xx.a(er-coap.o)
                0x00016994                coap_get_header_content_format
 .text.coap_set_header_content_format
                0x000169ac       0x10 contiki-srf06-cc26xx.a(er-coap.o)
                0x000169ac                coap_set_header_content_format
 .text.coap_get_header_accept
                0x000169bc       0x1c contiki-srf06-cc26xx.a(er-coap.o)
                0x000169bc                coap_get_header_accept
 .text.coap_get_header_max_age
                0x000169d8       0x10 contiki-srf06-cc26xx.a(er-coap.o)
                0x000169d8                coap_get_header_max_age
 .text.coap_set_header_max_age
                0x000169e8       0x10 contiki-srf06-cc26xx.a(er-coap.o)
                0x000169e8                coap_set_header_max_age
 .text.coap_set_header_etag
                0x000169f8       0x24 contiki-srf06-cc26xx.a(er-coap.o)
                0x000169f8                coap_set_header_etag
 .text.coap_get_header_if_match
                0x00016a1c       0x1c contiki-srf06-cc26xx.a(er-coap.o)
                0x00016a1c                coap_get_header_if_match
 .text.coap_get_header_if_none_match
                0x00016a38        0x8 contiki-srf06-cc26xx.a(er-coap.o)
                0x00016a38                coap_get_header_if_none_match
 .text.coap_get_header_uri_host
                0x00016a40       0x18 contiki-srf06-cc26xx.a(er-coap.o)
                0x00016a40                coap_get_header_uri_host
 .text.coap_get_header_uri_path
                0x00016a58       0x18 contiki-srf06-cc26xx.a(er-coap.o)
                0x00016a58                coap_get_header_uri_path
 .text.coap_set_header_uri_path
                0x00016a70       0x28 contiki-srf06-cc26xx.a(er-coap.o)
                0x00016a70                coap_set_header_uri_path
 .text.coap_get_header_uri_query
                0x00016a98       0x18 contiki-srf06-cc26xx.a(er-coap.o)
                0x00016a98                coap_get_header_uri_query
 .text.coap_set_header_location_path
                0x00016ab0       0x60 contiki-srf06-cc26xx.a(er-coap.o)
                0x00016ab0                coap_set_header_location_path
 .text.coap_set_header_observe
                0x00016b10       0x10 contiki-srf06-cc26xx.a(er-coap.o)
                0x00016b10                coap_set_header_observe
 .text.coap_get_header_block2
                0x00016b20       0x3c contiki-srf06-cc26xx.a(er-coap.o)
                0x00016b20                coap_get_header_block2
 .text.coap_set_header_block2
                0x00016b5c       0x38 contiki-srf06-cc26xx.a(er-coap.o)
                0x00016b5c                coap_set_header_block2
 .text.coap_get_header_size2
                0x00016b94       0x1c contiki-srf06-cc26xx.a(er-coap.o)
                0x00016b94                coap_get_header_size2
 .text.coap_set_header_size2
                0x00016bb0       0x10 contiki-srf06-cc26xx.a(er-coap.o)
                0x00016bb0                coap_set_header_size2
 .text.coap_get_payload
                0x00016bc0       0x14 contiki-srf06-cc26xx.a(er-coap.o)
                0x00016bc0                coap_get_payload
 .text.coap_set_payload
                0x00016bd4       0x14 contiki-srf06-cc26xx.a(er-coap.o)
                0x00016bd4                coap_set_payload
 .text.sensor_common_read_reg
                0x00016be8       0x1c contiki-srf06-cc26xx.a(sensor-common.o)
                0x00016be8                sensor_common_read_reg
 .text.sensor_common_write_reg
                0x00016c04       0x38 contiki-srf06-cc26xx.a(sensor-common.o)
                0x00016c04                sensor_common_write_reg
 .text.sensor_common_set_error_data
                0x00016c3c       0x10 contiki-srf06-cc26xx.a(sensor-common.o)
                0x00016c3c                sensor_common_set_error_data
 .text.process_thread_rf_core_process
                0x00016c4c       0x58 contiki-srf06-cc26xx.a(rf-core.o)
 .text.rf_core_is_accessible
                0x00016ca4       0x10 contiki-srf06-cc26xx.a(rf-core.o)
                0x00016ca4                rf_core_is_accessible
 .text.rf_core_send_cmd
                0x00016cb4       0x94 contiki-srf06-cc26xx.a(rf-core.o)
                0x00016cb4                rf_core_send_cmd
 .text.rf_core_wait_cmd_done
                0x00016d48       0x30 contiki-srf06-cc26xx.a(rf-core.o)
                0x00016d48                rf_core_wait_cmd_done
 .text.rf_core_power_up
                0x00016d78       0xb4 contiki-srf06-cc26xx.a(rf-core.o)
                0x00016d78                rf_core_power_up
 .text.rf_core_power_down
                0x00016e2c       0xe8 contiki-srf06-cc26xx.a(rf-core.o)
                0x00016e2c                rf_core_power_down
 .text.rf_core_set_modesel
                0x00016f14       0x68 contiki-srf06-cc26xx.a(rf-core.o)
                0x00016f14                rf_core_set_modesel
 .text.rf_core_boot
                0x00016f7c       0x30 contiki-srf06-cc26xx.a(rf-core.o)
                0x00016f7c                rf_core_boot
 .text.rf_core_setup_interrupts
                0x00016fac       0x6c contiki-srf06-cc26xx.a(rf-core.o)
                0x00016fac                rf_core_setup_interrupts
 .text.rf_core_cmd_done_en
                0x00017018       0x28 contiki-srf06-cc26xx.a(rf-core.o)
                0x00017018                rf_core_cmd_done_en
 .text.rf_core_cmd_done_dis
                0x00017040       0x10 contiki-srf06-cc26xx.a(rf-core.o)
                0x00017040                rf_core_cmd_done_dis
 .text.rf_core_get_last_radio_op
                0x00017050        0xc contiki-srf06-cc26xx.a(rf-core.o)
                0x00017050                rf_core_get_last_radio_op
 .text.rf_core_init_radio_op
                0x0001705c       0x1c contiki-srf06-cc26xx.a(rf-core.o)
                0x0001705c                rf_core_init_radio_op
 .text.rf_core_primary_mode_register
                0x00017078        0xc contiki-srf06-cc26xx.a(rf-core.o)
                0x00017078                rf_core_primary_mode_register
 .text.rf_core_primary_mode_abort
                0x00017084       0x14 contiki-srf06-cc26xx.a(rf-core.o)
                0x00017084                rf_core_primary_mode_abort
 .text.rf_core_primary_mode_restore
                0x00017098       0x14 contiki-srf06-cc26xx.a(rf-core.o)
                0x00017098                rf_core_primary_mode_restore
 .text.RFCCPE1IntHandler
                0x000170ac       0x28 contiki-srf06-cc26xx.a(rf-core.o)
                0x000170ac                RFCCPE1IntHandler
 .text.RFCCPE0IntHandler