Archive member included to satisfy reference by file (symbol)

contiki-srf06-cc26xx.a(contiki-main.o)
                              obj_srf06-cc26xx/startup_gcc.o (main)
contiki-srf06-cc26xx.a(sensors.o)
                              cc26xx-demo.co (sensors_event)
contiki-srf06-cc26xx.a(leds.o)
                              contiki-srf06-cc26xx.a(contiki-main.o) (leds_init)
contiki-srf06-cc26xx.a(leds-arch.o)
                              contiki-srf06-cc26xx.a(leds.o) (leds_arch_init)
contiki-srf06-cc26xx.a(sensortag-senso)
                              contiki-srf06-cc26xx.a(sensors.o) (sensors_flags)
contiki-srf06-cc26xx.a(bmp-280-sensor.)
                              contiki-srf06-cc26xx.a(sensortag-senso) (bmp_280_sensor)
contiki-srf06-cc26xx.a(tmp-007-sensor.)
                              contiki-srf06-cc26xx.a(sensortag-senso) (tmp_007_sensor)
contiki-srf06-cc26xx.a(opt-3001-sensor)
                              contiki-srf06-cc26xx.a(sensortag-senso) (opt_3001_sensor)
contiki-srf06-cc26xx.a(hdc-1000-sensor)
                              contiki-srf06-cc26xx.a(sensortag-senso) (hdc_1000_sensor)
contiki-srf06-cc26xx.a(mpu-9250-sensor)
                              cc26xx-demo.co (mpu_9250_sensor)
contiki-srf06-cc26xx.a(button-sensor.o)
                              cc26xx-demo.co (button_right_sensor)
contiki-srf06-cc26xx.a(reed-relay.o)
                              cc26xx-demo.co (reed_relay_sensor)
contiki-srf06-cc26xx.a(buzzer.o)
                              cc26xx-demo.co (buzzer_state)
contiki-srf06-cc26xx.a(board.o)
                              contiki-srf06-cc26xx.a(contiki-main.o) (board_init)
contiki-srf06-cc26xx.a(board-i2c.o)
                              contiki-srf06-cc26xx.a(board.o) (board_i2c_wakeup)
contiki-srf06-cc26xx.a(clock.o)
                              contiki-srf06-cc26xx.a(contiki-main.o) (clock_init)
contiki-srf06-cc26xx.a(rtimer-arch.o)
                              contiki-srf06-cc26xx.a(mpu-9250-sensor) (rtimer_arch_now)
contiki-srf06-cc26xx.a(soc-rtc.o)
                              contiki-srf06-cc26xx.a(contiki-main.o) (soc_rtc_init)
contiki-srf06-cc26xx.a(contiki-watchdo)
                              contiki-srf06-cc26xx.a(contiki-main.o) (watchdog_init)
contiki-srf06-cc26xx.a(putchar.o)
                              cc26xx-demo.co (putchar)
contiki-srf06-cc26xx.a(ieee-addr.o)
                              contiki-srf06-cc26xx.a(contiki-main.o) (ieee_addr_cpy_to)
contiki-srf06-cc26xx.a(batmon-sensor.o)
                              cc26xx-demo.co (batmon_sensor)
contiki-srf06-cc26xx.a(cc26xx-uart.o)
                              contiki-srf06-cc26xx.a(contiki-main.o) (cc26xx_uart_init)
contiki-srf06-cc26xx.a(lpm.o)
                              contiki-srf06-cc26xx.a(contiki-main.o) (lpm_drop)
contiki-srf06-cc26xx.a(gpio-interrupt.)
                              contiki-srf06-cc26xx.a(button-sensor.o) (gpio_interrupt_register_handler)
contiki-srf06-cc26xx.a(oscillators.o)
                              contiki-srf06-cc26xx.a(contiki-main.o) (oscillators_select_lf_xosc)
contiki-srf06-cc26xx.a(rf-ble.o)
                              cc26xx-demo.co (rf_ble_beacond_config)
contiki-srf06-cc26xx.a(ieee-mode.o)
                              contiki-srf06-cc26xx.a(contiki-main.o) (ieee_mode_driver)
contiki-srf06-cc26xx.a(dbg-printf.o)
                              cc26xx-demo.co (printf)
contiki-srf06-cc26xx.a(strformat.o)
                              contiki-srf06-cc26xx.a(dbg-printf.o) (format_str_v)
contiki-srf06-cc26xx.a(autostart.o)
                              contiki-srf06-cc26xx.a(contiki-main.o) (autostart_start)
contiki-srf06-cc26xx.a(ctimer.o)
                              contiki-srf06-cc26xx.a(contiki-main.o) (ctimer_init)
contiki-srf06-cc26xx.a(energest.o)
                              contiki-srf06-cc26xx.a(contiki-main.o) (energest_init)
contiki-srf06-cc26xx.a(etimer.o)
                              contiki-srf06-cc26xx.a(clock.o) (etimer_request_poll)
contiki-srf06-cc26xx.a(process.o)
                              contiki-srf06-cc26xx.a(sensors.o) (process_alloc_event)
contiki-srf06-cc26xx.a(rtimer.o)
                              contiki-srf06-cc26xx.a(contiki-main.o) (rtimer_init)
contiki-srf06-cc26xx.a(timer.o)
                              contiki-srf06-cc26xx.a(button-sensor.o) (timer_set)
contiki-srf06-cc26xx.a(serial-line.o)
                              contiki-srf06-cc26xx.a(contiki-main.o) (serial_line_init)
contiki-srf06-cc26xx.a(list.o)
                              contiki-srf06-cc26xx.a(lpm.o) (list_init)
contiki-srf06-cc26xx.a(random.o)
                              contiki-srf06-cc26xx.a(contiki-main.o) (random_init)
contiki-srf06-cc26xx.a(ringbuf.o)
                              contiki-srf06-cc26xx.a(serial-line.o) (ringbuf_init)
contiki-srf06-cc26xx.a(sicslowpan.o)
                              contiki-srf06-cc26xx.a(contiki-main.o) (sicslowpan_driver)
contiki-srf06-cc26xx.a(uip6.o)
[...]
Memory Configuration

Name             Origin             Length             Attributes
FLASH            0x0000000000000000 0x000000000001ffa8 xr
FLASH_CCFG       0x000000000001ffa8 0x0000000000000058 xr
SRAM             0x0000000020000000 0x0000000000005000 xrw
GPRAM            0x0000000011000000 0x0000000000002000 xrw
*default*        0x0000000000000000 0xffffffffffffffff

Linker script and memory map

LOAD obj_srf06-cc26xx/fault-handlers.o
LOAD obj_srf06-cc26xx/ccfg.o
LOAD obj_srf06-cc26xx/startup_gcc.o
LOAD cc26xx-demo.co
LOAD contiki-srf06-cc26xx.a
LOAD /usr/local/gcc-arm-none-eabi-5_4-2016q2/bin/../lib/gcc/arm-none-eabi/5.4.1/../../../../arm-none-eabi/lib/armv7-m/libm.a
START GROUP
LOAD /usr/local/gcc-arm-none-eabi-5_4-2016q2/bin/../lib/gcc/arm-none-eabi/5.4.1/armv7-m/libgcc.a
LOAD /usr/local/gcc-arm-none-eabi-5_4-2016q2/bin/../lib/gcc/arm-none-eabi/5.4.1/../../../../arm-none-eabi/lib/armv7-m/libc.a
END GROUP
                0x0000000020005000                _estack = (ORIGIN (SRAM) + LENGTH (SRAM))
                0x0000000000000000                _Min_Heap_Size = 0x0
                0x0000000000000100                _Min_Stack_Size = 0x100

.text           0x0000000000000000    0x10350
                0x0000000000000000                _text = .
 *(SORT(.vectors))
 .vectors       0x0000000000000000       0xc8 obj_srf06-cc26xx/startup_gcc.o
                0x0000000000000000                gVectors
 *(SORT(.text*))
 .text.value    0x00000000000000c8       0xb0 contiki-srf06-cc26xx.a(opt-3001-sensor)
 .text.value    0x0000000000000178       0x9c contiki-srf06-cc26xx.a(hdc-1000-sensor)
 *fill*         0x0000000000000214        0x4 00000000
 .text.value    0x0000000000000218      0x19c contiki-srf06-cc26xx.a(mpu-9250-sensor)
 *fill*         0x00000000000003b4        0x4 00000000
 .text.__ieee754_pow
                0x00000000000003b8      0xac4 /usr/local/gcc-arm-none-eabi-5_4-2016q2/bin/../lib/gcc/arm-none-eabi/5.4.1/../../../../arm-none-eabi/lib/armv7-m/libm.a(lib_a-e_pow.o)
                0x00000000000003b8                __ieee754_pow
 *fill*         0x0000000000000e7c        0x4 00000000
 .text.scalbn   0x0000000000000e80       0xe4 /usr/local/gcc-arm-none-eabi-5_4-2016q2/bin/../lib/gcc/arm-none-eabi/5.4.1/../../../../arm-none-eabi/lib/armv7-m/libm.a(lib_a-s_scalbn.o)
                0x0000000000000e80                scalbn
 .text.FaultISR
                0x0000000000000f64       0x18 obj_srf06-cc26xx/fault-handlers.o
                0x0000000000000f64                FaultISR
 .text.NmiSRHandler
                0x0000000000000f7c        0x4 obj_srf06-cc26xx/startup_gcc.o
                0x0000000000000f7c                NmiSR
 .text.IntDefaultHandler
                0x0000000000000f80        0x4 obj_srf06-cc26xx/startup_gcc.o
                0x0000000000000f80                Timer3BIntHandler
                0x0000000000000f80                SSI0IntHandler
                0x0000000000000f80                SWEvent0IntHandler
                0x0000000000000f80                uDMAIntHandler
                0x0000000000000f80                WatchdogIntHandler
                0x0000000000000f80                RFCHardwareIntHandler
                0x0000000000000f80                Timer1BIntHandler
                0x0000000000000f80                I2SIntHandler
                0x0000000000000f80                Timer2BIntHandler
                0x0000000000000f80                Timer2AIntHandler
                0x0000000000000f80                Timer1AIntHandler
                0x0000000000000f80                AONIntHandler
                0x0000000000000f80                AUXSWEvent0IntHandler
                0x0000000000000f80                AUXADCIntHandler
                0x0000000000000f80                PendSVIntHandler
                0x0000000000000f80                AUXSWEvent1IntHandler
                0x0000000000000f80                SVCallIntHandler
                0x0000000000000f80                MPUFaultIntHandler
                0x0000000000000f80                SysTickIntHandler
                0x0000000000000f80                BusFaultIntHandler
                0x0000000000000f80                AONProgIntHandler
                0x0000000000000f80                AUXCompAIntHandler
                0x0000000000000f80                SSI1IntHandler
                0x0000000000000f80                FlashIntHandler
                0x0000000000000f80                uDMAErrIntHandler
                0x0000000000000f80                UsageFaultIntHandler
                0x0000000000000f80                RFCCmdAckIntHandler
                0x0000000000000f80                CryptoIntHandler
                0x0000000000000f80                Timer0AIntHandler
                0x0000000000000f80                I2CIntHandler
                0x0000000000000f80                DebugMonIntHandler
                0x0000000000000f80                Timer0BIntHandler
                0x0000000000000f80                AUXCombEventIntHandler
                0x0000000000000f80                Timer3AIntHandler
                0x0000000000000f80                DynProgIntHandler
                0x0000000000000f80                TRNGIntHandler
 .text.ResetISR
                0x0000000000000f84       0x5c obj_srf06-cc26xx/startup_gcc.o
                0x0000000000000f84                ResetISR
 .text.init_mpu_reading
                0x0000000000000fe0       0x10 cc26xx-demo.co
 .text.get_sync_sensor_readings
                0x0000000000000ff0       0x38 cc26xx-demo.co
 .text.print_mpu_reading
                0x0000000000001028       0x34 cc26xx-demo.co
 .text.process_thread_cc26xx_demo_process
                0x000000000000105c      0x204 cc26xx-demo.co
 .text.fade     0x0000000000001260       0x64 contiki-srf06-cc26xx.a(contiki-main.o)
 .text.startup.main
                0x00000000000012c4      0x1e4 contiki-srf06-cc26xx.a(contiki-main.o)
                0x00000000000012c4                main
 .text.process_thread_sensors_process
                0x00000000000014a8       0xf8 contiki-srf06-cc26xx.a(sensors.o)
 .text.sensors_changed
                0x00000000000015a0       0x4c contiki-srf06-cc26xx.a(sensors.o)
                0x00000000000015a0                sensors_changed
 .text.leds_init
                0x00000000000015ec       0x14 contiki-srf06-cc26xx.a(leds.o)
                0x00000000000015ec                leds_init
 .text.leds_on  0x0000000000001600       0x14 contiki-srf06-cc26xx.a(leds.o)
                0x0000000000001600                leds_on
 .text.leds_off
                0x0000000000001614       0x14 contiki-srf06-cc26xx.a(leds.o)
                0x0000000000001614                leds_off
 .text.leds_toggle
                0x0000000000001628       0x14 contiki-srf06-cc26xx.a(leds.o)
                0x0000000000001628                leds_toggle
 .text.leds_arch_init
                0x000000000000163c       0x38 contiki-srf06-cc26xx.a(leds-arch.o)
                0x000000000000163c                leds_arch_init
 .text.leds_arch_set
                0x0000000000001674       0x34 contiki-srf06-cc26xx.a(leds-arch.o)
                0x0000000000001674                leds_arch_set
 .text.status   0x00000000000016a8       0x14 contiki-srf06-cc26xx.a(bmp-280-sensor.)
 .text.notify_ready
                0x00000000000016bc       0x14 contiki-srf06-cc26xx.a(bmp-280-sensor.)
 .text.enable_sensor
                0x00000000000016d0       0x2c contiki-srf06-cc26xx.a(bmp-280-sensor.)
 .text.configure
                0x00000000000016fc       0x94 contiki-srf06-cc26xx.a(bmp-280-sensor.)
 .text.value    0x0000000000001790      0x168 contiki-srf06-cc26xx.a(bmp-280-sensor.)
 .text.status   0x00000000000018f8       0x14 contiki-srf06-cc26xx.a(tmp-007-sensor.)
 .text.notify_ready
                0x000000000000190c       0x14 contiki-srf06-cc26xx.a(tmp-007-sensor.)
 .text.enable_sensor
                0x0000000000001920       0x2c contiki-srf06-cc26xx.a(tmp-007-sensor.)
 .text.configure
                0x000000000000194c       0x94 contiki-srf06-cc26xx.a(tmp-007-sensor.)
 .text.value    0x00000000000019e0       0xf0 contiki-srf06-cc26xx.a(tmp-007-sensor.)
 .text.status   0x0000000000001ad0        0xc contiki-srf06-cc26xx.a(opt-3001-sensor)
 .text.enable_sensor
                0x0000000000001adc       0x44 contiki-srf06-cc26xx.a(opt-3001-sensor)
 .text.notify_ready
                0x0000000000001b20       0x54 contiki-srf06-cc26xx.a(opt-3001-sensor)
 .text.configure
                0x0000000000001b74       0x4c contiki-srf06-cc26xx.a(opt-3001-sensor)
 .text.status   0x0000000000001bc0       0x14 contiki-srf06-cc26xx.a(hdc-1000-sensor)
 .text.notify_ready
                0x0000000000001bd4       0x68 contiki-srf06-cc26xx.a(hdc-1000-sensor)
 .text.configure
                0x0000000000001c3c       0xb8 contiki-srf06-cc26xx.a(hdc-1000-sensor)
 .text.acc_convert
                0x0000000000001cf4       0x70 contiki-srf06-cc26xx.a(mpu-9250-sensor)
 .text.status   0x0000000000001d64       0x14 contiki-srf06-cc26xx.a(mpu-9250-sensor)
 .text.notify_ready
                0x0000000000001d78       0x14 contiki-srf06-cc26xx.a(mpu-9250-sensor)
 .text.sensor_sleep
                0x0000000000001d8c       0x38 contiki-srf06-cc26xx.a(mpu-9250-sensor)
 .text.configure
                0x0000000000001dc4       0xdc contiki-srf06-cc26xx.a(mpu-9250-sensor)
 .text.int_status
                0x0000000000001ea0       0x28 contiki-srf06-cc26xx.a(mpu-9250-sensor)
 .text.initialise
                0x0000000000001ec8      0x100 contiki-srf06-cc26xx.a(mpu-9250-sensor)
 .text.status.part.0
                0x0000000000001fc8       0x14 contiki-srf06-cc26xx.a(button-sensor.o)
 .text.value_left
                0x0000000000001fdc       0x24 contiki-srf06-cc26xx.a(button-sensor.o)
 .text.value_right
                0x0000000000002000       0x24 contiki-srf06-cc26xx.a(button-sensor.o)
 .text.status_left
                0x0000000000002024       0x10 contiki-srf06-cc26xx.a(button-sensor.o)
 .text.status_right
                0x0000000000002034       0x10 contiki-srf06-cc26xx.a(button-sensor.o)
 .text.config_buttons
                0x0000000000002044       0x8c contiki-srf06-cc26xx.a(button-sensor.o)
 .text.config_left
                0x00000000000020d0        0xc contiki-srf06-cc26xx.a(button-sensor.o)
 .text.config_right
                0x00000000000020dc        0xc contiki-srf06-cc26xx.a(button-sensor.o)
 .text.button_press_handler
                0x00000000000020e8       0x98 contiki-srf06-cc26xx.a(button-sensor.o)
 .text.value    0x0000000000002180       0x10 contiki-srf06-cc26xx.a(reed-relay.o)
 .text.status   0x0000000000002190       0x20 contiki-srf06-cc26xx.a(reed-relay.o)
 .text.configure
                0x00000000000021b0       0x6c contiki-srf06-cc26xx.a(reed-relay.o)
 .text.reed_interrupt_handler
                0x000000000000221c       0x28 contiki-srf06-cc26xx.a(reed-relay.o)
 .text.buzzer_init
                0x0000000000002244        0xc contiki-srf06-cc26xx.a(buzzer.o)
                0x0000000000002244                buzzer_init
 .text.buzzer_state
                0x0000000000002250        0xc contiki-srf06-cc26xx.a(buzzer.o)
                0x0000000000002250                buzzer_state
 .text.buzzer_start
                0x000000000000225c       0xa4 contiki-srf06-cc26xx.a(buzzer.o)
                0x000000000000225c                buzzer_start
 .text.buzzer_stop
                0x0000000000002300       0x74 contiki-srf06-cc26xx.a(buzzer.o)
                0x0000000000002300                buzzer_stop
 .text.power_domains_on
                0x0000000000002374       0x20 contiki-srf06-cc26xx.a(board.o)
 .text.lpm_wakeup_handler
                0x0000000000002394        0x4 contiki-srf06-cc26xx.a(board.o)
 .text.shutdown_handler
                0x0000000000002398       0x68 contiki-srf06-cc26xx.a(board.o)
 .text.board_init
                0x0000000000002400      0x118 contiki-srf06-cc26xx.a(board.o)
                0x0000000000002400                board_init
 .text.i2c_status
                0x0000000000002518       0x34 contiki-srf06-cc26xx.a(board-i2c.o)
 .text.accessible
                0x000000000000254c       0x24 contiki-srf06-cc26xx.a(board-i2c.o)
 .text.board_i2c_wakeup
                0x0000000000002570       0x5c contiki-srf06-cc26xx.a(board-i2c.o)
                0x0000000000002570                board_i2c_wakeup
 .text.board_i2c_shutdown
                0x00000000000025cc       0xa4 contiki-srf06-cc26xx.a(board-i2c.o)
                0x00000000000025cc                board_i2c_shutdown
 .text.board_i2c_write
                0x0000000000002670       0xc0 contiki-srf06-cc26xx.a(board-i2c.o)
                0x0000000000002670                board_i2c_write
 .text.board_i2c_write_single
                0x0000000000002730       0x44 contiki-srf06-cc26xx.a(board-i2c.o)
                0x0000000000002730                board_i2c_write_single
 .text.board_i2c_read
                0x0000000000002774       0xb4 contiki-srf06-cc26xx.a(board-i2c.o)
                0x0000000000002774                board_i2c_read
 .text.board_i2c_write_read
                0x0000000000002828      0x138 contiki-srf06-cc26xx.a(board-i2c.o)
                0x0000000000002828                board_i2c_write_read
 .text.board_i2c_select
                0x0000000000002960       0xdc contiki-srf06-cc26xx.a(board-i2c.o)
                0x0000000000002960                board_i2c_select
 .text.power_domain_on
                0x0000000000002a3c       0x20 contiki-srf06-cc26xx.a(clock.o)
 .text.clock_init
                0x0000000000002a5c       0x90 contiki-srf06-cc26xx.a(clock.o)
                0x0000000000002a5c                clock_init
 .text.clock_time
                0x0000000000002aec       0x34 contiki-srf06-cc26xx.a(clock.o)
                0x0000000000002aec                clock_time
 .text.clock_update
                0x0000000000002b20       0x3c contiki-srf06-cc26xx.a(clock.o)
                0x0000000000002b20                clock_update
 .text.clock_seconds
                0x0000000000002b5c       0x18 contiki-srf06-cc26xx.a(clock.o)
                0x0000000000002b5c                clock_seconds
 .text.rtimer_arch_init
                0x0000000000002b74        0x4 contiki-srf06-cc26xx.a(rtimer-arch.o)
                0x0000000000002b74                rtimer_arch_init
 .text.rtimer_arch_schedule
                0x0000000000002b78        0x8 contiki-srf06-cc26xx.a(rtimer-arch.o)
                0x0000000000002b78                rtimer_arch_schedule
 .text.rtimer_arch_now
                0x0000000000002b80        0x4 contiki-srf06-cc26xx.a(rtimer-arch.o)
                0x0000000000002b80                rtimer_arch_now
 .text.soc_rtc_init
                0x0000000000002b84       0x94 contiki-srf06-cc26xx.a(soc-rtc.o)
                0x0000000000002b84                soc_rtc_init
 .text.soc_rtc_get_next_trigger
                0x0000000000002c18       0x28 contiki-srf06-cc26xx.a(soc-rtc.o)
                0x0000000000002c18                soc_rtc_get_next_trigger
 .text.soc_rtc_schedule_one_shot
                0x0000000000002c40       0x48 contiki-srf06-cc26xx.a(soc-rtc.o)
                0x0000000000002c40                soc_rtc_schedule_one_shot
 .text.soc_rtc_last_isr_time
                0x0000000000002c88        0xc contiki-srf06-cc26xx.a(soc-rtc.o)
                0x0000000000002c88                soc_rtc_last_isr_time
 .text.AONRTCIntHandler
                0x0000000000002c94       0x68 contiki-srf06-cc26xx.a(soc-rtc.o)
                0x0000000000002c94                AONRTCIntHandler
 .text.watchdog_init
                0x0000000000002cfc       0x1c contiki-srf06-cc26xx.a(contiki-watchdo)
                0x0000000000002cfc                watchdog_init
 .text.watchdog_start
                0x0000000000002d18       0x68 contiki-srf06-cc26xx.a(contiki-watchdo)
                0x0000000000002d18                watchdog_start
 .text.watchdog_periodic
                0x0000000000002d80       0x1c contiki-srf06-cc26xx.a(contiki-watchdo)
                0x0000000000002d80                watchdog_periodic
 .text.watchdog_reboot
                0x0000000000002d9c        0x8 contiki-srf06-cc26xx.a(contiki-watchdo)
                0x0000000000002d9c                watchdog_reboot
 .text.putchar  0x0000000000002da4       0x10 contiki-srf06-cc26xx.a(putchar.o)
                0x0000000000002da4                putchar
 .text.puts     0x0000000000002db4       0x30 contiki-srf06-cc26xx.a(putchar.o)
                0x0000000000002db4                puts
 .text.dbg_send_bytes
                0x0000000000002de4       0x40 contiki-srf06-cc26xx.a(putchar.o)
                0x0000000000002de4                dbg_send_bytes
 .text.ieee_addr_cpy_to
                0x0000000000002e24       0x40 contiki-srf06-cc26xx.a(ieee-addr.o)
                0x0000000000002e24                ieee_addr_cpy_to
 .text.configure
                0x0000000000002e64       0x34 contiki-srf06-cc26xx.a(batmon-sensor.o)
 .text.status   0x0000000000002e98       0x14 contiki-srf06-cc26xx.a(batmon-sensor.o)
 .text.value    0x0000000000002eac       0x24 contiki-srf06-cc26xx.a(batmon-sensor.o)
 .text.power_and_clock
                0x0000000000002ed0       0x40 contiki-srf06-cc26xx.a(cc26xx-uart.o)
 .text.enable   0x0000000000002f10       0xf4 contiki-srf06-cc26xx.a(cc26xx-uart.o)
 .text.accessible
                0x0000000000003004       0x24 contiki-srf06-cc26xx.a(cc26xx-uart.o)
 .text.lpm_drop_handler
                0x0000000000003028       0xcc contiki-srf06-cc26xx.a(cc26xx-uart.o)
 .text.cc26xx_uart_init
                0x00000000000030f4       0x28 contiki-srf06-cc26xx.a(cc26xx-uart.o)
                0x00000000000030f4                cc26xx_uart_init
 .text.cc26xx_uart_write_byte
                0x000000000000311c       0x28 contiki-srf06-cc26xx.a(cc26xx-uart.o)
                0x000000000000311c                cc26xx_uart_write_byte
 .text.cc26xx_uart_busy
                0x0000000000003144       0x18 contiki-srf06-cc26xx.a(cc26xx-uart.o)
                0x0000000000003144                cc26xx_uart_busy
 .text.UART0IntHandler
                0x000000000000315c       0x54 contiki-srf06-cc26xx.a(cc26xx-uart.o)
                0x000000000000315c                UART0IntHandler
 .text.lpm_drop
                0x00000000000031b0      0x1fc contiki-srf06-cc26xx.a(lpm.o)
                0x00000000000031b0                lpm_drop
 .text.lpm_sleep
                0x00000000000033ac       0x14 contiki-srf06-cc26xx.a(lpm.o)
                0x00000000000033ac                lpm_sleep
 .text.lpm_register_module
                0x00000000000033c0        0xc contiki-srf06-cc26xx.a(lpm.o)
                0x00000000000033c0                lpm_register_module
 .text.lpm_unregister_module
                0x00000000000033cc        0xc contiki-srf06-cc26xx.a(lpm.o)
                0x00000000000033cc                lpm_unregister_module
 .text.lpm_init
                0x00000000000033d8       0x20 contiki-srf06-cc26xx.a(lpm.o)
                0x00000000000033d8                lpm_init
 .text.lpm_pin_set_default_state
                0x00000000000033f8       0x30 contiki-srf06-cc26xx.a(lpm.o)
                0x00000000000033f8                lpm_pin_set_default_state
 .text.gpio_interrupt_register_handler
                0x0000000000003428       0x2c contiki-srf06-cc26xx.a(gpio-interrupt.)
                0x0000000000003428                gpio_interrupt_register_handler
 .text.gpio_interrupt_init
                0x0000000000003454       0x24 contiki-srf06-cc26xx.a(gpio-interrupt.)
                0x0000000000003454                gpio_interrupt_init
 .text.GPIOIntHandler
                0x0000000000003478       0x30 contiki-srf06-cc26xx.a(gpio-interrupt.)
                0x0000000000003478                GPIOIntHandler
 .text.osc_interface_dis
                0x00000000000034a8       0x28 contiki-srf06-cc26xx.a(oscillators.o)
 .text.osc_interface_en
                0x00000000000034d0       0x30 contiki-srf06-cc26xx.a(oscillators.o)
 .text.oscillators_select_lf_xosc
                0x0000000000003500       0x48 contiki-srf06-cc26xx.a(oscillators.o)
                0x0000000000003500                oscillators_select_lf_xosc
 .text.oscillators_request_hf_xosc
                0x0000000000003548       0x24 contiki-srf06-cc26xx.a(oscillators.o)
                0x0000000000003548                oscillators_request_hf_xosc
 .text.oscillators_switch_to_hf_xosc
                0x000000000000356c       0x28 contiki-srf06-cc26xx.a(oscillators.o)
                0x000000000000356c                oscillators_switch_to_hf_xosc
 .text.oscillators_switch_to_hf_rc
                0x0000000000003594       0x2c contiki-srf06-cc26xx.a(oscillators.o)
                0x0000000000003594                oscillators_switch_to_hf_rc
 .text.process_thread_rf_ble_beacon_process
                0x00000000000035c0      0x22c contiki-srf06-cc26xx.a(rf-ble.o)
 .text.rf_ble_beacond_config
                0x00000000000037ec       0x44 contiki-srf06-cc26xx.a(rf-ble.o)
                0x00000000000037ec                rf_ble_beacond_config
 .text.rf_ble_beacond_start
                0x0000000000003830       0x38 contiki-srf06-cc26xx.a(rf-ble.o)
                0x0000000000003830                rf_ble_beacond_start
 .text.rf_ble_is_active
                0x0000000000003868        0xc contiki-srf06-cc26xx.a(rf-ble.o)
                0x0000000000003868                rf_ble_is_active
 .text.request  0x0000000000003874       0x20 contiki-srf06-cc26xx.a(ieee-mode.o)
 .text.rx_on    0x0000000000003894       0x60 contiki-srf06-cc26xx.a(ieee-mode.o)
 .text.rf_radio_setup
                0x00000000000038f4       0x74 contiki-srf06-cc26xx.a(ieee-mode.o)
 .text.soft_on  0x0000000000003968       0x18 contiki-srf06-cc26xx.a(ieee-mode.o)
 .text.pending_packet
                0x0000000000003980       0x34 contiki-srf06-cc26xx.a(ieee-mode.o)
 .text.prepare  0x00000000000039b4       0x1c contiki-srf06-cc26xx.a(ieee-mode.o)
 .text.read_frame
                0x00000000000039d0       0x58 contiki-srf06-cc26xx.a(ieee-mode.o)
 .text.soft_off
                0x0000000000003a28       0x3c contiki-srf06-cc26xx.a(ieee-mode.o)
 .text.get_object
                0x0000000000003a64       0x30 contiki-srf06-cc26xx.a(ieee-mode.o)
 .text.transmitting.part.1
                0x0000000000003a94       0x40 contiki-srf06-cc26xx.a(ieee-mode.o)
 .text.rx_off   0x0000000000003ad4       0x64 contiki-srf06-cc26xx.a(ieee-mode.o)
 .text.get_cca_info
                0x0000000000003b38       0x44 contiki-srf06-cc26xx.a(ieee-mode.o)
 .text.off.part.4
                0x0000000000003b7c       0x4c contiki-srf06-cc26xx.a(ieee-mode.o)
 .text.off      0x0000000000003bc8       0x14 contiki-srf06-cc26xx.a(ieee-mode.o)
 .text.receiving_packet
                0x0000000000003bdc       0x48 contiki-srf06-cc26xx.a(ieee-mode.o)
 .text.on       0x0000000000003c24       0x98 contiki-srf06-cc26xx.a(ieee-mode.o)
 .text.set_value
                0x0000000000003cbc      0x168 contiki-srf06-cc26xx.a(ieee-mode.o)
 .text.get_value
                0x0000000000003e24      0x144 contiki-srf06-cc26xx.a(ieee-mode.o)
 .text.transmit
                0x0000000000003f68       0xd8 contiki-srf06-cc26xx.a(ieee-mode.o)
 .text.send     0x0000000000004040       0x24 contiki-srf06-cc26xx.a(ieee-mode.o)
 .text.set_object
                0x0000000000004064       0x6c contiki-srf06-cc26xx.a(ieee-mode.o)
 .text.channel_clear
                0x00000000000040d0       0x84 contiki-srf06-cc26xx.a(ieee-mode.o)
 .text.init     0x0000000000004154       0xd0 contiki-srf06-cc26xx.a(ieee-mode.o)
 .text.write_str
                0x0000000000004224       0x14 contiki-srf06-cc26xx.a(dbg-printf.o)
 .text.printf   0x0000000000004238       0x24 contiki-srf06-cc26xx.a(dbg-printf.o)
                0x0000000000004238                printf
 .text.fill_space
                0x000000000000425c       0x3c contiki-srf06-cc26xx.a(strformat.o)
 .text.format_str_v
                0x0000000000004298      0x95c contiki-srf06-cc26xx.a(strformat.o)
                0x0000000000004298                format_str_v
 .text.autostart_start
                0x0000000000004bf4       0x18 contiki-srf06-cc26xx.a(autostart.o)
                0x0000000000004bf4                autostart_start
 .text.process_thread_ctimer_process
                0x0000000000004c0c       0x94 contiki-srf06-cc26xx.a(ctimer.o)
 .text.ctimer_init
                0x0000000000004ca0       0x28 contiki-srf06-cc26xx.a(ctimer.o)
                0x0000000000004ca0                ctimer_init
 .text.ctimer_set_with_process
                0x0000000000004cc8       0x4c contiki-srf06-cc26xx.a(ctimer.o)
                0x0000000000004cc8                ctimer_set_with_process
 .text.ctimer_set
                0x0000000000004d14       0x18 contiki-srf06-cc26xx.a(ctimer.o)
                0x0000000000004d14                ctimer_set
 .text.ctimer_reset
                0x0000000000004d2c       0x38 contiki-srf06-cc26xx.a(ctimer.o)
                0x0000000000004d2c                ctimer_reset
 .text.ctimer_stop
                0x0000000000004d64       0x34 contiki-srf06-cc26xx.a(ctimer.o)
                0x0000000000004d64                ctimer_stop
 .text.energest_init
                0x0000000000004d98        0x4 contiki-srf06-cc26xx.a(energest.o)
                0x0000000000004d98                energest_init
 .text.update_time
                0x0000000000004d9c       0x44 contiki-srf06-cc26xx.a(etimer.o)
 .text.process_thread_etimer_process
                0x0000000000004de0       0xc8 contiki-srf06-cc26xx.a(etimer.o)
 .text.add_timer
                0x0000000000004ea8       0x54 contiki-srf06-cc26xx.a(etimer.o)
 .text.etimer_request_poll
                0x0000000000004efc        0xc contiki-srf06-cc26xx.a(etimer.o)
                0x0000000000004efc                etimer_request_poll
 .text.etimer_set
                0x0000000000004f08       0x14 contiki-srf06-cc26xx.a(etimer.o)
                0x0000000000004f08                etimer_set
 .text.etimer_reset
                0x0000000000004f1c       0x14 contiki-srf06-cc26xx.a(etimer.o)
                0x0000000000004f1c                etimer_reset
 .text.etimer_restart
                0x0000000000004f30       0x14 contiki-srf06-cc26xx.a(etimer.o)
                0x0000000000004f30                etimer_restart
 .text.etimer_expired
                0x0000000000004f44        0xc contiki-srf06-cc26xx.a(etimer.o)
                0x0000000000004f44                etimer_expired
 .text.etimer_expiration_time
                0x0000000000004f50        0x8 contiki-srf06-cc26xx.a(etimer.o)
                0x0000000000004f50                etimer_expiration_time
 .text.etimer_pending
                0x0000000000004f58       0x10 contiki-srf06-cc26xx.a(etimer.o)
                0x0000000000004f58                etimer_pending
 .text.etimer_next_expiration_time
                0x0000000000004f68       0x14 contiki-srf06-cc26xx.a(etimer.o)
                0x0000000000004f68                etimer_next_expiration_time
 .text.etimer_stop
                0x0000000000004f7c       0x44 contiki-srf06-cc26xx.a(etimer.o)
                0x0000000000004f7c                etimer_stop
 .text.exit_process
                0x0000000000004fc0       0xb0 contiki-srf06-cc26xx.a(process.o)
 .text.call_process.part.0
                0x0000000000005070       0x38 contiki-srf06-cc26xx.a(process.o)
 .text.do_poll  0x00000000000050a8       0x3c contiki-srf06-cc26xx.a(process.o)
 .text.process_alloc_event
                0x00000000000050e4       0x10 contiki-srf06-cc26xx.a(process.o)
                0x00000000000050e4                process_alloc_event
 .text.process_start
                0x00000000000050f4       0x48 contiki-srf06-cc26xx.a(process.o)
                0x00000000000050f4                process_start
 .text.process_init
                0x000000000000513c       0x34 contiki-srf06-cc26xx.a(process.o)
                0x000000000000513c                process_init
 .text.process_run
                0x0000000000005170       0xd0 contiki-srf06-cc26xx.a(process.o)
                0x0000000000005170                process_run
 .text.process_nevents
                0x0000000000005240       0x14 contiki-srf06-cc26xx.a(process.o)
                0x0000000000005240                process_nevents
 .text.process_post
                0x0000000000005254       0x40 contiki-srf06-cc26xx.a(process.o)
                0x0000000000005254                process_post
 .text.process_post_synch
                0x0000000000005294       0x18 contiki-srf06-cc26xx.a(process.o)
                0x0000000000005294                process_post_synch
 .text.process_poll
                0x00000000000052ac       0x18 contiki-srf06-cc26xx.a(process.o)
                0x00000000000052ac                process_poll
 .text.rtimer_init
                0x00000000000052c4        0x4 contiki-srf06-cc26xx.a(rtimer.o)
                0x00000000000052c4                rtimer_init
 .text.rtimer_set
                0x00000000000052c8       0x2c contiki-srf06-cc26xx.a(rtimer.o)
                0x00000000000052c8                rtimer_set
 .text.rtimer_run_next
                0x00000000000052f4       0x28 contiki-srf06-cc26xx.a(rtimer.o)
                0x00000000000052f4                rtimer_run_next
 .text.timer_set
                0x000000000000531c       0x10 contiki-srf06-cc26xx.a(timer.o)
                0x000000000000531c                timer_set
 .text.timer_reset
                0x000000000000532c        0xc contiki-srf06-cc26xx.a(timer.o)
                0x000000000000532c                timer_reset
 .text.timer_restart
                0x0000000000005338        0xc contiki-srf06-cc26xx.a(timer.o)
                0x0000000000005338                timer_restart
 .text.timer_expired
                0x0000000000005344       0x1c contiki-srf06-cc26xx.a(timer.o)
                0x0000000000005344                timer_expired
 .text.process_thread_serial_line_process
                0x0000000000005360       0xa8 contiki-srf06-cc26xx.a(serial-line.o)
 .text.serial_line_init
                0x0000000000005408       0x24 contiki-srf06-cc26xx.a(serial-line.o)
                0x0000000000005408                serial_line_init
 .text.list_init
                0x000000000000542c        0x8 contiki-srf06-cc26xx.a(list.o)
                0x000000000000542c                list_init
 .text.list_head
                0x0000000000005434        0x4 contiki-srf06-cc26xx.a(list.o)
                0x0000000000005434                list_head
 .text.list_tail
                0x0000000000005438       0x14 contiki-srf06-cc26xx.a(list.o)
                0x0000000000005438                list_tail
 .text.list_add
                0x000000000000544c       0x5c contiki-srf06-cc26xx.a(list.o)
                0x000000000000544c                list_add
 .text.list_push
                0x00000000000054a8       0x48 contiki-srf06-cc26xx.a(list.o)
                0x00000000000054a8                list_push
 .text.list_remove
                0x00000000000054f0       0x38 contiki-srf06-cc26xx.a(list.o)
                0x00000000000054f0                list_remove
 .text.list_length
                0x0000000000005528       0x14 contiki-srf06-cc26xx.a(list.o)
                0x0000000000005528                list_length
 .text.list_item_next
                0x000000000000553c        0x8 contiki-srf06-cc26xx.a(list.o)
                0x000000000000553c                list_item_next
 .text.random_init
                0x0000000000005544        0x4 contiki-srf06-cc26xx.a(random.o)
                0x0000000000005544                random_init
 .text.random_rand
                0x0000000000005548        0xc contiki-srf06-cc26xx.a(random.o)
                0x0000000000005548                random_rand
 .text.ringbuf_init
                0x0000000000005554       0x10 contiki-srf06-cc26xx.a(ringbuf.o)
                0x0000000000005554                ringbuf_init
 .text.ringbuf_get
                0x0000000000005564       0x24 contiki-srf06-cc26xx.a(ringbuf.o)
                0x0000000000005564                ringbuf_get
 .text.sicslowpan_init
                0x0000000000005588       0x24 contiki-srf06-cc26xx.a(sicslowpan.o)
                0x0000000000005588                sicslowpan_init
 .text.set_packet_attrs
                0x00000000000055ac       0x50 contiki-srf06-cc26xx.a(sicslowpan.o)
 .text.compress_addr_64
                0x00000000000055fc       0x9c contiki-srf06-cc26xx.a(sicslowpan.o)
 .text.addr_context_lookup_by_prefix
                0x0000000000005698       0x28 contiki-srf06-cc26xx.a(sicslowpan.o)
 .text.send_packet
                0x00000000000056c0       0x24 contiki-srf06-cc26xx.a(sicslowpan.o)
 .text.packet_sent
                0x00000000000056e4       0x28 contiki-srf06-cc26xx.a(sicslowpan.o)
 .text.store_fragment
                0x000000000000570c       0x68 contiki-srf06-cc26xx.a(sicslowpan.o)
 .text.add_fragment
                0x0000000000005774      0x18c contiki-srf06-cc26xx.a(sicslowpan.o)
 .text.uncompress_addr
                0x0000000000005900       0xb8 contiki-srf06-cc26xx.a(sicslowpan.o)
 .text.input    0x00000000000059b8      0x68c contiki-srf06-cc26xx.a(sicslowpan.o)
 .text.output   0x0000000000006044      0x704 contiki-srf06-cc26xx.a(sicslowpan.o)
 .text.chksum   0x0000000000006748       0x50 contiki-srf06-cc26xx.a(uip6.o)
 .text.upper_layer_chksum
                0x0000000000006798       0x58 contiki-srf06-cc26xx.a(uip6.o)
 .text.ext_hdr_options_process
                0x00000000000067f0       0xd0 contiki-srf06-cc26xx.a(uip6.o)
 .text.uip_add32
                0x00000000000068c0       0x58 contiki-srf06-cc26xx.a(uip6.o)
                0x00000000000068c0                uip_add32
 .text.unlikely.uip_add_rcv_nxt
                0x0000000000006918       0x2c contiki-srf06-cc26xx.a(uip6.o)
 .text.uip_icmp6chksum
                0x0000000000006944        0x8 contiki-srf06-cc26xx.a(uip6.o)
                0x0000000000006944                uip_icmp6chksum
 .text.uip_init
                0x000000000000694c       0x64 contiki-srf06-cc26xx.a(uip6.o)
                0x000000000000694c                uip_init
 .text.remove_ext_hdr
                0x00000000000069b0       0x54 contiki-srf06-cc26xx.a(uip6.o)
                0x00000000000069b0                remove_ext_hdr
 .text.uip_unlisten
                0x0000000000006a04       0x58 contiki-srf06-cc26xx.a(uip6.o)
                0x0000000000006a04                uip_unlisten
 .text.uip_process
                0x0000000000006a5c     0x1190 contiki-srf06-cc26xx.a(uip6.o)
                0x0000000000006a5c                uip_process
 .text.uip_htonl
                0x0000000000007bec       0x14 contiki-srf06-cc26xx.a(uip6.o)
                0x0000000000007bec                uip_htonl
 .text.uip_ds6_list_loop
                0x0000000000007c00       0x5c contiki-srf06-cc26xx.a(uip-ds6.o)
                0x0000000000007c00                uip_ds6_list_loop
 .text.uip_ds6_prefix_add
                0x0000000000007c5c       0x6c contiki-srf06-cc26xx.a(uip-ds6.o)
                0x0000000000007c5c                uip_ds6_prefix_add
 .text.uip_ds6_is_addr_onlink
                0x0000000000007cc8       0x40 contiki-srf06-cc26xx.a(uip-ds6.o)
                0x0000000000007cc8                uip_ds6_is_addr_onlink
 .text.uip_ds6_addr_lookup
                0x0000000000007d08       0x30 contiki-srf06-cc26xx.a(uip-ds6.o)
                0x0000000000007d08                uip_ds6_addr_lookup
 .text.uip_ds6_get_link_local
                0x0000000000007d38       0x50 contiki-srf06-cc26xx.a(uip-ds6.o)
                0x0000000000007d38                uip_ds6_get_link_local
 .text.uip_ds6_maddr_add
                0x0000000000007d88       0x50 contiki-srf06-cc26xx.a(uip-ds6.o)
                0x0000000000007d88                uip_ds6_maddr_add
 .text.uip_ds6_addr_add
                0x0000000000007dd8       0xa8 contiki-srf06-cc26xx.a(uip-ds6.o)
                0x0000000000007dd8                uip_ds6_addr_add
 .text.uip_ds6_maddr_lookup
                0x0000000000007e80       0x30 contiki-srf06-cc26xx.a(uip-ds6.o)
                0x0000000000007e80                uip_ds6_maddr_lookup
 .text.uip_ds6_addr_rm
                0x0000000000007eb0       0x48 contiki-srf06-cc26xx.a(uip-ds6.o)
                0x0000000000007eb0                uip_ds6_addr_rm
 .text.uip_ds6_periodic
                0x0000000000007ef8       0x60 contiki-srf06-cc26xx.a(uip-ds6.o)
                0x0000000000007ef8                uip_ds6_periodic
 .text.uip_ds6_select_src
                0x0000000000007f58      0x118 contiki-srf06-cc26xx.a(uip-ds6.o)
                0x0000000000007f58                uip_ds6_select_src
 .text.uip_ds6_set_addr_iid
                0x0000000000008070       0x14 contiki-srf06-cc26xx.a(uip-ds6.o)
                0x0000000000008070                uip_ds6_set_addr_iid
 .text.uip_ds6_compute_reachable_time
                0x0000000000008084       0x2c contiki-srf06-cc26xx.a(uip-ds6.o)
                0x0000000000008084                uip_ds6_compute_reachable_time
 .text.uip_ds6_init
                0x00000000000080b0       0xf8 contiki-srf06-cc26xx.a(uip-ds6.o)
                0x00000000000080b0                uip_ds6_init
 .text.uip_ds6_nbr_rm
                0x00000000000081a8       0x20 contiki-srf06-cc26xx.a(uip-ds6-nbr.o)
                0x00000000000081a8                uip_ds6_nbr_rm
 .text.uip_ds6_neighbors_init
                0x00000000000081c8       0x14 contiki-srf06-cc26xx.a(uip-ds6-nbr.o)
                0x00000000000081c8                uip_ds6_neighbors_init
 .text.uip_ds6_nbr_add
                0x00000000000081dc       0x54 contiki-srf06-cc26xx.a(uip-ds6-nbr.o)
                0x00000000000081dc                uip_ds6_nbr_add
 .text.uip_ds6_nbr_get_ll
                0x0000000000008230       0x10 contiki-srf06-cc26xx.a(uip-ds6-nbr.o)
                0x0000000000008230                uip_ds6_nbr_get_ll
 .text.uip_ds6_nbr_lookup
                0x0000000000008240       0x3c contiki-srf06-cc26xx.a(uip-ds6-nbr.o)
                0x0000000000008240                uip_ds6_nbr_lookup
 .text.uip_ds6_nbr_ipaddr_from_lladdr
                0x000000000000827c       0x10 contiki-srf06-cc26xx.a(uip-ds6-nbr.o)
                0x000000000000827c                uip_ds6_nbr_ipaddr_from_lladdr
 .text.uip_ds6_nbr_lladdr_from_ipaddr
                0x000000000000828c       0x1c contiki-srf06-cc26xx.a(uip-ds6-nbr.o)
                0x000000000000828c                uip_ds6_nbr_lladdr_from_ipaddr
 .text.uip_ds6_link_neighbor_callback
                0x00000000000082a8       0x2c contiki-srf06-cc26xx.a(uip-ds6-nbr.o)
                0x00000000000082a8                uip_ds6_link_neighbor_callback
 .text.uip_ds6_neighbor_periodic
                0x00000000000082d4       0x70 contiki-srf06-cc26xx.a(uip-ds6-nbr.o)
                0x00000000000082d4                uip_ds6_neighbor_periodic
 .text.call_route_callback
                0x0000000000008344       0x50 contiki-srf06-cc26xx.a(uip-ds6-route.o)
 .text.uip_ds6_route_init
                0x0000000000008394       0x4c contiki-srf06-cc26xx.a(uip-ds6-route.o)
                0x0000000000008394                uip_ds6_route_init
 .text.uip_ds6_route_nexthop
                0x00000000000083e0       0x1c contiki-srf06-cc26xx.a(uip-ds6-route.o)
                0x00000000000083e0                uip_ds6_route_nexthop
 .text.uip_ds6_route_head
                0x00000000000083fc        0xc contiki-srf06-cc26xx.a(uip-ds6-route.o)
                0x00000000000083fc                uip_ds6_route_head
 .text.uip_ds6_route_next
                0x0000000000008408        0x8 contiki-srf06-cc26xx.a(uip-ds6-route.o)
                0x0000000000008408                uip_ds6_route_next
 .text.uip_ds6_route_lookup
                0x0000000000008410       0x78 contiki-srf06-cc26xx.a(uip-ds6-route.o)
                0x0000000000008410                uip_ds6_route_lookup
 .text.uip_ds6_route_rm
                0x0000000000008488       0xac contiki-srf06-cc26xx.a(uip-ds6-route.o)
                0x0000000000008488                uip_ds6_route_rm
 .text.rm_routelist
                0x0000000000008534       0x38 contiki-srf06-cc26xx.a(uip-ds6-route.o)
 .text.rm_routelist_callback
                0x000000000000856c        0x4 contiki-srf06-cc26xx.a(uip-ds6-route.o)
 .text.uip_ds6_route_add
                0x0000000000008570      0x120 contiki-srf06-cc26xx.a(uip-ds6-route.o)
                0x0000000000008570                uip_ds6_route_add
 .text.uip_ds6_defrt_rm
                0x0000000000008690       0x48 contiki-srf06-cc26xx.a(uip-ds6-route.o)
                0x0000000000008690                uip_ds6_defrt_rm
 .text.uip_ds6_defrt_lookup
                0x00000000000086d8       0x34 contiki-srf06-cc26xx.a(uip-ds6-route.o)
                0x00000000000086d8                uip_ds6_defrt_lookup
 .text.uip_ds6_defrt_add
                0x000000000000870c       0x5c contiki-srf06-cc26xx.a(uip-ds6-route.o)
                0x000000000000870c                uip_ds6_defrt_add
 .text.uip_ds6_defrt_choose
                0x0000000000008768       0x34 contiki-srf06-cc26xx.a(uip-ds6-route.o)
                0x0000000000008768                uip_ds6_defrt_choose
 .text.uip_ds6_defrt_periodic
                0x000000000000879c       0x40 contiki-srf06-cc26xx.a(uip-ds6-route.o)
                0x000000000000879c                uip_ds6_defrt_periodic
 .text.echo_reply_input
                0x00000000000087dc      0x118 contiki-srf06-cc26xx.a(uip-icmp6.o)
 .text.echo_request_input
                0x00000000000088f4      0x108 contiki-srf06-cc26xx.a(uip-icmp6.o)
 .text.uip_icmp6_input
                0x00000000000089fc       0x3c contiki-srf06-cc26xx.a(uip-icmp6.o)
                0x00000000000089fc                uip_icmp6_input
 .text.uip_icmp6_register_input_handler
                0x0000000000008a38        0xc contiki-srf06-cc26xx.a(uip-icmp6.o)
                0x0000000000008a38                uip_icmp6_register_input_handler
 .text.uip_icmp6_error_output
                0x0000000000008a44      0x158 contiki-srf06-cc26xx.a(uip-icmp6.o)
                0x0000000000008a44                uip_icmp6_error_output
 .text.uip_icmp6_send
                0x0000000000008b9c       0x80 contiki-srf06-cc26xx.a(uip-icmp6.o)
                0x0000000000008b9c                uip_icmp6_send
 .text.uip_icmp6_init
                0x0000000000008c1c       0x24 contiki-srf06-cc26xx.a(uip-icmp6.o)
                0x0000000000008c1c                uip_icmp6_init
 .text.uip_nd6_init
                0x0000000000008c40        0x4 contiki-srf06-cc26xx.a(uip-nd6.o)
                0x0000000000008c40                uip_nd6_init
 .text.start_periodic_tcp_timer
                0x0000000000008c44       0x1c contiki-srf06-cc26xx.a(tcpip.o)
 .text.tcpip_set_outputfunc
                0x0000000000008c60        0xc contiki-srf06-cc26xx.a(tcpip.o)
                0x0000000000008c60                tcpip_set_outputfunc
 .text.tcpip_icmp6_call
                0x0000000000008c6c       0x28 contiki-srf06-cc26xx.a(tcpip.o)
                0x0000000000008c6c                tcpip_icmp6_call
 .text.tcpip_input
                0x0000000000008c94       0x24 contiki-srf06-cc26xx.a(tcpip.o)
                0x0000000000008c94                tcpip_input
 .text.tcpip_ipv6_output
                0x0000000000008cb8       0xc8 contiki-srf06-cc26xx.a(tcpip.o)
                0x0000000000008cb8                tcpip_ipv6_output
 .text.process_thread_tcpip_process
                0x0000000000008d80      0x200 contiki-srf06-cc26xx.a(tcpip.o)
 .text.tcpip_uipcall
                0x0000000000008f80       0xa4 contiki-srf06-cc26xx.a(tcpip.o)
                0x0000000000008f80                tcpip_uipcall
 .text.uip_debug_ipaddr_print
                0x0000000000009024       0xb0 contiki-srf06-cc26xx.a(uip-debug.o)
                0x0000000000009024                uip_debug_ipaddr_print
 .text.rpl_get_mode
                0x00000000000090d4        0xc contiki-srf06-cc26xx.a(rpl.o)
                0x00000000000090d4                rpl_get_mode
 .text.rpl_purge_routes
                0x00000000000090e0       0x7c contiki-srf06-cc26xx.a(rpl.o)
                0x00000000000090e0                rpl_purge_routes
 .text.rpl_remove_routes
                0x000000000000915c       0x24 contiki-srf06-cc26xx.a(rpl.o)
                0x000000000000915c                rpl_remove_routes
 .text.rpl_remove_routes_by_nexthop
                0x0000000000009180       0x44 contiki-srf06-cc26xx.a(rpl.o)
                0x0000000000009180                rpl_remove_routes_by_nexthop
 .text.rpl_add_route
                0x00000000000091c4       0x2c contiki-srf06-cc26xx.a(rpl.o)
                0x00000000000091c4                rpl_add_route
 .text.rpl_link_neighbor_callback
                0x00000000000091f0       0x74 contiki-srf06-cc26xx.a(rpl.o)
                0x00000000000091f0                rpl_link_neighbor_callback
 .text.rpl_ipv6_neighbor_callback
                0x0000000000009264       0x30 contiki-srf06-cc26xx.a(rpl.o)
                0x0000000000009264                rpl_ipv6_neighbor_callback
 .text.rpl_purge_dags
                0x0000000000009294       0x40 contiki-srf06-cc26xx.a(rpl.o)
                0x0000000000009294                rpl_purge_dags
 .text.rpl_init
                0x00000000000092d4       0x58 contiki-srf06-cc26xx.a(rpl.o)
                0x00000000000092d4                rpl_init
 .text.rpl_set_preferred_parent
                0x000000000000932c       0x2c contiki-srf06-cc26xx.a(rpl-dag.o)
 .text.set_ip_from_prefix
                0x0000000000009358       0x24 contiki-srf06-cc26xx.a(rpl-dag.o)
 .text.check_prefix
                0x000000000000937c       0x78 contiki-srf06-cc26xx.a(rpl-dag.o)
 .text.find_parent_any_dag_any_instance
                0x00000000000093f4       0x1c contiki-srf06-cc26xx.a(rpl-dag.o)
 .text.lollipop_greater_than
                0x0000000000009410       0x3c contiki-srf06-cc26xx.a(rpl-dag.o)
 .text.rpl_get_nbr
                0x000000000000944c       0x28 contiki-srf06-cc26xx.a(rpl-dag.o)
                0x000000000000944c                rpl_get_nbr
 .text.rpl_dag_init
                0x0000000000009474       0x14 contiki-srf06-cc26xx.a(rpl-dag.o)
                0x0000000000009474                rpl_dag_init
 .text.rpl_get_parent
                0x0000000000009488       0x10 contiki-srf06-cc26xx.a(rpl-dag.o)
                0x0000000000009488                rpl_get_parent
 .text.rpl_get_parent_ipaddr
                0x0000000000009498       0x18 contiki-srf06-cc26xx.a(rpl-dag.o)
                0x0000000000009498                rpl_get_parent_ipaddr
 .text.rpl_repair_root
                0x00000000000094b0       0x60 contiki-srf06-cc26xx.a(rpl-dag.o)
                0x00000000000094b0                rpl_repair_root
 .text.rpl_set_prefix
                0x0000000000009510       0x94 contiki-srf06-cc26xx.a(rpl-dag.o)
                0x0000000000009510                rpl_set_prefix
 .text.rpl_set_default_route
                0x00000000000095a4       0x3c contiki-srf06-cc26xx.a(rpl-dag.o)
                0x00000000000095a4                rpl_set_default_route
 .text.rpl_alloc_instance
                0x00000000000095e0       0x34 contiki-srf06-cc26xx.a(rpl-dag.o)
                0x00000000000095e0                rpl_alloc_instance
 .text.rpl_alloc_dag
                0x0000000000009614       0x5c contiki-srf06-cc26xx.a(rpl-dag.o)
                0x0000000000009614                rpl_alloc_dag
 .text.rpl_add_parent
                0x0000000000009670       0x44 contiki-srf06-cc26xx.a(rpl-dag.o)
                0x0000000000009670                rpl_add_parent
 .text.rpl_find_parent
                0x00000000000096b4       0x18 contiki-srf06-cc26xx.a(rpl-dag.o)
                0x00000000000096b4                rpl_find_parent
 .text.rpl_find_parent_any_dag
                0x00000000000096cc       0x20 contiki-srf06-cc26xx.a(rpl-dag.o)
                0x00000000000096cc                rpl_find_parent_any_dag
 .text.rpl_select_parent
                0x00000000000096ec       0x84 contiki-srf06-cc26xx.a(rpl-dag.o)
                0x00000000000096ec                rpl_select_parent
 .text.rpl_select_dag
                0x0000000000009770      0x174 contiki-srf06-cc26xx.a(rpl-dag.o)
                0x0000000000009770                rpl_select_dag
 .text.rpl_nullify_parent
                0x00000000000098e4       0x4c contiki-srf06-cc26xx.a(rpl-dag.o)
                0x00000000000098e4                rpl_nullify_parent
 .text.rpl_remove_parent
                0x0000000000009930       0x1c contiki-srf06-cc26xx.a(rpl-dag.o)
                0x0000000000009930                rpl_remove_parent
 .text.nbr_callback
                0x000000000000994c        0x4 contiki-srf06-cc26xx.a(rpl-dag.o)
 .text.remove_parents.constprop.6
                0x0000000000009950       0x48 contiki-srf06-cc26xx.a(rpl-dag.o)
 .text.rpl_free_dag
                0x0000000000009998       0x38 contiki-srf06-cc26xx.a(rpl-dag.o)
                0x0000000000009998                rpl_free_dag
 .text.rpl_move_parent
                0x00000000000099d0       0x4c contiki-srf06-cc26xx.a(rpl-dag.o)
                0x00000000000099d0                rpl_move_parent
 .text.rpl_get_any_dag
                0x0000000000009a1c       0x18 contiki-srf06-cc26xx.a(rpl-dag.o)
                0x0000000000009a1c                rpl_get_any_dag
 .text.rpl_get_instance
                0x0000000000009a34       0x20 contiki-srf06-cc26xx.a(rpl-dag.o)
                0x0000000000009a34                rpl_get_instance
 .text.rpl_join_instance
                0x0000000000009a54      0x128 contiki-srf06-cc26xx.a(rpl-dag.o)
                0x0000000000009a54                rpl_join_instance
 .text.rpl_local_repair
                0x0000000000009b7c       0x68 contiki-srf06-cc26xx.a(rpl-dag.o)
                0x0000000000009b7c                rpl_local_repair
 .text.rpl_process_parent_event
                0x0000000000009be4       0x60 contiki-srf06-cc26xx.a(rpl-dag.o)
                0x0000000000009be4                rpl_process_parent_event
 .text.rpl_add_dag
                0x0000000000009c44      0x144 contiki-srf06-cc26xx.a(rpl-dag.o)
                0x0000000000009c44                rpl_add_dag
 .text.rpl_recalculate_ranks
                0x0000000000009d88       0x50 contiki-srf06-cc26xx.a(rpl-dag.o)
                0x0000000000009d88                rpl_recalculate_ranks
 .text.rpl_process_dio
                0x0000000000009dd8      0x310 contiki-srf06-cc26xx.a(rpl-dag.o)
                0x0000000000009dd8                rpl_process_dio
 .text.rpl_verify_header
                0x000000000000a0e8      0x104 contiki-srf06-cc26xx.a(rpl-ext-header.)
                0x000000000000a0e8                rpl_verify_header
 .text.rpl_update_header_empty
                0x000000000000a1ec      0x138 contiki-srf06-cc26xx.a(rpl-ext-header.)
                0x000000000000a1ec                rpl_update_header_empty
 .text.rpl_update_header_final
                0x000000000000a324       0x8c contiki-srf06-cc26xx.a(rpl-ext-header.)
                0x000000000000a324                rpl_update_header_final
 .text.rpl_invert_header
                0x000000000000a3b0       0x68 contiki-srf06-cc26xx.a(rpl-ext-header.)
                0x000000000000a3b0                rpl_invert_header
 .text.rpl_insert_header
                0x000000000000a418       0x1c contiki-srf06-cc26xx.a(rpl-ext-header.)
                0x000000000000a418                rpl_insert_header
 .text.dao_ack_input
                0x000000000000a434       0x14 contiki-srf06-cc26xx.a(rpl-icmp6.o)
 .text.dio_input
                0x000000000000a448      0x2ec contiki-srf06-cc26xx.a(rpl-icmp6.o)
 .text.dis_output
                0x000000000000a734       0x58 contiki-srf06-cc26xx.a(rpl-icmp6.o)
                0x000000000000a734                dis_output
 .text.dio_output
                0x000000000000a78c      0x2a4 contiki-srf06-cc26xx.a(rpl-icmp6.o)
                0x000000000000a78c                dio_output
 .text.dis_input
                0x000000000000aa30       0x40 contiki-srf06-cc26xx.a(rpl-icmp6.o)
 .text.dao_output_target
                0x000000000000aa70       0xf4 contiki-srf06-cc26xx.a(rpl-icmp6.o)
                0x000000000000aa70                dao_output_target
 .text.dao_output
                0x000000000000ab64       0x5c contiki-srf06-cc26xx.a(rpl-icmp6.o)
                0x000000000000ab64                dao_output
 .text.dao_ack_output
                0x000000000000abc0       0x30 contiki-srf06-cc26xx.a(rpl-icmp6.o)
                0x000000000000abc0                dao_ack_output
 .text.dao_input
                0x000000000000abf0      0x200 contiki-srf06-cc26xx.a(rpl-icmp6.o)
 .text.rpl_icmp6_register_handlers
                0x000000000000adf0       0x30 contiki-srf06-cc26xx.a(rpl-icmp6.o)
                0x000000000000adf0                rpl_icmp6_register_handlers
 .text.reset    0x000000000000ae20        0x4 contiki-srf06-cc26xx.a(rpl-mrhof.o)
 .text.update_metric_container
                0x000000000000ae24        0x8 contiki-srf06-cc26xx.a(rpl-mrhof.o)
 .text.calculate_rank
                0x000000000000ae2c       0x44 contiki-srf06-cc26xx.a(rpl-mrhof.o)
 .text.neighbor_link_callback
                0x000000000000ae70       0x50 contiki-srf06-cc26xx.a(rpl-mrhof.o)
 .text.best_dag
                0x000000000000aec0       0x2c contiki-srf06-cc26xx.a(rpl-mrhof.o)
 .text.best_parent
                0x000000000000aeec       0x60 contiki-srf06-cc26xx.a(rpl-mrhof.o)
 .text.new_dio_interval
                0x000000000000af4c       0x60 contiki-srf06-cc26xx.a(rpl-timers.o)
 .text.handle_periodic_timer
                0x000000000000afac       0x3c contiki-srf06-cc26xx.a(rpl-timers.o)
 .text.set_dao_lifetime_timer
                0x000000000000afe8       0x3c contiki-srf06-cc26xx.a(rpl-timers.o)
 .text.handle_unicast_dio_timer
                0x000000000000b024       0x1c contiki-srf06-cc26xx.a(rpl-timers.o)
 .text.handle_dio_timer
                0x000000000000b040       0x8c contiki-srf06-cc26xx.a(rpl-timers.o)
 .text.schedule_dao
                0x000000000000b0cc       0x54 contiki-srf06-cc26xx.a(rpl-timers.o)
 .text.handle_dao_timer
                0x000000000000b120       0x5c contiki-srf06-cc26xx.a(rpl-timers.o)
 .text.rpl_reset_periodic_timer
                0x000000000000b17c       0x3c contiki-srf06-cc26xx.a(rpl-timers.o)
                0x000000000000b17c                rpl_reset_periodic_timer
 .text.rpl_reset_dio_timer
                0x000000000000b1b8       0x1c contiki-srf06-cc26xx.a(rpl-timers.o)
                0x000000000000b1b8                rpl_reset_dio_timer
 .text.rpl_schedule_dao
                0x000000000000b1d4        0x8 contiki-srf06-cc26xx.a(rpl-timers.o)
                0x000000000000b1d4                rpl_schedule_dao
 .text.rpl_schedule_unicast_dio_immediately
                0x000000000000b1dc       0x14 contiki-srf06-cc26xx.a(rpl-timers.o)
                0x000000000000b1dc                rpl_schedule_unicast_dio_immediately
 .text.rpl_schedule_probing
                0x000000000000b1f0       0x38 contiki-srf06-cc26xx.a(rpl-timers.o)
                0x000000000000b1f0                rpl_schedule_probing
 .text.handle_probing_timer
                0x000000000000b228       0xd8 contiki-srf06-cc26xx.a(rpl-timers.o)
 .text.AONBatMonTemperatureGetDegC
                0x000000000000b300       0x30 contiki-srf06-cc26xx.a(aon_batmon.o)
                0x000000000000b300                AONBatMonTemperatureGetDegC
 .text.NOROM_AONRTCCurrentCompareValueGet
                0x000000000000b330       0x24 contiki-srf06-cc26xx.a(aon_rtc.o)
                0x000000000000b330                NOROM_AONRTCCurrentCompareValueGet
 .text.ChipInfo_GetSupportedProtocol_BV
                0x000000000000b354       0x10 contiki-srf06-cc26xx.a(chipinfo.o)
                0x000000000000b354                ChipInfo_GetSupportedProtocol_BV
 .text.ChipInfo_GetChipFamily
                0x000000000000b364       0x38 contiki-srf06-cc26xx.a(chipinfo.o)
                0x000000000000b364                ChipInfo_GetChipFamily
 .text.ChipInfo_GetHwRevision
                0x000000000000b39c       0x98 contiki-srf06-cc26xx.a(chipinfo.o)
                0x000000000000b39c                ChipInfo_GetHwRevision
 .text.ThisCodeIsBuiltForCC26xxHwRev22AndLater_HaltIfViolated
                0x000000000000b434       0x2c contiki-srf06-cc26xx.a(chipinfo.o)
                0x000000000000b434                ThisCodeIsBuiltForCC26xxHwRev22AndLater_HaltIfViolated
 .text.NOROM_CPUcpsid
                0x000000000000b460        0x8 contiki-srf06-cc26xx.a(cpu.o)
                0x000000000000b460                NOROM_CPUcpsid
 .text.NOROM_CPUcpsie
                0x000000000000b468        0x8 contiki-srf06-cc26xx.a(cpu.o)
                0x000000000000b468                NOROM_CPUcpsie
 .text.NOROM_CPUdelay
                0x000000000000b470        0x8 contiki-srf06-cc26xx.a(cpu.o)
                0x000000000000b470                NOROM_CPUdelay
 .text.NOROM_DDI16BitfieldWrite
                0x000000000000b478       0x4c contiki-srf06-cc26xx.a(ddi.o)
                0x000000000000b478                NOROM_DDI16BitfieldWrite
 .text.NOROM_DDI16BitfieldRead
                0x000000000000b4c4       0x4c contiki-srf06-cc26xx.a(ddi.o)
                0x000000000000b4c4                NOROM_DDI16BitfieldRead
 .text.NOROM_OSCClockSourceSet
                0x000000000000b510       0x50 contiki-srf06-cc26xx.a(osc.o)
                0x000000000000b510                NOROM_OSCClockSourceSet
 .text.NOROM_OSCClockSourceGet
                0x000000000000b560       0x20 contiki-srf06-cc26xx.a(osc.o)
                0x000000000000b560                NOROM_OSCClockSourceGet
 .text.NOROM_OSCInterfaceEnable
                0x000000000000b580       0x34 contiki-srf06-cc26xx.a(osc.o)
                0x000000000000b580                NOROM_OSCInterfaceEnable
 .text.NOROM_PowerCtrlSourceSet
                0x000000000000b5b4       0x30 contiki-srf06-cc26xx.a(pwr_ctrl.o)
                0x000000000000b5b4                NOROM_PowerCtrlSourceSet
 .text.HapiTrimDeviceShutDown
                0x000000000000b5e4      0x4e8 contiki-srf06-cc26xx.a(setup.o)
 .text.trimDevice
                0x000000000000bacc       0xfc contiki-srf06-cc26xx.a(setup.o)
                0x000000000000bacc                trimDevice
 .text.SysCtrlSetRechargeBeforePowerDown
                0x000000000000bbc8      0x1d8 contiki-srf06-cc26xx.a(sys_ctrl.o)
                0x000000000000bbc8                SysCtrlSetRechargeBeforePowerDown
 .text.SysCtrlAdjustRechargeAfterPowerDown
                0x000000000000bda0       0x70 contiki-srf06-cc26xx.a(sys_ctrl.o)
                0x000000000000bda0                SysCtrlAdjustRechargeAfterPowerDown
 .text.SysCtrl_DCDC_VoltageConditionalControl
                0x000000000000be10       0x78 contiki-srf06-cc26xx.a(sys_ctrl.o)
                0x000000000000be10                SysCtrl_DCDC_VoltageConditionalControl
 .text.linkaddr_copy
                0x000000000000be88        0xc contiki-srf06-cc26xx.a(linkaddr.o)
                0x000000000000be88                linkaddr_copy
 .text.linkaddr_cmp
                0x000000000000be94       0x10 contiki-srf06-cc26xx.a(linkaddr.o)
                0x000000000000be94                linkaddr_cmp
 .text.index_from_lladdr
                0x000000000000bea4       0x50 contiki-srf06-cc26xx.a(nbr-table.o)
 .text.nbr_table_register
                0x000000000000bef4       0x2c contiki-srf06-cc26xx.a(nbr-table.o)
                0x000000000000bef4                nbr_table_register
 .text.nbr_table_next
                0x000000000000bf20       0x7c contiki-srf06-cc26xx.a(nbr-table.o)
                0x000000000000bf20                nbr_table_next
 .text.nbr_table_head
                0x000000000000bf9c       0x70 contiki-srf06-cc26xx.a(nbr-table.o)
                0x000000000000bf9c                nbr_table_head
 .text.nbr_table_add_lladdr
                0x000000000000c00c      0x1b4 contiki-srf06-cc26xx.a(nbr-table.o)
                0x000000000000c00c                nbr_table_add_lladdr
 .text.nbr_table_get_from_lladdr
                0x000000000000c1c0       0x44 contiki-srf06-cc26xx.a(nbr-table.o)
                0x000000000000c1c0                nbr_table_get_from_lladdr
 .text.nbr_table_remove
                0x000000000000c204       0x5c contiki-srf06-cc26xx.a(nbr-table.o)
                0x000000000000c204                nbr_table_remove
 .text.nbr_table_lock
                0x000000000000c260       0x34 contiki-srf06-cc26xx.a(nbr-table.o)
                0x000000000000c260                nbr_table_lock
 .text.nbr_table_unlock
                0x000000000000c294       0x38 contiki-srf06-cc26xx.a(nbr-table.o)
                0x000000000000c294                nbr_table_unlock
 .text.nbr_table_get_lladdr
                0x000000000000c2cc       0x30 contiki-srf06-cc26xx.a(nbr-table.o)
                0x000000000000c2cc                nbr_table_get_lladdr
 .text.netstack_init
                0x000000000000c2fc       0x38 contiki-srf06-cc26xx.a(netstack.o)
                0x000000000000c2fc                netstack_init
 .text.packetbuf_copyto
                0x000000000000c334       0x50 contiki-srf06-cc26xx.a(packetbuf.o)
                0x000000000000c334                packetbuf_copyto
 .text.packetbuf_hdralloc
                0x000000000000c384       0x44 contiki-srf06-cc26xx.a(packetbuf.o)
                0x000000000000c384                packetbuf_hdralloc
 .text.packetbuf_hdrreduce
                0x000000000000c3c8       0x2c contiki-srf06-cc26xx.a(packetbuf.o)
                0x000000000000c3c8                packetbuf_hdrreduce
 .text.packetbuf_set_datalen
                0x000000000000c3f4        0xc contiki-srf06-cc26xx.a(packetbuf.o)
                0x000000000000c3f4                packetbuf_set_datalen
 .text.packetbuf_dataptr
                0x000000000000c400       0x14 contiki-srf06-cc26xx.a(packetbuf.o)
                0x000000000000c400                packetbuf_dataptr
 .text.packetbuf_hdrptr
                0x000000000000c414       0x14 contiki-srf06-cc26xx.a(packetbuf.o)
                0x000000000000c414                packetbuf_hdrptr
 .text.packetbuf_datalen
                0x000000000000c428        0xc contiki-srf06-cc26xx.a(packetbuf.o)
                0x000000000000c428                packetbuf_datalen
 .text.packetbuf_totlen
                0x000000000000c434       0x28 contiki-srf06-cc26xx.a(packetbuf.o)
                0x000000000000c434                packetbuf_totlen
 .text.packetbuf_attr_clear
                0x000000000000c45c       0x38 contiki-srf06-cc26xx.a(packetbuf.o)
                0x000000000000c45c                packetbuf_attr_clear
 .text.packetbuf_clear
                0x000000000000c494       0x34 contiki-srf06-cc26xx.a(packetbuf.o)
                0x000000000000c494                packetbuf_clear
 .text.packetbuf_copyfrom
                0x000000000000c4c8       0x4c contiki-srf06-cc26xx.a(packetbuf.o)
                0x000000000000c4c8                packetbuf_copyfrom
 .text.packetbuf_attr_copyto
                0x000000000000c514       0x44 contiki-srf06-cc26xx.a(packetbuf.o)
                0x000000000000c514                packetbuf_attr_copyto
 .text.packetbuf_attr_copyfrom
                0x000000000000c558       0x44 contiki-srf06-cc26xx.a(packetbuf.o)
                0x000000000000c558                packetbuf_attr_copyfrom
 .text.packetbuf_set_attr
                0x000000000000c59c       0x10 contiki-srf06-cc26xx.a(packetbuf.o)
                0x000000000000c59c                packetbuf_set_attr
 .text.packetbuf_attr
                0x000000000000c5ac        0xc contiki-srf06-cc26xx.a(packetbuf.o)
                0x000000000000c5ac                packetbuf_attr
 .text.packetbuf_set_addr
                0x000000000000c5b8       0x18 contiki-srf06-cc26xx.a(packetbuf.o)
                0x000000000000c5b8                packetbuf_set_addr
 .text.packetbuf_addr
                0x000000000000c5d0       0x10 contiki-srf06-cc26xx.a(packetbuf.o)
                0x000000000000c5d0                packetbuf_addr
 .text.packetbuf_holds_broadcast
                0x000000000000c5e0       0x10 contiki-srf06-cc26xx.a(packetbuf.o)
                0x000000000000c5e0                packetbuf_holds_broadcast
 .text.queuebuf_init
                0x000000000000c5f0       0x1c contiki-srf06-cc26xx.a(queuebuf.o)
                0x000000000000c5f0                queuebuf_init
 .text.queuebuf_numfree
                0x000000000000c60c        0xc contiki-srf06-cc26xx.a(queuebuf.o)
                0x000000000000c60c                queuebuf_numfree
 .text.queuebuf_new_from_packetbuf
                0x000000000000c618       0x48 contiki-srf06-cc26xx.a(queuebuf.o)
                0x000000000000c618                queuebuf_new_from_packetbuf
 .text.queuebuf_update_attr_from_packetbuf
                0x000000000000c660        0xc contiki-srf06-cc26xx.a(queuebuf.o)
                0x000000000000c660                queuebuf_update_attr_from_packetbuf
 .text.queuebuf_update_from_packetbuf
                0x000000000000c66c       0x1c contiki-srf06-cc26xx.a(queuebuf.o)
                0x000000000000c66c                queuebuf_update_from_packetbuf
 .text.queuebuf_free
                0x000000000000c688       0x2c contiki-srf06-cc26xx.a(queuebuf.o)
                0x000000000000c688                queuebuf_free
 .text.queuebuf_to_packetbuf
                0x000000000000c6b4       0x30 contiki-srf06-cc26xx.a(queuebuf.o)
                0x000000000000c6b4                queuebuf_to_packetbuf
 .text.queuebuf_attr
                0x000000000000c6e4        0xc contiki-srf06-cc26xx.a(queuebuf.o)
                0x000000000000c6e4                queuebuf_attr
 .text.input_packet
                0x000000000000c6f0        0xc contiki-srf06-cc26xx.a(csma.o)
 .text.on       0x000000000000c6fc        0xc contiki-srf06-cc26xx.a(csma.o)
 .text.off      0x000000000000c708        0xc contiki-srf06-cc26xx.a(csma.o)
 .text.channel_check_interval
                0x000000000000c714       0x10 contiki-srf06-cc26xx.a(csma.o)
 .text.transmit_packet_list
                0x000000000000c724       0x34 contiki-srf06-cc26xx.a(csma.o)
 .text.free_packet
                0x000000000000c758       0x98 contiki-srf06-cc26xx.a(csma.o)
 .text.packet_sent
                0x000000000000c7f0       0xfc contiki-srf06-cc26xx.a(csma.o)
 .text.send_packet
                0x000000000000c8ec      0x164 contiki-srf06-cc26xx.a(csma.o)
 .text.init     0x000000000000ca50       0x24 contiki-srf06-cc26xx.a(csma.o)
 .text.parse    0x000000000000ca74       0xa0 contiki-srf06-cc26xx.a(framer-802154.o)
 .text.create_frame.isra.0
                0x000000000000cb14      0x13c contiki-srf06-cc26xx.a(framer-802154.o)
 .text.create   0x000000000000cc50        0x8 contiki-srf06-cc26xx.a(framer-802154.o)
 .text.hdr_length
                0x000000000000cc58        0x8 contiki-srf06-cc26xx.a(framer-802154.o)
 .text.mac_call_sent_callback
                0x000000000000cc60       0x18 contiki-srf06-cc26xx.a(mac.o)
                0x000000000000cc60                mac_call_sent_callback
 .text.duty_cycle
                0x000000000000cc78        0x4 contiki-srf06-cc26xx.a(contikimac.o)
 .text.init     0x000000000000cc7c       0x40 contiki-srf06-cc26xx.a(contikimac.o)
 .text.on.part.0
                0x000000000000ccbc       0x14 contiki-srf06-cc26xx.a(contikimac.o)
 .text.off      0x000000000000ccd0       0x38 contiki-srf06-cc26xx.a(contikimac.o)
 .text.recv_burst_off
                0x000000000000cd08       0x14 contiki-srf06-cc26xx.a(contikimac.o)
 .text.powercycle_turn_radio_off.part.2
                0x000000000000cd1c       0x10 contiki-srf06-cc26xx.a(contikimac.o)
 .text.turn_off
                0x000000000000cd2c       0x44 contiki-srf06-cc26xx.a(contikimac.o)
 .text.turn_on  0x000000000000cd70       0x44 contiki-srf06-cc26xx.a(contikimac.o)
 .text.schedule_powercycle_fixed.part.5
                0x000000000000cdb4       0x2c contiki-srf06-cc26xx.a(contikimac.o)
 .text.input_packet
                0x000000000000cde0       0xc4 contiki-srf06-cc26xx.a(contikimac.o)
 .text.send_packet.isra.8
                0x000000000000cea4      0x23c contiki-srf06-cc26xx.a(contikimac.o)
 .text.qsend_list
                0x000000000000d0e0       0xe0 contiki-srf06-cc26xx.a(contikimac.o)
 .text.qsend_packet
                0x000000000000d1c0       0x24 contiki-srf06-cc26xx.a(contikimac.o)
 .text.powercycle_wrapper
                0x000000000000d1e4      0x264 contiki-srf06-cc26xx.a(contikimac.o)
 .text.init     0x000000000000d448        0x4 contiki-srf06-cc26xx.a(nullsec.o)
 .text.input    0x000000000000d44c        0xc contiki-srf06-cc26xx.a(nullsec.o)
 .text.send     0x000000000000d458       0x20 contiki-srf06-cc26xx.a(nullsec.o)
 .text.sensor_common_read_reg
                0x000000000000d478       0x1c contiki-srf06-cc26xx.a(sensor-common.o)
                0x000000000000d478                sensor_common_read_reg
 .text.sensor_common_write_reg
                0x000000000000d494       0x38 contiki-srf06-cc26xx.a(sensor-common.o)
                0x000000000000d494                sensor_common_write_reg
 .text.sensor_common_set_error_data
                0x000000000000d4cc       0x10 contiki-srf06-cc26xx.a(sensor-common.o)
                0x000000000000d4cc                sensor_common_set_error_data
 .text.verify_part
                0x000000000000d4dc       0x70 contiki-srf06-cc26xx.a(ext-flash.o)
 .text.wait_ready
                0x000000000000d54c       0x64 contiki-srf06-cc26xx.a(ext-flash.o)
 .text.power_down
                0x000000000000d5b0       0x50 contiki-srf06-cc26xx.a(ext-flash.o)
 .text.ext_flash_open
                0x000000000000d600       0x60 contiki-srf06-cc26xx.a(ext-flash.o)
                0x000000000000d600                ext_flash_open
 .text.ext_flash_init
                0x000000000000d660       0x14 contiki-srf06-cc26xx.a(ext-flash.o)
                0x000000000000d660                ext_flash_init
 .text.accessible
                0x000000000000d674       0x24 contiki-srf06-cc26xx.a(board-spi.o)
 .text.board_spi_write
                0x000000000000d698       0x3c contiki-srf06-cc26xx.a(board-spi.o)
                0x000000000000d698                board_spi_write
 .text.board_spi_read
                0x000000000000d6d4       0x48 contiki-srf06-cc26xx.a(board-spi.o)
                0x000000000000d6d4                board_spi_read
 .text.board_spi_flush
                0x000000000000d71c       0x24 contiki-srf06-cc26xx.a(board-spi.o)
                0x000000000000d71c                board_spi_flush
 .text.board_spi_open
                0x000000000000d740       0xbc contiki-srf06-cc26xx.a(board-spi.o)
                0x000000000000d740                board_spi_open
 .text.board_spi_close
                0x000000000000d7fc       0x70 contiki-srf06-cc26xx.a(board-spi.o)
                0x000000000000d7fc                board_spi_close
 .text.process_thread_rf_core_process
                0x000000000000d86c       0x58 contiki-srf06-cc26xx.a(rf-core.o)
 .text.rf_core_is_accessible
                0x000000000000d8c4       0x10 contiki-srf06-cc26xx.a(rf-core.o)
                0x000000000000d8c4                rf_core_is_accessible
 .text.rf_core_send_cmd
                0x000000000000d8d4       0x94 contiki-srf06-cc26xx.a(rf-core.o)
                0x000000000000d8d4                rf_core_send_cmd
 .text.rf_core_wait_cmd_done
                0x000000000000d968       0x30 contiki-srf06-cc26xx.a(rf-core.o)
                0x000000000000d968                rf_core_wait_cmd_done
 .text.rf_core_power_up
                0x000000000000d998       0xb4 contiki-srf06-cc26xx.a(rf-core.o)
                0x000000000000d998                rf_core_power_up
 .text.rf_core_power_down
                0x000000000000da4c       0xe8 contiki-srf06-cc26xx.a(rf-core.o)
                0x000000000000da4c                rf_core_power_down
 .text.rf_core_set_modesel
                0x000000000000db34       0x68 contiki-srf06-cc26xx.a(rf-core.o)
                0x000000000000db34                rf_core_set_modesel
 .text.rf_core_boot
                0x000000000000db9c       0x30 contiki-srf06-cc26xx.a(rf-core.o)
                0x000000000000db9c                rf_core_boot
 .text.rf_core_setup_interrupts
                0x000000000000dbcc       0x6c contiki-srf06-cc26xx.a(rf-core.o)
                0x000000000000dbcc                rf_core_setup_interrupts
 .text.rf_core_cmd_done_en
                0x000000000000dc38       0x28 contiki-srf06-cc26xx.a(rf-core.o)
                0x000000000000dc38                rf_core_cmd_done_en
 .text.rf_core_cmd_done_dis
                0x000000000000dc60       0x10 contiki-srf06-cc26xx.a(rf-core.o)
                0x000000000000dc60                rf_core_cmd_done_dis
 .text.rf_core_get_last_radio_op
                0x000000000000dc70        0xc contiki-srf06-cc26xx.a(rf-core.o)
                0x000000000000dc70                rf_core_get_last_radio_op
 .text.rf_core_init_radio_op
                0x000000000000dc7c       0x1c contiki-srf06-cc26xx.a(rf-core.o)
                0x000000000000dc7c                rf_core_init_radio_op
 .text.rf_core_primary_mode_register
                0x000000000000dc98        0xc contiki-srf06-cc26xx.a(rf-core.o)
                0x000000000000dc98                rf_core_primary_mode_register
 .text.rf_core_primary_mode_abort
                0x000000000000dca4       0x14 contiki-srf06-cc26xx.a(rf-core.o)
                0x000000000000dca4                rf_core_primary_mode_abort
 .text.rf_core_primary_mode_restore
                0x000000000000dcb8       0x14 contiki-srf06-cc26xx.a(rf-core.o)
                0x000000000000dcb8                rf_core_primary_mode_restore
 .text.RFCCPE1IntHandler
                0x000000000000dccc       0x28 contiki-srf06-cc26xx.a(rf-core.o)
                0x000000000000dccc                RFCCPE1IntHandler
 .text.RFCCPE0IntHandler
                0x000000000000dcf4       0x5c contiki-srf06-cc26xx.a(rf-core.o)
                0x000000000000dcf4                RFCCPE0IntHandler
 .text.stimer_set
                0x000000000000dd50       0x10 contiki-srf06-cc26xx.a(stimer.o)
                0x000000000000dd50                stimer_set
 .text.stimer_expired
                0x000000000000dd60       0x20 contiki-srf06-cc26xx.a(stimer.o)
                0x000000000000dd60                stimer_expired
 .text.memb_init
                0x000000000000dd80       0x24 contiki-srf06-cc26xx.a(memb.o)
                0x000000000000dd80                memb_init
 .text.memb_alloc
                0x000000000000dda4       0x3c contiki-srf06-cc26xx.a(memb.o)
                0x000000000000dda4                memb_alloc
 .text.memb_free
                0x000000000000dde0       0x3c contiki-srf06-cc26xx.a(memb.o)
                0x000000000000dde0                memb_free
 .text.memb_inmemb
                0x000000000000de1c       0x1c contiki-srf06-cc26xx.a(memb.o)
                0x000000000000de1c                memb_inmemb
 .text.memb_numfree
                0x000000000000de38       0x1c contiki-srf06-cc26xx.a(memb.o)
                0x000000000000de38                memb_numfree
 .text.frame802154_get_pan_id
                0x000000000000de54        0xc contiki-srf06-cc26xx.a(frame802154.o)
                0x000000000000de54                frame802154_get_pan_id
 .text.frame802154_has_panid
                0x000000000000de60       0x50 contiki-srf06-cc26xx.a(frame802154.o)
                0x000000000000de60                frame802154_has_panid
 .text.field_len
                0x000000000000deb0       0x88 contiki-srf06-cc26xx.a(frame802154.o)
 .text.frame802154_is_broadcast_addr
                0x000000000000df38       0x20 contiki-srf06-cc26xx.a(frame802154.o)
                0x000000000000df38                frame802154_is_broadcast_addr
 .text.frame802154_hdrlen
                0x000000000000df58       0x34 contiki-srf06-cc26xx.a(frame802154.o)
                0x000000000000df58                frame802154_hdrlen
 .text.frame802154_create
                0x000000000000df8c      0x124 contiki-srf06-cc26xx.a(frame802154.o)
                0x000000000000df8c                frame802154_create
 .text.frame802154_parse
                0x000000000000e0b0      0x17c contiki-srf06-cc26xx.a(frame802154.o)
                0x000000000000e0b0                frame802154_parse
 .text.mac_sequence_is_duplicate
                0x000000000000e22c       0x3c contiki-srf06-cc26xx.a(mac-sequence.o)
                0x000000000000e22c                mac_sequence_is_duplicate
 .text.mac_sequence_register_seqno
                0x000000000000e268       0x70 contiki-srf06-cc26xx.a(mac-sequence.o)
                0x000000000000e268                mac_sequence_register_seqno
 .text.exp2     0x000000000000e2d8       0x10 /usr/local/gcc-arm-none-eabi-5_4-2016q2/bin/../lib/gcc/arm-none-eabi/5.4.1/../../../../arm-none-eabi/lib/armv7-m/libm.a(lib_a-w_exp2.o)
                0x000000000000e2d8                exp2
 .text.pow      0x000000000000e2e8      0x330 /usr/local/gcc-arm-none-eabi-5_4-2016q2/bin/../lib/gcc/arm-none-eabi/5.4.1/../../../../arm-none-eabi/lib/armv7-m/libm.a(lib_a-w_pow.o)
                0x000000000000e2e8                pow
 .text.__ieee754_sqrt
                0x000000000000e618      0x188 /usr/local/gcc-arm-none-eabi-5_4-2016q2/bin/../lib/gcc/arm-none-eabi/5.4.1/../../../../arm-none-eabi/lib/armv7-m/libm.a(lib_a-e_sqrt.o)
                0x000000000000e618                __ieee754_sqrt
 .text.fabs     0x000000000000e7a0        0x8 /usr/local/gcc-arm-none-eabi-5_4-2016q2/bin/../lib/gcc/arm-none-eabi/5.4.1/../../../../arm-none-eabi/lib/armv7-m/libm.a(lib_a-s_fabs.o)
                0x000000000000e7a0                fabs
 .text.finite   0x000000000000e7a8        0xc /usr/local/gcc-arm-none-eabi-5_4-2016q2/bin/../lib/gcc/arm-none-eabi/5.4.1/../../../../arm-none-eabi/lib/armv7-m/libm.a(lib_a-s_finite.o)
                0x000000000000e7a8                finite
 .text.matherr  0x000000000000e7b4        0x4 /usr/local/gcc-arm-none-eabi-5_4-2016q2/bin/../lib/gcc/arm-none-eabi/5.4.1/../../../../arm-none-eabi/lib/armv7-m/libm.a(lib_a-s_matherr.o)
                0x000000000000e7b4                matherr
 .text.nan      0x000000000000e7b8        0xc /usr/local/gcc-arm-none-eabi-5_4-2016q2/bin/../lib/gcc/arm-none-eabi/5.4.1/../../../../arm-none-eabi/lib/armv7-m/libm.a(lib_a-s_nan.o)
                0x000000000000e7b8                nan
 .text.rint     0x000000000000e7c4      0x120 /usr/local/gcc-arm-none-eabi-5_4-2016q2/bin/../lib/gcc/arm-none-eabi/5.4.1/../../../../arm-none-eabi/lib/armv7-m/libm.a(lib_a-s_rint.o)
                0x000000000000e7c4                rint
 .text.copysign
                0x000000000000e8e4       0x10 /usr/local/gcc-arm-none-eabi-5_4-2016q2/bin/../lib/gcc/arm-none-eabi/5.4.1/../../../../arm-none-eabi/lib/armv7-m/libm.a(lib_a-s_copysign.o)
                0x000000000000e8e4                copysign
 .text          0x000000000000e8f4      0x370 /usr/local/gcc-arm-none-eabi-5_4-2016q2/bin/../lib/gcc/arm-none-eabi/5.4.1/armv7-m/libgcc.a(_arm_addsubdf3.o)
                0x000000000000e8f4                __aeabi_drsub
                0x000000000000e8fc                __subdf3
                0x000000000000e8fc                __aeabi_dsub
                0x000000000000e900                __aeabi_dadd
                0x000000000000e900                __adddf3
                0x000000000000eb78                __aeabi_ui2d
                0x000000000000eb78                __floatunsidf
                0x000000000000eb98                __floatsidf
                0x000000000000eb98                __aeabi_i2d
                0x000000000000ebbc                __extendsfdf2
                0x000000000000ebbc                __aeabi_f2d
                0x000000000000ebf8                __aeabi_ul2d
                0x000000000000ebf8                __floatundidf
                0x000000000000ec08                __aeabi_l2d
                0x000000000000ec08                __floatdidf
 .text          0x000000000000ec64      0x424 /usr/local/gcc-arm-none-eabi-5_4-2016q2/bin/../lib/gcc/arm-none-eabi/5.4.1/armv7-m/libgcc.a(_arm_muldivdf3.o)
                0x000000000000ec64                __aeabi_dmul
                0x000000000000ec64                __muldf3
                0x000000000000eeb8                __aeabi_ddiv
                0x000000000000eeb8                __divdf3
 .text          0x000000000000f088      0x110 /usr/local/gcc-arm-none-eabi-5_4-2016q2/bin/../lib/gcc/arm-none-eabi/5.4.1/armv7-m/libgcc.a(_arm_cmpdf2.o)
                0x000000000000f088                __gtdf2
                0x000000000000f088                __gedf2
                0x000000000000f090                __ltdf2
                0x000000000000f090                __ledf2
                0x000000000000f098                __eqdf2
                0x000000000000f098                __nedf2
                0x000000000000f098                __cmpdf2
                0x000000000000f114                __aeabi_cdrcmple
                0x000000000000f124                __aeabi_cdcmple
                0x000000000000f124                __aeabi_cdcmpeq
                0x000000000000f134                __aeabi_dcmpeq
                0x000000000000f148                __aeabi_dcmplt
                0x000000000000f15c                __aeabi_dcmple
                0x000000000000f170                __aeabi_dcmpge
                0x000000000000f184                __aeabi_dcmpgt
 .text          0x000000000000f198       0x2c /usr/local/gcc-arm-none-eabi-5_4-2016q2/bin/../lib/gcc/arm-none-eabi/5.4.1/armv7-m/libgcc.a(_arm_unorddf2.o)
                0x000000000000f198                __aeabi_dcmpun
                0x000000000000f198                __unorddf2
 .text          0x000000000000f1c4       0xa0 /usr/local/gcc-arm-none-eabi-5_4-2016q2/bin/../lib/gcc/arm-none-eabi/5.4.1/armv7-m/libgcc.a(_arm_truncdfsf2.o)
                0x000000000000f1c4                __aeabi_d2f
                0x000000000000f1c4                __truncdfsf2
 .text          0x000000000000f264      0x21c /usr/local/gcc-arm-none-eabi-5_4-2016q2/bin/../lib/gcc/arm-none-eabi/5.4.1/armv7-m/libgcc.a(_arm_addsubsf3.o)
                0x000000000000f264                __aeabi_frsub
                0x000000000000f26c                __aeabi_fsub
                0x000000000000f26c                __subsf3
                0x000000000000f270                __aeabi_fadd
                0x000000000000f270                __addsf3
                0x000000000000f3d0                __aeabi_ui2f
                0x000000000000f3d0                __floatunsisf
                0x000000000000f3d8                __floatsisf
                0x000000000000f3d8                __aeabi_i2f
                0x000000000000f3f4                __aeabi_ul2f
                0x000000000000f3f4                __floatundisf
                0x000000000000f404                __aeabi_l2f
                0x000000000000f404                __floatdisf
 .text          0x000000000000f480      0x2a0 /usr/local/gcc-arm-none-eabi-5_4-2016q2/bin/../lib/gcc/arm-none-eabi/5.4.1/armv7-m/libgcc.a(_arm_muldivsf3.o)
                0x000000000000f480                __mulsf3
                0x000000000000f480                __aeabi_fmul
                0x000000000000f5e8                __divsf3
                0x000000000000f5e8                __aeabi_fdiv
 .text          0x000000000000f720       0x4c /usr/local/gcc-arm-none-eabi-5_4-2016q2/bin/../lib/gcc/arm-none-eabi/5.4.1/armv7-m/libgcc.a(_arm_fixsfsi.o)
                0x000000000000f720                __fixsfsi
                0x000000000000f720                __aeabi_f2iz
 .text          0x000000000000f76c       0x30 /usr/local/gcc-arm-none-eabi-5_4-2016q2/bin/../lib/gcc/arm-none-eabi/5.4.1/armv7-m/libgcc.a(_aeabi_uldivmod.o)
                0x000000000000f76c                __aeabi_uldivmod
 .text          0x000000000000f79c      0x2ec /usr/local/gcc-arm-none-eabi-5_4-2016q2/bin/../lib/gcc/arm-none-eabi/5.4.1/armv7-m/libgcc.a(_udivmoddi4.o)
                0x000000000000f79c                __udivmoddi4
 .text          0x000000000000fa88        0x4 /usr/local/gcc-arm-none-eabi-5_4-2016q2/bin/../lib/gcc/arm-none-eabi/5.4.1/armv7-m/libgcc.a(_dvmd_tls.o)
                0x000000000000fa88                __aeabi_ldiv0
                0x000000000000fa88                __aeabi_idiv0
 .text.__errno  0x000000000000fa8c        0xc /usr/local/gcc-arm-none-eabi-5_4-2016q2/bin/../lib/gcc/arm-none-eabi/5.4.1/../../../../arm-none-eabi/lib/armv7-m/libc.a(lib_a-errno.o)
                0x000000000000fa8c                __errno
 .text.memcmp   0x000000000000fa98       0x64 /usr/local/gcc-arm-none-eabi-5_4-2016q2/bin/../lib/gcc/arm-none-eabi/5.4.1/../../../../arm-none-eabi/lib/armv7-m/libc.a(lib_a-memcmp.o)
                0x000000000000fa98                memcmp
 .text          0x000000000000fafc       0xec /usr/local/gcc-arm-none-eabi-5_4-2016q2/bin/../lib/gcc/arm-none-eabi/5.4.1/../../../../arm-none-eabi/lib/armv7-m/libc.a(lib_a-memcpy.o)
                0x000000000000fafc                memcpy
 .text.memmove  0x000000000000fbe8       0xc8 /usr/local/gcc-arm-none-eabi-5_4-2016q2/bin/../lib/gcc/arm-none-eabi/5.4.1/../../../../arm-none-eabi/lib/armv7-m/libc.a(lib_a-memmove.o)
                0x000000000000fbe8                memmove
 .text.memset   0x000000000000fcb0       0x9c /usr/local/gcc-arm-none-eabi-5_4-2016q2/bin/../lib/gcc/arm-none-eabi/5.4.1/../../../../arm-none-eabi/lib/armv7-m/libc.a(lib_a-memset.o)
                0x000000000000fcb0                memset
 .text.srand    0x000000000000fd4c       0x14 /usr/local/gcc-arm-none-eabi-5_4-2016q2/bin/../lib/gcc/arm-none-eabi/5.4.1/../../../../arm-none-eabi/lib/armv7-m/libc.a(lib_a-rand.o)
                0x000000000000fd4c                srand
 .text.rand     0x000000000000fd60       0x40 /usr/local/gcc-arm-none-eabi-5_4-2016q2/bin/../lib/gcc/arm-none-eabi/5.4.1/../../../../arm-none-eabi/lib/armv7-m/libc.a(lib_a-rand.o)
                0x000000000000fd60                rand
 .text.strlen   0x000000000000fda0       0x5c /usr/local/gcc-arm-none-eabi-5_4-2016q2/bin/../lib/gcc/arm-none-eabi/5.4.1/../../../../arm-none-eabi/lib/armv7-m/libc.a(lib_a-strlen-stub.o)
                0x000000000000fda0                strlen
 *(SORT(.rodata*))
 *fill*         0x000000000000fdfc        0x4 00000000
 .rodata.TWO52  0x000000000000fe00       0x10 /usr/local/gcc-arm-none-eabi-5_4-2016q2/bin/../lib/gcc/arm-none-eabi/5.4.1/../../../../arm-none-eabi/lib/armv7-m/libm.a(lib_a-s_rint.o)
 .rodata.autostart_processes
                0x000000000000fe10        0x8 cc26xx-demo.co
                0x000000000000fe10                autostart_processes
 .rodata.str1.4
                0x000000000000fe18      0x110 cc26xx-demo.co
 .rodata.str1.4
                0x000000000000ff28       0x8d contiki-srf06-cc26xx.a(contiki-main.o)
                                         0xa1 (size before relaxing)
 *fill*         0x000000000000ffb5        0x3 00000000
 .rodata.str1.4
                0x000000000000ffb8        0x8 contiki-srf06-cc26xx.a(sensors.o)
 .rodata.str1.4
                0x000000000000ffc0        0x7 contiki-srf06-cc26xx.a(bmp-280-sensor.)
 *fill*         0x000000000000ffc7        0x1 00000000
 .rodata.bmp_280_sensor
                0x000000000000ffc8       0x10 contiki-srf06-cc26xx.a(bmp-280-sensor.)
                0x000000000000ffc8                bmp_280_sensor
 .rodata.tmp_007_sensor
                0x000000000000ffd8       0x10 contiki-srf06-cc26xx.a(tmp-007-sensor.)
                0x000000000000ffd8                tmp_007_sensor
 .rodata.str1.4
                0x000000000000ffe8        0x7 contiki-srf06-cc26xx.a(tmp-007-sensor.)
 *fill*         0x000000000000ffef        0x1 00000000
 .rodata.str1.4
                0x000000000000fff0        0x8 contiki-srf06-cc26xx.a(opt-3001-sensor)
 .rodata.opt_3001_sensor
                0x000000000000fff8       0x10 contiki-srf06-cc26xx.a(opt-3001-sensor)
                0x000000000000fff8                opt_3001_sensor
 .rodata.hdc_1000_sensor
                0x0000000000010008       0x10 contiki-srf06-cc26xx.a(hdc-1000-sensor)
                0x0000000000010008                hdc_1000_sensor
 .rodata.str1.4
                0x0000000000010018        0x8 contiki-srf06-cc26xx.a(hdc-1000-sensor)
 .rodata.mpu_9250_sensor
                0x0000000000010020       0x10 contiki-srf06-cc26xx.a(mpu-9250-sensor)
                0x0000000000010020                mpu_9250_sensor
 .rodata.str1.4
                0x0000000000010030        0x8 contiki-srf06-cc26xx.a(mpu-9250-sensor)
 .rodata.button_left_sensor
                0x0000000000010038       0x10 contiki-srf06-cc26xx.a(button-sensor.o)
                0x0000000000010038                button_left_sensor
 .rodata.str1.4
                0x0000000000010048        0x7 contiki-srf06-cc26xx.a(button-sensor.o)
 *fill*         0x000000000001004f        0x1 00000000
 .rodata.button_right_sensor
                0x0000000000010050       0x10 contiki-srf06-cc26xx.a(button-sensor.o)
                0x0000000000010050                button_right_sensor
 .rodata.reed_relay_sensor
                0x0000000000010060       0x10 contiki-srf06-cc26xx.a(reed-relay.o)
                0x0000000000010060                reed_relay_sensor
 .rodata.str1.4
                0x0000000000010070        0x5 contiki-srf06-cc26xx.a(reed-relay.o)
 *fill*         0x0000000000010075        0x3 00000000
 .rodata.str1.4
                0x0000000000010078       0x10 contiki-srf06-cc26xx.a(batmon-sensor.o)
 .rodata.batmon_sensor
                0x0000000000010088       0x10 contiki-srf06-cc26xx.a(batmon-sensor.o)
                0x0000000000010088                batmon_sensor
 .rodata.str1.4
                0x0000000000010098       0x26 contiki-srf06-cc26xx.a(rf-ble.o)
 *fill*         0x00000000000100be        0x2 00000000
 .rodata.output_power
                0x00000000000100c0       0x68 contiki-srf06-cc26xx.a(ieee-mode.o)
 .rodata.ieee_mode_driver
                0x0000000000010128       0x38 contiki-srf06-cc26xx.a(ieee-mode.o)
                0x0000000000010128                ieee_mode_driver
 .rodata.mode_ieee
                0x0000000000010160        0x8 contiki-srf06-cc26xx.a(ieee-mode.o)
 .rodata.buffer.4106
                0x0000000000010168       0x10 contiki-srf06-cc26xx.a(strformat.o)
 .rodata.buffer.4115
                0x0000000000010178       0x10 contiki-srf06-cc26xx.a(strformat.o)
 .rodata.str1.4
                0x0000000000010188       0x46 contiki-srf06-cc26xx.a(strformat.o)
 *fill*         0x00000000000101ce        0x2 00000000
 .rodata.str1.4
                0x00000000000101d0        0xf contiki-srf06-cc26xx.a(ctimer.o)
 *fill*         0x00000000000101df        0x1 00000000
 .rodata.str1.4
                0x00000000000101e0        0xc contiki-srf06-cc26xx.a(etimer.o)
 .rodata.str1.4
                0x00000000000101ec        0xe contiki-srf06-cc26xx.a(serial-line.o)
 *fill*         0x00000000000101fa        0x2 00000000
 .rodata        0x00000000000101fc        0x2 contiki-srf06-cc26xx.a(sicslowpan.o)
 *fill*         0x00000000000101fe        0x2 00000000
 .rodata.ttl_values
                0x0000000000010200        0x4 contiki-srf06-cc26xx.a(sicslowpan.o)
 .rodata.unc_llconf
                0x0000000000010204        0x4 contiki-srf06-cc26xx.a(sicslowpan.o)
                0x0000000000010204                unc_llconf
 .rodata.llprefix
                0x0000000000010208        0x2 contiki-srf06-cc26xx.a(sicslowpan.o)
                0x0000000000010208                llprefix
 *fill*         0x000000000001020a        0x2 00000000
 .rodata.sicslowpan_driver
                0x000000000001020c        0xc contiki-srf06-cc26xx.a(sicslowpan.o)
                0x000000000001020c                sicslowpan_driver
 .rodata.unc_mxconf
                0x0000000000010218        0x4 contiki-srf06-cc26xx.a(sicslowpan.o)
                0x0000000000010218                unc_mxconf
 .rodata.unc_ctxconf
                0x000000000001021c        0x4 contiki-srf06-cc26xx.a(sicslowpan.o)
                0x000000000001021c                unc_ctxconf
 .rodata.str1.4
                0x0000000000010220        0xb contiki-srf06-cc26xx.a(sicslowpan.o)
 *fill*         0x000000000001022b        0x1 00000000
 .rodata.str1.4
                0x000000000001022c        0xd contiki-srf06-cc26xx.a(tcpip.o)
 *fill*         0x0000000000010239        0x3 00000000
 .rodata.str1.4
                0x000000000001023c       0x41 contiki-srf06-cc26xx.a(uip-debug.o)
 *fill*         0x000000000001027d        0x3 00000000
 .rodata.linkaddr_null
                0x0000000000010280        0x8 contiki-srf06-cc26xx.a(linkaddr.o)
                0x0000000000010280                linkaddr_null
 .rodata.csma_driver
                0x0000000000010288       0x1c contiki-srf06-cc26xx.a(csma.o)
                0x0000000000010288                csma_driver
 .rodata.str1.4
                0x00000000000102a4        0x5 contiki-srf06-cc26xx.a(csma.o)
 *fill*         0x00000000000102a9        0x3 00000000
 .rodata.framer_802154
                0x00000000000102ac        0xc contiki-srf06-cc26xx.a(framer-802154.o)
                0x00000000000102ac                framer_802154
 .rodata.str1.4
                0x00000000000102b8        0xb contiki-srf06-cc26xx.a(contikimac.o)
 *fill*         0x00000000000102c3        0x1 00000000
 .rodata.contikimac_driver
                0x00000000000102c4       0x20 contiki-srf06-cc26xx.a(contikimac.o)
                0x00000000000102c4                contikimac_driver
 .rodata.str1.4
                0x00000000000102e4        0x8 contiki-srf06-cc26xx.a(nullsec.o)
 .rodata.nullsec_driver
                0x00000000000102ec       0x10 contiki-srf06-cc26xx.a(nullsec.o)
                0x00000000000102ec                nullsec_driver
 .rodata        0x00000000000102fc        0x4 contiki-srf06-cc26xx.a(ext-flash.o)
 .rodata.str1.4
                0x0000000000010300       0x46 contiki-srf06-cc26xx.a(rf-core.o)
 *fill*         0x0000000000010346        0x2 00000000
 .rodata.str1.4
                0x0000000000010348        0x4 /usr/local/gcc-arm-none-eabi-5_4-2016q2/bin/../lib/gcc/arm-none-eabi/5.4.1/../../../../arm-none-eabi/lib/armv7-m/libm.a(lib_a-w_pow.o)
 .rodata.str1.4