Archive member included to satisfy reference by file (symbol)

contiki-srf06-cc26xx.a(contiki-main.o)
                              obj_srf06-cc26xx/startup_gcc.o (main)
contiki-srf06-cc26xx.a(sensors.o)
                              cc26xx-demo.co (sensors_event)
contiki-srf06-cc26xx.a(leds.o)
                              contiki-srf06-cc26xx.a(contiki-main.o) (leds_init)
contiki-srf06-cc26xx.a(leds-arch.o)
                              contiki-srf06-cc26xx.a(leds.o) (leds_arch_init)
contiki-srf06-cc26xx.a(sensortag-senso)
                              contiki-srf06-cc26xx.a(sensors.o) (sensors_flags)
contiki-srf06-cc26xx.a(bmp-280-sensor.)
                              cc26xx-demo.co (bmp_280_sensor)
contiki-srf06-cc26xx.a(tmp-007-sensor.)
                              cc26xx-demo.co (tmp_007_sensor)
contiki-srf06-cc26xx.a(opt-3001-sensor)
                              cc26xx-demo.co (opt_3001_sensor)
contiki-srf06-cc26xx.a(hdc-1000-sensor)
                              cc26xx-demo.co (hdc_1000_sensor)
contiki-srf06-cc26xx.a(mpu-9250-sensor)
                              cc26xx-demo.co (mpu_9250_sensor)
contiki-srf06-cc26xx.a(button-sensor.o)
                              cc26xx-demo.co (button_right_sensor)
contiki-srf06-cc26xx.a(reed-relay.o)
                              cc26xx-demo.co (reed_relay_sensor)
contiki-srf06-cc26xx.a(buzzer.o)
                              cc26xx-demo.co (buzzer_state)
contiki-srf06-cc26xx.a(board.o)
                              contiki-srf06-cc26xx.a(contiki-main.o) (board_init)
contiki-srf06-cc26xx.a(board-i2c.o)
                              contiki-srf06-cc26xx.a(board.o) (board_i2c_wakeup)
contiki-srf06-cc26xx.a(clock.o)
                              contiki-srf06-cc26xx.a(contiki-main.o) (clock_init)
contiki-srf06-cc26xx.a(rtimer-arch.o)
                              contiki-srf06-cc26xx.a(mpu-9250-sensor) (rtimer_arch_now)
contiki-srf06-cc26xx.a(soc-rtc.o)
                              contiki-srf06-cc26xx.a(contiki-main.o) (soc_rtc_init)
contiki-srf06-cc26xx.a(contiki-watchdo)
                              contiki-srf06-cc26xx.a(contiki-main.o) (watchdog_init)
contiki-srf06-cc26xx.a(putchar.o)
                              cc26xx-demo.co (putchar)
contiki-srf06-cc26xx.a(ieee-addr.o)
                              contiki-srf06-cc26xx.a(contiki-main.o) (ieee_addr_cpy_to)
contiki-srf06-cc26xx.a(batmon-sensor.o)
                              cc26xx-demo.co (batmon_sensor)
contiki-srf06-cc26xx.a(cc26xx-uart.o)
                              contiki-srf06-cc26xx.a(contiki-main.o) (cc26xx_uart_init)
contiki-srf06-cc26xx.a(lpm.o)
                              contiki-srf06-cc26xx.a(contiki-main.o) (lpm_drop)
contiki-srf06-cc26xx.a(gpio-interrupt.)
                              contiki-srf06-cc26xx.a(button-sensor.o) (gpio_interrupt_register_handler)
contiki-srf06-cc26xx.a(oscillators.o)
                              contiki-srf06-cc26xx.a(contiki-main.o) (oscillators_select_lf_xosc)
contiki-srf06-cc26xx.a(rf-ble.o)
                              cc26xx-demo.co (rf_ble_beacond_config)
contiki-srf06-cc26xx.a(ieee-mode.o)
                              contiki-srf06-cc26xx.a(contiki-main.o) (ieee_mode_driver)
contiki-srf06-cc26xx.a(dbg-printf.o)
                              cc26xx-demo.co (printf)
contiki-srf06-cc26xx.a(strformat.o)
                              contiki-srf06-cc26xx.a(dbg-printf.o) (format_str_v)
contiki-srf06-cc26xx.a(autostart.o)
                              contiki-srf06-cc26xx.a(contiki-main.o) (autostart_start)
contiki-srf06-cc26xx.a(ctimer.o)
                              contiki-srf06-cc26xx.a(contiki-main.o) (ctimer_init)
contiki-srf06-cc26xx.a(energest.o)
                              contiki-srf06-cc26xx.a(contiki-main.o) (energest_init)
contiki-srf06-cc26xx.a(etimer.o)
                              contiki-srf06-cc26xx.a(clock.o) (etimer_request_poll)
contiki-srf06-cc26xx.a(process.o)
                              contiki-srf06-cc26xx.a(sensors.o) (process_alloc_event)
contiki-srf06-cc26xx.a(rtimer.o)
                              contiki-srf06-cc26xx.a(contiki-main.o) (rtimer_init)
contiki-srf06-cc26xx.a(timer.o)
                              contiki-srf06-cc26xx.a(button-sensor.o) (timer_set)
contiki-srf06-cc26xx.a(serial-line.o)
                              contiki-srf06-cc26xx.a(contiki-main.o) (serial_line_init)
contiki-srf06-cc26xx.a(list.o)
                              contiki-srf06-cc26xx.a(lpm.o) (list_init)
contiki-srf06-cc26xx.a(random.o)
                              contiki-srf06-cc26xx.a(contiki-main.o) (random_init)
contiki-srf06-cc26xx.a(ringbuf.o)
                              contiki-srf06-cc26xx.a(serial-line.o) (ringbuf_init)
contiki-srf06-cc26xx.a(sicslowpan.o)
                              contiki-srf06-cc26xx.a(contiki-main.o) (sicslowpan_driver)
contiki-srf06-cc26xx.a(uip6.o)
                              contiki-srf06-cc26xx.a(sicslowpan.o) (uip_aligned_buf)
contiki-srf06-cc26xx.a(uip-ds6.o)
[...]
Memory Configuration

Name             Origin             Length             Attributes
FLASH            0x00000000         0x0001ffa8         xr
FLASH_CCFG       0x0001ffa8         0x00000058         xr
SRAM             0x20000000         0x00005000         xrw
GPRAM            0x11000000         0x00002000         xrw
*default*        0x00000000         0xffffffff

Linker script and memory map

LOAD obj_srf06-cc26xx/fault-handlers.o
LOAD obj_srf06-cc26xx/ccfg.o
LOAD obj_srf06-cc26xx/startup_gcc.o
LOAD cc26xx-demo.co
LOAD contiki-srf06-cc26xx.a
LOAD /home/paul/gcc-arm-none-eabi-5_2-2015q4/bin/../lib/gcc/arm-none-eabi/5.2.1/../../../../arm-none-eabi/lib/armv7-m/libm.a
START GROUP
LOAD /home/paul/gcc-arm-none-eabi-5_2-2015q4/bin/../lib/gcc/arm-none-eabi/5.2.1/armv7-m/libgcc.a
LOAD /home/paul/gcc-arm-none-eabi-5_2-2015q4/bin/../lib/gcc/arm-none-eabi/5.2.1/../../../../arm-none-eabi/lib/armv7-m/libc.a
END GROUP
                0x20005000                _estack = (ORIGIN (SRAM) + LENGTH (SRAM))
                0x00000000                _Min_Heap_Size = 0x0
                0x00000100                _Min_Stack_Size = 0x100

.text           0x00000000    0x10728
                0x00000000                _text = .
 *(SORT(.vectors))
 .vectors       0x00000000       0xc8 obj_srf06-cc26xx/startup_gcc.o
                0x00000000                gVectors
 *(SORT(.text*))
 .text.value    0x000000c8       0xb0 contiki-srf06-cc26xx.a(opt-3001-sensor)
 .text.value    0x00000178       0x9c contiki-srf06-cc26xx.a(hdc-1000-sensor)
 *fill*         0x00000214        0x4 00000000
 .text.value    0x00000218      0x19c contiki-srf06-cc26xx.a(mpu-9250-sensor)
 *fill*         0x000003b4        0x4 00000000
 .text.__ieee754_pow
                0x000003b8      0xac4 /home/paul/gcc-arm-none-eabi-5_2-2015q4/bin/../lib/gcc/arm-none-eabi/5.2.1/../../../../arm-none-eabi/lib/armv7-m/libm.a(lib_a-e_pow.o)
                0x000003b8                __ieee754_pow
 *fill*         0x00000e7c        0x4 00000000
 .text.scalbn   0x00000e80       0xe4 /home/paul/gcc-arm-none-eabi-5_2-2015q4/bin/../lib/gcc/arm-none-eabi/5.2.1/../../../../arm-none-eabi/lib/armv7-m/libm.a(lib_a-s_scalbn.o)
                0x00000e80                scalbn
 .text.FaultISR
                0x00000f64       0x18 obj_srf06-cc26xx/fault-handlers.o
                0x00000f64                FaultISR
 .text.NmiSRHandler
                0x00000f7c        0x4 obj_srf06-cc26xx/startup_gcc.o
                0x00000f7c                NmiSR
 .text.IntDefaultHandler
                0x00000f80        0x4 obj_srf06-cc26xx/startup_gcc.o
                0x00000f80                TRNGIntHandler
                0x00000f80                SSI0IntHandler
                0x00000f80                SWEvent0IntHandler
                0x00000f80                uDMAIntHandler
                0x00000f80                WatchdogIntHandler
                0x00000f80                RFCHardwareIntHandler
                0x00000f80                Timer1BIntHandler
                0x00000f80                I2SIntHandler
                0x00000f80                Timer2BIntHandler
                0x00000f80                Timer2AIntHandler
                0x00000f80                Timer1AIntHandler
                0x00000f80                AONIntHandler
                0x00000f80                AUXSWEvent0IntHandler
                0x00000f80                AUXADCIntHandler
                0x00000f80                PendSVIntHandler
                0x00000f80                AUXSWEvent1IntHandler
                0x00000f80                SVCallIntHandler
                0x00000f80                MPUFaultIntHandler
                0x00000f80                SysTickIntHandler
                0x00000f80                BusFaultIntHandler
                0x00000f80                AONProgIntHandler
                0x00000f80                AUXCompAIntHandler
                0x00000f80                SSI1IntHandler
                0x00000f80                FlashIntHandler
                0x00000f80                uDMAErrIntHandler
                0x00000f80                UsageFaultIntHandler
                0x00000f80                RFCCmdAckIntHandler
                0x00000f80                CryptoIntHandler
                0x00000f80                Timer0AIntHandler
                0x00000f80                I2CIntHandler
                0x00000f80                DebugMonIntHandler
                0x00000f80                Timer0BIntHandler
                0x00000f80                AUXCombEventIntHandler
                0x00000f80                Timer3AIntHandler
                0x00000f80                DynProgIntHandler
                0x00000f80                Timer3BIntHandler
 .text.ResetISR
                0x00000f84       0x5c obj_srf06-cc26xx/startup_gcc.o
                0x00000f84                ResetISR
 .text.init_bmp_reading
                0x00000fe0       0x10 cc26xx-demo.co
 .text.init_opt_reading
                0x00000ff0       0x10 cc26xx-demo.co
 .text.init_hdc_reading
                0x00001000       0x10 cc26xx-demo.co
 .text.init_tmp_reading
                0x00001010       0x10 cc26xx-demo.co
 .text.init_mpu_reading
                0x00001020       0x10 cc26xx-demo.co
 .text.get_sync_sensor_readings
                0x00001030       0x40 cc26xx-demo.co
 .text.print_mpu_reading
                0x00001070       0x34 cc26xx-demo.co
 .text.process_thread_cc26xx_demo_process
                0x000010a4      0x430 cc26xx-demo.co
 .text.fade     0x000014d4       0x64 contiki-srf06-cc26xx.a(contiki-main.o)
 .text.startup.main
                0x00001538      0x1e4 contiki-srf06-cc26xx.a(contiki-main.o)
                0x00001538                main
 .text.process_thread_sensors_process
                0x0000171c       0xf8 contiki-srf06-cc26xx.a(sensors.o)
 .text.sensors_changed
                0x00001814       0x4c contiki-srf06-cc26xx.a(sensors.o)
                0x00001814                sensors_changed
 .text.leds_init
                0x00001860       0x14 contiki-srf06-cc26xx.a(leds.o)
                0x00001860                leds_init
 .text.leds_on  0x00001874       0x14 contiki-srf06-cc26xx.a(leds.o)
                0x00001874                leds_on
 .text.leds_off
                0x00001888       0x14 contiki-srf06-cc26xx.a(leds.o)
                0x00001888                leds_off
 .text.leds_toggle
                0x0000189c       0x14 contiki-srf06-cc26xx.a(leds.o)
                0x0000189c                leds_toggle
 .text.leds_arch_init
                0x000018b0       0x38 contiki-srf06-cc26xx.a(leds-arch.o)
                0x000018b0                leds_arch_init
 .text.leds_arch_set
                0x000018e8       0x34 contiki-srf06-cc26xx.a(leds-arch.o)
                0x000018e8                leds_arch_set
 .text.status   0x0000191c       0x14 contiki-srf06-cc26xx.a(bmp-280-sensor.)
 .text.notify_ready
                0x00001930       0x14 contiki-srf06-cc26xx.a(bmp-280-sensor.)
 .text.enable_sensor
                0x00001944       0x2c contiki-srf06-cc26xx.a(bmp-280-sensor.)
 .text.configure
                0x00001970       0x94 contiki-srf06-cc26xx.a(bmp-280-sensor.)
 .text.value    0x00001a04      0x168 contiki-srf06-cc26xx.a(bmp-280-sensor.)
 .text.status   0x00001b6c       0x14 contiki-srf06-cc26xx.a(tmp-007-sensor.)
 .text.notify_ready
                0x00001b80       0x14 contiki-srf06-cc26xx.a(tmp-007-sensor.)
 .text.enable_sensor
                0x00001b94       0x2c contiki-srf06-cc26xx.a(tmp-007-sensor.)
 .text.configure
                0x00001bc0       0x94 contiki-srf06-cc26xx.a(tmp-007-sensor.)
 .text.value    0x00001c54       0xf0 contiki-srf06-cc26xx.a(tmp-007-sensor.)
 .text.status   0x00001d44        0xc contiki-srf06-cc26xx.a(opt-3001-sensor)
 .text.enable_sensor
                0x00001d50       0x44 contiki-srf06-cc26xx.a(opt-3001-sensor)
 .text.notify_ready
                0x00001d94       0x54 contiki-srf06-cc26xx.a(opt-3001-sensor)
 .text.configure
                0x00001de8       0x4c contiki-srf06-cc26xx.a(opt-3001-sensor)
 .text.status   0x00001e34       0x14 contiki-srf06-cc26xx.a(hdc-1000-sensor)
 .text.notify_ready
                0x00001e48       0x68 contiki-srf06-cc26xx.a(hdc-1000-sensor)
 .text.configure
                0x00001eb0       0xb8 contiki-srf06-cc26xx.a(hdc-1000-sensor)
 .text.acc_convert
                0x00001f68       0x70 contiki-srf06-cc26xx.a(mpu-9250-sensor)
 .text.status   0x00001fd8       0x14 contiki-srf06-cc26xx.a(mpu-9250-sensor)
 .text.notify_ready
                0x00001fec       0x14 contiki-srf06-cc26xx.a(mpu-9250-sensor)
 .text.sensor_sleep
                0x00002000       0x38 contiki-srf06-cc26xx.a(mpu-9250-sensor)
 .text.configure
                0x00002038       0xdc contiki-srf06-cc26xx.a(mpu-9250-sensor)
 .text.int_status
                0x00002114       0x28 contiki-srf06-cc26xx.a(mpu-9250-sensor)
 .text.initialise
                0x0000213c      0x100 contiki-srf06-cc26xx.a(mpu-9250-sensor)
 .text.status.part.0
                0x0000223c       0x14 contiki-srf06-cc26xx.a(button-sensor.o)
 .text.value_left
                0x00002250       0x24 contiki-srf06-cc26xx.a(button-sensor.o)
 .text.value_right
                0x00002274       0x24 contiki-srf06-cc26xx.a(button-sensor.o)
 .text.status_left
                0x00002298       0x10 contiki-srf06-cc26xx.a(button-sensor.o)
 .text.status_right
                0x000022a8       0x10 contiki-srf06-cc26xx.a(button-sensor.o)
 .text.config_buttons
                0x000022b8       0x8c contiki-srf06-cc26xx.a(button-sensor.o)
 .text.config_left
                0x00002344        0xc contiki-srf06-cc26xx.a(button-sensor.o)
 .text.config_right
                0x00002350        0xc contiki-srf06-cc26xx.a(button-sensor.o)
 .text.button_press_handler
                0x0000235c       0x98 contiki-srf06-cc26xx.a(button-sensor.o)
 .text.value    0x000023f4       0x10 contiki-srf06-cc26xx.a(reed-relay.o)
 .text.status   0x00002404       0x20 contiki-srf06-cc26xx.a(reed-relay.o)
 .text.configure
                0x00002424       0x6c contiki-srf06-cc26xx.a(reed-relay.o)
 .text.reed_interrupt_handler
                0x00002490       0x28 contiki-srf06-cc26xx.a(reed-relay.o)
 .text.buzzer_init
                0x000024b8        0xc contiki-srf06-cc26xx.a(buzzer.o)
                0x000024b8                buzzer_init
 .text.buzzer_state
                0x000024c4        0xc contiki-srf06-cc26xx.a(buzzer.o)
                0x000024c4                buzzer_state
 .text.buzzer_start
                0x000024d0       0xa4 contiki-srf06-cc26xx.a(buzzer.o)
                0x000024d0                buzzer_start
 .text.buzzer_stop
                0x00002574       0x74 contiki-srf06-cc26xx.a(buzzer.o)
                0x00002574                buzzer_stop
 .text.power_domains_on
                0x000025e8       0x20 contiki-srf06-cc26xx.a(board.o)
 .text.lpm_wakeup_handler
                0x00002608        0x4 contiki-srf06-cc26xx.a(board.o)
 .text.shutdown_handler
                0x0000260c       0x68 contiki-srf06-cc26xx.a(board.o)
 .text.board_init
                0x00002674      0x118 contiki-srf06-cc26xx.a(board.o)
                0x00002674                board_init
 .text.i2c_status
                0x0000278c       0x34 contiki-srf06-cc26xx.a(board-i2c.o)
 .text.accessible
                0x000027c0       0x24 contiki-srf06-cc26xx.a(board-i2c.o)
 .text.board_i2c_wakeup
                0x000027e4       0x5c contiki-srf06-cc26xx.a(board-i2c.o)
                0x000027e4                board_i2c_wakeup
 .text.board_i2c_shutdown
                0x00002840       0xa4 contiki-srf06-cc26xx.a(board-i2c.o)
                0x00002840                board_i2c_shutdown
 .text.board_i2c_write
                0x000028e4       0xc0 contiki-srf06-cc26xx.a(board-i2c.o)
                0x000028e4                board_i2c_write
 .text.board_i2c_write_single
                0x000029a4       0x44 contiki-srf06-cc26xx.a(board-i2c.o)
                0x000029a4                board_i2c_write_single
 .text.board_i2c_read
                0x000029e8       0xb4 contiki-srf06-cc26xx.a(board-i2c.o)
                0x000029e8                board_i2c_read
 .text.board_i2c_write_read
                0x00002a9c      0x138 contiki-srf06-cc26xx.a(board-i2c.o)
                0x00002a9c                board_i2c_write_read
 .text.board_i2c_select
                0x00002bd4       0xdc contiki-srf06-cc26xx.a(board-i2c.o)
                0x00002bd4                board_i2c_select
 .text.power_domain_on
                0x00002cb0       0x20 contiki-srf06-cc26xx.a(clock.o)
 .text.clock_init
                0x00002cd0       0x90 contiki-srf06-cc26xx.a(clock.o)
                0x00002cd0                clock_init
 .text.clock_time
                0x00002d60       0x34 contiki-srf06-cc26xx.a(clock.o)
                0x00002d60                clock_time
 .text.clock_update
                0x00002d94       0x3c contiki-srf06-cc26xx.a(clock.o)
                0x00002d94                clock_update
 .text.clock_seconds
                0x00002dd0       0x18 contiki-srf06-cc26xx.a(clock.o)
                0x00002dd0                clock_seconds
 .text.rtimer_arch_init
                0x00002de8        0x4 contiki-srf06-cc26xx.a(rtimer-arch.o)
                0x00002de8                rtimer_arch_init
 .text.rtimer_arch_schedule
                0x00002dec        0x8 contiki-srf06-cc26xx.a(rtimer-arch.o)
                0x00002dec                rtimer_arch_schedule
 .text.rtimer_arch_now
                0x00002df4        0x4 contiki-srf06-cc26xx.a(rtimer-arch.o)
                0x00002df4                rtimer_arch_now
 .text.soc_rtc_init
                0x00002df8       0x94 contiki-srf06-cc26xx.a(soc-rtc.o)
                0x00002df8                soc_rtc_init
 .text.soc_rtc_get_next_trigger
                0x00002e8c       0x28 contiki-srf06-cc26xx.a(soc-rtc.o)
                0x00002e8c                soc_rtc_get_next_trigger
 .text.soc_rtc_schedule_one_shot
                0x00002eb4       0x48 contiki-srf06-cc26xx.a(soc-rtc.o)
                0x00002eb4                soc_rtc_schedule_one_shot
 .text.soc_rtc_last_isr_time
                0x00002efc        0xc contiki-srf06-cc26xx.a(soc-rtc.o)
                0x00002efc                soc_rtc_last_isr_time
 .text.AONRTCIntHandler
                0x00002f08       0x68 contiki-srf06-cc26xx.a(soc-rtc.o)
                0x00002f08                AONRTCIntHandler
 .text.watchdog_init
                0x00002f70       0x1c contiki-srf06-cc26xx.a(contiki-watchdo)
                0x00002f70                watchdog_init
 .text.watchdog_start
                0x00002f8c       0x68 contiki-srf06-cc26xx.a(contiki-watchdo)
                0x00002f8c                watchdog_start
 .text.watchdog_periodic
                0x00002ff4       0x1c contiki-srf06-cc26xx.a(contiki-watchdo)
                0x00002ff4                watchdog_periodic
 .text.watchdog_reboot
                0x00003010        0x8 contiki-srf06-cc26xx.a(contiki-watchdo)
                0x00003010                watchdog_reboot
 .text.putchar  0x00003018       0x10 contiki-srf06-cc26xx.a(putchar.o)
                0x00003018                putchar
 .text.puts     0x00003028       0x30 contiki-srf06-cc26xx.a(putchar.o)
                0x00003028                puts
 .text.dbg_send_bytes
                0x00003058       0x40 contiki-srf06-cc26xx.a(putchar.o)
                0x00003058                dbg_send_bytes
 .text.ieee_addr_cpy_to
                0x00003098       0x40 contiki-srf06-cc26xx.a(ieee-addr.o)
                0x00003098                ieee_addr_cpy_to
 .text.configure
                0x000030d8       0x34 contiki-srf06-cc26xx.a(batmon-sensor.o)
 .text.status   0x0000310c       0x14 contiki-srf06-cc26xx.a(batmon-sensor.o)
 .text.value    0x00003120       0x24 contiki-srf06-cc26xx.a(batmon-sensor.o)
 .text.power_and_clock
                0x00003144       0x40 contiki-srf06-cc26xx.a(cc26xx-uart.o)
 .text.enable   0x00003184       0xf4 contiki-srf06-cc26xx.a(cc26xx-uart.o)
 .text.accessible
                0x00003278       0x24 contiki-srf06-cc26xx.a(cc26xx-uart.o)
 .text.lpm_drop_handler
                0x0000329c       0xcc contiki-srf06-cc26xx.a(cc26xx-uart.o)
 .text.cc26xx_uart_init
                0x00003368       0x28 contiki-srf06-cc26xx.a(cc26xx-uart.o)
                0x00003368                cc26xx_uart_init
 .text.cc26xx_uart_write_byte
                0x00003390       0x28 contiki-srf06-cc26xx.a(cc26xx-uart.o)
                0x00003390                cc26xx_uart_write_byte
 .text.cc26xx_uart_busy
                0x000033b8       0x18 contiki-srf06-cc26xx.a(cc26xx-uart.o)
                0x000033b8                cc26xx_uart_busy
 .text.UART0IntHandler
                0x000033d0       0x54 contiki-srf06-cc26xx.a(cc26xx-uart.o)
                0x000033d0                UART0IntHandler
 .text.lpm_drop
                0x00003424      0x1fc contiki-srf06-cc26xx.a(lpm.o)
                0x00003424                lpm_drop
 .text.lpm_sleep
                0x00003620       0x14 contiki-srf06-cc26xx.a(lpm.o)
                0x00003620                lpm_sleep
 .text.lpm_register_module
                0x00003634        0xc contiki-srf06-cc26xx.a(lpm.o)
                0x00003634                lpm_register_module
 .text.lpm_unregister_module
                0x00003640        0xc contiki-srf06-cc26xx.a(lpm.o)
                0x00003640                lpm_unregister_module
 .text.lpm_init
                0x0000364c       0x20 contiki-srf06-cc26xx.a(lpm.o)
                0x0000364c                lpm_init
 .text.lpm_pin_set_default_state
                0x0000366c       0x30 contiki-srf06-cc26xx.a(lpm.o)
                0x0000366c                lpm_pin_set_default_state
 .text.gpio_interrupt_register_handler
                0x0000369c       0x2c contiki-srf06-cc26xx.a(gpio-interrupt.)
                0x0000369c                gpio_interrupt_register_handler
 .text.gpio_interrupt_init
                0x000036c8       0x24 contiki-srf06-cc26xx.a(gpio-interrupt.)
                0x000036c8                gpio_interrupt_init
 .text.GPIOIntHandler
                0x000036ec       0x30 contiki-srf06-cc26xx.a(gpio-interrupt.)
                0x000036ec                GPIOIntHandler
 .text.osc_interface_dis
                0x0000371c       0x28 contiki-srf06-cc26xx.a(oscillators.o)
 .text.osc_interface_en
                0x00003744       0x30 contiki-srf06-cc26xx.a(oscillators.o)
 .text.oscillators_select_lf_xosc
                0x00003774       0x48 contiki-srf06-cc26xx.a(oscillators.o)
                0x00003774                oscillators_select_lf_xosc
 .text.oscillators_request_hf_xosc
                0x000037bc       0x24 contiki-srf06-cc26xx.a(oscillators.o)
                0x000037bc                oscillators_request_hf_xosc
 .text.oscillators_switch_to_hf_xosc
                0x000037e0       0x28 contiki-srf06-cc26xx.a(oscillators.o)
                0x000037e0                oscillators_switch_to_hf_xosc
 .text.oscillators_switch_to_hf_rc
                0x00003808       0x2c contiki-srf06-cc26xx.a(oscillators.o)
                0x00003808                oscillators_switch_to_hf_rc
 .text.process_thread_rf_ble_beacon_process
                0x00003834      0x22c contiki-srf06-cc26xx.a(rf-ble.o)
 .text.rf_ble_beacond_config
                0x00003a60       0x44 contiki-srf06-cc26xx.a(rf-ble.o)
                0x00003a60                rf_ble_beacond_config
 .text.rf_ble_beacond_start
                0x00003aa4       0x38 contiki-srf06-cc26xx.a(rf-ble.o)
                0x00003aa4                rf_ble_beacond_start
 .text.rf_ble_is_active
                0x00003adc        0xc contiki-srf06-cc26xx.a(rf-ble.o)
                0x00003adc                rf_ble_is_active
 .text.request  0x00003ae8       0x20 contiki-srf06-cc26xx.a(ieee-mode.o)
 .text.rx_on    0x00003b08       0x60 contiki-srf06-cc26xx.a(ieee-mode.o)
 .text.rf_radio_setup
                0x00003b68       0x74 contiki-srf06-cc26xx.a(ieee-mode.o)
 .text.soft_on  0x00003bdc       0x18 contiki-srf06-cc26xx.a(ieee-mode.o)
 .text.pending_packet
                0x00003bf4       0x34 contiki-srf06-cc26xx.a(ieee-mode.o)
 .text.prepare  0x00003c28       0x1c contiki-srf06-cc26xx.a(ieee-mode.o)
 .text.read_frame
                0x00003c44       0x58 contiki-srf06-cc26xx.a(ieee-mode.o)
 .text.soft_off
                0x00003c9c       0x3c contiki-srf06-cc26xx.a(ieee-mode.o)
 .text.get_object
                0x00003cd8       0x30 contiki-srf06-cc26xx.a(ieee-mode.o)
 .text.transmitting.part.1
                0x00003d08       0x40 contiki-srf06-cc26xx.a(ieee-mode.o)
 .text.rx_off   0x00003d48       0x64 contiki-srf06-cc26xx.a(ieee-mode.o)
 .text.get_cca_info
                0x00003dac       0x44 contiki-srf06-cc26xx.a(ieee-mode.o)
 .text.off.part.4
                0x00003df0       0x4c contiki-srf06-cc26xx.a(ieee-mode.o)
 .text.off      0x00003e3c       0x14 contiki-srf06-cc26xx.a(ieee-mode.o)
 .text.receiving_packet
                0x00003e50       0x48 contiki-srf06-cc26xx.a(ieee-mode.o)
 .text.on       0x00003e98       0x98 contiki-srf06-cc26xx.a(ieee-mode.o)
 .text.set_value
                0x00003f30      0x168 contiki-srf06-cc26xx.a(ieee-mode.o)
 .text.get_value
                0x00004098      0x144 contiki-srf06-cc26xx.a(ieee-mode.o)
 .text.transmit
                0x000041dc       0xd8 contiki-srf06-cc26xx.a(ieee-mode.o)
 .text.send     0x000042b4       0x24 contiki-srf06-cc26xx.a(ieee-mode.o)
 .text.set_object
                0x000042d8       0x6c contiki-srf06-cc26xx.a(ieee-mode.o)
 .text.channel_clear
                0x00004344       0x84 contiki-srf06-cc26xx.a(ieee-mode.o)
 .text.init     0x000043c8       0xd0 contiki-srf06-cc26xx.a(ieee-mode.o)
 .text.write_str
                0x00004498       0x14 contiki-srf06-cc26xx.a(dbg-printf.o)
 .text.printf   0x000044ac       0x24 contiki-srf06-cc26xx.a(dbg-printf.o)
                0x000044ac                printf
 .text.fill_space
                0x000044d0       0x3c contiki-srf06-cc26xx.a(strformat.o)
 .text.format_str_v
                0x0000450c      0x95c contiki-srf06-cc26xx.a(strformat.o)
                0x0000450c                format_str_v
 .text.autostart_start
                0x00004e68       0x18 contiki-srf06-cc26xx.a(autostart.o)
                0x00004e68                autostart_start
 .text.process_thread_ctimer_process
                0x00004e80       0x94 contiki-srf06-cc26xx.a(ctimer.o)
 .text.ctimer_init
                0x00004f14       0x28 contiki-srf06-cc26xx.a(ctimer.o)
                0x00004f14                ctimer_init
 .text.ctimer_set_with_process
                0x00004f3c       0x4c contiki-srf06-cc26xx.a(ctimer.o)
                0x00004f3c                ctimer_set_with_process
 .text.ctimer_set
                0x00004f88       0x18 contiki-srf06-cc26xx.a(ctimer.o)
                0x00004f88                ctimer_set
 .text.ctimer_reset
                0x00004fa0       0x38 contiki-srf06-cc26xx.a(ctimer.o)
                0x00004fa0                ctimer_reset
 .text.ctimer_stop
                0x00004fd8       0x34 contiki-srf06-cc26xx.a(ctimer.o)
                0x00004fd8                ctimer_stop
 .text.energest_init
                0x0000500c        0x4 contiki-srf06-cc26xx.a(energest.o)
                0x0000500c                energest_init
 .text.update_time
                0x00005010       0x44 contiki-srf06-cc26xx.a(etimer.o)
 .text.process_thread_etimer_process
                0x00005054       0xc8 contiki-srf06-cc26xx.a(etimer.o)
 .text.add_timer
                0x0000511c       0x54 contiki-srf06-cc26xx.a(etimer.o)
 .text.etimer_request_poll
                0x00005170        0xc contiki-srf06-cc26xx.a(etimer.o)
                0x00005170                etimer_request_poll
 .text.etimer_set
                0x0000517c       0x14 contiki-srf06-cc26xx.a(etimer.o)
                0x0000517c                etimer_set
 .text.etimer_reset
                0x00005190       0x14 contiki-srf06-cc26xx.a(etimer.o)
                0x00005190                etimer_reset
 .text.etimer_restart
                0x000051a4       0x14 contiki-srf06-cc26xx.a(etimer.o)
                0x000051a4                etimer_restart
 .text.etimer_expired
                0x000051b8        0xc contiki-srf06-cc26xx.a(etimer.o)
                0x000051b8                etimer_expired
 .text.etimer_expiration_time
                0x000051c4        0x8 contiki-srf06-cc26xx.a(etimer.o)
                0x000051c4                etimer_expiration_time
 .text.etimer_pending
                0x000051cc       0x10 contiki-srf06-cc26xx.a(etimer.o)
                0x000051cc                etimer_pending
 .text.etimer_next_expiration_time
                0x000051dc       0x14 contiki-srf06-cc26xx.a(etimer.o)
                0x000051dc                etimer_next_expiration_time
 .text.etimer_stop
                0x000051f0       0x44 contiki-srf06-cc26xx.a(etimer.o)
                0x000051f0                etimer_stop
 .text.exit_process
                0x00005234       0xb0 contiki-srf06-cc26xx.a(process.o)
 .text.call_process.part.0
                0x000052e4       0x38 contiki-srf06-cc26xx.a(process.o)
 .text.do_poll  0x0000531c       0x3c contiki-srf06-cc26xx.a(process.o)
 .text.process_alloc_event
                0x00005358       0x10 contiki-srf06-cc26xx.a(process.o)
                0x00005358                process_alloc_event
 .text.process_start
                0x00005368       0x48 contiki-srf06-cc26xx.a(process.o)
                0x00005368                process_start
 .text.process_init
                0x000053b0       0x34 contiki-srf06-cc26xx.a(process.o)
                0x000053b0                process_init
 .text.process_run
                0x000053e4       0xd0 contiki-srf06-cc26xx.a(process.o)
                0x000053e4                process_run
 .text.process_nevents
                0x000054b4       0x14 contiki-srf06-cc26xx.a(process.o)
                0x000054b4                process_nevents
 .text.process_post
                0x000054c8       0x40 contiki-srf06-cc26xx.a(process.o)
                0x000054c8                process_post
 .text.process_post_synch
                0x00005508       0x18 contiki-srf06-cc26xx.a(process.o)
                0x00005508                process_post_synch
 .text.process_poll
                0x00005520       0x18 contiki-srf06-cc26xx.a(process.o)
                0x00005520                process_poll
 .text.rtimer_init
                0x00005538        0x4 contiki-srf06-cc26xx.a(rtimer.o)
                0x00005538                rtimer_init
 .text.rtimer_set
                0x0000553c       0x2c contiki-srf06-cc26xx.a(rtimer.o)
                0x0000553c                rtimer_set
 .text.rtimer_run_next
                0x00005568       0x28 contiki-srf06-cc26xx.a(rtimer.o)
                0x00005568                rtimer_run_next
 .text.timer_set
                0x00005590       0x10 contiki-srf06-cc26xx.a(timer.o)
                0x00005590                timer_set
 .text.timer_reset
                0x000055a0        0xc contiki-srf06-cc26xx.a(timer.o)
                0x000055a0                timer_reset
 .text.timer_restart
                0x000055ac        0xc contiki-srf06-cc26xx.a(timer.o)
                0x000055ac                timer_restart
 .text.timer_expired
                0x000055b8       0x1c contiki-srf06-cc26xx.a(timer.o)
                0x000055b8                timer_expired
 .text.process_thread_serial_line_process
                0x000055d4       0xa8 contiki-srf06-cc26xx.a(serial-line.o)
 .text.serial_line_init
                0x0000567c       0x24 contiki-srf06-cc26xx.a(serial-line.o)
                0x0000567c                serial_line_init
 .text.list_init
                0x000056a0        0x8 contiki-srf06-cc26xx.a(list.o)
                0x000056a0                list_init
 .text.list_head
                0x000056a8        0x4 contiki-srf06-cc26xx.a(list.o)
                0x000056a8                list_head
 .text.list_tail
                0x000056ac       0x14 contiki-srf06-cc26xx.a(list.o)
                0x000056ac                list_tail
 .text.list_add
                0x000056c0       0x5c contiki-srf06-cc26xx.a(list.o)
                0x000056c0                list_add
 .text.list_push
                0x0000571c       0x48 contiki-srf06-cc26xx.a(list.o)
                0x0000571c                list_push
 .text.list_remove
                0x00005764       0x38 contiki-srf06-cc26xx.a(list.o)
                0x00005764                list_remove
 .text.list_length
                0x0000579c       0x14 contiki-srf06-cc26xx.a(list.o)
                0x0000579c                list_length
 .text.list_item_next
                0x000057b0        0x8 contiki-srf06-cc26xx.a(list.o)
                0x000057b0                list_item_next
 .text.random_init
                0x000057b8        0x4 contiki-srf06-cc26xx.a(random.o)
                0x000057b8                random_init
 .text.random_rand
                0x000057bc        0xc contiki-srf06-cc26xx.a(random.o)
                0x000057bc                random_rand
 .text.ringbuf_init
                0x000057c8       0x10 contiki-srf06-cc26xx.a(ringbuf.o)
                0x000057c8                ringbuf_init
 .text.ringbuf_get
                0x000057d8       0x24 contiki-srf06-cc26xx.a(ringbuf.o)
                0x000057d8                ringbuf_get
 .text.sicslowpan_init
                0x000057fc       0x24 contiki-srf06-cc26xx.a(sicslowpan.o)
                0x000057fc                sicslowpan_init
 .text.set_packet_attrs
                0x00005820       0x50 contiki-srf06-cc26xx.a(sicslowpan.o)
 .text.compress_addr_64
                0x00005870       0x9c contiki-srf06-cc26xx.a(sicslowpan.o)
 .text.addr_context_lookup_by_prefix
                0x0000590c       0x28 contiki-srf06-cc26xx.a(sicslowpan.o)
 .text.send_packet
                0x00005934       0x24 contiki-srf06-cc26xx.a(sicslowpan.o)
 .text.packet_sent
                0x00005958       0x28 contiki-srf06-cc26xx.a(sicslowpan.o)
 .text.store_fragment
                0x00005980       0x68 contiki-srf06-cc26xx.a(sicslowpan.o)
 .text.add_fragment
                0x000059e8      0x18c contiki-srf06-cc26xx.a(sicslowpan.o)
 .text.uncompress_addr
                0x00005b74       0xb8 contiki-srf06-cc26xx.a(sicslowpan.o)
 .text.input    0x00005c2c      0x68c contiki-srf06-cc26xx.a(sicslowpan.o)
 .text.output   0x000062b8      0x704 contiki-srf06-cc26xx.a(sicslowpan.o)
 .text.chksum   0x000069bc       0x50 contiki-srf06-cc26xx.a(uip6.o)
 .text.upper_layer_chksum
                0x00006a0c       0x58 contiki-srf06-cc26xx.a(uip6.o)
 .text.ext_hdr_options_process
                0x00006a64       0xd0 contiki-srf06-cc26xx.a(uip6.o)
 .text.uip_add32
                0x00006b34       0x58 contiki-srf06-cc26xx.a(uip6.o)
                0x00006b34                uip_add32
 .text.unlikely.uip_add_rcv_nxt
                0x00006b8c       0x2c contiki-srf06-cc26xx.a(uip6.o)
 .text.uip_icmp6chksum
                0x00006bb8        0x8 contiki-srf06-cc26xx.a(uip6.o)
                0x00006bb8                uip_icmp6chksum
 .text.uip_init
                0x00006bc0       0x64 contiki-srf06-cc26xx.a(uip6.o)
                0x00006bc0                uip_init
 .text.remove_ext_hdr
                0x00006c24       0x54 contiki-srf06-cc26xx.a(uip6.o)
                0x00006c24                remove_ext_hdr
 .text.uip_unlisten
                0x00006c78       0x58 contiki-srf06-cc26xx.a(uip6.o)
                0x00006c78                uip_unlisten
 .text.uip_process
                0x00006cd0     0x1190 contiki-srf06-cc26xx.a(uip6.o)
                0x00006cd0                uip_process
 .text.uip_htonl
                0x00007e60       0x14 contiki-srf06-cc26xx.a(uip6.o)
                0x00007e60                uip_htonl
 .text.uip_ds6_list_loop
                0x00007e74       0x5c contiki-srf06-cc26xx.a(uip-ds6.o)
                0x00007e74                uip_ds6_list_loop
 .text.uip_ds6_prefix_add
                0x00007ed0       0x6c contiki-srf06-cc26xx.a(uip-ds6.o)
                0x00007ed0                uip_ds6_prefix_add
 .text.uip_ds6_is_addr_onlink
                0x00007f3c       0x40 contiki-srf06-cc26xx.a(uip-ds6.o)
                0x00007f3c                uip_ds6_is_addr_onlink
 .text.uip_ds6_addr_lookup
                0x00007f7c       0x30 contiki-srf06-cc26xx.a(uip-ds6.o)
                0x00007f7c                uip_ds6_addr_lookup
 .text.uip_ds6_get_link_local
                0x00007fac       0x50 contiki-srf06-cc26xx.a(uip-ds6.o)
                0x00007fac                uip_ds6_get_link_local
 .text.uip_ds6_maddr_add
                0x00007ffc       0x50 contiki-srf06-cc26xx.a(uip-ds6.o)
                0x00007ffc                uip_ds6_maddr_add
 .text.uip_ds6_addr_add
                0x0000804c       0xa8 contiki-srf06-cc26xx.a(uip-ds6.o)
                0x0000804c                uip_ds6_addr_add
 .text.uip_ds6_maddr_lookup
                0x000080f4       0x30 contiki-srf06-cc26xx.a(uip-ds6.o)
                0x000080f4                uip_ds6_maddr_lookup
 .text.uip_ds6_addr_rm
                0x00008124       0x48 contiki-srf06-cc26xx.a(uip-ds6.o)
                0x00008124                uip_ds6_addr_rm
 .text.uip_ds6_periodic
                0x0000816c       0x60 contiki-srf06-cc26xx.a(uip-ds6.o)
                0x0000816c                uip_ds6_periodic
 .text.uip_ds6_select_src
                0x000081cc      0x118 contiki-srf06-cc26xx.a(uip-ds6.o)
                0x000081cc                uip_ds6_select_src
 .text.uip_ds6_set_addr_iid
                0x000082e4       0x14 contiki-srf06-cc26xx.a(uip-ds6.o)
                0x000082e4                uip_ds6_set_addr_iid
 .text.uip_ds6_compute_reachable_time
                0x000082f8       0x2c contiki-srf06-cc26xx.a(uip-ds6.o)
                0x000082f8                uip_ds6_compute_reachable_time
 .text.uip_ds6_init
                0x00008324       0xf8 contiki-srf06-cc26xx.a(uip-ds6.o)
                0x00008324                uip_ds6_init
 .text.uip_ds6_nbr_rm
                0x0000841c       0x20 contiki-srf06-cc26xx.a(uip-ds6-nbr.o)
                0x0000841c                uip_ds6_nbr_rm
 .text.uip_ds6_neighbors_init
                0x0000843c       0x14 contiki-srf06-cc26xx.a(uip-ds6-nbr.o)
                0x0000843c                uip_ds6_neighbors_init
 .text.uip_ds6_nbr_add
                0x00008450       0x54 contiki-srf06-cc26xx.a(uip-ds6-nbr.o)
                0x00008450                uip_ds6_nbr_add
 .text.uip_ds6_nbr_get_ll
                0x000084a4       0x10 contiki-srf06-cc26xx.a(uip-ds6-nbr.o)
                0x000084a4                uip_ds6_nbr_get_ll
 .text.uip_ds6_nbr_lookup
                0x000084b4       0x3c contiki-srf06-cc26xx.a(uip-ds6-nbr.o)
                0x000084b4                uip_ds6_nbr_lookup
 .text.uip_ds6_nbr_ipaddr_from_lladdr
                0x000084f0       0x10 contiki-srf06-cc26xx.a(uip-ds6-nbr.o)
                0x000084f0                uip_ds6_nbr_ipaddr_from_lladdr
 .text.uip_ds6_nbr_lladdr_from_ipaddr
                0x00008500       0x1c contiki-srf06-cc26xx.a(uip-ds6-nbr.o)
                0x00008500                uip_ds6_nbr_lladdr_from_ipaddr
 .text.uip_ds6_link_neighbor_callback
                0x0000851c       0x2c contiki-srf06-cc26xx.a(uip-ds6-nbr.o)
                0x0000851c                uip_ds6_link_neighbor_callback
 .text.uip_ds6_neighbor_periodic
                0x00008548       0x70 contiki-srf06-cc26xx.a(uip-ds6-nbr.o)
                0x00008548                uip_ds6_neighbor_periodic
 .text.call_route_callback
                0x000085b8       0x50 contiki-srf06-cc26xx.a(uip-ds6-route.o)
 .text.uip_ds6_route_init
                0x00008608       0x4c contiki-srf06-cc26xx.a(uip-ds6-route.o)
                0x00008608                uip_ds6_route_init
 .text.uip_ds6_route_nexthop
                0x00008654       0x1c contiki-srf06-cc26xx.a(uip-ds6-route.o)
                0x00008654                uip_ds6_route_nexthop
 .text.uip_ds6_route_head
                0x00008670        0xc contiki-srf06-cc26xx.a(uip-ds6-route.o)
                0x00008670                uip_ds6_route_head
 .text.uip_ds6_route_next
                0x0000867c        0x8 contiki-srf06-cc26xx.a(uip-ds6-route.o)
                0x0000867c                uip_ds6_route_next
 .text.uip_ds6_route_lookup
                0x00008684       0x78 contiki-srf06-cc26xx.a(uip-ds6-route.o)
                0x00008684                uip_ds6_route_lookup
 .text.uip_ds6_route_rm
                0x000086fc       0xac contiki-srf06-cc26xx.a(uip-ds6-route.o)
                0x000086fc                uip_ds6_route_rm
 .text.rm_routelist
                0x000087a8       0x38 contiki-srf06-cc26xx.a(uip-ds6-route.o)
 .text.rm_routelist_callback
                0x000087e0        0x4 contiki-srf06-cc26xx.a(uip-ds6-route.o)
 .text.uip_ds6_route_add
                0x000087e4      0x120 contiki-srf06-cc26xx.a(uip-ds6-route.o)
                0x000087e4                uip_ds6_route_add
 .text.uip_ds6_defrt_rm
                0x00008904       0x48 contiki-srf06-cc26xx.a(uip-ds6-route.o)
                0x00008904                uip_ds6_defrt_rm
 .text.uip_ds6_defrt_lookup
                0x0000894c       0x34 contiki-srf06-cc26xx.a(uip-ds6-route.o)
                0x0000894c                uip_ds6_defrt_lookup
 .text.uip_ds6_defrt_add
                0x00008980       0x5c contiki-srf06-cc26xx.a(uip-ds6-route.o)
                0x00008980                uip_ds6_defrt_add
 .text.uip_ds6_defrt_choose
                0x000089dc       0x34 contiki-srf06-cc26xx.a(uip-ds6-route.o)
                0x000089dc                uip_ds6_defrt_choose
 .text.uip_ds6_defrt_periodic
                0x00008a10       0x40 contiki-srf06-cc26xx.a(uip-ds6-route.o)
                0x00008a10                uip_ds6_defrt_periodic
 .text.echo_reply_input
                0x00008a50      0x118 contiki-srf06-cc26xx.a(uip-icmp6.o)
 .text.echo_request_input
                0x00008b68      0x108 contiki-srf06-cc26xx.a(uip-icmp6.o)
 .text.uip_icmp6_input
                0x00008c70       0x3c contiki-srf06-cc26xx.a(uip-icmp6.o)
                0x00008c70                uip_icmp6_input
 .text.uip_icmp6_register_input_handler
                0x00008cac        0xc contiki-srf06-cc26xx.a(uip-icmp6.o)
                0x00008cac                uip_icmp6_register_input_handler
 .text.uip_icmp6_error_output
                0x00008cb8      0x158 contiki-srf06-cc26xx.a(uip-icmp6.o)
                0x00008cb8                uip_icmp6_error_output
 .text.uip_icmp6_send
                0x00008e10       0x80 contiki-srf06-cc26xx.a(uip-icmp6.o)
                0x00008e10                uip_icmp6_send
 .text.uip_icmp6_init
                0x00008e90       0x24 contiki-srf06-cc26xx.a(uip-icmp6.o)
                0x00008e90                uip_icmp6_init
 .text.uip_nd6_init
                0x00008eb4        0x4 contiki-srf06-cc26xx.a(uip-nd6.o)
                0x00008eb4                uip_nd6_init
 .text.start_periodic_tcp_timer
                0x00008eb8       0x1c contiki-srf06-cc26xx.a(tcpip.o)
 .text.tcpip_set_outputfunc
                0x00008ed4        0xc contiki-srf06-cc26xx.a(tcpip.o)
                0x00008ed4                tcpip_set_outputfunc
 .text.tcpip_icmp6_call
                0x00008ee0       0x28 contiki-srf06-cc26xx.a(tcpip.o)
                0x00008ee0                tcpip_icmp6_call
 .text.tcpip_input
                0x00008f08       0x24 contiki-srf06-cc26xx.a(tcpip.o)
                0x00008f08                tcpip_input
 .text.tcpip_ipv6_output
                0x00008f2c       0xc8 contiki-srf06-cc26xx.a(tcpip.o)
                0x00008f2c                tcpip_ipv6_output
 .text.process_thread_tcpip_process
                0x00008ff4      0x200 contiki-srf06-cc26xx.a(tcpip.o)
 .text.tcpip_uipcall
                0x000091f4       0xa4 contiki-srf06-cc26xx.a(tcpip.o)
                0x000091f4                tcpip_uipcall
 .text.uip_debug_ipaddr_print
                0x00009298       0xb0 contiki-srf06-cc26xx.a(uip-debug.o)
                0x00009298                uip_debug_ipaddr_print
 .text.rpl_get_mode
                0x00009348        0xc contiki-srf06-cc26xx.a(rpl.o)
                0x00009348                rpl_get_mode
 .text.rpl_purge_routes
                0x00009354       0x7c contiki-srf06-cc26xx.a(rpl.o)
                0x00009354                rpl_purge_routes
 .text.rpl_remove_routes
                0x000093d0       0x24 contiki-srf06-cc26xx.a(rpl.o)
                0x000093d0                rpl_remove_routes
 .text.rpl_remove_routes_by_nexthop
                0x000093f4       0x44 contiki-srf06-cc26xx.a(rpl.o)
                0x000093f4                rpl_remove_routes_by_nexthop
 .text.rpl_add_route
                0x00009438       0x2c contiki-srf06-cc26xx.a(rpl.o)
                0x00009438                rpl_add_route
 .text.rpl_link_neighbor_callback
                0x00009464       0x74 contiki-srf06-cc26xx.a(rpl.o)
                0x00009464                rpl_link_neighbor_callback
 .text.rpl_ipv6_neighbor_callback
                0x000094d8       0x30 contiki-srf06-cc26xx.a(rpl.o)
                0x000094d8                rpl_ipv6_neighbor_callback
 .text.rpl_purge_dags
                0x00009508       0x40 contiki-srf06-cc26xx.a(rpl.o)
                0x00009508                rpl_purge_dags
 .text.rpl_init
                0x00009548       0x58 contiki-srf06-cc26xx.a(rpl.o)
                0x00009548                rpl_init
 .text.rpl_set_preferred_parent
                0x000095a0       0x2c contiki-srf06-cc26xx.a(rpl-dag.o)
 .text.set_ip_from_prefix
                0x000095cc       0x24 contiki-srf06-cc26xx.a(rpl-dag.o)
 .text.check_prefix
                0x000095f0       0x78 contiki-srf06-cc26xx.a(rpl-dag.o)
 .text.find_parent_any_dag_any_instance
                0x00009668       0x1c contiki-srf06-cc26xx.a(rpl-dag.o)
 .text.lollipop_greater_than
                0x00009684       0x3c contiki-srf06-cc26xx.a(rpl-dag.o)
 .text.rpl_get_nbr
                0x000096c0       0x28 contiki-srf06-cc26xx.a(rpl-dag.o)
                0x000096c0                rpl_get_nbr
 .text.rpl_dag_init
                0x000096e8       0x14 contiki-srf06-cc26xx.a(rpl-dag.o)
                0x000096e8                rpl_dag_init
 .text.rpl_get_parent
                0x000096fc       0x10 contiki-srf06-cc26xx.a(rpl-dag.o)
                0x000096fc                rpl_get_parent
 .text.rpl_get_parent_ipaddr
                0x0000970c       0x18 contiki-srf06-cc26xx.a(rpl-dag.o)
                0x0000970c                rpl_get_parent_ipaddr
 .text.rpl_repair_root
                0x00009724       0x60 contiki-srf06-cc26xx.a(rpl-dag.o)
                0x00009724                rpl_repair_root
 .text.rpl_set_prefix
                0x00009784       0x94 contiki-srf06-cc26xx.a(rpl-dag.o)
                0x00009784                rpl_set_prefix
 .text.rpl_set_default_route
                0x00009818       0x3c contiki-srf06-cc26xx.a(rpl-dag.o)
                0x00009818                rpl_set_default_route
 .text.rpl_alloc_instance
                0x00009854       0x34 contiki-srf06-cc26xx.a(rpl-dag.o)
                0x00009854                rpl_alloc_instance
 .text.rpl_alloc_dag
                0x00009888       0x5c contiki-srf06-cc26xx.a(rpl-dag.o)
                0x00009888                rpl_alloc_dag
 .text.rpl_add_parent
                0x000098e4       0x44 contiki-srf06-cc26xx.a(rpl-dag.o)
                0x000098e4                rpl_add_parent
 .text.rpl_find_parent
                0x00009928       0x18 contiki-srf06-cc26xx.a(rpl-dag.o)
                0x00009928                rpl_find_parent
 .text.rpl_find_parent_any_dag
                0x00009940       0x20 contiki-srf06-cc26xx.a(rpl-dag.o)
                0x00009940                rpl_find_parent_any_dag
 .text.rpl_select_parent
                0x00009960       0x84 contiki-srf06-cc26xx.a(rpl-dag.o)
                0x00009960                rpl_select_parent
 .text.rpl_select_dag
                0x000099e4      0x174 contiki-srf06-cc26xx.a(rpl-dag.o)
                0x000099e4                rpl_select_dag
 .text.rpl_nullify_parent
                0x00009b58       0x4c contiki-srf06-cc26xx.a(rpl-dag.o)
                0x00009b58                rpl_nullify_parent
 .text.rpl_remove_parent
                0x00009ba4       0x1c contiki-srf06-cc26xx.a(rpl-dag.o)
                0x00009ba4                rpl_remove_parent
 .text.nbr_callback
                0x00009bc0        0x4 contiki-srf06-cc26xx.a(rpl-dag.o)
 .text.remove_parents.constprop.6
                0x00009bc4       0x48 contiki-srf06-cc26xx.a(rpl-dag.o)
 .text.rpl_free_dag
                0x00009c0c       0x38 contiki-srf06-cc26xx.a(rpl-dag.o)
                0x00009c0c                rpl_free_dag
 .text.rpl_move_parent
                0x00009c44       0x4c contiki-srf06-cc26xx.a(rpl-dag.o)
                0x00009c44                rpl_move_parent
 .text.rpl_get_any_dag
                0x00009c90       0x18 contiki-srf06-cc26xx.a(rpl-dag.o)
                0x00009c90                rpl_get_any_dag
 .text.rpl_get_instance
                0x00009ca8       0x20 contiki-srf06-cc26xx.a(rpl-dag.o)
                0x00009ca8                rpl_get_instance
 .text.rpl_join_instance
                0x00009cc8      0x128 contiki-srf06-cc26xx.a(rpl-dag.o)
                0x00009cc8                rpl_join_instance
 .text.rpl_local_repair
                0x00009df0       0x68 contiki-srf06-cc26xx.a(rpl-dag.o)
                0x00009df0                rpl_local_repair
 .text.rpl_process_parent_event
                0x00009e58       0x60 contiki-srf06-cc26xx.a(rpl-dag.o)
                0x00009e58                rpl_process_parent_event
 .text.rpl_add_dag
                0x00009eb8      0x144 contiki-srf06-cc26xx.a(rpl-dag.o)
                0x00009eb8                rpl_add_dag
 .text.rpl_recalculate_ranks
                0x00009ffc       0x50 contiki-srf06-cc26xx.a(rpl-dag.o)
                0x00009ffc                rpl_recalculate_ranks
 .text.rpl_process_dio
                0x0000a04c      0x310 contiki-srf06-cc26xx.a(rpl-dag.o)
                0x0000a04c                rpl_process_dio
 .text.rpl_verify_header
                0x0000a35c      0x104 contiki-srf06-cc26xx.a(rpl-ext-header.)
                0x0000a35c                rpl_verify_header
 .text.rpl_update_header_empty
                0x0000a460      0x138 contiki-srf06-cc26xx.a(rpl-ext-header.)
                0x0000a460                rpl_update_header_empty
 .text.rpl_update_header_final
                0x0000a598       0x8c contiki-srf06-cc26xx.a(rpl-ext-header.)
                0x0000a598                rpl_update_header_final
 .text.rpl_invert_header
                0x0000a624       0x68 contiki-srf06-cc26xx.a(rpl-ext-header.)
                0x0000a624                rpl_invert_header
 .text.rpl_insert_header
                0x0000a68c       0x1c contiki-srf06-cc26xx.a(rpl-ext-header.)
                0x0000a68c                rpl_insert_header
 .text.dao_ack_input
                0x0000a6a8       0x14 contiki-srf06-cc26xx.a(rpl-icmp6.o)
 .text.dio_input
                0x0000a6bc      0x2ec contiki-srf06-cc26xx.a(rpl-icmp6.o)
 .text.dis_output
                0x0000a9a8       0x58 contiki-srf06-cc26xx.a(rpl-icmp6.o)
                0x0000a9a8                dis_output
 .text.dio_output
                0x0000aa00      0x2a4 contiki-srf06-cc26xx.a(rpl-icmp6.o)
                0x0000aa00                dio_output
 .text.dis_input
                0x0000aca4       0x40 contiki-srf06-cc26xx.a(rpl-icmp6.o)
 .text.dao_output_target
                0x0000ace4       0xf4 contiki-srf06-cc26xx.a(rpl-icmp6.o)
                0x0000ace4                dao_output_target
 .text.dao_output
                0x0000add8       0x5c contiki-srf06-cc26xx.a(rpl-icmp6.o)
                0x0000add8                dao_output
 .text.dao_ack_output
                0x0000ae34       0x30 contiki-srf06-cc26xx.a(rpl-icmp6.o)
                0x0000ae34                dao_ack_output
 .text.dao_input
                0x0000ae64      0x200 contiki-srf06-cc26xx.a(rpl-icmp6.o)
 .text.rpl_icmp6_register_handlers
                0x0000b064       0x30 contiki-srf06-cc26xx.a(rpl-icmp6.o)
                0x0000b064                rpl_icmp6_register_handlers
 .text.reset    0x0000b094        0x4 contiki-srf06-cc26xx.a(rpl-mrhof.o)
 .text.update_metric_container
                0x0000b098        0x8 contiki-srf06-cc26xx.a(rpl-mrhof.o)
 .text.calculate_rank
                0x0000b0a0       0x44 contiki-srf06-cc26xx.a(rpl-mrhof.o)
 .text.neighbor_link_callback
                0x0000b0e4       0x50 contiki-srf06-cc26xx.a(rpl-mrhof.o)
 .text.best_dag
                0x0000b134       0x2c contiki-srf06-cc26xx.a(rpl-mrhof.o)
 .text.best_parent
                0x0000b160       0x60 contiki-srf06-cc26xx.a(rpl-mrhof.o)
 .text.new_dio_interval
                0x0000b1c0       0x60 contiki-srf06-cc26xx.a(rpl-timers.o)
 .text.handle_periodic_timer
                0x0000b220       0x3c contiki-srf06-cc26xx.a(rpl-timers.o)
 .text.set_dao_lifetime_timer
                0x0000b25c       0x3c contiki-srf06-cc26xx.a(rpl-timers.o)
 .text.handle_unicast_dio_timer
                0x0000b298       0x1c contiki-srf06-cc26xx.a(rpl-timers.o)
 .text.handle_dio_timer
                0x0000b2b4       0x8c contiki-srf06-cc26xx.a(rpl-timers.o)
 .text.schedule_dao
                0x0000b340       0x54 contiki-srf06-cc26xx.a(rpl-timers.o)
 .text.handle_dao_timer
                0x0000b394       0x5c contiki-srf06-cc26xx.a(rpl-timers.o)
 .text.rpl_reset_periodic_timer
                0x0000b3f0       0x3c contiki-srf06-cc26xx.a(rpl-timers.o)
                0x0000b3f0                rpl_reset_periodic_timer
 .text.rpl_reset_dio_timer
                0x0000b42c       0x1c contiki-srf06-cc26xx.a(rpl-timers.o)
                0x0000b42c                rpl_reset_dio_timer
 .text.rpl_schedule_dao
                0x0000b448        0x8 contiki-srf06-cc26xx.a(rpl-timers.o)
                0x0000b448                rpl_schedule_dao
 .text.rpl_schedule_unicast_dio_immediately
                0x0000b450       0x14 contiki-srf06-cc26xx.a(rpl-timers.o)
                0x0000b450                rpl_schedule_unicast_dio_immediately
 .text.rpl_schedule_probing
                0x0000b464       0x38 contiki-srf06-cc26xx.a(rpl-timers.o)
                0x0000b464                rpl_schedule_probing
 .text.handle_probing_timer
                0x0000b49c       0xd8 contiki-srf06-cc26xx.a(rpl-timers.o)
 .text.AONBatMonTemperatureGetDegC
                0x0000b574       0x30 contiki-srf06-cc26xx.a(aon_batmon.o)
                0x0000b574                AONBatMonTemperatureGetDegC
 .text.NOROM_AONRTCCurrentCompareValueGet
                0x0000b5a4       0x24 contiki-srf06-cc26xx.a(aon_rtc.o)
                0x0000b5a4                NOROM_AONRTCCurrentCompareValueGet
 .text.ChipInfo_GetSupportedProtocol_BV
                0x0000b5c8       0x10 contiki-srf06-cc26xx.a(chipinfo.o)
                0x0000b5c8                ChipInfo_GetSupportedProtocol_BV
 .text.ChipInfo_GetChipFamily
                0x0000b5d8       0x38 contiki-srf06-cc26xx.a(chipinfo.o)
                0x0000b5d8                ChipInfo_GetChipFamily
 .text.ChipInfo_GetHwRevision
                0x0000b610       0x98 contiki-srf06-cc26xx.a(chipinfo.o)
                0x0000b610                ChipInfo_GetHwRevision
 .text.ThisCodeIsBuiltForCC26xxHwRev22AndLater_HaltIfViolated
                0x0000b6a8       0x2c contiki-srf06-cc26xx.a(chipinfo.o)
                0x0000b6a8                ThisCodeIsBuiltForCC26xxHwRev22AndLater_HaltIfViolated
 .text.NOROM_CPUcpsid
                0x0000b6d4        0x8 contiki-srf06-cc26xx.a(cpu.o)
                0x0000b6d4                NOROM_CPUcpsid
 .text.NOROM_CPUcpsie
                0x0000b6dc        0x8 contiki-srf06-cc26xx.a(cpu.o)
                0x0000b6dc                NOROM_CPUcpsie
 .text.NOROM_CPUdelay
                0x0000b6e4        0x8 contiki-srf06-cc26xx.a(cpu.o)
                0x0000b6e4                NOROM_CPUdelay
 .text.NOROM_DDI16BitfieldWrite
                0x0000b6ec       0x4c contiki-srf06-cc26xx.a(ddi.o)
                0x0000b6ec                NOROM_DDI16BitfieldWrite
 .text.NOROM_DDI16BitfieldRead
                0x0000b738       0x4c contiki-srf06-cc26xx.a(ddi.o)
                0x0000b738                NOROM_DDI16BitfieldRead
 .text.NOROM_OSCClockSourceSet
                0x0000b784       0x50 contiki-srf06-cc26xx.a(osc.o)
                0x0000b784                NOROM_OSCClockSourceSet
 .text.NOROM_OSCClockSourceGet
                0x0000b7d4       0x20 contiki-srf06-cc26xx.a(osc.o)
                0x0000b7d4                NOROM_OSCClockSourceGet
 .text.NOROM_OSCInterfaceEnable
                0x0000b7f4       0x34 contiki-srf06-cc26xx.a(osc.o)
                0x0000b7f4                NOROM_OSCInterfaceEnable
 .text.NOROM_PowerCtrlSourceSet
                0x0000b828       0x30 contiki-srf06-cc26xx.a(pwr_ctrl.o)
                0x0000b828                NOROM_PowerCtrlSourceSet
 .text.HapiTrimDeviceShutDown
                0x0000b858      0x4e8 contiki-srf06-cc26xx.a(setup.o)
 .text.trimDevice
                0x0000bd40       0xfc contiki-srf06-cc26xx.a(setup.o)
                0x0000bd40                trimDevice
 .text.SysCtrlSetRechargeBeforePowerDown
                0x0000be3c      0x1d8 contiki-srf06-cc26xx.a(sys_ctrl.o)
                0x0000be3c                SysCtrlSetRechargeBeforePowerDown
 .text.SysCtrlAdjustRechargeAfterPowerDown
                0x0000c014       0x70 contiki-srf06-cc26xx.a(sys_ctrl.o)
                0x0000c014                SysCtrlAdjustRechargeAfterPowerDown
 .text.SysCtrl_DCDC_VoltageConditionalControl
                0x0000c084       0x78 contiki-srf06-cc26xx.a(sys_ctrl.o)
                0x0000c084                SysCtrl_DCDC_VoltageConditionalControl
 .text.linkaddr_copy
                0x0000c0fc        0xc contiki-srf06-cc26xx.a(linkaddr.o)
                0x0000c0fc                linkaddr_copy
 .text.linkaddr_cmp
                0x0000c108       0x10 contiki-srf06-cc26xx.a(linkaddr.o)
                0x0000c108                linkaddr_cmp
 .text.index_from_lladdr
                0x0000c118       0x50 contiki-srf06-cc26xx.a(nbr-table.o)
 .text.nbr_table_register
                0x0000c168       0x2c contiki-srf06-cc26xx.a(nbr-table.o)
                0x0000c168                nbr_table_register
 .text.nbr_table_next
                0x0000c194       0x7c contiki-srf06-cc26xx.a(nbr-table.o)
                0x0000c194                nbr_table_next
 .text.nbr_table_head
                0x0000c210       0x70 contiki-srf06-cc26xx.a(nbr-table.o)
                0x0000c210                nbr_table_head
 .text.nbr_table_add_lladdr
                0x0000c280      0x1b4 contiki-srf06-cc26xx.a(nbr-table.o)
                0x0000c280                nbr_table_add_lladdr
 .text.nbr_table_get_from_lladdr
                0x0000c434       0x44 contiki-srf06-cc26xx.a(nbr-table.o)
                0x0000c434                nbr_table_get_from_lladdr
 .text.nbr_table_remove
                0x0000c478       0x5c contiki-srf06-cc26xx.a(nbr-table.o)
                0x0000c478                nbr_table_remove
 .text.nbr_table_lock
                0x0000c4d4       0x34 contiki-srf06-cc26xx.a(nbr-table.o)
                0x0000c4d4                nbr_table_lock
 .text.nbr_table_unlock
                0x0000c508       0x38 contiki-srf06-cc26xx.a(nbr-table.o)
                0x0000c508                nbr_table_unlock
 .text.nbr_table_get_lladdr
                0x0000c540       0x30 contiki-srf06-cc26xx.a(nbr-table.o)
                0x0000c540                nbr_table_get_lladdr
 .text.netstack_init
                0x0000c570       0x38 contiki-srf06-cc26xx.a(netstack.o)
                0x0000c570                netstack_init
 .text.packetbuf_copyto
                0x0000c5a8       0x50 contiki-srf06-cc26xx.a(packetbuf.o)
                0x0000c5a8                packetbuf_copyto
 .text.packetbuf_hdralloc
                0x0000c5f8       0x44 contiki-srf06-cc26xx.a(packetbuf.o)
                0x0000c5f8                packetbuf_hdralloc
 .text.packetbuf_hdrreduce
                0x0000c63c       0x2c contiki-srf06-cc26xx.a(packetbuf.o)
                0x0000c63c                packetbuf_hdrreduce
 .text.packetbuf_set_datalen
                0x0000c668        0xc contiki-srf06-cc26xx.a(packetbuf.o)
                0x0000c668                packetbuf_set_datalen
 .text.packetbuf_dataptr
                0x0000c674       0x14 contiki-srf06-cc26xx.a(packetbuf.o)
                0x0000c674                packetbuf_dataptr
 .text.packetbuf_hdrptr
                0x0000c688       0x14 contiki-srf06-cc26xx.a(packetbuf.o)
                0x0000c688                packetbuf_hdrptr
 .text.packetbuf_datalen
                0x0000c69c        0xc contiki-srf06-cc26xx.a(packetbuf.o)
                0x0000c69c                packetbuf_datalen
 .text.packetbuf_totlen
                0x0000c6a8       0x28 contiki-srf06-cc26xx.a(packetbuf.o)
                0x0000c6a8                packetbuf_totlen
 .text.packetbuf_attr_clear
                0x0000c6d0       0x38 contiki-srf06-cc26xx.a(packetbuf.o)
                0x0000c6d0                packetbuf_attr_clear
 .text.packetbuf_clear
                0x0000c708       0x34 contiki-srf06-cc26xx.a(packetbuf.o)
                0x0000c708                packetbuf_clear
 .text.packetbuf_copyfrom
                0x0000c73c       0x4c contiki-srf06-cc26xx.a(packetbuf.o)
                0x0000c73c                packetbuf_copyfrom
 .text.packetbuf_attr_copyto
                0x0000c788       0x44 contiki-srf06-cc26xx.a(packetbuf.o)
                0x0000c788                packetbuf_attr_copyto
 .text.packetbuf_attr_copyfrom
                0x0000c7cc       0x44 contiki-srf06-cc26xx.a(packetbuf.o)
                0x0000c7cc                packetbuf_attr_copyfrom
 .text.packetbuf_set_attr
                0x0000c810       0x10 contiki-srf06-cc26xx.a(packetbuf.o)
                0x0000c810                packetbuf_set_attr
 .text.packetbuf_attr
                0x0000c820        0xc contiki-srf06-cc26xx.a(packetbuf.o)
                0x0000c820                packetbuf_attr
 .text.packetbuf_set_addr
                0x0000c82c       0x18 contiki-srf06-cc26xx.a(packetbuf.o)
                0x0000c82c                packetbuf_set_addr
 .text.packetbuf_addr
                0x0000c844       0x10 contiki-srf06-cc26xx.a(packetbuf.o)
                0x0000c844                packetbuf_addr
 .text.packetbuf_holds_broadcast
                0x0000c854       0x10 contiki-srf06-cc26xx.a(packetbuf.o)
                0x0000c854                packetbuf_holds_broadcast
 .text.queuebuf_init
                0x0000c864       0x1c contiki-srf06-cc26xx.a(queuebuf.o)
                0x0000c864                queuebuf_init
 .text.queuebuf_numfree
                0x0000c880        0xc contiki-srf06-cc26xx.a(queuebuf.o)
                0x0000c880                queuebuf_numfree
 .text.queuebuf_new_from_packetbuf
                0x0000c88c       0x48 contiki-srf06-cc26xx.a(queuebuf.o)
                0x0000c88c                queuebuf_new_from_packetbuf
 .text.queuebuf_update_attr_from_packetbuf
                0x0000c8d4        0xc contiki-srf06-cc26xx.a(queuebuf.o)
                0x0000c8d4                queuebuf_update_attr_from_packetbuf
 .text.queuebuf_update_from_packetbuf
                0x0000c8e0       0x1c contiki-srf06-cc26xx.a(queuebuf.o)
                0x0000c8e0                queuebuf_update_from_packetbuf
 .text.queuebuf_free
                0x0000c8fc       0x2c contiki-srf06-cc26xx.a(queuebuf.o)
                0x0000c8fc                queuebuf_free
 .text.queuebuf_to_packetbuf
                0x0000c928       0x30 contiki-srf06-cc26xx.a(queuebuf.o)
                0x0000c928                queuebuf_to_packetbuf
 .text.queuebuf_attr
                0x0000c958        0xc contiki-srf06-cc26xx.a(queuebuf.o)
                0x0000c958                queuebuf_attr
 .text.input_packet
                0x0000c964        0xc contiki-srf06-cc26xx.a(csma.o)
 .text.on       0x0000c970        0xc contiki-srf06-cc26xx.a(csma.o)
 .text.off      0x0000c97c        0xc contiki-srf06-cc26xx.a(csma.o)
 .text.channel_check_interval
                0x0000c988       0x10 contiki-srf06-cc26xx.a(csma.o)
 .text.transmit_packet_list
                0x0000c998       0x34 contiki-srf06-cc26xx.a(csma.o)
 .text.free_packet
                0x0000c9cc       0x98 contiki-srf06-cc26xx.a(csma.o)
 .text.packet_sent
                0x0000ca64       0xfc contiki-srf06-cc26xx.a(csma.o)
 .text.send_packet
                0x0000cb60      0x164 contiki-srf06-cc26xx.a(csma.o)
 .text.init     0x0000ccc4       0x24 contiki-srf06-cc26xx.a(csma.o)
 .text.parse    0x0000cce8       0xa0 contiki-srf06-cc26xx.a(framer-802154.o)
 .text.create_frame.isra.0
                0x0000cd88      0x13c contiki-srf06-cc26xx.a(framer-802154.o)
 .text.create   0x0000cec4        0x8 contiki-srf06-cc26xx.a(framer-802154.o)
 .text.hdr_length
                0x0000cecc        0x8 contiki-srf06-cc26xx.a(framer-802154.o)
 .text.mac_call_sent_callback
                0x0000ced4       0x18 contiki-srf06-cc26xx.a(mac.o)
                0x0000ced4                mac_call_sent_callback
 .text.duty_cycle
                0x0000ceec        0x4 contiki-srf06-cc26xx.a(contikimac.o)
 .text.init     0x0000cef0       0x40 contiki-srf06-cc26xx.a(contikimac.o)
 .text.on.part.0
                0x0000cf30       0x14 contiki-srf06-cc26xx.a(contikimac.o)
 .text.off      0x0000cf44       0x38 contiki-srf06-cc26xx.a(contikimac.o)
 .text.recv_burst_off
                0x0000cf7c       0x14 contiki-srf06-cc26xx.a(contikimac.o)
 .text.powercycle_turn_radio_off.part.2
                0x0000cf90       0x10 contiki-srf06-cc26xx.a(contikimac.o)
 .text.turn_off
                0x0000cfa0       0x44 contiki-srf06-cc26xx.a(contikimac.o)
 .text.turn_on  0x0000cfe4       0x44 contiki-srf06-cc26xx.a(contikimac.o)
 .text.schedule_powercycle_fixed.part.5
                0x0000d028       0x2c contiki-srf06-cc26xx.a(contikimac.o)
 .text.input_packet
                0x0000d054       0xc4 contiki-srf06-cc26xx.a(contikimac.o)
 .text.send_packet.isra.8
                0x0000d118      0x23c contiki-srf06-cc26xx.a(contikimac.o)
 .text.qsend_list
                0x0000d354       0xe0 contiki-srf06-cc26xx.a(contikimac.o)
 .text.qsend_packet
                0x0000d434       0x24 contiki-srf06-cc26xx.a(contikimac.o)
 .text.powercycle_wrapper
                0x0000d458      0x264 contiki-srf06-cc26xx.a(contikimac.o)
 .text.init     0x0000d6bc        0x4 contiki-srf06-cc26xx.a(nullsec.o)
 .text.input    0x0000d6c0        0xc contiki-srf06-cc26xx.a(nullsec.o)
 .text.send     0x0000d6cc       0x20 contiki-srf06-cc26xx.a(nullsec.o)
 .text.sensor_common_read_reg
                0x0000d6ec       0x1c contiki-srf06-cc26xx.a(sensor-common.o)
                0x0000d6ec                sensor_common_read_reg
 .text.sensor_common_write_reg
                0x0000d708       0x38 contiki-srf06-cc26xx.a(sensor-common.o)
                0x0000d708                sensor_common_write_reg
 .text.sensor_common_set_error_data
                0x0000d740       0x10 contiki-srf06-cc26xx.a(sensor-common.o)
                0x0000d740                sensor_common_set_error_data
 .text.verify_part
                0x0000d750       0x70 contiki-srf06-cc26xx.a(ext-flash.o)
 .text.wait_ready
                0x0000d7c0       0x64 contiki-srf06-cc26xx.a(ext-flash.o)
 .text.power_down
                0x0000d824       0x50 contiki-srf06-cc26xx.a(ext-flash.o)
 .text.ext_flash_open
                0x0000d874       0x60 contiki-srf06-cc26xx.a(ext-flash.o)
                0x0000d874                ext_flash_open
 .text.ext_flash_init
                0x0000d8d4       0x14 contiki-srf06-cc26xx.a(ext-flash.o)
                0x0000d8d4                ext_flash_init
 .text.accessible
                0x0000d8e8       0x24 contiki-srf06-cc26xx.a(board-spi.o)
 .text.board_spi_write
                0x0000d90c       0x3c contiki-srf06-cc26xx.a(board-spi.o)
                0x0000d90c                board_spi_write
 .text.board_spi_read
                0x0000d948       0x48 contiki-srf06-cc26xx.a(board-spi.o)
                0x0000d948                board_spi_read
 .text.board_spi_flush
                0x0000d990       0x24 contiki-srf06-cc26xx.a(board-spi.o)
                0x0000d990                board_spi_flush
 .text.board_spi_open
                0x0000d9b4       0xbc contiki-srf06-cc26xx.a(board-spi.o)
                0x0000d9b4                board_spi_open
 .text.board_spi_close
                0x0000da70       0x70 contiki-srf06-cc26xx.a(board-spi.o)
                0x0000da70                board_spi_close
 .text.process_thread_rf_core_process
                0x0000dae0       0x58 contiki-srf06-cc26xx.a(rf-core.o)
 .text.rf_core_is_accessible
                0x0000db38       0x10 contiki-srf06-cc26xx.a(rf-core.o)
                0x0000db38                rf_core_is_accessible
 .text.rf_core_send_cmd
                0x0000db48       0x94 contiki-srf06-cc26xx.a(rf-core.o)
                0x0000db48                rf_core_send_cmd
 .text.rf_core_wait_cmd_done
                0x0000dbdc       0x30 contiki-srf06-cc26xx.a(rf-core.o)
                0x0000dbdc                rf_core_wait_cmd_done
 .text.rf_core_power_up
                0x0000dc0c       0xb4 contiki-srf06-cc26xx.a(rf-core.o)
                0x0000dc0c                rf_core_power_up
 .text.rf_core_power_down
                0x0000dcc0       0xe8 contiki-srf06-cc26xx.a(rf-core.o)
                0x0000dcc0                rf_core_power_down
 .text.rf_core_set_modesel
                0x0000dda8       0x68 contiki-srf06-cc26xx.a(rf-core.o)
                0x0000dda8                rf_core_set_modesel
 .text.rf_core_boot
                0x0000de10       0x30 contiki-srf06-cc26xx.a(rf-core.o)
                0x0000de10                rf_core_boot
 .text.rf_core_setup_interrupts
                0x0000de40       0x6c contiki-srf06-cc26xx.a(rf-core.o)
                0x0000de40                rf_core_setup_interrupts
 .text.rf_core_cmd_done_en
                0x0000deac       0x28 contiki-srf06-cc26xx.a(rf-core.o)
                0x0000deac                rf_core_cmd_done_en
 .text.rf_core_cmd_done_dis
                0x0000ded4       0x10 contiki-srf06-cc26xx.a(rf-core.o)
                0x0000ded4                rf_core_cmd_done_dis
 .text.rf_core_get_last_radio_op
                0x0000dee4        0xc contiki-srf06-cc26xx.a(rf-core.o)
                0x0000dee4                rf_core_get_last_radio_op
 .text.rf_core_init_radio_op
                0x0000def0       0x1c contiki-srf06-cc26xx.a(rf-core.o)
                0x0000def0                rf_core_init_radio_op
 .text.rf_core_primary_mode_register
                0x0000df0c        0xc contiki-srf06-cc26xx.a(rf-core.o)
                0x0000df0c                rf_core_primary_mode_register
 .text.rf_core_primary_mode_abort
                0x0000df18       0x14 contiki-srf06-cc26xx.a(rf-core.o)
                0x0000df18                rf_core_primary_mode_abort
 .text.rf_core_primary_mode_restore
                0x0000df2c       0x14 contiki-srf06-cc26xx.a(rf-core.o)
                0x0000df2c                rf_core_primary_mode_restore
 .text.RFCCPE1IntHandler
                0x0000df40       0x28 contiki-srf06-cc26xx.a(rf-core.o)
                0x0000df40                RFCCPE1IntHandler
 .text.RFCCPE0IntHandler
                0x0000df68       0x5c contiki-srf06-cc26xx.a(rf-core.o)
                0x0000df68                RFCCPE0IntHandler
 .text.stimer_set
                0x0000dfc4       0x10 contiki-srf06-cc26xx.a(stimer.o)
                0x0000dfc4                stimer_set
 .text.stimer_expired
                0x0000dfd4       0x20 contiki-srf06-cc26xx.a(stimer.o)
                0x0000dfd4                stimer_expired
 .text.memb_init
                0x0000dff4       0x24 contiki-srf06-cc26xx.a(memb.o)
                0x0000dff4                memb_init
 .text.memb_alloc
                0x0000e018       0x3c contiki-srf06-cc26xx.a(memb.o)
                0x0000e018                memb_alloc
 .text.memb_free
                0x0000e054       0x3c contiki-srf06-cc26xx.a(memb.o)
                0x0000e054                memb_free
 .text.memb_inmemb
                0x0000e090       0x1c contiki-srf06-cc26xx.a(memb.o)
                0x0000e090                memb_inmemb
 .text.memb_numfree
                0x0000e0ac       0x1c contiki-srf06-cc26xx.a(memb.o)
                0x0000e0ac                memb_numfree
 .text.frame802154_get_pan_id
                0x0000e0c8        0xc contiki-srf06-cc26xx.a(frame802154.o)
                0x0000e0c8                frame802154_get_pan_id
 .text.frame802154_has_panid
                0x0000e0d4       0x50 contiki-srf06-cc26xx.a(frame802154.o)
                0x0000e0d4                frame802154_has_panid
 .text.field_len
                0x0000e124       0x88 contiki-srf06-cc26xx.a(frame802154.o)
 .text.frame802154_is_broadcast_addr
                0x0000e1ac       0x20 contiki-srf06-cc26xx.a(frame802154.o)
                0x0000e1ac                frame802154_is_broadcast_addr
 .text.frame802154_hdrlen
                0x0000e1cc       0x34 contiki-srf06-cc26xx.a(frame802154.o)
                0x0000e1cc                frame802154_hdrlen
 .text.frame802154_create
                0x0000e200      0x124 contiki-srf06-cc26xx.a(frame802154.o)
                0x0000e200                frame802154_create
 .text.frame802154_parse
                0x0000e324      0x17c contiki-srf06-cc26xx.a(frame802154.o)
                0x0000e324                frame802154_parse
 .text.mac_sequence_is_duplicate
                0x0000e4a0       0x3c contiki-srf06-cc26xx.a(mac-sequence.o)
                0x0000e4a0                mac_sequence_is_duplicate
 .text.mac_sequence_register_seqno
                0x0000e4dc       0x70 contiki-srf06-cc26xx.a(mac-sequence.o)
                0x0000e4dc                mac_sequence_register_seqno
 .text.exp2     0x0000e54c       0x10 /home/paul/gcc-arm-none-eabi-5_2-2015q4/bin/../lib/gcc/arm-none-eabi/5.2.1/../../../../arm-none-eabi/lib/armv7-m/libm.a(lib_a-w_exp2.o)
                0x0000e54c                exp2
 .text.pow      0x0000e55c      0x2fc /home/paul/gcc-arm-none-eabi-5_2-2015q4/bin/../lib/gcc/arm-none-eabi/5.2.1/../../../../arm-none-eabi/lib/armv7-m/libm.a(lib_a-w_pow.o)
                0x0000e55c                pow
 .text.__ieee754_sqrt
                0x0000e858      0x188 /home/paul/gcc-arm-none-eabi-5_2-2015q4/bin/../lib/gcc/arm-none-eabi/5.2.1/../../../../arm-none-eabi/lib/armv7-m/libm.a(lib_a-e_sqrt.o)
                0x0000e858                __ieee754_sqrt
 .text.fabs     0x0000e9e0        0x8 /home/paul/gcc-arm-none-eabi-5_2-2015q4/bin/../lib/gcc/arm-none-eabi/5.2.1/../../../../arm-none-eabi/lib/armv7-m/libm.a(lib_a-s_fabs.o)
                0x0000e9e0                fabs
 .text.finite   0x0000e9e8        0xc /home/paul/gcc-arm-none-eabi-5_2-2015q4/bin/../lib/gcc/arm-none-eabi/5.2.1/../../../../arm-none-eabi/lib/armv7-m/libm.a(lib_a-s_finite.o)
                0x0000e9e8                finite
 .text.__fpclassifyd
                0x0000e9f4       0x54 /home/paul/gcc-arm-none-eabi-5_2-2015q4/bin/../lib/gcc/arm-none-eabi/5.2.1/../../../../arm-none-eabi/lib/armv7-m/libm.a(lib_a-s_fpclassify.o)
                0x0000e9f4                __fpclassifyd
 .text.matherr  0x0000ea48        0x4 /home/paul/gcc-arm-none-eabi-5_2-2015q4/bin/../lib/gcc/arm-none-eabi/5.2.1/../../../../arm-none-eabi/lib/armv7-m/libm.a(lib_a-s_matherr.o)
                0x0000ea48                matherr
 .text.nan      0x0000ea4c        0xc /home/paul/gcc-arm-none-eabi-5_2-2015q4/bin/../lib/gcc/arm-none-eabi/5.2.1/../../../../arm-none-eabi/lib/armv7-m/libm.a(lib_a-s_nan.o)
                0x0000ea4c                nan
 .text.rint     0x0000ea58      0x120 /home/paul/gcc-arm-none-eabi-5_2-2015q4/bin/../lib/gcc/arm-none-eabi/5.2.1/../../../../arm-none-eabi/lib/armv7-m/libm.a(lib_a-s_rint.o)
                0x0000ea58                rint
 .text.copysign
                0x0000eb78       0x10 /home/paul/gcc-arm-none-eabi-5_2-2015q4/bin/../lib/gcc/arm-none-eabi/5.2.1/../../../../arm-none-eabi/lib/armv7-m/libm.a(lib_a-s_copysign.o)
                0x0000eb78                copysign
 .text          0x0000eb88      0x370 /home/paul/gcc-arm-none-eabi-5_2-2015q4/bin/../lib/gcc/arm-none-eabi/5.2.1/armv7-m/libgcc.a(_arm_addsubdf3.o)
                0x0000eb88                __aeabi_drsub
                0x0000eb90                __aeabi_dsub
                0x0000eb90                __subdf3
                0x0000eb94                __adddf3
                0x0000eb94                __aeabi_dadd
                0x0000ee0c                __aeabi_ui2d
                0x0000ee0c                __floatunsidf
                0x0000ee2c                __floatsidf
                0x0000ee2c                __aeabi_i2d
                0x0000ee50                __extendsfdf2
                0x0000ee50                __aeabi_f2d
                0x0000ee8c                __aeabi_ul2d
                0x0000ee8c                __floatundidf
                0x0000ee9c                __floatdidf
                0x0000ee9c                __aeabi_l2d
 .text          0x0000eef8      0x424 /home/paul/gcc-arm-none-eabi-5_2-2015q4/bin/../lib/gcc/arm-none-eabi/5.2.1/armv7-m/libgcc.a(_arm_muldivdf3.o)
                0x0000eef8                __aeabi_dmul
                0x0000eef8                __muldf3
                0x0000f14c                __aeabi_ddiv
                0x0000f14c                __divdf3
 .text          0x0000f31c      0x110 /home/paul/gcc-arm-none-eabi-5_2-2015q4/bin/../lib/gcc/arm-none-eabi/5.2.1/armv7-m/libgcc.a(_arm_cmpdf2.o)
                0x0000f31c                __gtdf2
                0x0000f31c                __gedf2
                0x0000f324                __ltdf2
                0x0000f324                __ledf2
                0x0000f32c                __cmpdf2
                0x0000f32c                __eqdf2
                0x0000f32c                __nedf2
                0x0000f3a8                __aeabi_cdrcmple
                0x0000f3b8                __aeabi_cdcmple
                0x0000f3b8                __aeabi_cdcmpeq
                0x0000f3c8                __aeabi_dcmpeq
                0x0000f3dc                __aeabi_dcmplt
                0x0000f3f0                __aeabi_dcmple
                0x0000f404                __aeabi_dcmpge
                0x0000f418                __aeabi_dcmpgt
 .text          0x0000f42c       0xa0 /home/paul/gcc-arm-none-eabi-5_2-2015q4/bin/../lib/gcc/arm-none-eabi/5.2.1/armv7-m/libgcc.a(_arm_truncdfsf2.o)
                0x0000f42c                __aeabi_d2f
                0x0000f42c                __truncdfsf2
 .text          0x0000f4cc      0x21c /home/paul/gcc-arm-none-eabi-5_2-2015q4/bin/../lib/gcc/arm-none-eabi/5.2.1/armv7-m/libgcc.a(_arm_addsubsf3.o)
                0x0000f4cc                __aeabi_frsub
                0x0000f4d4                __subsf3
                0x0000f4d4                __aeabi_fsub
                0x0000f4d8                __aeabi_fadd
                0x0000f4d8                __addsf3
                0x0000f638                __aeabi_ui2f
                0x0000f638                __floatunsisf
                0x0000f640                __aeabi_i2f
                0x0000f640                __floatsisf
                0x0000f65c                __floatundisf
                0x0000f65c                __aeabi_ul2f
                0x0000f66c                __floatdisf
                0x0000f66c                __aeabi_l2f
 .text          0x0000f6e8      0x2a0 /home/paul/gcc-arm-none-eabi-5_2-2015q4/bin/../lib/gcc/arm-none-eabi/5.2.1/armv7-m/libgcc.a(_arm_muldivsf3.o)
                0x0000f6e8                __mulsf3
                0x0000f6e8                __aeabi_fmul
                0x0000f850                __divsf3
                0x0000f850                __aeabi_fdiv
 .text          0x0000f988       0x4c /home/paul/gcc-arm-none-eabi-5_2-2015q4/bin/../lib/gcc/arm-none-eabi/5.2.1/armv7-m/libgcc.a(_arm_fixsfsi.o)
                0x0000f988                __fixsfsi
                0x0000f988                __aeabi_f2iz
 .text          0x0000f9d4       0x30 /home/paul/gcc-arm-none-eabi-5_2-2015q4/bin/../lib/gcc/arm-none-eabi/5.2.1/armv7-m/libgcc.a(_aeabi_uldivmod.o)
                0x0000f9d4                __aeabi_uldivmod
 .text          0x0000fa04      0x2ec /home/paul/gcc-arm-none-eabi-5_2-2015q4/bin/../lib/gcc/arm-none-eabi/5.2.1/armv7-m/libgcc.a(_udivmoddi4.o)
                0x0000fa04                __udivmoddi4
 .text          0x0000fcf0        0x4 /home/paul/gcc-arm-none-eabi-5_2-2015q4/bin/../lib/gcc/arm-none-eabi/5.2.1/armv7-m/libgcc.a(_dvmd_tls.o)
                0x0000fcf0                __aeabi_ldiv0
                0x0000fcf0                __aeabi_idiv0
 .text.__errno  0x0000fcf4        0xc /home/paul/gcc-arm-none-eabi-5_2-2015q4/bin/../lib/gcc/arm-none-eabi/5.2.1/../../../../arm-none-eabi/lib/armv7-m/libc.a(lib_a-errno.o)
                0x0000fcf4                __errno
 .text.memcmp   0x0000fd00       0x64 /home/paul/gcc-arm-none-eabi-5_2-2015q4/bin/../lib/gcc/arm-none-eabi/5.2.1/../../../../arm-none-eabi/lib/armv7-m/libc.a(lib_a-memcmp.o)
                0x0000fd00                memcmp
 .text          0x0000fd64       0xec /home/paul/gcc-arm-none-eabi-5_2-2015q4/bin/../lib/gcc/arm-none-eabi/5.2.1/../../../../arm-none-eabi/lib/armv7-m/libc.a(lib_a-memcpy.o)
                0x0000fd64                memcpy
 .text.memmove  0x0000fe50       0xc8 /home/paul/gcc-arm-none-eabi-5_2-2015q4/bin/../lib/gcc/arm-none-eabi/5.2.1/../../../../arm-none-eabi/lib/armv7-m/libc.a(lib_a-memmove.o)
                0x0000fe50                memmove
 .text.memset   0x0000ff18       0x9c /home/paul/gcc-arm-none-eabi-5_2-2015q4/bin/../lib/gcc/arm-none-eabi/5.2.1/../../../../arm-none-eabi/lib/armv7-m/libc.a(lib_a-memset.o)
                0x0000ff18                memset
 .text.srand    0x0000ffb4       0x14 /home/paul/gcc-arm-none-eabi-5_2-2015q4/bin/../lib/gcc/arm-none-eabi/5.2.1/../../../../arm-none-eabi/lib/armv7-m/libc.a(lib_a-rand.o)
                0x0000ffb4                srand
 .text.rand     0x0000ffc8       0x40 /home/paul/gcc-arm-none-eabi-5_2-2015q4/bin/../lib/gcc/arm-none-eabi/5.2.1/../../../../arm-none-eabi/lib/armv7-m/libc.a(lib_a-rand.o)
                0x0000ffc8                rand
 .text.strlen   0x00010008       0x5c /home/paul/gcc-arm-none-eabi-5_2-2015q4/bin/../lib/gcc/arm-none-eabi/5.2.1/../../../../arm-none-eabi/lib/armv7-m/libc.a(lib_a-strlen-stub.o)
                0x00010008                strlen
 *(SORT(.rodata*))
 *fill*         0x00010064        0x4 00000000
 .rodata.TWO52  0x00010068       0x10 /home/paul/gcc-arm-none-eabi-5_2-2015q4/bin/../lib/gcc/arm-none-eabi/5.2.1/../../../../arm-none-eabi/lib/armv7-m/libm.a(lib_a-s_rint.o)
 .rodata.autostart_processes
                0x00010078        0x8 cc26xx-demo.co
                0x00010078                autostart_processes
 .rodata.str1.4
                0x00010080      0x284 cc26xx-demo.co
 .rodata.str1.4
                0x00010304       0x8d contiki-srf06-cc26xx.a(contiki-main.o)
                                 0xa1 (size before relaxing)
 *fill*         0x00010391        0x3 00000000
 .rodata.str1.4
                0x00010394        0x8 contiki-srf06-cc26xx.a(sensors.o)
 .rodata.str1.4
                0x0001039c        0x7 contiki-srf06-cc26xx.a(bmp-280-sensor.)
 *fill*         0x000103a3        0x1 00000000
 .rodata.bmp_280_sensor
                0x000103a4       0x10 contiki-srf06-cc26xx.a(bmp-280-sensor.)
                0x000103a4                bmp_280_sensor
 .rodata.tmp_007_sensor
                0x000103b4       0x10 contiki-srf06-cc26xx.a(tmp-007-sensor.)
                0x000103b4                tmp_007_sensor
 .rodata.str1.4
                0x000103c4        0x7 contiki-srf06-cc26xx.a(tmp-007-sensor.)
 *fill*         0x000103cb        0x1 00000000
 .rodata.str1.4
                0x000103cc        0x8 contiki-srf06-cc26xx.a(opt-3001-sensor)
 .rodata.opt_3001_sensor
                0x000103d4       0x10 contiki-srf06-cc26xx.a(opt-3001-sensor)
                0x000103d4                opt_3001_sensor
 .rodata.hdc_1000_sensor
                0x000103e4       0x10 contiki-srf06-cc26xx.a(hdc-1000-sensor)
                0x000103e4                hdc_1000_sensor
 .rodata.str1.4
                0x000103f4        0x8 contiki-srf06-cc26xx.a(hdc-1000-sensor)
 .rodata.mpu_9250_sensor
                0x000103fc       0x10 contiki-srf06-cc26xx.a(mpu-9250-sensor)
                0x000103fc                mpu_9250_sensor
 .rodata.str1.4
                0x0001040c        0x8 contiki-srf06-cc26xx.a(mpu-9250-sensor)
 .rodata.button_left_sensor
                0x00010414       0x10 contiki-srf06-cc26xx.a(button-sensor.o)
                0x00010414                button_left_sensor
 .rodata.str1.4
                0x00010424        0x7 contiki-srf06-cc26xx.a(button-sensor.o)
 *fill*         0x0001042b        0x1 00000000
 .rodata.button_right_sensor
                0x0001042c       0x10 contiki-srf06-cc26xx.a(button-sensor.o)
                0x0001042c                button_right_sensor
 .rodata.reed_relay_sensor
                0x0001043c       0x10 contiki-srf06-cc26xx.a(reed-relay.o)
                0x0001043c                reed_relay_sensor
 .rodata.str1.4
                0x0001044c        0x5 contiki-srf06-cc26xx.a(reed-relay.o)
 *fill*         0x00010451        0x3 00000000
 .rodata.str1.4
                0x00010454       0x10 contiki-srf06-cc26xx.a(batmon-sensor.o)
 .rodata.batmon_sensor
                0x00010464       0x10 contiki-srf06-cc26xx.a(batmon-sensor.o)
                0x00010464                batmon_sensor
 .rodata.str1.4
                0x00010474       0x26 contiki-srf06-cc26xx.a(rf-ble.o)
 *fill*         0x0001049a        0x2 00000000
 .rodata.output_power
                0x0001049c       0x68 contiki-srf06-cc26xx.a(ieee-mode.o)
 .rodata.ieee_mode_driver
                0x00010504       0x38 contiki-srf06-cc26xx.a(ieee-mode.o)
                0x00010504                ieee_mode_driver
 .rodata.mode_ieee
                0x0001053c        0x8 contiki-srf06-cc26xx.a(ieee-mode.o)
 .rodata.buffer.4106
                0x00010544       0x10 contiki-srf06-cc26xx.a(strformat.o)
 .rodata.buffer.4115
                0x00010554       0x10 contiki-srf06-cc26xx.a(strformat.o)
 .rodata.str1.4
                0x00010564       0x42 contiki-srf06-cc26xx.a(strformat.o)
                                 0x46 (size before relaxing)
 *fill*         0x000105a6        0x2 00000000
 .rodata.str1.4
                0x000105a8        0xf contiki-srf06-cc26xx.a(ctimer.o)
 *fill*         0x000105b7        0x1 00000000
 .rodata.str1.4
                0x000105b8        0xc contiki-srf06-cc26xx.a(etimer.o)
 .rodata.str1.4
                0x000105c4        0xe contiki-srf06-cc26xx.a(serial-line.o)
 *fill*         0x000105d2        0x2 00000000
 .rodata        0x000105d4        0x2 contiki-srf06-cc26xx.a(sicslowpan.o)
 *fill*         0x000105d6        0x2 00000000
 .rodata.ttl_values
                0x000105d8        0x4 contiki-srf06-cc26xx.a(sicslowpan.o)
 .rodata.unc_llconf
                0x000105dc        0x4 contiki-srf06-cc26xx.a(sicslowpan.o)
                0x000105dc                unc_llconf
 .rodata.llprefix
                0x000105e0        0x2 contiki-srf06-cc26xx.a(sicslowpan.o)
                0x000105e0                llprefix
 *fill*         0x000105e2        0x2 00000000
 .rodata.sicslowpan_driver
                0x000105e4        0xc contiki-srf06-cc26xx.a(sicslowpan.o)
                0x000105e4                sicslowpan_driver
 .rodata.unc_mxconf
                0x000105f0        0x4 contiki-srf06-cc26xx.a(sicslowpan.o)
                0x000105f0                unc_mxconf
 .rodata.unc_ctxconf
                0x000105f4        0x4 contiki-srf06-cc26xx.a(sicslowpan.o)
                0x000105f4                unc_ctxconf
 .rodata.str1.4
                0x000105f8        0xb contiki-srf06-cc26xx.a(sicslowpan.o)
 *fill*         0x00010603        0x1 00000000
 .rodata.str1.4
                0x00010604        0xd contiki-srf06-cc26xx.a(tcpip.o)
 *fill*         0x00010611        0x3 00000000
 .rodata.str1.4
                0x00010614       0x41 contiki-srf06-cc26xx.a(uip-debug.o)
 *fill*         0x00010655        0x3 00000000
 .rodata.linkaddr_null
                0x00010658        0x8 contiki-srf06-cc26xx.a(linkaddr.o)
                0x00010658                linkaddr_null
 .rodata.csma_driver
                0x00010660       0x1c contiki-srf06-cc26xx.a(csma.o)
                0x00010660                csma_driver
 .rodata.str1.4
                0x0001067c        0x5 contiki-srf06-cc26xx.a(csma.o)
 *fill*         0x00010681        0x3 00000000
 .rodata.framer_802154
                0x00010684        0xc contiki-srf06-cc26xx.a(framer-802154.o)
                0x00010684                framer_802154
 .rodata.str1.4
                0x00010690        0xb contiki-srf06-cc26xx.a(contikimac.o)
 *fill*         0x0001069b        0x1 00000000
 .rodata.contikimac_driver
                0x0001069c       0x20 contiki-srf06-cc26xx.a(contikimac.o)
                0x0001069c                contikimac_driver
 .rodata.str1.4
                0x000106bc        0x8 contiki-srf06-cc26xx.a(nullsec.o)
 .rodata.nullsec_driver
                0x000106c4       0x10 contiki-srf06-cc26xx.a(nullsec.o)
                0x000106c4                nullsec_driver
 .rodata        0x000106d4        0x4 contiki-srf06-cc26xx.a(ext-flash.o)
 .rodata.str1.4
                0x000106d8       0x46 contiki-srf06-cc26xx.a(rf-core.o)
 *fill*         0x0001071e        0x2 00000000
 .rodata.str1.4
                0x00010720        0x4 /home/paul/gcc-arm-none-eabi-5_2-2015q4/bin/../lib/gcc/arm-none-eabi/5.2.1/../../../../arm-none-eabi/lib/armv7-m/libm.a(lib_a-w_pow.o)
 .rodata.str1.4
                0x00010724        0x4 /home/paul/gcc-arm-none-eabi-5_2-2015q4/bin/../lib/gcc/arm-none-eabi/5.2.1/../../../../arm-none-eabi/lib/armv7-m/libm.a(lib_a-e_pow.o)
                                  0x1 (size before relaxing)
 .rodata.str1.4
                0x00010724        0x4 /home/paul/gcc-arm-none-eabi-5_2-2015q4/bin/../lib/gcc/arm-none-eabi/5.2.1/../../../../arm-none-eabi/lib/armv7-m/libc.a(lib_a-impure.o)
                                  0x2 (size before relaxing)
                0x00010728                _etext = .

.glue_7         0x00010728        0x0
 .glue_7        0x00010728        0x0 linker stubs

.glue_7t        0x00010728        0x0
 .glue_7t       0x00010728        0x0 linker stubs

.vfp11_veneer   0x00010728        0x0
 .vfp11_veneer  0x00010728        0x0 linker stubs

.v4_bx          0x00010728        0x0
 .v4_bx         0x00010728        0x0 linker stubs

.iplt           0x00010728        0x0
 .iplt          0x00010728        0x0 obj_srf06-cc26xx/startup_gcc.o

.data           0x20000000      0x6a9 load address 0x00010728
                0x20000000                _data = .
 *(SORT(vtable))
 *(SORT(.data*))
 .data.impure_data
                0x20000000      0x428 /home/paul/gcc-arm-none-eabi-5_2-2015q4/bin/../lib/gcc/arm-none-eabi/5.2.1/../../../../arm-none-eabi/lib/armv7-m/libc.a(lib_a-impure.o)
 .data.cc26xx_demo_process
                0x20000428       0x10 cc26xx-demo.co
                0x20000428                cc26xx_demo_process
 .data.sensors_process
                0x20000438       0x10 contiki-srf06-cc26xx.a(sensors.o)
                0x20000438                sensors_process
 .data.sensors  0x20000448       0x24 contiki-srf06-cc26xx.a(sensortag-senso)
                0x20000448                sensors
 .data.buzzer_module
                0x2000046c       0x14 contiki-srf06-cc26xx.a(buzzer.o)
 .data.sensortag_module
                0x20000480       0x14 contiki-srf06-cc26xx.a(board.o)
 .data.uart_module
                0x20000494       0x14 contiki-srf06-cc26xx.a(cc26xx-uart.o)
 .data.rf_ble_beacon_process
                0x200004a8       0x10 contiki-srf06-cc26xx.a(rf-ble.o)
                0x200004a8                rf_ble_beacon_process
 .data.beacond_config
                0x200004b8       0x24 contiki-srf06-cc26xx.a(rf-ble.o)
 .data.ble_overrides
                0x200004dc       0x1c contiki-srf06-cc26xx.a(rf-ble.o)
 .data.cc26xx_rf_lpm_module
                0x200004f8       0x14 contiki-srf06-cc26xx.a(ieee-mode.o)
 .data.tx_power_current
                0x2000050c        0x4 contiki-srf06-cc26xx.a(ieee-mode.o)
                0x2000050c                tx_power_current
 .data.ieee_overrides
                0x20000510       0x2c contiki-srf06-cc26xx.a(ieee-mode.o)
 .data.ctxt     0x2000053c        0x8 contiki-srf06-cc26xx.a(dbg-printf.o)
 .data.ctimer_process
                0x20000544       0x10 contiki-srf06-cc26xx.a(ctimer.o)
                0x20000544                ctimer_process
 .data.etimer_process
                0x20000554       0x10 contiki-srf06-cc26xx.a(etimer.o)
                0x20000554                etimer_process
 .data.serial_line_process
                0x20000564       0x10 contiki-srf06-cc26xx.a(serial-line.o)
                0x20000564                serial_line_process
 .data.ds6_neighbors
                0x20000574        0x4 contiki-srf06-cc26xx.a(uip-ds6-nbr.o)
                0x20000574                ds6_neighbors
 .data.ds6_neighbors_struct
                0x20000578       0x10 contiki-srf06-cc26xx.a(uip-ds6-nbr.o)
 .data.defaultroutermemb
                0x20000588        0xc contiki-srf06-cc26xx.a(uip-ds6-route.o)
 .data.nbr_routes_struct
                0x20000594       0x10 contiki-srf06-cc26xx.a(uip-ds6-route.o)
 .data.nbr_routes
                0x200005a4        0x4 contiki-srf06-cc26xx.a(uip-ds6-route.o)
                0x200005a4                nbr_routes
 .data.routememb
                0x200005a8        0xc contiki-srf06-cc26xx.a(uip-ds6-route.o)
 .data.neighborroutememb
                0x200005b4        0xc contiki-srf06-cc26xx.a(uip-ds6-route.o)
 .data.echo_request_handler
                0x200005c0        0xc contiki-srf06-cc26xx.a(uip-icmp6.o)
 .data.echo_reply_handler
                0x200005cc        0xc contiki-srf06-cc26xx.a(uip-icmp6.o)
 .data.tcpip_process
                0x200005d8       0x10 contiki-srf06-cc26xx.a(tcpip.o)
                0x200005d8                tcpip_process
 .data.rpl_parents
                0x200005e8        0x4 contiki-srf06-cc26xx.a(rpl-dag.o)
                0x200005e8                rpl_parents
 .data.rpl_parents_struct
                0x200005ec       0x10 contiki-srf06-cc26xx.a(rpl-dag.o)
 .data.dao_ack_handler
                0x200005fc        0xc contiki-srf06-cc26xx.a(rpl-icmp6.o)
 .data.dis_handler
                0x20000608        0xc contiki-srf06-cc26xx.a(rpl-icmp6.o)
 .data.dao_handler
                0x20000614        0xc contiki-srf06-cc26xx.a(rpl-icmp6.o)
 .data.dio_handler
                0x20000620        0xc contiki-srf06-cc26xx.a(rpl-icmp6.o)
 .data.rpl_mrhof
                0x2000062c       0x1c contiki-srf06-cc26xx.a(rpl-mrhof.o)
                0x2000062c                rpl_mrhof
 .data.neighbor_addr_mem
                0x20000648        0xc contiki-srf06-cc26xx.a(nbr-table.o)
 .data.bufmem   0x20000654        0xc contiki-srf06-cc26xx.a(queuebuf.o)
 .data.buframmem
                0x20000660        0xc contiki-srf06-cc26xx.a(queuebuf.o)
 .data.metadata_memb
                0x2000066c        0xc contiki-srf06-cc26xx.a(csma.o)
 .data.packet_memb
                0x20000678        0xc contiki-srf06-cc26xx.a(csma.o)
 .data.neighbor_memb
                0x20000684        0xc contiki-srf06-cc26xx.a(csma.o)
 .data.rf_core_process
                0x20000690       0x10 contiki-srf06-cc26xx.a(rf-core.o)
                0x20000690                rf_core_process
 .data._impure_ptr
                0x200006a0        0x4 /home/paul/gcc-arm-none-eabi-5_2-2015q4/bin/../lib/gcc/arm-none-eabi/5.2.1/../../../../arm-none-eabi/lib/armv7-m/libc.a(lib_a-impure.o)
                0x200006a0                _impure_ptr
 .data.mac_pan_id
                0x200006a4        0x2 contiki-srf06-cc26xx.a(frame802154.o)
 .data.interface
                0x200006a6        0x1 contiki-srf06-cc26xx.a(board-i2c.o)
 .data.dao_sequence
                0x200006a7        0x1 contiki-srf06-cc26xx.a(rpl-icmp6.o)
 .data.__fdlib_version
                0x200006a8        0x1 /home/paul/gcc-arm-none-eabi-5_2-2015q4/bin/../lib/gcc/arm-none-eabi/5.2.1/../../../../arm-none-eabi/lib/armv7-m/libm.a(lib_a-s_lib_ver.o)
                0x200006a8                __fdlib_version
                0x200006a9                _edata = .

.igot.plt       0x200006ac        0x0 load address 0x00010dd1
 .igot.plt      0x200006ac        0x0 obj_srf06-cc26xx/startup_gcc.o

.ARM.exidx      0x00010dd4        0x8
 *(SORT(.ARM.exidx*))
 .ARM.exidx     0x00010dd4        0x8 /home/paul/gcc-arm-none-eabi-5_2-2015q4/bin/../lib/gcc/arm-none-eabi/5.2.1/armv7-m/libgcc.a(_udivmoddi4.o)

.bss            0x200006b0     0x2ef6
                0x200006b0                _bss = .
 *(SORT(.bss*))
 .bss.count     0x200006b0        0x8 contiki-srf06-cc26xx.a(clock.o)
 .bss.tmp_timer
                0x200006b8       0x20 cc26xx-demo.co
 .bss.opt_timer
                0x200006d8       0x20 cc26xx-demo.co
 .bss.mpu_timer
                0x200006f8       0x20 cc26xx-demo.co
 .bss.hdc_timer
                0x20000718       0x20 cc26xx-demo.co
 .bss.bmp_timer
                0x20000738       0x20 cc26xx-demo.co
 .bss.et        0x20000758       0x10 cc26xx-demo.co
 .bss.events.4901
                0x20000768        0x4 contiki-srf06-cc26xx.a(sensors.o)
 .bss.i.4900    0x2000076c        0x4 contiki-srf06-cc26xx.a(sensors.o)
 .bss.inited    0x20000770        0x4 contiki-srf06-cc26xx.a(leds-arch.o)
 .bss.sensor_value
                0x20000774        0x6 contiki-srf06-cc26xx.a(bmp-280-sensor.)
 *fill*         0x2000077a        0x2 
 .bss.calibration_data
                0x2000077c       0x18 contiki-srf06-cc26xx.a(bmp-280-sensor.)
 .bss.startup_timer